Units and locations in library 'D:\versionR51\microsdhacel\soft micros\Codigo\codigo portable\AdaptadoresSalida\lib&test\test&Lib_micro\out.lib'
Unit name                                                                                                                                                                                size     from       to
D:\versionR51\microsdhacel\soft micros\Codigo\codigo portable\AdaptadoresSalida\lib&test\test&Lib_micro\adaptadores_salidas_Data\test\ObjectCode\AdaptadorSalida.cpp.o                  15816     3828    19644
D:\versionR51\microsdhacel\soft micros\Codigo\codigo portable\AdaptadoresSalida\lib&test\test&Lib_micro\adaptadores_salidas_Data\test\ObjectCode\AdaptadorSalidaConfiguracion.cpp.o      6381    19644    26025
D:\versionR51\microsdhacel\soft micros\Codigo\codigo portable\AdaptadoresSalida\lib&test\test&Lib_micro\adaptadores_salidas_Data\test\ObjectCode\SalidaBanda.cpp.o                      14196    26025    40221
D:\versionR51\microsdhacel\soft micros\Codigo\codigo portable\AdaptadoresSalida\lib&test\test&Lib_micro\adaptadores_salidas_Data\test\ObjectCode\SalidaRetenida.cpp.o                   16244    40221    56465
D:\versionR51\microsdhacel\soft micros\Codigo\codigo portable\AdaptadoresSalida\lib&test\test&Lib_micro\adaptadores_salidas_Data\test\ObjectCode\main.c.o                                3657      171     3828

EXPORTED OBJECTS
_LOAD_FAR_16                                                             I   (D:\versionR51\microsdhacel\soft micros\Codigo\codigo portable\AdaptadoresSalida\lib&test\test&Lib_micro\adaptadores_salidas_Data\test\ObjectCode\AdaptadorSalida.cpp.o)
_LOAD_FAR_16                                                             I   (D:\versionR51\microsdhacel\soft micros\Codigo\codigo portable\AdaptadoresSalida\lib&test\test&Lib_micro\adaptadores_salidas_Data\test\ObjectCode\SalidaBanda.cpp.o)
____vtbl__AdaptadorSalida                                                O   (D:\versionR51\microsdhacel\soft micros\Codigo\codigo portable\AdaptadoresSalida\lib&test\test&Lib_micro\adaptadores_salidas_Data\test\ObjectCode\AdaptadorSalida.cpp.o)
____vtbl__AdaptadorSalida                                                O   (D:\versionR51\microsdhacel\soft micros\Codigo\codigo portable\AdaptadoresSalida\lib&test\test&Lib_micro\adaptadores_salidas_Data\test\ObjectCode\SalidaBanda.cpp.o)
____vtbl__AdaptadorSalida                                                O   (D:\versionR51\microsdhacel\soft micros\Codigo\codigo portable\AdaptadoresSalida\lib&test\test&Lib_micro\adaptadores_salidas_Data\test\ObjectCode\SalidaRetenida.cpp.o)
____vtbl__AdaptadorSalidaConfiguracion                                   O   (D:\versionR51\microsdhacel\soft micros\Codigo\codigo portable\AdaptadoresSalida\lib&test\test&Lib_micro\adaptadores_salidas_Data\test\ObjectCode\AdaptadorSalida.cpp.o)
____vtbl__AdaptadorSalidaConfiguracion                                   O   (D:\versionR51\microsdhacel\soft micros\Codigo\codigo portable\AdaptadoresSalida\lib&test\test&Lib_micro\adaptadores_salidas_Data\test\ObjectCode\AdaptadorSalidaConfiguracion.cpp.o)
____vtbl__AdaptadorSalidaConfiguracion                                   O   (D:\versionR51\microsdhacel\soft micros\Codigo\codigo portable\AdaptadoresSalida\lib&test\test&Lib_micro\adaptadores_salidas_Data\test\ObjectCode\SalidaBanda.cpp.o)
____vtbl__AdaptadorSalidaConfiguracion                                   O   (D:\versionR51\microsdhacel\soft micros\Codigo\codigo portable\AdaptadoresSalida\lib&test\test&Lib_micro\adaptadores_salidas_Data\test\ObjectCode\SalidaRetenida.cpp.o)
____vtbl__ISalida                                                        O   (D:\versionR51\microsdhacel\soft micros\Codigo\codigo portable\AdaptadoresSalida\lib&test\test&Lib_micro\adaptadores_salidas_Data\test\ObjectCode\AdaptadorSalida.cpp.o)
____vtbl__ISalida                                                        O   (D:\versionR51\microsdhacel\soft micros\Codigo\codigo portable\AdaptadoresSalida\lib&test\test&Lib_micro\adaptadores_salidas_Data\test\ObjectCode\SalidaBanda.cpp.o)
____vtbl__ISalida                                                        O   (D:\versionR51\microsdhacel\soft micros\Codigo\codigo portable\AdaptadoresSalida\lib&test\test&Lib_micro\adaptadores_salidas_Data\test\ObjectCode\SalidaRetenida.cpp.o)
____vtbl__SalidaBandaAdaptadorSalida                                     O   (D:\versionR51\microsdhacel\soft micros\Codigo\codigo portable\AdaptadoresSalida\lib&test\test&Lib_micro\adaptadores_salidas_Data\test\ObjectCode\SalidaBanda.cpp.o)
____vtbl__SalidaRetenidaAdaptadorSalida                                  O   (D:\versionR51\microsdhacel\soft micros\Codigo\codigo portable\AdaptadoresSalida\lib&test\test&Lib_micro\adaptadores_salidas_Data\test\ObjectCode\SalidaRetenida.cpp.o)
__as__28AdaptadorSalidaConfiguracionFRC28AdaptadorSalidaConfiguracion    F   (D:\versionR51\microsdhacel\soft micros\Codigo\codigo portable\AdaptadoresSalida\lib&test\test&Lib_micro\adaptadores_salidas_Data\test\ObjectCode\AdaptadorSalida.cpp.o)
__as__28AdaptadorSalidaConfiguracionFRC28AdaptadorSalidaConfiguracion    F   (D:\versionR51\microsdhacel\soft micros\Codigo\codigo portable\AdaptadoresSalida\lib&test\test&Lib_micro\adaptadores_salidas_Data\test\ObjectCode\AdaptadorSalidaConfiguracion.cpp.o)
__as__28AdaptadorSalidaConfiguracionFRC28AdaptadorSalidaConfiguracion    F   (D:\versionR51\microsdhacel\soft micros\Codigo\codigo portable\AdaptadoresSalida\lib&test\test&Lib_micro\adaptadores_salidas_Data\test\ObjectCode\SalidaBanda.cpp.o)
__as__28AdaptadorSalidaConfiguracionFRC28AdaptadorSalidaConfiguracion    F   (D:\versionR51\microsdhacel\soft micros\Codigo\codigo portable\AdaptadoresSalida\lib&test\test&Lib_micro\adaptadores_salidas_Data\test\ObjectCode\SalidaRetenida.cpp.o)
__as__7ISalidaFRC7ISalida                                                F   (D:\versionR51\microsdhacel\soft micros\Codigo\codigo portable\AdaptadoresSalida\lib&test\test&Lib_micro\adaptadores_salidas_Data\test\ObjectCode\AdaptadorSalida.cpp.o)
__as__7ISalidaFRC7ISalida                                                F   (D:\versionR51\microsdhacel\soft micros\Codigo\codigo portable\AdaptadoresSalida\lib&test\test&Lib_micro\adaptadores_salidas_Data\test\ObjectCode\SalidaBanda.cpp.o)
__as__7ISalidaFRC7ISalida                                                F   (D:\versionR51\microsdhacel\soft micros\Codigo\codigo portable\AdaptadoresSalida\lib&test\test&Lib_micro\adaptadores_salidas_Data\test\ObjectCode\SalidaRetenida.cpp.o)
__ct__11SalidaBandaFR7ISalidaR28AdaptadorSalidaConfiguracion             I   (D:\versionR51\microsdhacel\soft micros\Codigo\codigo portable\AdaptadoresSalida\lib&test\test&Lib_micro\adaptadores_salidas_Data\test\ObjectCode\SalidaBanda.cpp.o)
__ct__11SalidaBandaFRC11SalidaBanda                                      F   (D:\versionR51\microsdhacel\soft micros\Codigo\codigo portable\AdaptadoresSalida\lib&test\test&Lib_micro\adaptadores_salidas_Data\test\ObjectCode\SalidaBanda.cpp.o)
__ct__14SalidaRetenidaFR7ISalidaR28AdaptadorSalidaConfiguracion          F   (D:\versionR51\microsdhacel\soft micros\Codigo\codigo portable\AdaptadoresSalida\lib&test\test&Lib_micro\adaptadores_salidas_Data\test\ObjectCode\SalidaRetenida.cpp.o)
__ct__14SalidaRetenidaFRC14SalidaRetenida                                F   (D:\versionR51\microsdhacel\soft micros\Codigo\codigo portable\AdaptadoresSalida\lib&test\test&Lib_micro\adaptadores_salidas_Data\test\ObjectCode\SalidaRetenida.cpp.o)
__ct__15AdaptadorSalidaFR7ISalidaR28AdaptadorSalidaConfiguracion         F   (D:\versionR51\microsdhacel\soft micros\Codigo\codigo portable\AdaptadoresSalida\lib&test\test&Lib_micro\adaptadores_salidas_Data\test\ObjectCode\AdaptadorSalida.cpp.o)
__ct__15AdaptadorSalidaFR7ISalidaR28AdaptadorSalidaConfiguracion         I   (D:\versionR51\microsdhacel\soft micros\Codigo\codigo portable\AdaptadoresSalida\lib&test\test&Lib_micro\adaptadores_salidas_Data\test\ObjectCode\SalidaBanda.cpp.o)
__ct__15AdaptadorSalidaFR7ISalidaR28AdaptadorSalidaConfiguracion         I   (D:\versionR51\microsdhacel\soft micros\Codigo\codigo portable\AdaptadoresSalida\lib&test\test&Lib_micro\adaptadores_salidas_Data\test\ObjectCode\SalidaRetenida.cpp.o)
__ct__15AdaptadorSalidaFRC15AdaptadorSalida                              F   (D:\versionR51\microsdhacel\soft micros\Codigo\codigo portable\AdaptadoresSalida\lib&test\test&Lib_micro\adaptadores_salidas_Data\test\ObjectCode\AdaptadorSalida.cpp.o)
__ct__15AdaptadorSalidaFRC15AdaptadorSalida                              F   (D:\versionR51\microsdhacel\soft micros\Codigo\codigo portable\AdaptadoresSalida\lib&test\test&Lib_micro\adaptadores_salidas_Data\test\ObjectCode\SalidaBanda.cpp.o)
__ct__15AdaptadorSalidaFRC15AdaptadorSalida                              F   (D:\versionR51\microsdhacel\soft micros\Codigo\codigo portable\AdaptadoresSalida\lib&test\test&Lib_micro\adaptadores_salidas_Data\test\ObjectCode\SalidaRetenida.cpp.o)
__ct__28AdaptadorSalidaConfiguracionFRC28AdaptadorSalidaConfiguracion    F   (D:\versionR51\microsdhacel\soft micros\Codigo\codigo portable\AdaptadoresSalida\lib&test\test&Lib_micro\adaptadores_salidas_Data\test\ObjectCode\AdaptadorSalida.cpp.o)
__ct__28AdaptadorSalidaConfiguracionFRC28AdaptadorSalidaConfiguracion    F   (D:\versionR51\microsdhacel\soft micros\Codigo\codigo portable\AdaptadoresSalida\lib&test\test&Lib_micro\adaptadores_salidas_Data\test\ObjectCode\AdaptadorSalidaConfiguracion.cpp.o)
__ct__28AdaptadorSalidaConfiguracionFRC28AdaptadorSalidaConfiguracion    F   (D:\versionR51\microsdhacel\soft micros\Codigo\codigo portable\AdaptadoresSalida\lib&test\test&Lib_micro\adaptadores_salidas_Data\test\ObjectCode\SalidaBanda.cpp.o)
__ct__28AdaptadorSalidaConfiguracionFRC28AdaptadorSalidaConfiguracion    F   (D:\versionR51\microsdhacel\soft micros\Codigo\codigo portable\AdaptadoresSalida\lib&test\test&Lib_micro\adaptadores_salidas_Data\test\ObjectCode\SalidaRetenida.cpp.o)
__ct__28AdaptadorSalidaConfiguracionFv                                   F   (D:\versionR51\microsdhacel\soft micros\Codigo\codigo portable\AdaptadoresSalida\lib&test\test&Lib_micro\adaptadores_salidas_Data\test\ObjectCode\AdaptadorSalida.cpp.o)
__ct__28AdaptadorSalidaConfiguracionFv                                   F   (D:\versionR51\microsdhacel\soft micros\Codigo\codigo portable\AdaptadoresSalida\lib&test\test&Lib_micro\adaptadores_salidas_Data\test\ObjectCode\AdaptadorSalidaConfiguracion.cpp.o)
__ct__28AdaptadorSalidaConfiguracionFv                                   F   (D:\versionR51\microsdhacel\soft micros\Codigo\codigo portable\AdaptadoresSalida\lib&test\test&Lib_micro\adaptadores_salidas_Data\test\ObjectCode\SalidaBanda.cpp.o)
__ct__28AdaptadorSalidaConfiguracionFv                                   F   (D:\versionR51\microsdhacel\soft micros\Codigo\codigo portable\AdaptadoresSalida\lib&test\test&Lib_micro\adaptadores_salidas_Data\test\ObjectCode\SalidaRetenida.cpp.o)
__ct__7ISalidaFRC7ISalida                                                F   (D:\versionR51\microsdhacel\soft micros\Codigo\codigo portable\AdaptadoresSalida\lib&test\test&Lib_micro\adaptadores_salidas_Data\test\ObjectCode\AdaptadorSalida.cpp.o)
__ct__7ISalidaFRC7ISalida                                                F   (D:\versionR51\microsdhacel\soft micros\Codigo\codigo portable\AdaptadoresSalida\lib&test\test&Lib_micro\adaptadores_salidas_Data\test\ObjectCode\SalidaBanda.cpp.o)
__ct__7ISalidaFRC7ISalida                                                F   (D:\versionR51\microsdhacel\soft micros\Codigo\codigo portable\AdaptadoresSalida\lib&test\test&Lib_micro\adaptadores_salidas_Data\test\ObjectCode\SalidaRetenida.cpp.o)
__ct__7ISalidaFv                                                         F   (D:\versionR51\microsdhacel\soft micros\Codigo\codigo portable\AdaptadoresSalida\lib&test\test&Lib_micro\adaptadores_salidas_Data\test\ObjectCode\AdaptadorSalida.cpp.o)
__ct__7ISalidaFv                                                         F   (D:\versionR51\microsdhacel\soft micros\Codigo\codigo portable\AdaptadoresSalida\lib&test\test&Lib_micro\adaptadores_salidas_Data\test\ObjectCode\SalidaBanda.cpp.o)
__ct__7ISalidaFv                                                         F   (D:\versionR51\microsdhacel\soft micros\Codigo\codigo portable\AdaptadoresSalida\lib&test\test&Lib_micro\adaptadores_salidas_Data\test\ObjectCode\SalidaRetenida.cpp.o)
calcularPotencia__11SalidaBandaFi                                        F   (D:\versionR51\microsdhacel\soft micros\Codigo\codigo portable\AdaptadoresSalida\lib&test\test&Lib_micro\adaptadores_salidas_Data\test\ObjectCode\SalidaBanda.cpp.o)
calcularPotencia__14SalidaRetenidaFi                                     F   (D:\versionR51\microsdhacel\soft micros\Codigo\codigo portable\AdaptadoresSalida\lib&test\test&Lib_micro\adaptadores_salidas_Data\test\ObjectCode\SalidaRetenida.cpp.o)
calcularPotencia__15AdaptadorSalidaFi                                    I   (D:\versionR51\microsdhacel\soft micros\Codigo\codigo portable\AdaptadoresSalida\lib&test\test&Lib_micro\adaptadores_salidas_Data\test\ObjectCode\AdaptadorSalida.cpp.o)
duty_onoff__FiT0                                                         I   (D:\versionR51\microsdhacel\soft micros\Codigo\codigo portable\AdaptadoresSalida\lib&test\test&Lib_micro\adaptadores_salidas_Data\test\ObjectCode\SalidaBanda.cpp.o)
duty_onoff__FiT0                                                         I   (D:\versionR51\microsdhacel\soft micros\Codigo\codigo portable\AdaptadoresSalida\lib&test\test&Lib_micro\adaptadores_salidas_Data\test\ObjectCode\SalidaRetenida.cpp.o)
duty_prop__FiN30                                                         I   (D:\versionR51\microsdhacel\soft micros\Codigo\codigo portable\AdaptadoresSalida\lib&test\test&Lib_micro\adaptadores_salidas_Data\test\ObjectCode\SalidaBanda.cpp.o)
getHisteresis__15AdaptadorSalidaFv                                       F   (D:\versionR51\microsdhacel\soft micros\Codigo\codigo portable\AdaptadoresSalida\lib&test\test&Lib_micro\adaptadores_salidas_Data\test\ObjectCode\AdaptadorSalida.cpp.o)
getHisteresis__15AdaptadorSalidaFv                                       I   (D:\versionR51\microsdhacel\soft micros\Codigo\codigo portable\AdaptadoresSalida\lib&test\test&Lib_micro\adaptadores_salidas_Data\test\ObjectCode\SalidaBanda.cpp.o)
getHisteresis__15AdaptadorSalidaFv                                       I   (D:\versionR51\microsdhacel\soft micros\Codigo\codigo portable\AdaptadoresSalida\lib&test\test&Lib_micro\adaptadores_salidas_Data\test\ObjectCode\SalidaRetenida.cpp.o)
getHisteresis__28AdaptadorSalidaConfiguracionFv                          I   (D:\versionR51\microsdhacel\soft micros\Codigo\codigo portable\AdaptadoresSalida\lib&test\test&Lib_micro\adaptadores_salidas_Data\test\ObjectCode\AdaptadorSalida.cpp.o)
getSalida__15AdaptadorSalidaFv                                           F   (D:\versionR51\microsdhacel\soft micros\Codigo\codigo portable\AdaptadoresSalida\lib&test\test&Lib_micro\adaptadores_salidas_Data\test\ObjectCode\AdaptadorSalida.cpp.o)
getSalida__15AdaptadorSalidaFv                                           I   (D:\versionR51\microsdhacel\soft micros\Codigo\codigo portable\AdaptadoresSalida\lib&test\test&Lib_micro\adaptadores_salidas_Data\test\ObjectCode\SalidaBanda.cpp.o)
getSalida__15AdaptadorSalidaFv                                           I   (D:\versionR51\microsdhacel\soft micros\Codigo\codigo portable\AdaptadoresSalida\lib&test\test&Lib_micro\adaptadores_salidas_Data\test\ObjectCode\SalidaRetenida.cpp.o)
getTipoSalida__14SalidaRetenidaFv                                        F   (D:\versionR51\microsdhacel\soft micros\Codigo\codigo portable\AdaptadoresSalida\lib&test\test&Lib_micro\adaptadores_salidas_Data\test\ObjectCode\SalidaRetenida.cpp.o)
getTipoSalida__15AdaptadorSalidaFv                                       F   (D:\versionR51\microsdhacel\soft micros\Codigo\codigo portable\AdaptadoresSalida\lib&test\test&Lib_micro\adaptadores_salidas_Data\test\ObjectCode\AdaptadorSalida.cpp.o)
getTipoSalida__15AdaptadorSalidaFv                                       I   (D:\versionR51\microsdhacel\soft micros\Codigo\codigo portable\AdaptadoresSalida\lib&test\test&Lib_micro\adaptadores_salidas_Data\test\ObjectCode\SalidaBanda.cpp.o)
getTipoSalida__15AdaptadorSalidaFv                                       I   (D:\versionR51\microsdhacel\soft micros\Codigo\codigo portable\AdaptadoresSalida\lib&test\test&Lib_micro\adaptadores_salidas_Data\test\ObjectCode\SalidaRetenida.cpp.o)
getTipoSalida__28AdaptadorSalidaConfiguracionFv                          I   (D:\versionR51\microsdhacel\soft micros\Codigo\codigo portable\AdaptadoresSalida\lib&test\test&Lib_micro\adaptadores_salidas_Data\test\ObjectCode\AdaptadorSalida.cpp.o)
getTipoSalida__7ISalidaFv                                                I   (D:\versionR51\microsdhacel\soft micros\Codigo\codigo portable\AdaptadoresSalida\lib&test\test&Lib_micro\adaptadores_salidas_Data\test\ObjectCode\SalidaBanda.cpp.o)
main                                                                     F   (D:\versionR51\microsdhacel\soft micros\Codigo\codigo portable\AdaptadoresSalida\lib&test\test&Lib_micro\adaptadores_salidas_Data\test\ObjectCode\main.c.o)
setHisteresis__15AdaptadorSalidaFi                                       F   (D:\versionR51\microsdhacel\soft micros\Codigo\codigo portable\AdaptadoresSalida\lib&test\test&Lib_micro\adaptadores_salidas_Data\test\ObjectCode\AdaptadorSalida.cpp.o)
setHisteresis__15AdaptadorSalidaFi                                       I   (D:\versionR51\microsdhacel\soft micros\Codigo\codigo portable\AdaptadoresSalida\lib&test\test&Lib_micro\adaptadores_salidas_Data\test\ObjectCode\SalidaBanda.cpp.o)
setHisteresis__15AdaptadorSalidaFi                                       I   (D:\versionR51\microsdhacel\soft micros\Codigo\codigo portable\AdaptadoresSalida\lib&test\test&Lib_micro\adaptadores_salidas_Data\test\ObjectCode\SalidaRetenida.cpp.o)
setHisteresis__28AdaptadorSalidaConfiguracionFi                          I   (D:\versionR51\microsdhacel\soft micros\Codigo\codigo portable\AdaptadoresSalida\lib&test\test&Lib_micro\adaptadores_salidas_Data\test\ObjectCode\AdaptadorSalida.cpp.o)
setPotenciaSalida__15AdaptadorSalidaFi                                   F   (D:\versionR51\microsdhacel\soft micros\Codigo\codigo portable\AdaptadoresSalida\lib&test\test&Lib_micro\adaptadores_salidas_Data\test\ObjectCode\AdaptadorSalida.cpp.o)
setPotenciaSalida__15AdaptadorSalidaFi                                   I   (D:\versionR51\microsdhacel\soft micros\Codigo\codigo portable\AdaptadoresSalida\lib&test\test&Lib_micro\adaptadores_salidas_Data\test\ObjectCode\SalidaBanda.cpp.o)
setPotenciaSalida__15AdaptadorSalidaFi                                   I   (D:\versionR51\microsdhacel\soft micros\Codigo\codigo portable\AdaptadoresSalida\lib&test\test&Lib_micro\adaptadores_salidas_Data\test\ObjectCode\SalidaRetenida.cpp.o)
setPotencia__7ISalidaFUi                                                 I   (D:\versionR51\microsdhacel\soft micros\Codigo\codigo portable\AdaptadoresSalida\lib&test\test&Lib_micro\adaptadores_salidas_Data\test\ObjectCode\AdaptadorSalida.cpp.o)
setRetenida__14SalidaRetenidaFUc                                         F   (D:\versionR51\microsdhacel\soft micros\Codigo\codigo portable\AdaptadoresSalida\lib&test\test&Lib_micro\adaptadores_salidas_Data\test\ObjectCode\SalidaRetenida.cpp.o)
setTipoSalida__14SalidaRetenidaFi                                        F   (D:\versionR51\microsdhacel\soft micros\Codigo\codigo portable\AdaptadoresSalida\lib&test\test&Lib_micro\adaptadores_salidas_Data\test\ObjectCode\SalidaRetenida.cpp.o)
setTipoSalida__15AdaptadorSalidaFi                                       F   (D:\versionR51\microsdhacel\soft micros\Codigo\codigo portable\AdaptadoresSalida\lib&test\test&Lib_micro\adaptadores_salidas_Data\test\ObjectCode\AdaptadorSalida.cpp.o)
setTipoSalida__15AdaptadorSalidaFi                                       I   (D:\versionR51\microsdhacel\soft micros\Codigo\codigo portable\AdaptadoresSalida\lib&test\test&Lib_micro\adaptadores_salidas_Data\test\ObjectCode\SalidaBanda.cpp.o)
setTipoSalida__15AdaptadorSalidaFi                                       I   (D:\versionR51\microsdhacel\soft micros\Codigo\codigo portable\AdaptadoresSalida\lib&test\test&Lib_micro\adaptadores_salidas_Data\test\ObjectCode\SalidaRetenida.cpp.o)
setTipoSalida__28AdaptadorSalidaConfiguracionF10TipoSalida               I   (D:\versionR51\microsdhacel\soft micros\Codigo\codigo portable\AdaptadoresSalida\lib&test\test&Lib_micro\adaptadores_salidas_Data\test\ObjectCode\AdaptadorSalida.cpp.o)
