Units and locations in library 'D:\versionR51\microsdhacel\soft micros\Codigo\Librerias\OOC\util\lib_cpp\ooc_hcs12_cpp.lib'
Unit name                                                                                                                                      size     from       to
D:\versionR51\microsdhacel\soft micros\Codigo\Librerias\OOC\util\util_hcs12_cpp_Data\P&E_Multilink_CyclonePro\ObjectCode\Array.cpp.o          11919      150    12069
D:\versionR51\microsdhacel\soft micros\Codigo\Librerias\OOC\util\util_hcs12_cpp_Data\P&E_Multilink_CyclonePro\ObjectCode\Collection.cpp.o      8089    99648   107737
D:\versionR51\microsdhacel\soft micros\Codigo\Librerias\OOC\util\util_hcs12_cpp_Data\P&E_Multilink_CyclonePro\ObjectCode\Comparator.cpp.o      5961    12069    18030
D:\versionR51\microsdhacel\soft micros\Codigo\Librerias\OOC\util\util_hcs12_cpp_Data\P&E_Multilink_CyclonePro\ObjectCode\DobleList.cpp.o      30822    18030    48852
D:\versionR51\microsdhacel\soft micros\Codigo\Librerias\OOC\util\util_hcs12_cpp_Data\P&E_Multilink_CyclonePro\ObjectCode\LinkedList.cpp.o     31883    48852    80735
D:\versionR51\microsdhacel\soft micros\Codigo\Librerias\OOC\util\util_hcs12_cpp_Data\P&E_Multilink_CyclonePro\ObjectCode\List.cpp.o           10633   107737   118370
D:\versionR51\microsdhacel\soft micros\Codigo\Librerias\OOC\util\util_hcs12_cpp_Data\P&E_Multilink_CyclonePro\ObjectCode\NodoDoble.cpp.o      10486    89162    99648
D:\versionR51\microsdhacel\soft micros\Codigo\Librerias\OOC\util\util_hcs12_cpp_Data\P&E_Multilink_CyclonePro\ObjectCode\nodo.cpp.o            8427    80735    89162

EXPORTED OBJECTS
Array_Constructor__FP5Arrayi                                             F   (D:\versionR51\microsdhacel\soft micros\Codigo\Librerias\OOC\util\util_hcs12_cpp_Data\P&E_Multilink_CyclonePro\ObjectCode\Array.cpp.o)
Array_count__FP5Array                                                    F   (D:\versionR51\microsdhacel\soft micros\Codigo\Librerias\OOC\util\util_hcs12_cpp_Data\P&E_Multilink_CyclonePro\ObjectCode\Array.cpp.o)
Array_destructor__FP5Array                                               F   (D:\versionR51\microsdhacel\soft micros\Codigo\Librerias\OOC\util\util_hcs12_cpp_Data\P&E_Multilink_CyclonePro\ObjectCode\Array.cpp.o)
Array_get__FP5Arrayi                                                     F   (D:\versionR51\microsdhacel\soft micros\Codigo\Librerias\OOC\util\util_hcs12_cpp_Data\P&E_Multilink_CyclonePro\ObjectCode\Array.cpp.o)
Array_isEmpty__FP5Array                                                  F   (D:\versionR51\microsdhacel\soft micros\Codigo\Librerias\OOC\util\util_hcs12_cpp_Data\P&E_Multilink_CyclonePro\ObjectCode\Array.cpp.o)
Array_ownsObjects__FP5ArrayUc                                            F   (D:\versionR51\microsdhacel\soft micros\Codigo\Librerias\OOC\util\util_hcs12_cpp_Data\P&E_Multilink_CyclonePro\ObjectCode\Array.cpp.o)
Array_search__FP5ArrayP10Comparator                                      F   (D:\versionR51\microsdhacel\soft micros\Codigo\Librerias\OOC\util\util_hcs12_cpp_Data\P&E_Multilink_CyclonePro\ObjectCode\Array.cpp.o)
Array_set__FP5ArrayiPv                                                   F   (D:\versionR51\microsdhacel\soft micros\Codigo\Librerias\OOC\util\util_hcs12_cpp_Data\P&E_Multilink_CyclonePro\ObjectCode\Array.cpp.o)
_LOAD_FAR_16                                                             I   (D:\versionR51\microsdhacel\soft micros\Codigo\Librerias\OOC\util\util_hcs12_cpp_Data\P&E_Multilink_CyclonePro\ObjectCode\Array.cpp.o)
____vtbl__Collection                                                     O   (D:\versionR51\microsdhacel\soft micros\Codigo\Librerias\OOC\util\util_hcs12_cpp_Data\P&E_Multilink_CyclonePro\ObjectCode\Collection.cpp.o)
____vtbl__Collection                                                     O   (D:\versionR51\microsdhacel\soft micros\Codigo\Librerias\OOC\util\util_hcs12_cpp_Data\P&E_Multilink_CyclonePro\ObjectCode\DobleList.cpp.o)
____vtbl__Collection                                                     O   (D:\versionR51\microsdhacel\soft micros\Codigo\Librerias\OOC\util\util_hcs12_cpp_Data\P&E_Multilink_CyclonePro\ObjectCode\LinkedList.cpp.o)
____vtbl__Collection                                                     O   (D:\versionR51\microsdhacel\soft micros\Codigo\Librerias\OOC\util\util_hcs12_cpp_Data\P&E_Multilink_CyclonePro\ObjectCode\List.cpp.o)
____vtbl__Comparator                                                     O   (D:\versionR51\microsdhacel\soft micros\Codigo\Librerias\OOC\util\util_hcs12_cpp_Data\P&E_Multilink_CyclonePro\ObjectCode\Array.cpp.o)
____vtbl__Comparator                                                     O   (D:\versionR51\microsdhacel\soft micros\Codigo\Librerias\OOC\util\util_hcs12_cpp_Data\P&E_Multilink_CyclonePro\ObjectCode\Comparator.cpp.o)
____vtbl__DobleListLinkedListListCollection                              O   (D:\versionR51\microsdhacel\soft micros\Codigo\Librerias\OOC\util\util_hcs12_cpp_Data\P&E_Multilink_CyclonePro\ObjectCode\DobleList.cpp.o)
____vtbl__Iterator                                                       O   (D:\versionR51\microsdhacel\soft micros\Codigo\Librerias\OOC\util\util_hcs12_cpp_Data\P&E_Multilink_CyclonePro\ObjectCode\Collection.cpp.o)
____vtbl__Iterator                                                       O   (D:\versionR51\microsdhacel\soft micros\Codigo\Librerias\OOC\util\util_hcs12_cpp_Data\P&E_Multilink_CyclonePro\ObjectCode\DobleList.cpp.o)
____vtbl__Iterator                                                       O   (D:\versionR51\microsdhacel\soft micros\Codigo\Librerias\OOC\util\util_hcs12_cpp_Data\P&E_Multilink_CyclonePro\ObjectCode\LinkedList.cpp.o)
____vtbl__Iterator                                                       O   (D:\versionR51\microsdhacel\soft micros\Codigo\Librerias\OOC\util\util_hcs12_cpp_Data\P&E_Multilink_CyclonePro\ObjectCode\List.cpp.o)
____vtbl__LinkedListIteratorIterator                                     O   (D:\versionR51\microsdhacel\soft micros\Codigo\Librerias\OOC\util\util_hcs12_cpp_Data\P&E_Multilink_CyclonePro\ObjectCode\DobleList.cpp.o)
____vtbl__LinkedListIteratorIterator                                     O   (D:\versionR51\microsdhacel\soft micros\Codigo\Librerias\OOC\util\util_hcs12_cpp_Data\P&E_Multilink_CyclonePro\ObjectCode\LinkedList.cpp.o)
____vtbl__LinkedListListCollection                                       O   (D:\versionR51\microsdhacel\soft micros\Codigo\Librerias\OOC\util\util_hcs12_cpp_Data\P&E_Multilink_CyclonePro\ObjectCode\DobleList.cpp.o)
____vtbl__LinkedListListCollection                                       O   (D:\versionR51\microsdhacel\soft micros\Codigo\Librerias\OOC\util\util_hcs12_cpp_Data\P&E_Multilink_CyclonePro\ObjectCode\LinkedList.cpp.o)
____vtbl__ListCollection                                                 O   (D:\versionR51\microsdhacel\soft micros\Codigo\Librerias\OOC\util\util_hcs12_cpp_Data\P&E_Multilink_CyclonePro\ObjectCode\DobleList.cpp.o)
____vtbl__ListCollection                                                 O   (D:\versionR51\microsdhacel\soft micros\Codigo\Librerias\OOC\util\util_hcs12_cpp_Data\P&E_Multilink_CyclonePro\ObjectCode\LinkedList.cpp.o)
____vtbl__ListCollection                                                 O   (D:\versionR51\microsdhacel\soft micros\Codigo\Librerias\OOC\util\util_hcs12_cpp_Data\P&E_Multilink_CyclonePro\ObjectCode\List.cpp.o)
__as__10CollectionFRC10Collection                                        F   (D:\versionR51\microsdhacel\soft micros\Codigo\Librerias\OOC\util\util_hcs12_cpp_Data\P&E_Multilink_CyclonePro\ObjectCode\Collection.cpp.o)
__as__10CollectionFRC10Collection                                        F   (D:\versionR51\microsdhacel\soft micros\Codigo\Librerias\OOC\util\util_hcs12_cpp_Data\P&E_Multilink_CyclonePro\ObjectCode\DobleList.cpp.o)
__as__10CollectionFRC10Collection                                        F   (D:\versionR51\microsdhacel\soft micros\Codigo\Librerias\OOC\util\util_hcs12_cpp_Data\P&E_Multilink_CyclonePro\ObjectCode\LinkedList.cpp.o)
__as__10CollectionFRC10Collection                                        F   (D:\versionR51\microsdhacel\soft micros\Codigo\Librerias\OOC\util\util_hcs12_cpp_Data\P&E_Multilink_CyclonePro\ObjectCode\List.cpp.o)
__as__10ComparatorFRC10Comparator                                        F   (D:\versionR51\microsdhacel\soft micros\Codigo\Librerias\OOC\util\util_hcs12_cpp_Data\P&E_Multilink_CyclonePro\ObjectCode\Array.cpp.o)
__as__10ComparatorFRC10Comparator                                        F   (D:\versionR51\microsdhacel\soft micros\Codigo\Librerias\OOC\util\util_hcs12_cpp_Data\P&E_Multilink_CyclonePro\ObjectCode\Comparator.cpp.o)
__as__10LinkedListFRC10LinkedList                                        F   (D:\versionR51\microsdhacel\soft micros\Codigo\Librerias\OOC\util\util_hcs12_cpp_Data\P&E_Multilink_CyclonePro\ObjectCode\DobleList.cpp.o)
__as__10LinkedListFRC10LinkedList                                        F   (D:\versionR51\microsdhacel\soft micros\Codigo\Librerias\OOC\util\util_hcs12_cpp_Data\P&E_Multilink_CyclonePro\ObjectCode\LinkedList.cpp.o)
__as__28LinkedListIteratorLinkedListFRC28LinkedListIteratorLinkedList    F   (D:\versionR51\microsdhacel\soft micros\Codigo\Librerias\OOC\util\util_hcs12_cpp_Data\P&E_Multilink_CyclonePro\ObjectCode\DobleList.cpp.o)
__as__28LinkedListIteratorLinkedListFRC28LinkedListIteratorLinkedList    F   (D:\versionR51\microsdhacel\soft micros\Codigo\Librerias\OOC\util\util_hcs12_cpp_Data\P&E_Multilink_CyclonePro\ObjectCode\LinkedList.cpp.o)
__as__4ListFRC4List                                                      F   (D:\versionR51\microsdhacel\soft micros\Codigo\Librerias\OOC\util\util_hcs12_cpp_Data\P&E_Multilink_CyclonePro\ObjectCode\DobleList.cpp.o)
__as__4ListFRC4List                                                      F   (D:\versionR51\microsdhacel\soft micros\Codigo\Librerias\OOC\util\util_hcs12_cpp_Data\P&E_Multilink_CyclonePro\ObjectCode\LinkedList.cpp.o)
__as__4ListFRC4List                                                      F   (D:\versionR51\microsdhacel\soft micros\Codigo\Librerias\OOC\util\util_hcs12_cpp_Data\P&E_Multilink_CyclonePro\ObjectCode\List.cpp.o)
__as__4NodoFRC4Nodo                                                      F   (D:\versionR51\microsdhacel\soft micros\Codigo\Librerias\OOC\util\util_hcs12_cpp_Data\P&E_Multilink_CyclonePro\ObjectCode\DobleList.cpp.o)
__as__4NodoFRC4Nodo                                                      F   (D:\versionR51\microsdhacel\soft micros\Codigo\Librerias\OOC\util\util_hcs12_cpp_Data\P&E_Multilink_CyclonePro\ObjectCode\LinkedList.cpp.o)
__as__4NodoFRC4Nodo                                                      F   (D:\versionR51\microsdhacel\soft micros\Codigo\Librerias\OOC\util\util_hcs12_cpp_Data\P&E_Multilink_CyclonePro\ObjectCode\NodoDoble.cpp.o)
__as__4NodoFRC4Nodo                                                      F   (D:\versionR51\microsdhacel\soft micros\Codigo\Librerias\OOC\util\util_hcs12_cpp_Data\P&E_Multilink_CyclonePro\ObjectCode\nodo.cpp.o)
__as__8IteratorFRC8Iterator                                              F   (D:\versionR51\microsdhacel\soft micros\Codigo\Librerias\OOC\util\util_hcs12_cpp_Data\P&E_Multilink_CyclonePro\ObjectCode\Collection.cpp.o)
__as__8IteratorFRC8Iterator                                              F   (D:\versionR51\microsdhacel\soft micros\Codigo\Librerias\OOC\util\util_hcs12_cpp_Data\P&E_Multilink_CyclonePro\ObjectCode\DobleList.cpp.o)
__as__8IteratorFRC8Iterator                                              F   (D:\versionR51\microsdhacel\soft micros\Codigo\Librerias\OOC\util\util_hcs12_cpp_Data\P&E_Multilink_CyclonePro\ObjectCode\LinkedList.cpp.o)
__as__8IteratorFRC8Iterator                                              F   (D:\versionR51\microsdhacel\soft micros\Codigo\Librerias\OOC\util\util_hcs12_cpp_Data\P&E_Multilink_CyclonePro\ObjectCode\List.cpp.o)
__as__9DobleListFRC9DobleList                                            F   (D:\versionR51\microsdhacel\soft micros\Codigo\Librerias\OOC\util\util_hcs12_cpp_Data\P&E_Multilink_CyclonePro\ObjectCode\DobleList.cpp.o)
__as__9NodoDobleFRC9NodoDoble                                            F   (D:\versionR51\microsdhacel\soft micros\Codigo\Librerias\OOC\util\util_hcs12_cpp_Data\P&E_Multilink_CyclonePro\ObjectCode\DobleList.cpp.o)
__as__9NodoDobleFRC9NodoDoble                                            F   (D:\versionR51\microsdhacel\soft micros\Codigo\Librerias\OOC\util\util_hcs12_cpp_Data\P&E_Multilink_CyclonePro\ObjectCode\NodoDoble.cpp.o)
__ct__10CollectionFRC10Collection                                        F   (D:\versionR51\microsdhacel\soft micros\Codigo\Librerias\OOC\util\util_hcs12_cpp_Data\P&E_Multilink_CyclonePro\ObjectCode\Collection.cpp.o)
__ct__10CollectionFRC10Collection                                        F   (D:\versionR51\microsdhacel\soft micros\Codigo\Librerias\OOC\util\util_hcs12_cpp_Data\P&E_Multilink_CyclonePro\ObjectCode\DobleList.cpp.o)
__ct__10CollectionFRC10Collection                                        F   (D:\versionR51\microsdhacel\soft micros\Codigo\Librerias\OOC\util\util_hcs12_cpp_Data\P&E_Multilink_CyclonePro\ObjectCode\LinkedList.cpp.o)
__ct__10CollectionFRC10Collection                                        F   (D:\versionR51\microsdhacel\soft micros\Codigo\Librerias\OOC\util\util_hcs12_cpp_Data\P&E_Multilink_CyclonePro\ObjectCode\List.cpp.o)
__ct__10CollectionFv                                                     F   (D:\versionR51\microsdhacel\soft micros\Codigo\Librerias\OOC\util\util_hcs12_cpp_Data\P&E_Multilink_CyclonePro\ObjectCode\Collection.cpp.o)
__ct__10CollectionFv                                                     F   (D:\versionR51\microsdhacel\soft micros\Codigo\Librerias\OOC\util\util_hcs12_cpp_Data\P&E_Multilink_CyclonePro\ObjectCode\DobleList.cpp.o)
__ct__10CollectionFv                                                     F   (D:\versionR51\microsdhacel\soft micros\Codigo\Librerias\OOC\util\util_hcs12_cpp_Data\P&E_Multilink_CyclonePro\ObjectCode\LinkedList.cpp.o)
__ct__10CollectionFv                                                     F   (D:\versionR51\microsdhacel\soft micros\Codigo\Librerias\OOC\util\util_hcs12_cpp_Data\P&E_Multilink_CyclonePro\ObjectCode\List.cpp.o)
__ct__10ComparatorFRC10Comparator                                        F   (D:\versionR51\microsdhacel\soft micros\Codigo\Librerias\OOC\util\util_hcs12_cpp_Data\P&E_Multilink_CyclonePro\ObjectCode\Array.cpp.o)
__ct__10ComparatorFRC10Comparator                                        F   (D:\versionR51\microsdhacel\soft micros\Codigo\Librerias\OOC\util\util_hcs12_cpp_Data\P&E_Multilink_CyclonePro\ObjectCode\Comparator.cpp.o)
__ct__10ComparatorFv                                                     F   (D:\versionR51\microsdhacel\soft micros\Codigo\Librerias\OOC\util\util_hcs12_cpp_Data\P&E_Multilink_CyclonePro\ObjectCode\Array.cpp.o)
__ct__10ComparatorFv                                                     F   (D:\versionR51\microsdhacel\soft micros\Codigo\Librerias\OOC\util\util_hcs12_cpp_Data\P&E_Multilink_CyclonePro\ObjectCode\Comparator.cpp.o)
__ct__10LinkedListFRC10LinkedList                                        F   (D:\versionR51\microsdhacel\soft micros\Codigo\Librerias\OOC\util\util_hcs12_cpp_Data\P&E_Multilink_CyclonePro\ObjectCode\DobleList.cpp.o)
__ct__10LinkedListFRC10LinkedList                                        F   (D:\versionR51\microsdhacel\soft micros\Codigo\Librerias\OOC\util\util_hcs12_cpp_Data\P&E_Multilink_CyclonePro\ObjectCode\LinkedList.cpp.o)
__ct__10LinkedListFv                                                     I   (D:\versionR51\microsdhacel\soft micros\Codigo\Librerias\OOC\util\util_hcs12_cpp_Data\P&E_Multilink_CyclonePro\ObjectCode\DobleList.cpp.o)
__ct__10LinkedListFv                                                     F   (D:\versionR51\microsdhacel\soft micros\Codigo\Librerias\OOC\util\util_hcs12_cpp_Data\P&E_Multilink_CyclonePro\ObjectCode\LinkedList.cpp.o)
__ct__28LinkedListIteratorLinkedListFP10LinkedList                       I   (D:\versionR51\microsdhacel\soft micros\Codigo\Librerias\OOC\util\util_hcs12_cpp_Data\P&E_Multilink_CyclonePro\ObjectCode\DobleList.cpp.o)
__ct__28LinkedListIteratorLinkedListFP10LinkedList                       F   (D:\versionR51\microsdhacel\soft micros\Codigo\Librerias\OOC\util\util_hcs12_cpp_Data\P&E_Multilink_CyclonePro\ObjectCode\LinkedList.cpp.o)
__ct__28LinkedListIteratorLinkedListFRC28LinkedListIteratorLinkedList    F   (D:\versionR51\microsdhacel\soft micros\Codigo\Librerias\OOC\util\util_hcs12_cpp_Data\P&E_Multilink_CyclonePro\ObjectCode\DobleList.cpp.o)
__ct__28LinkedListIteratorLinkedListFRC28LinkedListIteratorLinkedList    F   (D:\versionR51\microsdhacel\soft micros\Codigo\Librerias\OOC\util\util_hcs12_cpp_Data\P&E_Multilink_CyclonePro\ObjectCode\LinkedList.cpp.o)
__ct__4ListFRC4List                                                      F   (D:\versionR51\microsdhacel\soft micros\Codigo\Librerias\OOC\util\util_hcs12_cpp_Data\P&E_Multilink_CyclonePro\ObjectCode\DobleList.cpp.o)
__ct__4ListFRC4List                                                      F   (D:\versionR51\microsdhacel\soft micros\Codigo\Librerias\OOC\util\util_hcs12_cpp_Data\P&E_Multilink_CyclonePro\ObjectCode\LinkedList.cpp.o)
__ct__4ListFRC4List                                                      F   (D:\versionR51\microsdhacel\soft micros\Codigo\Librerias\OOC\util\util_hcs12_cpp_Data\P&E_Multilink_CyclonePro\ObjectCode\List.cpp.o)
__ct__4ListFv                                                            F   (D:\versionR51\microsdhacel\soft micros\Codigo\Librerias\OOC\util\util_hcs12_cpp_Data\P&E_Multilink_CyclonePro\ObjectCode\DobleList.cpp.o)
__ct__4ListFv                                                            F   (D:\versionR51\microsdhacel\soft micros\Codigo\Librerias\OOC\util\util_hcs12_cpp_Data\P&E_Multilink_CyclonePro\ObjectCode\LinkedList.cpp.o)
__ct__4ListFv                                                            F   (D:\versionR51\microsdhacel\soft micros\Codigo\Librerias\OOC\util\util_hcs12_cpp_Data\P&E_Multilink_CyclonePro\ObjectCode\List.cpp.o)
__ct__4NodoFPvP4Nodo                                                     I   (D:\versionR51\microsdhacel\soft micros\Codigo\Librerias\OOC\util\util_hcs12_cpp_Data\P&E_Multilink_CyclonePro\ObjectCode\DobleList.cpp.o)
__ct__4NodoFPvP4Nodo                                                     I   (D:\versionR51\microsdhacel\soft micros\Codigo\Librerias\OOC\util\util_hcs12_cpp_Data\P&E_Multilink_CyclonePro\ObjectCode\LinkedList.cpp.o)
__ct__4NodoFPvP4Nodo                                                     I   (D:\versionR51\microsdhacel\soft micros\Codigo\Librerias\OOC\util\util_hcs12_cpp_Data\P&E_Multilink_CyclonePro\ObjectCode\NodoDoble.cpp.o)
__ct__4NodoFPvP4Nodo                                                     F   (D:\versionR51\microsdhacel\soft micros\Codigo\Librerias\OOC\util\util_hcs12_cpp_Data\P&E_Multilink_CyclonePro\ObjectCode\nodo.cpp.o)
__ct__4NodoFRC4Nodo                                                      F   (D:\versionR51\microsdhacel\soft micros\Codigo\Librerias\OOC\util\util_hcs12_cpp_Data\P&E_Multilink_CyclonePro\ObjectCode\DobleList.cpp.o)
__ct__4NodoFRC4Nodo                                                      F   (D:\versionR51\microsdhacel\soft micros\Codigo\Librerias\OOC\util\util_hcs12_cpp_Data\P&E_Multilink_CyclonePro\ObjectCode\LinkedList.cpp.o)
__ct__4NodoFRC4Nodo                                                      F   (D:\versionR51\microsdhacel\soft micros\Codigo\Librerias\OOC\util\util_hcs12_cpp_Data\P&E_Multilink_CyclonePro\ObjectCode\NodoDoble.cpp.o)
__ct__4NodoFRC4Nodo                                                      F   (D:\versionR51\microsdhacel\soft micros\Codigo\Librerias\OOC\util\util_hcs12_cpp_Data\P&E_Multilink_CyclonePro\ObjectCode\nodo.cpp.o)
__ct__8IteratorFRC8Iterator                                              F   (D:\versionR51\microsdhacel\soft micros\Codigo\Librerias\OOC\util\util_hcs12_cpp_Data\P&E_Multilink_CyclonePro\ObjectCode\Collection.cpp.o)
__ct__8IteratorFRC8Iterator                                              F   (D:\versionR51\microsdhacel\soft micros\Codigo\Librerias\OOC\util\util_hcs12_cpp_Data\P&E_Multilink_CyclonePro\ObjectCode\DobleList.cpp.o)
__ct__8IteratorFRC8Iterator                                              F   (D:\versionR51\microsdhacel\soft micros\Codigo\Librerias\OOC\util\util_hcs12_cpp_Data\P&E_Multilink_CyclonePro\ObjectCode\LinkedList.cpp.o)
__ct__8IteratorFRC8Iterator                                              F   (D:\versionR51\microsdhacel\soft micros\Codigo\Librerias\OOC\util\util_hcs12_cpp_Data\P&E_Multilink_CyclonePro\ObjectCode\List.cpp.o)
__ct__8IteratorFv                                                        F   (D:\versionR51\microsdhacel\soft micros\Codigo\Librerias\OOC\util\util_hcs12_cpp_Data\P&E_Multilink_CyclonePro\ObjectCode\Collection.cpp.o)
__ct__8IteratorFv                                                        F   (D:\versionR51\microsdhacel\soft micros\Codigo\Librerias\OOC\util\util_hcs12_cpp_Data\P&E_Multilink_CyclonePro\ObjectCode\DobleList.cpp.o)
__ct__8IteratorFv                                                        F   (D:\versionR51\microsdhacel\soft micros\Codigo\Librerias\OOC\util\util_hcs12_cpp_Data\P&E_Multilink_CyclonePro\ObjectCode\LinkedList.cpp.o)
__ct__8IteratorFv                                                        F   (D:\versionR51\microsdhacel\soft micros\Codigo\Librerias\OOC\util\util_hcs12_cpp_Data\P&E_Multilink_CyclonePro\ObjectCode\List.cpp.o)
__ct__9DobleListFRC9DobleList                                            F   (D:\versionR51\microsdhacel\soft micros\Codigo\Librerias\OOC\util\util_hcs12_cpp_Data\P&E_Multilink_CyclonePro\ObjectCode\DobleList.cpp.o)
__ct__9DobleListFv                                                       F   (D:\versionR51\microsdhacel\soft micros\Codigo\Librerias\OOC\util\util_hcs12_cpp_Data\P&E_Multilink_CyclonePro\ObjectCode\DobleList.cpp.o)
__ct__9NodoDobleFPvP9NodoDobleT2                                         I   (D:\versionR51\microsdhacel\soft micros\Codigo\Librerias\OOC\util\util_hcs12_cpp_Data\P&E_Multilink_CyclonePro\ObjectCode\DobleList.cpp.o)
__ct__9NodoDobleFPvP9NodoDobleT2                                         F   (D:\versionR51\microsdhacel\soft micros\Codigo\Librerias\OOC\util\util_hcs12_cpp_Data\P&E_Multilink_CyclonePro\ObjectCode\NodoDoble.cpp.o)
__ct__9NodoDobleFRC9NodoDoble                                            F   (D:\versionR51\microsdhacel\soft micros\Codigo\Librerias\OOC\util\util_hcs12_cpp_Data\P&E_Multilink_CyclonePro\ObjectCode\DobleList.cpp.o)
__ct__9NodoDobleFRC9NodoDoble                                            F   (D:\versionR51\microsdhacel\soft micros\Codigo\Librerias\OOC\util\util_hcs12_cpp_Data\P&E_Multilink_CyclonePro\ObjectCode\NodoDoble.cpp.o)
__dl__FGPv                                                               I   (D:\versionR51\microsdhacel\soft micros\Codigo\Librerias\OOC\util\util_hcs12_cpp_Data\P&E_Multilink_CyclonePro\ObjectCode\Array.cpp.o)
__dl__FGPv                                                               I   (D:\versionR51\microsdhacel\soft micros\Codigo\Librerias\OOC\util\util_hcs12_cpp_Data\P&E_Multilink_CyclonePro\ObjectCode\DobleList.cpp.o)
__dl__FGPv                                                               I   (D:\versionR51\microsdhacel\soft micros\Codigo\Librerias\OOC\util\util_hcs12_cpp_Data\P&E_Multilink_CyclonePro\ObjectCode\LinkedList.cpp.o)
__dt__10LinkedListFv                                                     I   (D:\versionR51\microsdhacel\soft micros\Codigo\Librerias\OOC\util\util_hcs12_cpp_Data\P&E_Multilink_CyclonePro\ObjectCode\DobleList.cpp.o)
__dt__10LinkedListFv                                                     F   (D:\versionR51\microsdhacel\soft micros\Codigo\Librerias\OOC\util\util_hcs12_cpp_Data\P&E_Multilink_CyclonePro\ObjectCode\LinkedList.cpp.o)
__dt__9DobleListFv                                                       F   (D:\versionR51\microsdhacel\soft micros\Codigo\Librerias\OOC\util\util_hcs12_cpp_Data\P&E_Multilink_CyclonePro\ObjectCode\DobleList.cpp.o)
__nw__FGUi                                                               I   (D:\versionR51\microsdhacel\soft micros\Codigo\Librerias\OOC\util\util_hcs12_cpp_Data\P&E_Multilink_CyclonePro\ObjectCode\DobleList.cpp.o)
__nw__FGUi                                                               I   (D:\versionR51\microsdhacel\soft micros\Codigo\Librerias\OOC\util\util_hcs12_cpp_Data\P&E_Multilink_CyclonePro\ObjectCode\LinkedList.cpp.o)
add__10LinkedListFPv                                                     I   (D:\versionR51\microsdhacel\soft micros\Codigo\Librerias\OOC\util\util_hcs12_cpp_Data\P&E_Multilink_CyclonePro\ObjectCode\DobleList.cpp.o)
add__10LinkedListFPv                                                     F   (D:\versionR51\microsdhacel\soft micros\Codigo\Librerias\OOC\util\util_hcs12_cpp_Data\P&E_Multilink_CyclonePro\ObjectCode\LinkedList.cpp.o)
aniadir__10LinkedListFPv                                                 I   (D:\versionR51\microsdhacel\soft micros\Codigo\Librerias\OOC\util\util_hcs12_cpp_Data\P&E_Multilink_CyclonePro\ObjectCode\DobleList.cpp.o)
aniadir__10LinkedListFPv                                                 F   (D:\versionR51\microsdhacel\soft micros\Codigo\Librerias\OOC\util\util_hcs12_cpp_Data\P&E_Multilink_CyclonePro\ObjectCode\LinkedList.cpp.o)
calloc                                                                   I   (D:\versionR51\microsdhacel\soft micros\Codigo\Librerias\OOC\util\util_hcs12_cpp_Data\P&E_Multilink_CyclonePro\ObjectCode\Array.cpp.o)
cantidad__10LinkedListFv                                                 I   (D:\versionR51\microsdhacel\soft micros\Codigo\Librerias\OOC\util\util_hcs12_cpp_Data\P&E_Multilink_CyclonePro\ObjectCode\DobleList.cpp.o)
cantidad__10LinkedListFv                                                 F   (D:\versionR51\microsdhacel\soft micros\Codigo\Librerias\OOC\util\util_hcs12_cpp_Data\P&E_Multilink_CyclonePro\ObjectCode\LinkedList.cpp.o)
cantidad__9DobleListFv                                                   I   (D:\versionR51\microsdhacel\soft micros\Codigo\Librerias\OOC\util\util_hcs12_cpp_Data\P&E_Multilink_CyclonePro\ObjectCode\DobleList.cpp.o)
contains__10LinkedListFPv                                                I   (D:\versionR51\microsdhacel\soft micros\Codigo\Librerias\OOC\util\util_hcs12_cpp_Data\P&E_Multilink_CyclonePro\ObjectCode\DobleList.cpp.o)
contains__10LinkedListFPv                                                F   (D:\versionR51\microsdhacel\soft micros\Codigo\Librerias\OOC\util\util_hcs12_cpp_Data\P&E_Multilink_CyclonePro\ObjectCode\LinkedList.cpp.o)
deleteNodo__10LinkedListFP4NodoT1                                        I   (D:\versionR51\microsdhacel\soft micros\Codigo\Librerias\OOC\util\util_hcs12_cpp_Data\P&E_Multilink_CyclonePro\ObjectCode\DobleList.cpp.o)
deleteNodo__10LinkedListFP4NodoT1                                        F   (D:\versionR51\microsdhacel\soft micros\Codigo\Librerias\OOC\util\util_hcs12_cpp_Data\P&E_Multilink_CyclonePro\ObjectCode\LinkedList.cpp.o)
deleteNodo__9DobleListFP9NodoDoble                                       F   (D:\versionR51\microsdhacel\soft micros\Codigo\Librerias\OOC\util\util_hcs12_cpp_Data\P&E_Multilink_CyclonePro\ObjectCode\DobleList.cpp.o)
deleteReference__10LinkedListFPv                                         I   (D:\versionR51\microsdhacel\soft micros\Codigo\Librerias\OOC\util\util_hcs12_cpp_Data\P&E_Multilink_CyclonePro\ObjectCode\DobleList.cpp.o)
deleteReference__10LinkedListFPv                                         F   (D:\versionR51\microsdhacel\soft micros\Codigo\Librerias\OOC\util\util_hcs12_cpp_Data\P&E_Multilink_CyclonePro\ObjectCode\LinkedList.cpp.o)
differ__10LinkedListFP10LinkedList                                       I   (D:\versionR51\microsdhacel\soft micros\Codigo\Librerias\OOC\util\util_hcs12_cpp_Data\P&E_Multilink_CyclonePro\ObjectCode\DobleList.cpp.o)
differ__10LinkedListFP10LinkedList                                       F   (D:\versionR51\microsdhacel\soft micros\Codigo\Librerias\OOC\util\util_hcs12_cpp_Data\P&E_Multilink_CyclonePro\ObjectCode\LinkedList.cpp.o)
differ__4NodoFP4Nodo                                                     I   (D:\versionR51\microsdhacel\soft micros\Codigo\Librerias\OOC\util\util_hcs12_cpp_Data\P&E_Multilink_CyclonePro\ObjectCode\DobleList.cpp.o)
differ__4NodoFP4Nodo                                                     I   (D:\versionR51\microsdhacel\soft micros\Codigo\Librerias\OOC\util\util_hcs12_cpp_Data\P&E_Multilink_CyclonePro\ObjectCode\LinkedList.cpp.o)
differ__4NodoFP4Nodo                                                     I   (D:\versionR51\microsdhacel\soft micros\Codigo\Librerias\OOC\util\util_hcs12_cpp_Data\P&E_Multilink_CyclonePro\ObjectCode\NodoDoble.cpp.o)
differ__4NodoFP4Nodo                                                     F   (D:\versionR51\microsdhacel\soft micros\Codigo\Librerias\OOC\util\util_hcs12_cpp_Data\P&E_Multilink_CyclonePro\ObjectCode\nodo.cpp.o)
differ__9DobleListFP9DobleList                                           I   (D:\versionR51\microsdhacel\soft micros\Codigo\Librerias\OOC\util\util_hcs12_cpp_Data\P&E_Multilink_CyclonePro\ObjectCode\DobleList.cpp.o)
eliminarPrimero__10LinkedListFv                                          I   (D:\versionR51\microsdhacel\soft micros\Codigo\Librerias\OOC\util\util_hcs12_cpp_Data\P&E_Multilink_CyclonePro\ObjectCode\DobleList.cpp.o)
eliminarPrimero__10LinkedListFv                                          F   (D:\versionR51\microsdhacel\soft micros\Codigo\Librerias\OOC\util\util_hcs12_cpp_Data\P&E_Multilink_CyclonePro\ObjectCode\LinkedList.cpp.o)
equals__10ComparatorFPv                                                  I   (D:\versionR51\microsdhacel\soft micros\Codigo\Librerias\OOC\util\util_hcs12_cpp_Data\P&E_Multilink_CyclonePro\ObjectCode\Array.cpp.o)
free                                                                     I   (D:\versionR51\microsdhacel\soft micros\Codigo\Librerias\OOC\util\util_hcs12_cpp_Data\P&E_Multilink_CyclonePro\ObjectCode\Array.cpp.o)
getDato__9DobleListFUi                                                   F   (D:\versionR51\microsdhacel\soft micros\Codigo\Librerias\OOC\util\util_hcs12_cpp_Data\P&E_Multilink_CyclonePro\ObjectCode\DobleList.cpp.o)
getNodoDoble__9DobleListFv                                               I   (D:\versionR51\microsdhacel\soft micros\Codigo\Librerias\OOC\util\util_hcs12_cpp_Data\P&E_Multilink_CyclonePro\ObjectCode\DobleList.cpp.o)
getPrimerNodo__10LinkedListFv                                            I   (D:\versionR51\microsdhacel\soft micros\Codigo\Librerias\OOC\util\util_hcs12_cpp_Data\P&E_Multilink_CyclonePro\ObjectCode\DobleList.cpp.o)
getPrimerNodo__10LinkedListFv                                            F   (D:\versionR51\microsdhacel\soft micros\Codigo\Librerias\OOC\util\util_hcs12_cpp_Data\P&E_Multilink_CyclonePro\ObjectCode\LinkedList.cpp.o)
get__10LinkedListFUi                                                     I   (D:\versionR51\microsdhacel\soft micros\Codigo\Librerias\OOC\util\util_hcs12_cpp_Data\P&E_Multilink_CyclonePro\ObjectCode\DobleList.cpp.o)
get__10LinkedListFUi                                                     F   (D:\versionR51\microsdhacel\soft micros\Codigo\Librerias\OOC\util\util_hcs12_cpp_Data\P&E_Multilink_CyclonePro\ObjectCode\LinkedList.cpp.o)
hasNext__28LinkedListIteratorLinkedListFv                                I   (D:\versionR51\microsdhacel\soft micros\Codigo\Librerias\OOC\util\util_hcs12_cpp_Data\P&E_Multilink_CyclonePro\ObjectCode\DobleList.cpp.o)
hasNext__28LinkedListIteratorLinkedListFv                                F   (D:\versionR51\microsdhacel\soft micros\Codigo\Librerias\OOC\util\util_hcs12_cpp_Data\P&E_Multilink_CyclonePro\ObjectCode\LinkedList.cpp.o)
insertFirst__9DobleListFPv                                               F   (D:\versionR51\microsdhacel\soft micros\Codigo\Librerias\OOC\util\util_hcs12_cpp_Data\P&E_Multilink_CyclonePro\ObjectCode\DobleList.cpp.o)
iterator__10LinkedListFv                                                 I   (D:\versionR51\microsdhacel\soft micros\Codigo\Librerias\OOC\util\util_hcs12_cpp_Data\P&E_Multilink_CyclonePro\ObjectCode\DobleList.cpp.o)
iterator__10LinkedListFv                                                 F   (D:\versionR51\microsdhacel\soft micros\Codigo\Librerias\OOC\util\util_hcs12_cpp_Data\P&E_Multilink_CyclonePro\ObjectCode\LinkedList.cpp.o)
linkedListIterator__10LinkedListFP28LinkedListIteratorLinkedList         I   (D:\versionR51\microsdhacel\soft micros\Codigo\Librerias\OOC\util\util_hcs12_cpp_Data\P&E_Multilink_CyclonePro\ObjectCode\DobleList.cpp.o)
linkedListIterator__10LinkedListFP28LinkedListIteratorLinkedList         F   (D:\versionR51\microsdhacel\soft micros\Codigo\Librerias\OOC\util\util_hcs12_cpp_Data\P&E_Multilink_CyclonePro\ObjectCode\LinkedList.cpp.o)
next__28LinkedListIteratorLinkedListFv                                   I   (D:\versionR51\microsdhacel\soft micros\Codigo\Librerias\OOC\util\util_hcs12_cpp_Data\P&E_Multilink_CyclonePro\ObjectCode\DobleList.cpp.o)
next__28LinkedListIteratorLinkedListFv                                   F   (D:\versionR51\microsdhacel\soft micros\Codigo\Librerias\OOC\util\util_hcs12_cpp_Data\P&E_Multilink_CyclonePro\ObjectCode\LinkedList.cpp.o)
setDato__4NodoFPv                                                        I   (D:\versionR51\microsdhacel\soft micros\Codigo\Librerias\OOC\util\util_hcs12_cpp_Data\P&E_Multilink_CyclonePro\ObjectCode\DobleList.cpp.o)
setDato__4NodoFPv                                                        I   (D:\versionR51\microsdhacel\soft micros\Codigo\Librerias\OOC\util\util_hcs12_cpp_Data\P&E_Multilink_CyclonePro\ObjectCode\LinkedList.cpp.o)
setDato__4NodoFPv                                                        I   (D:\versionR51\microsdhacel\soft micros\Codigo\Librerias\OOC\util\util_hcs12_cpp_Data\P&E_Multilink_CyclonePro\ObjectCode\NodoDoble.cpp.o)
setDato__4NodoFPv                                                        F   (D:\versionR51\microsdhacel\soft micros\Codigo\Librerias\OOC\util\util_hcs12_cpp_Data\P&E_Multilink_CyclonePro\ObjectCode\nodo.cpp.o)
setNext__4NodoFP4Nodo                                                    I   (D:\versionR51\microsdhacel\soft micros\Codigo\Librerias\OOC\util\util_hcs12_cpp_Data\P&E_Multilink_CyclonePro\ObjectCode\DobleList.cpp.o)
setNext__4NodoFP4Nodo                                                    I   (D:\versionR51\microsdhacel\soft micros\Codigo\Librerias\OOC\util\util_hcs12_cpp_Data\P&E_Multilink_CyclonePro\ObjectCode\LinkedList.cpp.o)
setNext__4NodoFP4Nodo                                                    I   (D:\versionR51\microsdhacel\soft micros\Codigo\Librerias\OOC\util\util_hcs12_cpp_Data\P&E_Multilink_CyclonePro\ObjectCode\NodoDoble.cpp.o)
setNext__4NodoFP4Nodo                                                    F   (D:\versionR51\microsdhacel\soft micros\Codigo\Librerias\OOC\util\util_hcs12_cpp_Data\P&E_Multilink_CyclonePro\ObjectCode\nodo.cpp.o)
setPrev__9NodoDobleFP9NodoDoble                                          I   (D:\versionR51\microsdhacel\soft micros\Codigo\Librerias\OOC\util\util_hcs12_cpp_Data\P&E_Multilink_CyclonePro\ObjectCode\DobleList.cpp.o)
setPrev__9NodoDobleFP9NodoDoble                                          F   (D:\versionR51\microsdhacel\soft micros\Codigo\Librerias\OOC\util\util_hcs12_cpp_Data\P&E_Multilink_CyclonePro\ObjectCode\NodoDoble.cpp.o)
setPrimerNodo__10LinkedListFP4Nodo                                       I   (D:\versionR51\microsdhacel\soft micros\Codigo\Librerias\OOC\util\util_hcs12_cpp_Data\P&E_Multilink_CyclonePro\ObjectCode\DobleList.cpp.o)
setPrimerNodo__10LinkedListFP4Nodo                                       F   (D:\versionR51\microsdhacel\soft micros\Codigo\Librerias\OOC\util\util_hcs12_cpp_Data\P&E_Multilink_CyclonePro\ObjectCode\LinkedList.cpp.o)
vacia__10LinkedListFv                                                    I   (D:\versionR51\microsdhacel\soft micros\Codigo\Librerias\OOC\util\util_hcs12_cpp_Data\P&E_Multilink_CyclonePro\ObjectCode\DobleList.cpp.o)
vacia__10LinkedListFv                                                    F   (D:\versionR51\microsdhacel\soft micros\Codigo\Librerias\OOC\util\util_hcs12_cpp_Data\P&E_Multilink_CyclonePro\ObjectCode\LinkedList.cpp.o)
vaciar__10LinkedListFv                                                   I   (D:\versionR51\microsdhacel\soft micros\Codigo\Librerias\OOC\util\util_hcs12_cpp_Data\P&E_Multilink_CyclonePro\ObjectCode\DobleList.cpp.o)
vaciar__10LinkedListFv                                                   F   (D:\versionR51\microsdhacel\soft micros\Codigo\Librerias\OOC\util\util_hcs12_cpp_Data\P&E_Multilink_CyclonePro\ObjectCode\LinkedList.cpp.o)
