Units and locations in library 'D:\PRINTER\Librerias\OOC\util\lib_cpp\util_hcs12_cpp.lib'
Unit name                                                                                                   size     from       to
D:\PRINTER\Librerias\OOC\ooc\ooc_hcs12_comp_cpp_Data\C_Ms_no_float\ObjectCode\Object.c.o                   23633   106841   130474
D:\PRINTER\Librerias\OOC\ooc\ooc_hcs12_comp_cpp_Data\C_Ms_no_float\ObjectCode\OutputStream.c.o             13137   130474   143611
D:\PRINTER\Librerias\OOC\util\util_hcs12_cpp_Data\P&E_Multilink_CyclonePro\ObjectCode\Array.cpp.o          13483   143611   157094
D:\PRINTER\Librerias\OOC\util\util_hcs12_cpp_Data\P&E_Multilink_CyclonePro\ObjectCode\Collection.cpp.o      8089    88119    96208
D:\PRINTER\Librerias\OOC\util\util_hcs12_cpp_Data\P&E_Multilink_CyclonePro\ObjectCode\Comparator.cpp.o      5961      116     6077
D:\PRINTER\Librerias\OOC\util\util_hcs12_cpp_Data\P&E_Multilink_CyclonePro\ObjectCode\DobleList.cpp.o      30546     6077    36623
D:\PRINTER\Librerias\OOC\util\util_hcs12_cpp_Data\P&E_Multilink_CyclonePro\ObjectCode\LinkedList.cpp.o     33111    36623    69734
D:\PRINTER\Librerias\OOC\util\util_hcs12_cpp_Data\P&E_Multilink_CyclonePro\ObjectCode\List.cpp.o           10633    96208   106841
D:\PRINTER\Librerias\OOC\util\util_hcs12_cpp_Data\P&E_Multilink_CyclonePro\ObjectCode\NodoDoble.cpp.o      10206    77913    88119
D:\PRINTER\Librerias\OOC\util\util_hcs12_cpp_Data\P&E_Multilink_CyclonePro\ObjectCode\nodo.cpp.o            8179    69734    77913

EXPORTED OBJECTS
Class                                                                    O   (D:\PRINTER\Librerias\OOC\ooc\ooc_hcs12_comp_cpp_Data\C_Ms_no_float\ObjectCode\Object.c.o)
Class                                                                    I   (D:\PRINTER\Librerias\OOC\ooc\ooc_hcs12_comp_cpp_Data\C_Ms_no_float\ObjectCode\OutputStream.c.o)
Object                                                                   O   (D:\PRINTER\Librerias\OOC\ooc\ooc_hcs12_comp_cpp_Data\C_Ms_no_float\ObjectCode\Object.c.o)
Object                                                                   I   (D:\PRINTER\Librerias\OOC\ooc\ooc_hcs12_comp_cpp_Data\C_Ms_no_float\ObjectCode\OutputStream.c.o)
Object_ctor__FPvPPSc                                                     F   (D:\PRINTER\Librerias\OOC\ooc\ooc_hcs12_comp_cpp_Data\C_Ms_no_float\ObjectCode\Object.c.o)
Object_ctor__FPvPPSc                                                     I   (D:\PRINTER\Librerias\OOC\ooc\ooc_hcs12_comp_cpp_Data\C_Ms_no_float\ObjectCode\OutputStream.c.o)
Object_differ__FPCvT0                                                    F   (D:\PRINTER\Librerias\OOC\ooc\ooc_hcs12_comp_cpp_Data\C_Ms_no_float\ObjectCode\Object.c.o)
Object_differ__FPCvT0                                                    I   (D:\PRINTER\Librerias\OOC\ooc\ooc_hcs12_comp_cpp_Data\C_Ms_no_float\ObjectCode\OutputStream.c.o)
Object_dtor__FPv                                                         F   (D:\PRINTER\Librerias\OOC\ooc\ooc_hcs12_comp_cpp_Data\C_Ms_no_float\ObjectCode\Object.c.o)
Object_dtor__FPv                                                         I   (D:\PRINTER\Librerias\OOC\ooc\ooc_hcs12_comp_cpp_Data\C_Ms_no_float\ObjectCode\OutputStream.c.o)
Object_puto__FPCvP12OutputStream                                         F   (D:\PRINTER\Librerias\OOC\ooc\ooc_hcs12_comp_cpp_Data\C_Ms_no_float\ObjectCode\Object.c.o)
Object_puto__FPCvP12OutputStream                                         I   (D:\PRINTER\Librerias\OOC\ooc\ooc_hcs12_comp_cpp_Data\C_Ms_no_float\ObjectCode\OutputStream.c.o)
OutputStream                                                             O   (D:\PRINTER\Librerias\OOC\ooc\ooc_hcs12_comp_cpp_Data\C_Ms_no_float\ObjectCode\OutputStream.c.o)
OutputStreamClass                                                        O   (D:\PRINTER\Librerias\OOC\ooc\ooc_hcs12_comp_cpp_Data\C_Ms_no_float\ObjectCode\OutputStream.c.o)
OutputStream_close__FPv                                                  F   (D:\PRINTER\Librerias\OOC\ooc\ooc_hcs12_comp_cpp_Data\C_Ms_no_float\ObjectCode\OutputStream.c.o)
OutputStream_flush__FPv                                                  F   (D:\PRINTER\Librerias\OOC\ooc\ooc_hcs12_comp_cpp_Data\C_Ms_no_float\ObjectCode\OutputStream.c.o)
OutputStream_writeByte__FPvUc                                            F   (D:\PRINTER\Librerias\OOC\ooc\ooc_hcs12_comp_cpp_Data\C_Ms_no_float\ObjectCode\OutputStream.c.o)
OutputStream_write__FPvPCSc                                              F   (D:\PRINTER\Librerias\OOC\ooc\ooc_hcs12_comp_cpp_Data\C_Ms_no_float\ObjectCode\OutputStream.c.o)
_LOAD_FAR_16                                                             I   (D:\PRINTER\Librerias\OOC\util\util_hcs12_cpp_Data\P&E_Multilink_CyclonePro\ObjectCode\Array.cpp.o)
_LOAD_FAR_16                                                             I   (D:\PRINTER\Librerias\OOC\util\util_hcs12_cpp_Data\P&E_Multilink_CyclonePro\ObjectCode\LinkedList.cpp.o)
____vtbl__Collection                                                     O   (D:\PRINTER\Librerias\OOC\util\util_hcs12_cpp_Data\P&E_Multilink_CyclonePro\ObjectCode\Collection.cpp.o)
____vtbl__Collection                                                     O   (D:\PRINTER\Librerias\OOC\util\util_hcs12_cpp_Data\P&E_Multilink_CyclonePro\ObjectCode\DobleList.cpp.o)
____vtbl__Collection                                                     O   (D:\PRINTER\Librerias\OOC\util\util_hcs12_cpp_Data\P&E_Multilink_CyclonePro\ObjectCode\LinkedList.cpp.o)
____vtbl__Collection                                                     O   (D:\PRINTER\Librerias\OOC\util\util_hcs12_cpp_Data\P&E_Multilink_CyclonePro\ObjectCode\List.cpp.o)
____vtbl__Comparator                                                     O   (D:\PRINTER\Librerias\OOC\util\util_hcs12_cpp_Data\P&E_Multilink_CyclonePro\ObjectCode\Array.cpp.o)
____vtbl__Comparator                                                     O   (D:\PRINTER\Librerias\OOC\util\util_hcs12_cpp_Data\P&E_Multilink_CyclonePro\ObjectCode\Comparator.cpp.o)
____vtbl__DobleListLinkedListListCollection                              O   (D:\PRINTER\Librerias\OOC\util\util_hcs12_cpp_Data\P&E_Multilink_CyclonePro\ObjectCode\DobleList.cpp.o)
____vtbl__Iterator                                                       O   (D:\PRINTER\Librerias\OOC\util\util_hcs12_cpp_Data\P&E_Multilink_CyclonePro\ObjectCode\Collection.cpp.o)
____vtbl__Iterator                                                       O   (D:\PRINTER\Librerias\OOC\util\util_hcs12_cpp_Data\P&E_Multilink_CyclonePro\ObjectCode\DobleList.cpp.o)
____vtbl__Iterator                                                       O   (D:\PRINTER\Librerias\OOC\util\util_hcs12_cpp_Data\P&E_Multilink_CyclonePro\ObjectCode\LinkedList.cpp.o)
____vtbl__Iterator                                                       O   (D:\PRINTER\Librerias\OOC\util\util_hcs12_cpp_Data\P&E_Multilink_CyclonePro\ObjectCode\List.cpp.o)
____vtbl__LinkedListIteratorIterator                                     O   (D:\PRINTER\Librerias\OOC\util\util_hcs12_cpp_Data\P&E_Multilink_CyclonePro\ObjectCode\DobleList.cpp.o)
____vtbl__LinkedListIteratorIterator                                     O   (D:\PRINTER\Librerias\OOC\util\util_hcs12_cpp_Data\P&E_Multilink_CyclonePro\ObjectCode\LinkedList.cpp.o)
____vtbl__LinkedListListCollection                                       O   (D:\PRINTER\Librerias\OOC\util\util_hcs12_cpp_Data\P&E_Multilink_CyclonePro\ObjectCode\DobleList.cpp.o)
____vtbl__LinkedListListCollection                                       O   (D:\PRINTER\Librerias\OOC\util\util_hcs12_cpp_Data\P&E_Multilink_CyclonePro\ObjectCode\LinkedList.cpp.o)
____vtbl__ListCollection                                                 O   (D:\PRINTER\Librerias\OOC\util\util_hcs12_cpp_Data\P&E_Multilink_CyclonePro\ObjectCode\DobleList.cpp.o)
____vtbl__ListCollection                                                 O   (D:\PRINTER\Librerias\OOC\util\util_hcs12_cpp_Data\P&E_Multilink_CyclonePro\ObjectCode\LinkedList.cpp.o)
____vtbl__ListCollection                                                 O   (D:\PRINTER\Librerias\OOC\util\util_hcs12_cpp_Data\P&E_Multilink_CyclonePro\ObjectCode\List.cpp.o)
__as__10CollectionFRC10Collection                                        F   (D:\PRINTER\Librerias\OOC\util\util_hcs12_cpp_Data\P&E_Multilink_CyclonePro\ObjectCode\Collection.cpp.o)
__as__10CollectionFRC10Collection                                        F   (D:\PRINTER\Librerias\OOC\util\util_hcs12_cpp_Data\P&E_Multilink_CyclonePro\ObjectCode\DobleList.cpp.o)
__as__10CollectionFRC10Collection                                        F   (D:\PRINTER\Librerias\OOC\util\util_hcs12_cpp_Data\P&E_Multilink_CyclonePro\ObjectCode\LinkedList.cpp.o)
__as__10CollectionFRC10Collection                                        F   (D:\PRINTER\Librerias\OOC\util\util_hcs12_cpp_Data\P&E_Multilink_CyclonePro\ObjectCode\List.cpp.o)
__as__10ComparatorFRC10Comparator                                        F   (D:\PRINTER\Librerias\OOC\util\util_hcs12_cpp_Data\P&E_Multilink_CyclonePro\ObjectCode\Array.cpp.o)
__as__10ComparatorFRC10Comparator                                        F   (D:\PRINTER\Librerias\OOC\util\util_hcs12_cpp_Data\P&E_Multilink_CyclonePro\ObjectCode\Comparator.cpp.o)
__as__10LinkedListFRC10LinkedList                                        F   (D:\PRINTER\Librerias\OOC\util\util_hcs12_cpp_Data\P&E_Multilink_CyclonePro\ObjectCode\DobleList.cpp.o)
__as__10LinkedListFRC10LinkedList                                        F   (D:\PRINTER\Librerias\OOC\util\util_hcs12_cpp_Data\P&E_Multilink_CyclonePro\ObjectCode\LinkedList.cpp.o)
__as__28LinkedListIteratorLinkedListFRC28LinkedListIteratorLinkedList    F   (D:\PRINTER\Librerias\OOC\util\util_hcs12_cpp_Data\P&E_Multilink_CyclonePro\ObjectCode\DobleList.cpp.o)
__as__28LinkedListIteratorLinkedListFRC28LinkedListIteratorLinkedList    F   (D:\PRINTER\Librerias\OOC\util\util_hcs12_cpp_Data\P&E_Multilink_CyclonePro\ObjectCode\LinkedList.cpp.o)
__as__4ListFRC4List                                                      F   (D:\PRINTER\Librerias\OOC\util\util_hcs12_cpp_Data\P&E_Multilink_CyclonePro\ObjectCode\DobleList.cpp.o)
__as__4ListFRC4List                                                      F   (D:\PRINTER\Librerias\OOC\util\util_hcs12_cpp_Data\P&E_Multilink_CyclonePro\ObjectCode\LinkedList.cpp.o)
__as__4ListFRC4List                                                      F   (D:\PRINTER\Librerias\OOC\util\util_hcs12_cpp_Data\P&E_Multilink_CyclonePro\ObjectCode\List.cpp.o)
__as__4NodoFRC4Nodo                                                      F   (D:\PRINTER\Librerias\OOC\util\util_hcs12_cpp_Data\P&E_Multilink_CyclonePro\ObjectCode\DobleList.cpp.o)
__as__4NodoFRC4Nodo                                                      F   (D:\PRINTER\Librerias\OOC\util\util_hcs12_cpp_Data\P&E_Multilink_CyclonePro\ObjectCode\LinkedList.cpp.o)
__as__4NodoFRC4Nodo                                                      F   (D:\PRINTER\Librerias\OOC\util\util_hcs12_cpp_Data\P&E_Multilink_CyclonePro\ObjectCode\NodoDoble.cpp.o)
__as__4NodoFRC4Nodo                                                      F   (D:\PRINTER\Librerias\OOC\util\util_hcs12_cpp_Data\P&E_Multilink_CyclonePro\ObjectCode\nodo.cpp.o)
__as__5ArrayFRC5Array                                                    F   (D:\PRINTER\Librerias\OOC\util\util_hcs12_cpp_Data\P&E_Multilink_CyclonePro\ObjectCode\Array.cpp.o)
__as__8IteratorFRC8Iterator                                              F   (D:\PRINTER\Librerias\OOC\util\util_hcs12_cpp_Data\P&E_Multilink_CyclonePro\ObjectCode\Collection.cpp.o)
__as__8IteratorFRC8Iterator                                              F   (D:\PRINTER\Librerias\OOC\util\util_hcs12_cpp_Data\P&E_Multilink_CyclonePro\ObjectCode\DobleList.cpp.o)
__as__8IteratorFRC8Iterator                                              F   (D:\PRINTER\Librerias\OOC\util\util_hcs12_cpp_Data\P&E_Multilink_CyclonePro\ObjectCode\LinkedList.cpp.o)
__as__8IteratorFRC8Iterator                                              F   (D:\PRINTER\Librerias\OOC\util\util_hcs12_cpp_Data\P&E_Multilink_CyclonePro\ObjectCode\List.cpp.o)
__as__9DobleListFRC9DobleList                                            F   (D:\PRINTER\Librerias\OOC\util\util_hcs12_cpp_Data\P&E_Multilink_CyclonePro\ObjectCode\DobleList.cpp.o)
__as__9NodoDobleFRC9NodoDoble                                            F   (D:\PRINTER\Librerias\OOC\util\util_hcs12_cpp_Data\P&E_Multilink_CyclonePro\ObjectCode\DobleList.cpp.o)
__as__9NodoDobleFRC9NodoDoble                                            F   (D:\PRINTER\Librerias\OOC\util\util_hcs12_cpp_Data\P&E_Multilink_CyclonePro\ObjectCode\NodoDoble.cpp.o)
__ct__10CollectionFRC10Collection                                        F   (D:\PRINTER\Librerias\OOC\util\util_hcs12_cpp_Data\P&E_Multilink_CyclonePro\ObjectCode\Collection.cpp.o)
__ct__10CollectionFRC10Collection                                        F   (D:\PRINTER\Librerias\OOC\util\util_hcs12_cpp_Data\P&E_Multilink_CyclonePro\ObjectCode\DobleList.cpp.o)
__ct__10CollectionFRC10Collection                                        F   (D:\PRINTER\Librerias\OOC\util\util_hcs12_cpp_Data\P&E_Multilink_CyclonePro\ObjectCode\LinkedList.cpp.o)
__ct__10CollectionFRC10Collection                                        F   (D:\PRINTER\Librerias\OOC\util\util_hcs12_cpp_Data\P&E_Multilink_CyclonePro\ObjectCode\List.cpp.o)
__ct__10CollectionFv                                                     F   (D:\PRINTER\Librerias\OOC\util\util_hcs12_cpp_Data\P&E_Multilink_CyclonePro\ObjectCode\Collection.cpp.o)
__ct__10CollectionFv                                                     F   (D:\PRINTER\Librerias\OOC\util\util_hcs12_cpp_Data\P&E_Multilink_CyclonePro\ObjectCode\DobleList.cpp.o)
__ct__10CollectionFv                                                     F   (D:\PRINTER\Librerias\OOC\util\util_hcs12_cpp_Data\P&E_Multilink_CyclonePro\ObjectCode\LinkedList.cpp.o)
__ct__10CollectionFv                                                     F   (D:\PRINTER\Librerias\OOC\util\util_hcs12_cpp_Data\P&E_Multilink_CyclonePro\ObjectCode\List.cpp.o)
__ct__10ComparatorFRC10Comparator                                        F   (D:\PRINTER\Librerias\OOC\util\util_hcs12_cpp_Data\P&E_Multilink_CyclonePro\ObjectCode\Array.cpp.o)
__ct__10ComparatorFRC10Comparator                                        F   (D:\PRINTER\Librerias\OOC\util\util_hcs12_cpp_Data\P&E_Multilink_CyclonePro\ObjectCode\Comparator.cpp.o)
__ct__10ComparatorFv                                                     F   (D:\PRINTER\Librerias\OOC\util\util_hcs12_cpp_Data\P&E_Multilink_CyclonePro\ObjectCode\Array.cpp.o)
__ct__10ComparatorFv                                                     F   (D:\PRINTER\Librerias\OOC\util\util_hcs12_cpp_Data\P&E_Multilink_CyclonePro\ObjectCode\Comparator.cpp.o)
__ct__10LinkedListFRC10LinkedList                                        F   (D:\PRINTER\Librerias\OOC\util\util_hcs12_cpp_Data\P&E_Multilink_CyclonePro\ObjectCode\DobleList.cpp.o)
__ct__10LinkedListFRC10LinkedList                                        F   (D:\PRINTER\Librerias\OOC\util\util_hcs12_cpp_Data\P&E_Multilink_CyclonePro\ObjectCode\LinkedList.cpp.o)
__ct__10LinkedListFv                                                     I   (D:\PRINTER\Librerias\OOC\util\util_hcs12_cpp_Data\P&E_Multilink_CyclonePro\ObjectCode\DobleList.cpp.o)
__ct__10LinkedListFv                                                     F   (D:\PRINTER\Librerias\OOC\util\util_hcs12_cpp_Data\P&E_Multilink_CyclonePro\ObjectCode\LinkedList.cpp.o)
__ct__28LinkedListIteratorLinkedListFP10LinkedList                       I   (D:\PRINTER\Librerias\OOC\util\util_hcs12_cpp_Data\P&E_Multilink_CyclonePro\ObjectCode\DobleList.cpp.o)
__ct__28LinkedListIteratorLinkedListFP10LinkedList                       F   (D:\PRINTER\Librerias\OOC\util\util_hcs12_cpp_Data\P&E_Multilink_CyclonePro\ObjectCode\LinkedList.cpp.o)
__ct__28LinkedListIteratorLinkedListFRC28LinkedListIteratorLinkedList    F   (D:\PRINTER\Librerias\OOC\util\util_hcs12_cpp_Data\P&E_Multilink_CyclonePro\ObjectCode\DobleList.cpp.o)
__ct__28LinkedListIteratorLinkedListFRC28LinkedListIteratorLinkedList    F   (D:\PRINTER\Librerias\OOC\util\util_hcs12_cpp_Data\P&E_Multilink_CyclonePro\ObjectCode\LinkedList.cpp.o)
__ct__28LinkedListIteratorLinkedListFv                                   I   (D:\PRINTER\Librerias\OOC\util\util_hcs12_cpp_Data\P&E_Multilink_CyclonePro\ObjectCode\DobleList.cpp.o)
__ct__28LinkedListIteratorLinkedListFv                                   F   (D:\PRINTER\Librerias\OOC\util\util_hcs12_cpp_Data\P&E_Multilink_CyclonePro\ObjectCode\LinkedList.cpp.o)
__ct__4ListFRC4List                                                      F   (D:\PRINTER\Librerias\OOC\util\util_hcs12_cpp_Data\P&E_Multilink_CyclonePro\ObjectCode\DobleList.cpp.o)
__ct__4ListFRC4List                                                      F   (D:\PRINTER\Librerias\OOC\util\util_hcs12_cpp_Data\P&E_Multilink_CyclonePro\ObjectCode\LinkedList.cpp.o)
__ct__4ListFRC4List                                                      F   (D:\PRINTER\Librerias\OOC\util\util_hcs12_cpp_Data\P&E_Multilink_CyclonePro\ObjectCode\List.cpp.o)
__ct__4ListFv                                                            F   (D:\PRINTER\Librerias\OOC\util\util_hcs12_cpp_Data\P&E_Multilink_CyclonePro\ObjectCode\DobleList.cpp.o)
__ct__4ListFv                                                            F   (D:\PRINTER\Librerias\OOC\util\util_hcs12_cpp_Data\P&E_Multilink_CyclonePro\ObjectCode\LinkedList.cpp.o)
__ct__4ListFv                                                            F   (D:\PRINTER\Librerias\OOC\util\util_hcs12_cpp_Data\P&E_Multilink_CyclonePro\ObjectCode\List.cpp.o)
__ct__4NodoFPvP4Nodo                                                     I   (D:\PRINTER\Librerias\OOC\util\util_hcs12_cpp_Data\P&E_Multilink_CyclonePro\ObjectCode\DobleList.cpp.o)
__ct__4NodoFPvP4Nodo                                                     I   (D:\PRINTER\Librerias\OOC\util\util_hcs12_cpp_Data\P&E_Multilink_CyclonePro\ObjectCode\LinkedList.cpp.o)
__ct__4NodoFPvP4Nodo                                                     I   (D:\PRINTER\Librerias\OOC\util\util_hcs12_cpp_Data\P&E_Multilink_CyclonePro\ObjectCode\NodoDoble.cpp.o)
__ct__4NodoFPvP4Nodo                                                     F   (D:\PRINTER\Librerias\OOC\util\util_hcs12_cpp_Data\P&E_Multilink_CyclonePro\ObjectCode\nodo.cpp.o)
__ct__4NodoFRC4Nodo                                                      F   (D:\PRINTER\Librerias\OOC\util\util_hcs12_cpp_Data\P&E_Multilink_CyclonePro\ObjectCode\DobleList.cpp.o)
__ct__4NodoFRC4Nodo                                                      F   (D:\PRINTER\Librerias\OOC\util\util_hcs12_cpp_Data\P&E_Multilink_CyclonePro\ObjectCode\LinkedList.cpp.o)
__ct__4NodoFRC4Nodo                                                      F   (D:\PRINTER\Librerias\OOC\util\util_hcs12_cpp_Data\P&E_Multilink_CyclonePro\ObjectCode\NodoDoble.cpp.o)
__ct__4NodoFRC4Nodo                                                      F   (D:\PRINTER\Librerias\OOC\util\util_hcs12_cpp_Data\P&E_Multilink_CyclonePro\ObjectCode\nodo.cpp.o)
__ct__5ArrayFPPSc                                                        F   (D:\PRINTER\Librerias\OOC\util\util_hcs12_cpp_Data\P&E_Multilink_CyclonePro\ObjectCode\Array.cpp.o)
__ct__5ArrayFRC5Array                                                    F   (D:\PRINTER\Librerias\OOC\util\util_hcs12_cpp_Data\P&E_Multilink_CyclonePro\ObjectCode\Array.cpp.o)
__ct__8IteratorFRC8Iterator                                              F   (D:\PRINTER\Librerias\OOC\util\util_hcs12_cpp_Data\P&E_Multilink_CyclonePro\ObjectCode\Collection.cpp.o)
__ct__8IteratorFRC8Iterator                                              F   (D:\PRINTER\Librerias\OOC\util\util_hcs12_cpp_Data\P&E_Multilink_CyclonePro\ObjectCode\DobleList.cpp.o)
__ct__8IteratorFRC8Iterator                                              F   (D:\PRINTER\Librerias\OOC\util\util_hcs12_cpp_Data\P&E_Multilink_CyclonePro\ObjectCode\LinkedList.cpp.o)
__ct__8IteratorFRC8Iterator                                              F   (D:\PRINTER\Librerias\OOC\util\util_hcs12_cpp_Data\P&E_Multilink_CyclonePro\ObjectCode\List.cpp.o)
__ct__8IteratorFv                                                        F   (D:\PRINTER\Librerias\OOC\util\util_hcs12_cpp_Data\P&E_Multilink_CyclonePro\ObjectCode\Collection.cpp.o)
__ct__8IteratorFv                                                        F   (D:\PRINTER\Librerias\OOC\util\util_hcs12_cpp_Data\P&E_Multilink_CyclonePro\ObjectCode\DobleList.cpp.o)
__ct__8IteratorFv                                                        F   (D:\PRINTER\Librerias\OOC\util\util_hcs12_cpp_Data\P&E_Multilink_CyclonePro\ObjectCode\LinkedList.cpp.o)
__ct__8IteratorFv                                                        F   (D:\PRINTER\Librerias\OOC\util\util_hcs12_cpp_Data\P&E_Multilink_CyclonePro\ObjectCode\List.cpp.o)
__ct__9DobleListFRC9DobleList                                            F   (D:\PRINTER\Librerias\OOC\util\util_hcs12_cpp_Data\P&E_Multilink_CyclonePro\ObjectCode\DobleList.cpp.o)
__ct__9DobleListFv                                                       F   (D:\PRINTER\Librerias\OOC\util\util_hcs12_cpp_Data\P&E_Multilink_CyclonePro\ObjectCode\DobleList.cpp.o)
__ct__9NodoDobleFPvP9NodoDobleT2                                         I   (D:\PRINTER\Librerias\OOC\util\util_hcs12_cpp_Data\P&E_Multilink_CyclonePro\ObjectCode\DobleList.cpp.o)
__ct__9NodoDobleFPvP9NodoDobleT2                                         F   (D:\PRINTER\Librerias\OOC\util\util_hcs12_cpp_Data\P&E_Multilink_CyclonePro\ObjectCode\NodoDoble.cpp.o)
__ct__9NodoDobleFRC9NodoDoble                                            F   (D:\PRINTER\Librerias\OOC\util\util_hcs12_cpp_Data\P&E_Multilink_CyclonePro\ObjectCode\DobleList.cpp.o)
__ct__9NodoDobleFRC9NodoDoble                                            F   (D:\PRINTER\Librerias\OOC\util\util_hcs12_cpp_Data\P&E_Multilink_CyclonePro\ObjectCode\NodoDoble.cpp.o)
__dl__FGPv                                                               I   (D:\PRINTER\Librerias\OOC\util\util_hcs12_cpp_Data\P&E_Multilink_CyclonePro\ObjectCode\Array.cpp.o)
__dl__FGPv                                                               I   (D:\PRINTER\Librerias\OOC\util\util_hcs12_cpp_Data\P&E_Multilink_CyclonePro\ObjectCode\DobleList.cpp.o)
__dl__FGPv                                                               I   (D:\PRINTER\Librerias\OOC\util\util_hcs12_cpp_Data\P&E_Multilink_CyclonePro\ObjectCode\LinkedList.cpp.o)
__dt__10LinkedListFv                                                     I   (D:\PRINTER\Librerias\OOC\util\util_hcs12_cpp_Data\P&E_Multilink_CyclonePro\ObjectCode\DobleList.cpp.o)
__dt__10LinkedListFv                                                     F   (D:\PRINTER\Librerias\OOC\util\util_hcs12_cpp_Data\P&E_Multilink_CyclonePro\ObjectCode\LinkedList.cpp.o)
__dt__5ArrayFv                                                           F   (D:\PRINTER\Librerias\OOC\util\util_hcs12_cpp_Data\P&E_Multilink_CyclonePro\ObjectCode\Array.cpp.o)
__dt__9DobleListFv                                                       F   (D:\PRINTER\Librerias\OOC\util\util_hcs12_cpp_Data\P&E_Multilink_CyclonePro\ObjectCode\DobleList.cpp.o)
__nw__FGUi                                                               I   (D:\PRINTER\Librerias\OOC\util\util_hcs12_cpp_Data\P&E_Multilink_CyclonePro\ObjectCode\DobleList.cpp.o)
__nw__FGUi                                                               I   (D:\PRINTER\Librerias\OOC\util\util_hcs12_cpp_Data\P&E_Multilink_CyclonePro\ObjectCode\LinkedList.cpp.o)
_assert                                                                  I   (D:\PRINTER\Librerias\OOC\ooc\ooc_hcs12_comp_cpp_Data\C_Ms_no_float\ObjectCode\Object.c.o)
_assert                                                                  I   (D:\PRINTER\Librerias\OOC\ooc\ooc_hcs12_comp_cpp_Data\C_Ms_no_float\ObjectCode\OutputStream.c.o)
_delete__FPv                                                             F   (D:\PRINTER\Librerias\OOC\ooc\ooc_hcs12_comp_cpp_Data\C_Ms_no_float\ObjectCode\Object.c.o)
_new__FPCve                                                              F   (D:\PRINTER\Librerias\OOC\ooc\ooc_hcs12_comp_cpp_Data\C_Ms_no_float\ObjectCode\Object.c.o)
add__10LinkedListFPv                                                     I   (D:\PRINTER\Librerias\OOC\util\util_hcs12_cpp_Data\P&E_Multilink_CyclonePro\ObjectCode\DobleList.cpp.o)
add__10LinkedListFPv                                                     F   (D:\PRINTER\Librerias\OOC\util\util_hcs12_cpp_Data\P&E_Multilink_CyclonePro\ObjectCode\LinkedList.cpp.o)
aniadir__10LinkedListFPv                                                 I   (D:\PRINTER\Librerias\OOC\util\util_hcs12_cpp_Data\P&E_Multilink_CyclonePro\ObjectCode\DobleList.cpp.o)
aniadir__10LinkedListFPv                                                 F   (D:\PRINTER\Librerias\OOC\util\util_hcs12_cpp_Data\P&E_Multilink_CyclonePro\ObjectCode\LinkedList.cpp.o)
calloc                                                                   I   (D:\PRINTER\Librerias\OOC\util\util_hcs12_cpp_Data\P&E_Multilink_CyclonePro\ObjectCode\Array.cpp.o)
cantidad__9DobleListFv                                                   I   (D:\PRINTER\Librerias\OOC\util\util_hcs12_cpp_Data\P&E_Multilink_CyclonePro\ObjectCode\DobleList.cpp.o)
channels                                                                 I   (D:\PRINTER\Librerias\OOC\ooc\ooc_hcs12_comp_cpp_Data\C_Ms_no_float\ObjectCode\Object.c.o)
classOf__FPCv                                                            F   (D:\PRINTER\Librerias\OOC\ooc\ooc_hcs12_comp_cpp_Data\C_Ms_no_float\ObjectCode\Object.c.o)
classOf__FPCv                                                            I   (D:\PRINTER\Librerias\OOC\ooc\ooc_hcs12_comp_cpp_Data\C_Ms_no_float\ObjectCode\OutputStream.c.o)
clear__10LinkedListFv                                                    I   (D:\PRINTER\Librerias\OOC\util\util_hcs12_cpp_Data\P&E_Multilink_CyclonePro\ObjectCode\DobleList.cpp.o)
clear__10LinkedListFv                                                    F   (D:\PRINTER\Librerias\OOC\util\util_hcs12_cpp_Data\P&E_Multilink_CyclonePro\ObjectCode\LinkedList.cpp.o)
close__FPv                                                               F   (D:\PRINTER\Librerias\OOC\ooc\ooc_hcs12_comp_cpp_Data\C_Ms_no_float\ObjectCode\OutputStream.c.o)
contains__10LinkedListFPv                                                I   (D:\PRINTER\Librerias\OOC\util\util_hcs12_cpp_Data\P&E_Multilink_CyclonePro\ObjectCode\DobleList.cpp.o)
contains__10LinkedListFPv                                                F   (D:\PRINTER\Librerias\OOC\util\util_hcs12_cpp_Data\P&E_Multilink_CyclonePro\ObjectCode\LinkedList.cpp.o)
count__5ArrayFv                                                          F   (D:\PRINTER\Librerias\OOC\util\util_hcs12_cpp_Data\P&E_Multilink_CyclonePro\ObjectCode\Array.cpp.o)
ctor__FPvPPSc                                                            F   (D:\PRINTER\Librerias\OOC\ooc\ooc_hcs12_comp_cpp_Data\C_Ms_no_float\ObjectCode\Object.c.o)
deleteAlloced__FPv                                                       F   (D:\PRINTER\Librerias\OOC\ooc\ooc_hcs12_comp_cpp_Data\C_Ms_no_float\ObjectCode\Object.c.o)
deleteAndNil__FPPv                                                       F   (D:\PRINTER\Librerias\OOC\ooc\ooc_hcs12_comp_cpp_Data\C_Ms_no_float\ObjectCode\Object.c.o)
deleteNodo__10LinkedListFP4NodoT1                                        I   (D:\PRINTER\Librerias\OOC\util\util_hcs12_cpp_Data\P&E_Multilink_CyclonePro\ObjectCode\DobleList.cpp.o)
deleteNodo__10LinkedListFP4NodoT1                                        F   (D:\PRINTER\Librerias\OOC\util\util_hcs12_cpp_Data\P&E_Multilink_CyclonePro\ObjectCode\LinkedList.cpp.o)
deleteNodo__9DobleListFP9NodoDoble                                       F   (D:\PRINTER\Librerias\OOC\util\util_hcs12_cpp_Data\P&E_Multilink_CyclonePro\ObjectCode\DobleList.cpp.o)
differ__10LinkedListFP10LinkedList                                       I   (D:\PRINTER\Librerias\OOC\util\util_hcs12_cpp_Data\P&E_Multilink_CyclonePro\ObjectCode\DobleList.cpp.o)
differ__10LinkedListFP10LinkedList                                       F   (D:\PRINTER\Librerias\OOC\util\util_hcs12_cpp_Data\P&E_Multilink_CyclonePro\ObjectCode\LinkedList.cpp.o)
differ__4NodoFP4Nodo                                                     I   (D:\PRINTER\Librerias\OOC\util\util_hcs12_cpp_Data\P&E_Multilink_CyclonePro\ObjectCode\DobleList.cpp.o)
differ__4NodoFP4Nodo                                                     I   (D:\PRINTER\Librerias\OOC\util\util_hcs12_cpp_Data\P&E_Multilink_CyclonePro\ObjectCode\LinkedList.cpp.o)
differ__4NodoFP4Nodo                                                     I   (D:\PRINTER\Librerias\OOC\util\util_hcs12_cpp_Data\P&E_Multilink_CyclonePro\ObjectCode\NodoDoble.cpp.o)
differ__4NodoFP4Nodo                                                     F   (D:\PRINTER\Librerias\OOC\util\util_hcs12_cpp_Data\P&E_Multilink_CyclonePro\ObjectCode\nodo.cpp.o)
differ__9DobleListFP9DobleList                                           I   (D:\PRINTER\Librerias\OOC\util\util_hcs12_cpp_Data\P&E_Multilink_CyclonePro\ObjectCode\DobleList.cpp.o)
differ__FPCvT0                                                           F   (D:\PRINTER\Librerias\OOC\ooc\ooc_hcs12_comp_cpp_Data\C_Ms_no_float\ObjectCode\Object.c.o)
dtor__FPv                                                                F   (D:\PRINTER\Librerias\OOC\ooc\ooc_hcs12_comp_cpp_Data\C_Ms_no_float\ObjectCode\Object.c.o)
eliminarPrimero__10LinkedListFv                                          I   (D:\PRINTER\Librerias\OOC\util\util_hcs12_cpp_Data\P&E_Multilink_CyclonePro\ObjectCode\DobleList.cpp.o)
eliminarPrimero__10LinkedListFv                                          F   (D:\PRINTER\Librerias\OOC\util\util_hcs12_cpp_Data\P&E_Multilink_CyclonePro\ObjectCode\LinkedList.cpp.o)
equals__10ComparatorFPv                                                  I   (D:\PRINTER\Librerias\OOC\util\util_hcs12_cpp_Data\P&E_Multilink_CyclonePro\ObjectCode\Array.cpp.o)
flush__FPv                                                               F   (D:\PRINTER\Librerias\OOC\ooc\ooc_hcs12_comp_cpp_Data\C_Ms_no_float\ObjectCode\OutputStream.c.o)
fprintf                                                                  I   (D:\PRINTER\Librerias\OOC\ooc\ooc_hcs12_comp_cpp_Data\C_Ms_no_float\ObjectCode\Object.c.o)
free                                                                     I   (D:\PRINTER\Librerias\OOC\ooc\ooc_hcs12_comp_cpp_Data\C_Ms_no_float\ObjectCode\Object.c.o)
free                                                                     I   (D:\PRINTER\Librerias\OOC\util\util_hcs12_cpp_Data\P&E_Multilink_CyclonePro\ObjectCode\Array.cpp.o)
getDato__9DobleListFUi                                                   F   (D:\PRINTER\Librerias\OOC\util\util_hcs12_cpp_Data\P&E_Multilink_CyclonePro\ObjectCode\DobleList.cpp.o)
getNodoDoble__9DobleListFv                                               I   (D:\PRINTER\Librerias\OOC\util\util_hcs12_cpp_Data\P&E_Multilink_CyclonePro\ObjectCode\DobleList.cpp.o)
getPrimerNodo__10LinkedListFv                                            I   (D:\PRINTER\Librerias\OOC\util\util_hcs12_cpp_Data\P&E_Multilink_CyclonePro\ObjectCode\DobleList.cpp.o)
getPrimerNodo__10LinkedListFv                                            F   (D:\PRINTER\Librerias\OOC\util\util_hcs12_cpp_Data\P&E_Multilink_CyclonePro\ObjectCode\LinkedList.cpp.o)
get__10LinkedListFUi                                                     I   (D:\PRINTER\Librerias\OOC\util\util_hcs12_cpp_Data\P&E_Multilink_CyclonePro\ObjectCode\DobleList.cpp.o)
get__10LinkedListFUi                                                     F   (D:\PRINTER\Librerias\OOC\util\util_hcs12_cpp_Data\P&E_Multilink_CyclonePro\ObjectCode\LinkedList.cpp.o)
get__5ArrayFi                                                            F   (D:\PRINTER\Librerias\OOC\util\util_hcs12_cpp_Data\P&E_Multilink_CyclonePro\ObjectCode\Array.cpp.o)
hasNext__28LinkedListIteratorLinkedListFv                                I   (D:\PRINTER\Librerias\OOC\util\util_hcs12_cpp_Data\P&E_Multilink_CyclonePro\ObjectCode\DobleList.cpp.o)
hasNext__28LinkedListIteratorLinkedListFv                                F   (D:\PRINTER\Librerias\OOC\util\util_hcs12_cpp_Data\P&E_Multilink_CyclonePro\ObjectCode\LinkedList.cpp.o)
insertFirst__9DobleListFPv                                               F   (D:\PRINTER\Librerias\OOC\util\util_hcs12_cpp_Data\P&E_Multilink_CyclonePro\ObjectCode\DobleList.cpp.o)
instanceOf__FPCvPC5Class                                                 F   (D:\PRINTER\Librerias\OOC\ooc\ooc_hcs12_comp_cpp_Data\C_Ms_no_float\ObjectCode\Object.c.o)
isEmpty__10LinkedListFv                                                  I   (D:\PRINTER\Librerias\OOC\util\util_hcs12_cpp_Data\P&E_Multilink_CyclonePro\ObjectCode\DobleList.cpp.o)
isEmpty__10LinkedListFv                                                  F   (D:\PRINTER\Librerias\OOC\util\util_hcs12_cpp_Data\P&E_Multilink_CyclonePro\ObjectCode\LinkedList.cpp.o)
isEmpty__5ArrayFv                                                        F   (D:\PRINTER\Librerias\OOC\util\util_hcs12_cpp_Data\P&E_Multilink_CyclonePro\ObjectCode\Array.cpp.o)
iterator__10LinkedListFv                                                 I   (D:\PRINTER\Librerias\OOC\util\util_hcs12_cpp_Data\P&E_Multilink_CyclonePro\ObjectCode\DobleList.cpp.o)
iterator__10LinkedListFv                                                 F   (D:\PRINTER\Librerias\OOC\util\util_hcs12_cpp_Data\P&E_Multilink_CyclonePro\ObjectCode\LinkedList.cpp.o)
linkedListIterator__10LinkedListFP28LinkedListIteratorLinkedList         I   (D:\PRINTER\Librerias\OOC\util\util_hcs12_cpp_Data\P&E_Multilink_CyclonePro\ObjectCode\DobleList.cpp.o)
linkedListIterator__10LinkedListFP28LinkedListIteratorLinkedList         F   (D:\PRINTER\Librerias\OOC\util\util_hcs12_cpp_Data\P&E_Multilink_CyclonePro\ObjectCode\LinkedList.cpp.o)
malloc                                                                   I   (D:\PRINTER\Librerias\OOC\ooc\ooc_hcs12_comp_cpp_Data\C_Ms_no_float\ObjectCode\Object.c.o)
memcpy                                                                   I   (D:\PRINTER\Librerias\OOC\ooc\ooc_hcs12_comp_cpp_Data\C_Ms_no_float\ObjectCode\Object.c.o)
moveOut__10LinkedListFPv                                                 I   (D:\PRINTER\Librerias\OOC\util\util_hcs12_cpp_Data\P&E_Multilink_CyclonePro\ObjectCode\DobleList.cpp.o)
moveOut__10LinkedListFPv                                                 F   (D:\PRINTER\Librerias\OOC\util\util_hcs12_cpp_Data\P&E_Multilink_CyclonePro\ObjectCode\LinkedList.cpp.o)
newAlloced__FPvPCve                                                      F   (D:\PRINTER\Librerias\OOC\ooc\ooc_hcs12_comp_cpp_Data\C_Ms_no_float\ObjectCode\Object.c.o)
next__28LinkedListIteratorLinkedListFv                                   I   (D:\PRINTER\Librerias\OOC\util\util_hcs12_cpp_Data\P&E_Multilink_CyclonePro\ObjectCode\DobleList.cpp.o)
next__28LinkedListIteratorLinkedListFv                                   F   (D:\PRINTER\Librerias\OOC\util\util_hcs12_cpp_Data\P&E_Multilink_CyclonePro\ObjectCode\LinkedList.cpp.o)
ownsObjects__5ArrayFUc                                                   F   (D:\PRINTER\Librerias\OOC\util\util_hcs12_cpp_Data\P&E_Multilink_CyclonePro\ObjectCode\Array.cpp.o)
printf                                                                   I   (D:\PRINTER\Librerias\OOC\ooc\ooc_hcs12_comp_cpp_Data\C_Ms_no_float\ObjectCode\OutputStream.c.o)
puto__FPCvP12OutputStream                                                F   (D:\PRINTER\Librerias\OOC\ooc\ooc_hcs12_comp_cpp_Data\C_Ms_no_float\ObjectCode\Object.c.o)
search__5ArrayFP10Comparator                                             F   (D:\PRINTER\Librerias\OOC\util\util_hcs12_cpp_Data\P&E_Multilink_CyclonePro\ObjectCode\Array.cpp.o)
setDato__4NodoFPv                                                        I   (D:\PRINTER\Librerias\OOC\util\util_hcs12_cpp_Data\P&E_Multilink_CyclonePro\ObjectCode\DobleList.cpp.o)
setDato__4NodoFPv                                                        I   (D:\PRINTER\Librerias\OOC\util\util_hcs12_cpp_Data\P&E_Multilink_CyclonePro\ObjectCode\LinkedList.cpp.o)
setDato__4NodoFPv                                                        I   (D:\PRINTER\Librerias\OOC\util\util_hcs12_cpp_Data\P&E_Multilink_CyclonePro\ObjectCode\NodoDoble.cpp.o)
setDato__4NodoFPv                                                        F   (D:\PRINTER\Librerias\OOC\util\util_hcs12_cpp_Data\P&E_Multilink_CyclonePro\ObjectCode\nodo.cpp.o)
setNext__4NodoFP4Nodo                                                    I   (D:\PRINTER\Librerias\OOC\util\util_hcs12_cpp_Data\P&E_Multilink_CyclonePro\ObjectCode\DobleList.cpp.o)
setNext__4NodoFP4Nodo                                                    I   (D:\PRINTER\Librerias\OOC\util\util_hcs12_cpp_Data\P&E_Multilink_CyclonePro\ObjectCode\LinkedList.cpp.o)
setNext__4NodoFP4Nodo                                                    I   (D:\PRINTER\Librerias\OOC\util\util_hcs12_cpp_Data\P&E_Multilink_CyclonePro\ObjectCode\NodoDoble.cpp.o)
setNext__4NodoFP4Nodo                                                    F   (D:\PRINTER\Librerias\OOC\util\util_hcs12_cpp_Data\P&E_Multilink_CyclonePro\ObjectCode\nodo.cpp.o)
setPrev__9NodoDobleFP9NodoDoble                                          I   (D:\PRINTER\Librerias\OOC\util\util_hcs12_cpp_Data\P&E_Multilink_CyclonePro\ObjectCode\DobleList.cpp.o)
setPrev__9NodoDobleFP9NodoDoble                                          F   (D:\PRINTER\Librerias\OOC\util\util_hcs12_cpp_Data\P&E_Multilink_CyclonePro\ObjectCode\NodoDoble.cpp.o)
setPrimerNodo__10LinkedListFP4Nodo                                       I   (D:\PRINTER\Librerias\OOC\util\util_hcs12_cpp_Data\P&E_Multilink_CyclonePro\ObjectCode\DobleList.cpp.o)
setPrimerNodo__10LinkedListFP4Nodo                                       F   (D:\PRINTER\Librerias\OOC\util\util_hcs12_cpp_Data\P&E_Multilink_CyclonePro\ObjectCode\LinkedList.cpp.o)
set__5ArrayFiPv                                                          F   (D:\PRINTER\Librerias\OOC\util\util_hcs12_cpp_Data\P&E_Multilink_CyclonePro\ObjectCode\Array.cpp.o)
sizeOf__FPCv                                                             F   (D:\PRINTER\Librerias\OOC\ooc\ooc_hcs12_comp_cpp_Data\C_Ms_no_float\ObjectCode\Object.c.o)
size__10LinkedListFv                                                     I   (D:\PRINTER\Librerias\OOC\util\util_hcs12_cpp_Data\P&E_Multilink_CyclonePro\ObjectCode\DobleList.cpp.o)
size__10LinkedListFv                                                     F   (D:\PRINTER\Librerias\OOC\util\util_hcs12_cpp_Data\P&E_Multilink_CyclonePro\ObjectCode\LinkedList.cpp.o)
sprintf                                                                  I   (D:\PRINTER\Librerias\OOC\ooc\ooc_hcs12_comp_cpp_Data\C_Ms_no_float\ObjectCode\Object.c.o)
super__FPCv                                                              F   (D:\PRINTER\Librerias\OOC\ooc\ooc_hcs12_comp_cpp_Data\C_Ms_no_float\ObjectCode\Object.c.o)
super_ctor__FPCvPvPPSc                                                   F   (D:\PRINTER\Librerias\OOC\ooc\ooc_hcs12_comp_cpp_Data\C_Ms_no_float\ObjectCode\Object.c.o)
super_differ__FPCvN20                                                    F   (D:\PRINTER\Librerias\OOC\ooc\ooc_hcs12_comp_cpp_Data\C_Ms_no_float\ObjectCode\Object.c.o)
super_dtor__FPCvPv                                                       F   (D:\PRINTER\Librerias\OOC\ooc\ooc_hcs12_comp_cpp_Data\C_Ms_no_float\ObjectCode\Object.c.o)
super_puto__FPCvT0P12OutputStream                                        F   (D:\PRINTER\Librerias\OOC\ooc\ooc_hcs12_comp_cpp_Data\C_Ms_no_float\ObjectCode\Object.c.o)
writeByte__FPvUc                                                         F   (D:\PRINTER\Librerias\OOC\ooc\ooc_hcs12_comp_cpp_Data\C_Ms_no_float\ObjectCode\OutputStream.c.o)
write__FPvPCSc                                                           I   (D:\PRINTER\Librerias\OOC\ooc\ooc_hcs12_comp_cpp_Data\C_Ms_no_float\ObjectCode\Object.c.o)
write__FPvPCSc                                                           F   (D:\PRINTER\Librerias\OOC\ooc\ooc_hcs12_comp_cpp_Data\C_Ms_no_float\ObjectCode\OutputStream.c.o)
