Units and locations in library 'C:\Documents and Settings\Nicolas\Escritorio\microsdhacel\soft micros\Codigo\Librerias\OOC\util\lib\util_hcs08.lib'
Unit name                                                                                                                                               size     from       to
C:\Documents and Settings\Nicolas\Escritorio\microsdhacel\soft micros\Codigo\Librerias\OOC\ooc\ooc_hcs08_Data\Standard\ObjectCode\Object.c.o           29753   128459   158212
C:\Documents and Settings\Nicolas\Escritorio\microsdhacel\soft micros\Codigo\Librerias\OOC\ooc\ooc_hcs08_Data\Standard\ObjectCode\OutputStream.c.o     13909   114550   128459
C:\Documents and Settings\Nicolas\Escritorio\microsdhacel\soft micros\Codigo\Librerias\OOC\util\util_hcs08_Data\Standard\ObjectCode\Array.c.o          14824     9659    24483
C:\Documents and Settings\Nicolas\Escritorio\microsdhacel\soft micros\Codigo\Librerias\OOC\util\util_hcs08_Data\Standard\ObjectCode\ArrayList.c.o      29236    24483    53719
C:\Documents and Settings\Nicolas\Escritorio\microsdhacel\soft micros\Codigo\Librerias\OOC\util\util_hcs08_Data\Standard\ObjectCode\Comparator.c.o      5723    53719    59442
C:\Documents and Settings\Nicolas\Escritorio\microsdhacel\soft micros\Codigo\Librerias\OOC\util\util_hcs08_Data\Standard\ObjectCode\DobleList.c.o      13595    59442    73037
C:\Documents and Settings\Nicolas\Escritorio\microsdhacel\soft micros\Codigo\Librerias\OOC\util\util_hcs08_Data\Standard\ObjectCode\LinkedList.c.o     30696    73037   103733
C:\Documents and Settings\Nicolas\Escritorio\microsdhacel\soft micros\Codigo\Librerias\OOC\util\util_hcs08_Data\Standard\ObjectCode\NodoDoble.c.o       9485      174     9659
C:\Documents and Settings\Nicolas\Escritorio\microsdhacel\soft micros\Codigo\Librerias\OOC\util\util_hcs08_Data\Standard\ObjectCode\nodo.c.o           10817   103733   114550

EXPORTED OBJECTS
Array                                O   (C:\Documents and Settings\Nicolas\Escritorio\microsdhacel\soft micros\Codigo\Librerias\OOC\util\util_hcs08_Data\Standard\ObjectCode\Array.c.o)
ArrayList                            O   (C:\Documents and Settings\Nicolas\Escritorio\microsdhacel\soft micros\Codigo\Librerias\OOC\util\util_hcs08_Data\Standard\ObjectCode\ArrayList.c.o)
ArrayListIterator_DefConstructor     F   (C:\Documents and Settings\Nicolas\Escritorio\microsdhacel\soft micros\Codigo\Librerias\OOC\util\util_hcs08_Data\Standard\ObjectCode\ArrayList.c.o)
ArrayListIterator_hasNext            F   (C:\Documents and Settings\Nicolas\Escritorio\microsdhacel\soft micros\Codigo\Librerias\OOC\util\util_hcs08_Data\Standard\ObjectCode\ArrayList.c.o)
ArrayListIterator_next               F   (C:\Documents and Settings\Nicolas\Escritorio\microsdhacel\soft micros\Codigo\Librerias\OOC\util\util_hcs08_Data\Standard\ObjectCode\ArrayList.c.o)
ArrayList_Add                        F   (C:\Documents and Settings\Nicolas\Escritorio\microsdhacel\soft micros\Codigo\Librerias\OOC\util\util_hcs08_Data\Standard\ObjectCode\ArrayList.c.o)
ArrayList_Constructor                F   (C:\Documents and Settings\Nicolas\Escritorio\microsdhacel\soft micros\Codigo\Librerias\OOC\util\util_hcs08_Data\Standard\ObjectCode\ArrayList.c.o)
ArrayList_DefConstructor             F   (C:\Documents and Settings\Nicolas\Escritorio\microsdhacel\soft micros\Codigo\Librerias\OOC\util\util_hcs08_Data\Standard\ObjectCode\ArrayList.c.o)
ArrayList_Destructor                 F   (C:\Documents and Settings\Nicolas\Escritorio\microsdhacel\soft micros\Codigo\Librerias\OOC\util\util_hcs08_Data\Standard\ObjectCode\ArrayList.c.o)
ArrayList_Expand                     F   (C:\Documents and Settings\Nicolas\Escritorio\microsdhacel\soft micros\Codigo\Librerias\OOC\util\util_hcs08_Data\Standard\ObjectCode\ArrayList.c.o)
ArrayList_OwnsObjects                F   (C:\Documents and Settings\Nicolas\Escritorio\microsdhacel\soft micros\Codigo\Librerias\OOC\util\util_hcs08_Data\Standard\ObjectCode\ArrayList.c.o)
ArrayList_Put                        F   (C:\Documents and Settings\Nicolas\Escritorio\microsdhacel\soft micros\Codigo\Librerias\OOC\util\util_hcs08_Data\Standard\ObjectCode\ArrayList.c.o)
ArrayList_contains                   F   (C:\Documents and Settings\Nicolas\Escritorio\microsdhacel\soft micros\Codigo\Librerias\OOC\util\util_hcs08_Data\Standard\ObjectCode\ArrayList.c.o)
ArrayList_count                      F   (C:\Documents and Settings\Nicolas\Escritorio\microsdhacel\soft micros\Codigo\Librerias\OOC\util\util_hcs08_Data\Standard\ObjectCode\ArrayList.c.o)
ArrayList_delete                     F   (C:\Documents and Settings\Nicolas\Escritorio\microsdhacel\soft micros\Codigo\Librerias\OOC\util\util_hcs08_Data\Standard\ObjectCode\ArrayList.c.o)
ArrayList_expandInit                 F   (C:\Documents and Settings\Nicolas\Escritorio\microsdhacel\soft micros\Codigo\Librerias\OOC\util\util_hcs08_Data\Standard\ObjectCode\ArrayList.c.o)
ArrayList_get                        F   (C:\Documents and Settings\Nicolas\Escritorio\microsdhacel\soft micros\Codigo\Librerias\OOC\util\util_hcs08_Data\Standard\ObjectCode\ArrayList.c.o)
ArrayList_indexOf                    F   (C:\Documents and Settings\Nicolas\Escritorio\microsdhacel\soft micros\Codigo\Librerias\OOC\util\util_hcs08_Data\Standard\ObjectCode\ArrayList.c.o)
ArrayList_isEmpty                    F   (C:\Documents and Settings\Nicolas\Escritorio\microsdhacel\soft micros\Codigo\Librerias\OOC\util\util_hcs08_Data\Standard\ObjectCode\ArrayList.c.o)
ArrayList_iterator                   F   (C:\Documents and Settings\Nicolas\Escritorio\microsdhacel\soft micros\Codigo\Librerias\OOC\util\util_hcs08_Data\Standard\ObjectCode\ArrayList.c.o)
ArrayList_search                     F   (C:\Documents and Settings\Nicolas\Escritorio\microsdhacel\soft micros\Codigo\Librerias\OOC\util\util_hcs08_Data\Standard\ObjectCode\ArrayList.c.o)
ArrayList_vaciar                     F   (C:\Documents and Settings\Nicolas\Escritorio\microsdhacel\soft micros\Codigo\Librerias\OOC\util\util_hcs08_Data\Standard\ObjectCode\ArrayList.c.o)
Array_Constructor                    F   (C:\Documents and Settings\Nicolas\Escritorio\microsdhacel\soft micros\Codigo\Librerias\OOC\util\util_hcs08_Data\Standard\ObjectCode\Array.c.o)
Array_count                          F   (C:\Documents and Settings\Nicolas\Escritorio\microsdhacel\soft micros\Codigo\Librerias\OOC\util\util_hcs08_Data\Standard\ObjectCode\Array.c.o)
Array_defConstructor                 F   (C:\Documents and Settings\Nicolas\Escritorio\microsdhacel\soft micros\Codigo\Librerias\OOC\util\util_hcs08_Data\Standard\ObjectCode\Array.c.o)
Array_destructor                     F   (C:\Documents and Settings\Nicolas\Escritorio\microsdhacel\soft micros\Codigo\Librerias\OOC\util\util_hcs08_Data\Standard\ObjectCode\Array.c.o)
Array_get                            F   (C:\Documents and Settings\Nicolas\Escritorio\microsdhacel\soft micros\Codigo\Librerias\OOC\util\util_hcs08_Data\Standard\ObjectCode\Array.c.o)
Array_isEmpty                        F   (C:\Documents and Settings\Nicolas\Escritorio\microsdhacel\soft micros\Codigo\Librerias\OOC\util\util_hcs08_Data\Standard\ObjectCode\Array.c.o)
Array_ownsObjects                    F   (C:\Documents and Settings\Nicolas\Escritorio\microsdhacel\soft micros\Codigo\Librerias\OOC\util\util_hcs08_Data\Standard\ObjectCode\Array.c.o)
Array_search                         F   (C:\Documents and Settings\Nicolas\Escritorio\microsdhacel\soft micros\Codigo\Librerias\OOC\util\util_hcs08_Data\Standard\ObjectCode\Array.c.o)
Array_set                            F   (C:\Documents and Settings\Nicolas\Escritorio\microsdhacel\soft micros\Codigo\Librerias\OOC\util\util_hcs08_Data\Standard\ObjectCode\Array.c.o)
Class                                O   (C:\Documents and Settings\Nicolas\Escritorio\microsdhacel\soft micros\Codigo\Librerias\OOC\ooc\ooc_hcs08_Data\Standard\ObjectCode\Object.c.o)
Comparator                           O   (C:\Documents and Settings\Nicolas\Escritorio\microsdhacel\soft micros\Codigo\Librerias\OOC\util\util_hcs08_Data\Standard\ObjectCode\Comparator.c.o)
ComparatorClass                      O   (C:\Documents and Settings\Nicolas\Escritorio\microsdhacel\soft micros\Codigo\Librerias\OOC\util\util_hcs08_Data\Standard\ObjectCode\Comparator.c.o)
DobleList                            O   (C:\Documents and Settings\Nicolas\Escritorio\microsdhacel\soft micros\Codigo\Librerias\OOC\util\util_hcs08_Data\Standard\ObjectCode\DobleList.c.o)
DobleList_Construct                  F   (C:\Documents and Settings\Nicolas\Escritorio\microsdhacel\soft micros\Codigo\Librerias\OOC\util\util_hcs08_Data\Standard\ObjectCode\DobleList.c.o)
DobleList_DefConstruct               F   (C:\Documents and Settings\Nicolas\Escritorio\microsdhacel\soft micros\Codigo\Librerias\OOC\util\util_hcs08_Data\Standard\ObjectCode\DobleList.c.o)
DobleList_DeleteNodo                 F   (C:\Documents and Settings\Nicolas\Escritorio\microsdhacel\soft micros\Codigo\Librerias\OOC\util\util_hcs08_Data\Standard\ObjectCode\DobleList.c.o)
DobleList_Destruct                   F   (C:\Documents and Settings\Nicolas\Escritorio\microsdhacel\soft micros\Codigo\Librerias\OOC\util\util_hcs08_Data\Standard\ObjectCode\DobleList.c.o)
DobleList_Differ                     F   (C:\Documents and Settings\Nicolas\Escritorio\microsdhacel\soft micros\Codigo\Librerias\OOC\util\util_hcs08_Data\Standard\ObjectCode\DobleList.c.o)
DobleList_InsertFirst                F   (C:\Documents and Settings\Nicolas\Escritorio\microsdhacel\soft micros\Codigo\Librerias\OOC\util\util_hcs08_Data\Standard\ObjectCode\DobleList.c.o)
DobleList_cantidad                   F   (C:\Documents and Settings\Nicolas\Escritorio\microsdhacel\soft micros\Codigo\Librerias\OOC\util\util_hcs08_Data\Standard\ObjectCode\DobleList.c.o)
DobleList_getDato                    F   (C:\Documents and Settings\Nicolas\Escritorio\microsdhacel\soft micros\Codigo\Librerias\OOC\util\util_hcs08_Data\Standard\ObjectCode\DobleList.c.o)
LinkedList                           O   (C:\Documents and Settings\Nicolas\Escritorio\microsdhacel\soft micros\Codigo\Librerias\OOC\util\util_hcs08_Data\Standard\ObjectCode\LinkedList.c.o)
LinkedListIterator                   O   (C:\Documents and Settings\Nicolas\Escritorio\microsdhacel\soft micros\Codigo\Librerias\OOC\util\util_hcs08_Data\Standard\ObjectCode\LinkedList.c.o)
LinkedListIterator_constructor       F   (C:\Documents and Settings\Nicolas\Escritorio\microsdhacel\soft micros\Codigo\Librerias\OOC\util\util_hcs08_Data\Standard\ObjectCode\LinkedList.c.o)
LinkedListIterator_defConstructor    F   (C:\Documents and Settings\Nicolas\Escritorio\microsdhacel\soft micros\Codigo\Librerias\OOC\util\util_hcs08_Data\Standard\ObjectCode\LinkedList.c.o)
LinkedListIterator_hasNext           F   (C:\Documents and Settings\Nicolas\Escritorio\microsdhacel\soft micros\Codigo\Librerias\OOC\util\util_hcs08_Data\Standard\ObjectCode\LinkedList.c.o)
LinkedListIterator_next              F   (C:\Documents and Settings\Nicolas\Escritorio\microsdhacel\soft micros\Codigo\Librerias\OOC\util\util_hcs08_Data\Standard\ObjectCode\LinkedList.c.o)
LinkedList_Aniadir                   F   (C:\Documents and Settings\Nicolas\Escritorio\microsdhacel\soft micros\Codigo\Librerias\OOC\util\util_hcs08_Data\Standard\ObjectCode\LinkedList.c.o)
LinkedList_Cantidad                  F   (C:\Documents and Settings\Nicolas\Escritorio\microsdhacel\soft micros\Codigo\Librerias\OOC\util\util_hcs08_Data\Standard\ObjectCode\LinkedList.c.o)
LinkedList_Construct                 F   (C:\Documents and Settings\Nicolas\Escritorio\microsdhacel\soft micros\Codigo\Librerias\OOC\util\util_hcs08_Data\Standard\ObjectCode\LinkedList.c.o)
LinkedList_DefConstruct              F   (C:\Documents and Settings\Nicolas\Escritorio\microsdhacel\soft micros\Codigo\Librerias\OOC\util\util_hcs08_Data\Standard\ObjectCode\LinkedList.c.o)
LinkedList_Destruct                  F   (C:\Documents and Settings\Nicolas\Escritorio\microsdhacel\soft micros\Codigo\Librerias\OOC\util\util_hcs08_Data\Standard\ObjectCode\LinkedList.c.o)
LinkedList_Differ                    F   (C:\Documents and Settings\Nicolas\Escritorio\microsdhacel\soft micros\Codigo\Librerias\OOC\util\util_hcs08_Data\Standard\ObjectCode\LinkedList.c.o)
LinkedList_Eliminar_Primero          F   (C:\Documents and Settings\Nicolas\Escritorio\microsdhacel\soft micros\Codigo\Librerias\OOC\util\util_hcs08_Data\Standard\ObjectCode\LinkedList.c.o)
LinkedList_Vacia                     F   (C:\Documents and Settings\Nicolas\Escritorio\microsdhacel\soft micros\Codigo\Librerias\OOC\util\util_hcs08_Data\Standard\ObjectCode\LinkedList.c.o)
LinkedList_Vaciar                    F   (C:\Documents and Settings\Nicolas\Escritorio\microsdhacel\soft micros\Codigo\Librerias\OOC\util\util_hcs08_Data\Standard\ObjectCode\LinkedList.c.o)
LinkedList_add                       F   (C:\Documents and Settings\Nicolas\Escritorio\microsdhacel\soft micros\Codigo\Librerias\OOC\util\util_hcs08_Data\Standard\ObjectCode\LinkedList.c.o)
LinkedList_contains                  F   (C:\Documents and Settings\Nicolas\Escritorio\microsdhacel\soft micros\Codigo\Librerias\OOC\util\util_hcs08_Data\Standard\ObjectCode\LinkedList.c.o)
LinkedList_deleteNodo                F   (C:\Documents and Settings\Nicolas\Escritorio\microsdhacel\soft micros\Codigo\Librerias\OOC\util\util_hcs08_Data\Standard\ObjectCode\LinkedList.c.o)
LinkedList_deleteReference           F   (C:\Documents and Settings\Nicolas\Escritorio\microsdhacel\soft micros\Codigo\Librerias\OOC\util\util_hcs08_Data\Standard\ObjectCode\LinkedList.c.o)
LinkedList_get                       F   (C:\Documents and Settings\Nicolas\Escritorio\microsdhacel\soft micros\Codigo\Librerias\OOC\util\util_hcs08_Data\Standard\ObjectCode\LinkedList.c.o)
LinkedList_iterator                  F   (C:\Documents and Settings\Nicolas\Escritorio\microsdhacel\soft micros\Codigo\Librerias\OOC\util\util_hcs08_Data\Standard\ObjectCode\LinkedList.c.o)
LinkedList_linkedListIterator        F   (C:\Documents and Settings\Nicolas\Escritorio\microsdhacel\soft micros\Codigo\Librerias\OOC\util\util_hcs08_Data\Standard\ObjectCode\LinkedList.c.o)
List                                 I   (C:\Documents and Settings\Nicolas\Escritorio\microsdhacel\soft micros\Codigo\Librerias\OOC\util\util_hcs08_Data\Standard\ObjectCode\LinkedList.c.o)
Nodo                                 I   (C:\Documents and Settings\Nicolas\Escritorio\microsdhacel\soft micros\Codigo\Librerias\OOC\util\util_hcs08_Data\Standard\ObjectCode\LinkedList.c.o)
Nodo                                 O   (C:\Documents and Settings\Nicolas\Escritorio\microsdhacel\soft micros\Codigo\Librerias\OOC\util\util_hcs08_Data\Standard\ObjectCode\nodo.c.o)
NodoDbl                              I   (C:\Documents and Settings\Nicolas\Escritorio\microsdhacel\soft micros\Codigo\Librerias\OOC\util\util_hcs08_Data\Standard\ObjectCode\DobleList.c.o)
NodoDbl                              O   (C:\Documents and Settings\Nicolas\Escritorio\microsdhacel\soft micros\Codigo\Librerias\OOC\util\util_hcs08_Data\Standard\ObjectCode\NodoDoble.c.o)
NodoDbl_Constructor                  F   (C:\Documents and Settings\Nicolas\Escritorio\microsdhacel\soft micros\Codigo\Librerias\OOC\util\util_hcs08_Data\Standard\ObjectCode\NodoDoble.c.o)
NodoDbl_DefConstructor               F   (C:\Documents and Settings\Nicolas\Escritorio\microsdhacel\soft micros\Codigo\Librerias\OOC\util\util_hcs08_Data\Standard\ObjectCode\NodoDoble.c.o)
Nodo_Constructor                     I   (C:\Documents and Settings\Nicolas\Escritorio\microsdhacel\soft micros\Codigo\Librerias\OOC\util\util_hcs08_Data\Standard\ObjectCode\NodoDoble.c.o)
Nodo_Constructor                     F   (C:\Documents and Settings\Nicolas\Escritorio\microsdhacel\soft micros\Codigo\Librerias\OOC\util\util_hcs08_Data\Standard\ObjectCode\nodo.c.o)
Nodo_DefConstructor                  F   (C:\Documents and Settings\Nicolas\Escritorio\microsdhacel\soft micros\Codigo\Librerias\OOC\util\util_hcs08_Data\Standard\ObjectCode\nodo.c.o)
Nodo_differ                          F   (C:\Documents and Settings\Nicolas\Escritorio\microsdhacel\soft micros\Codigo\Librerias\OOC\util\util_hcs08_Data\Standard\ObjectCode\nodo.c.o)
Nodo_getDato                         I   (C:\Documents and Settings\Nicolas\Escritorio\microsdhacel\soft micros\Codigo\Librerias\OOC\util\util_hcs08_Data\Standard\ObjectCode\LinkedList.c.o)
Nodo_getDato                         F   (C:\Documents and Settings\Nicolas\Escritorio\microsdhacel\soft micros\Codigo\Librerias\OOC\util\util_hcs08_Data\Standard\ObjectCode\nodo.c.o)
Nodo_getNext                         I   (C:\Documents and Settings\Nicolas\Escritorio\microsdhacel\soft micros\Codigo\Librerias\OOC\util\util_hcs08_Data\Standard\ObjectCode\DobleList.c.o)
Nodo_getNext                         I   (C:\Documents and Settings\Nicolas\Escritorio\microsdhacel\soft micros\Codigo\Librerias\OOC\util\util_hcs08_Data\Standard\ObjectCode\LinkedList.c.o)
Nodo_getNext                         F   (C:\Documents and Settings\Nicolas\Escritorio\microsdhacel\soft micros\Codigo\Librerias\OOC\util\util_hcs08_Data\Standard\ObjectCode\nodo.c.o)
Nodo_getPrev                         F   (C:\Documents and Settings\Nicolas\Escritorio\microsdhacel\soft micros\Codigo\Librerias\OOC\util\util_hcs08_Data\Standard\ObjectCode\NodoDoble.c.o)
Nodo_setDato                         F   (C:\Documents and Settings\Nicolas\Escritorio\microsdhacel\soft micros\Codigo\Librerias\OOC\util\util_hcs08_Data\Standard\ObjectCode\nodo.c.o)
Nodo_setNext                         I   (C:\Documents and Settings\Nicolas\Escritorio\microsdhacel\soft micros\Codigo\Librerias\OOC\util\util_hcs08_Data\Standard\ObjectCode\LinkedList.c.o)
Nodo_setNext                         F   (C:\Documents and Settings\Nicolas\Escritorio\microsdhacel\soft micros\Codigo\Librerias\OOC\util\util_hcs08_Data\Standard\ObjectCode\nodo.c.o)
Object                               O   (C:\Documents and Settings\Nicolas\Escritorio\microsdhacel\soft micros\Codigo\Librerias\OOC\ooc\ooc_hcs08_Data\Standard\ObjectCode\Object.c.o)
Object                               I   (C:\Documents and Settings\Nicolas\Escritorio\microsdhacel\soft micros\Codigo\Librerias\OOC\ooc\ooc_hcs08_Data\Standard\ObjectCode\OutputStream.c.o)
Object                               I   (C:\Documents and Settings\Nicolas\Escritorio\microsdhacel\soft micros\Codigo\Librerias\OOC\util\util_hcs08_Data\Standard\ObjectCode\Array.c.o)
Object                               I   (C:\Documents and Settings\Nicolas\Escritorio\microsdhacel\soft micros\Codigo\Librerias\OOC\util\util_hcs08_Data\Standard\ObjectCode\ArrayList.c.o)
Object                               I   (C:\Documents and Settings\Nicolas\Escritorio\microsdhacel\soft micros\Codigo\Librerias\OOC\util\util_hcs08_Data\Standard\ObjectCode\Comparator.c.o)
Object                               I   (C:\Documents and Settings\Nicolas\Escritorio\microsdhacel\soft micros\Codigo\Librerias\OOC\util\util_hcs08_Data\Standard\ObjectCode\DobleList.c.o)
Object                               I   (C:\Documents and Settings\Nicolas\Escritorio\microsdhacel\soft micros\Codigo\Librerias\OOC\util\util_hcs08_Data\Standard\ObjectCode\LinkedList.c.o)
Object                               I   (C:\Documents and Settings\Nicolas\Escritorio\microsdhacel\soft micros\Codigo\Librerias\OOC\util\util_hcs08_Data\Standard\ObjectCode\NodoDoble.c.o)
Object                               I   (C:\Documents and Settings\Nicolas\Escritorio\microsdhacel\soft micros\Codigo\Librerias\OOC\util\util_hcs08_Data\Standard\ObjectCode\nodo.c.o)
Object_ctor                          F   (C:\Documents and Settings\Nicolas\Escritorio\microsdhacel\soft micros\Codigo\Librerias\OOC\ooc\ooc_hcs08_Data\Standard\ObjectCode\Object.c.o)
Object_ctor                          I   (C:\Documents and Settings\Nicolas\Escritorio\microsdhacel\soft micros\Codigo\Librerias\OOC\ooc\ooc_hcs08_Data\Standard\ObjectCode\OutputStream.c.o)
Object_differ                        F   (C:\Documents and Settings\Nicolas\Escritorio\microsdhacel\soft micros\Codigo\Librerias\OOC\ooc\ooc_hcs08_Data\Standard\ObjectCode\Object.c.o)
Object_differ                        I   (C:\Documents and Settings\Nicolas\Escritorio\microsdhacel\soft micros\Codigo\Librerias\OOC\ooc\ooc_hcs08_Data\Standard\ObjectCode\OutputStream.c.o)
Object_differ                        I   (C:\Documents and Settings\Nicolas\Escritorio\microsdhacel\soft micros\Codigo\Librerias\OOC\util\util_hcs08_Data\Standard\ObjectCode\ArrayList.c.o)
Object_dtor                          F   (C:\Documents and Settings\Nicolas\Escritorio\microsdhacel\soft micros\Codigo\Librerias\OOC\ooc\ooc_hcs08_Data\Standard\ObjectCode\Object.c.o)
Object_dtor                          I   (C:\Documents and Settings\Nicolas\Escritorio\microsdhacel\soft micros\Codigo\Librerias\OOC\ooc\ooc_hcs08_Data\Standard\ObjectCode\OutputStream.c.o)
Object_dtor                          I   (C:\Documents and Settings\Nicolas\Escritorio\microsdhacel\soft micros\Codigo\Librerias\OOC\util\util_hcs08_Data\Standard\ObjectCode\ArrayList.c.o)
Object_puto                          F   (C:\Documents and Settings\Nicolas\Escritorio\microsdhacel\soft micros\Codigo\Librerias\OOC\ooc\ooc_hcs08_Data\Standard\ObjectCode\Object.c.o)
Object_puto                          I   (C:\Documents and Settings\Nicolas\Escritorio\microsdhacel\soft micros\Codigo\Librerias\OOC\ooc\ooc_hcs08_Data\Standard\ObjectCode\OutputStream.c.o)
Object_puto                          I   (C:\Documents and Settings\Nicolas\Escritorio\microsdhacel\soft micros\Codigo\Librerias\OOC\util\util_hcs08_Data\Standard\ObjectCode\ArrayList.c.o)
Object_puto                          I   (C:\Documents and Settings\Nicolas\Escritorio\microsdhacel\soft micros\Codigo\Librerias\OOC\util\util_hcs08_Data\Standard\ObjectCode\LinkedList.c.o)
OutputStream                         O   (C:\Documents and Settings\Nicolas\Escritorio\microsdhacel\soft micros\Codigo\Librerias\OOC\ooc\ooc_hcs08_Data\Standard\ObjectCode\OutputStream.c.o)
OutputStreamClass                    O   (C:\Documents and Settings\Nicolas\Escritorio\microsdhacel\soft micros\Codigo\Librerias\OOC\ooc\ooc_hcs08_Data\Standard\ObjectCode\OutputStream.c.o)
OutputStream_close                   F   (C:\Documents and Settings\Nicolas\Escritorio\microsdhacel\soft micros\Codigo\Librerias\OOC\ooc\ooc_hcs08_Data\Standard\ObjectCode\OutputStream.c.o)
OutputStream_flush                   F   (C:\Documents and Settings\Nicolas\Escritorio\microsdhacel\soft micros\Codigo\Librerias\OOC\ooc\ooc_hcs08_Data\Standard\ObjectCode\OutputStream.c.o)
OutputStream_write                   F   (C:\Documents and Settings\Nicolas\Escritorio\microsdhacel\soft micros\Codigo\Librerias\OOC\ooc\ooc_hcs08_Data\Standard\ObjectCode\OutputStream.c.o)
OutputStream_writeByte               F   (C:\Documents and Settings\Nicolas\Escritorio\microsdhacel\soft micros\Codigo\Librerias\OOC\ooc\ooc_hcs08_Data\Standard\ObjectCode\OutputStream.c.o)
_CALL_STAR08                         I   (C:\Documents and Settings\Nicolas\Escritorio\microsdhacel\soft micros\Codigo\Librerias\OOC\ooc\ooc_hcs08_Data\Standard\ObjectCode\Object.c.o)
_CALL_STAR08                         I   (C:\Documents and Settings\Nicolas\Escritorio\microsdhacel\soft micros\Codigo\Librerias\OOC\ooc\ooc_hcs08_Data\Standard\ObjectCode\OutputStream.c.o)
_CALL_STAR08                         I   (C:\Documents and Settings\Nicolas\Escritorio\microsdhacel\soft micros\Codigo\Librerias\OOC\util\util_hcs08_Data\Standard\ObjectCode\Array.c.o)
_CALL_STAR08                         I   (C:\Documents and Settings\Nicolas\Escritorio\microsdhacel\soft micros\Codigo\Librerias\OOC\util\util_hcs08_Data\Standard\ObjectCode\ArrayList.c.o)
_CALL_STAR08                         I   (C:\Documents and Settings\Nicolas\Escritorio\microsdhacel\soft micros\Codigo\Librerias\OOC\util\util_hcs08_Data\Standard\ObjectCode\LinkedList.c.o)
_assert                              I   (C:\Documents and Settings\Nicolas\Escritorio\microsdhacel\soft micros\Codigo\Librerias\OOC\ooc\ooc_hcs08_Data\Standard\ObjectCode\Object.c.o)
_assert                              I   (C:\Documents and Settings\Nicolas\Escritorio\microsdhacel\soft micros\Codigo\Librerias\OOC\ooc\ooc_hcs08_Data\Standard\ObjectCode\OutputStream.c.o)
_assert                              I   (C:\Documents and Settings\Nicolas\Escritorio\microsdhacel\soft micros\Codigo\Librerias\OOC\util\util_hcs08_Data\Standard\ObjectCode\ArrayList.c.o)
addFirst                             F   (C:\Documents and Settings\Nicolas\Escritorio\microsdhacel\soft micros\Codigo\Librerias\OOC\util\util_hcs08_Data\Standard\ObjectCode\LinkedList.c.o)
addLast                              F   (C:\Documents and Settings\Nicolas\Escritorio\microsdhacel\soft micros\Codigo\Librerias\OOC\util\util_hcs08_Data\Standard\ObjectCode\LinkedList.c.o)
calloc                               I   (C:\Documents and Settings\Nicolas\Escritorio\microsdhacel\soft micros\Codigo\Librerias\OOC\util\util_hcs08_Data\Standard\ObjectCode\Array.c.o)
channels                             I   (C:\Documents and Settings\Nicolas\Escritorio\microsdhacel\soft micros\Codigo\Librerias\OOC\ooc\ooc_hcs08_Data\Standard\ObjectCode\Object.c.o)
classOf                              F   (C:\Documents and Settings\Nicolas\Escritorio\microsdhacel\soft micros\Codigo\Librerias\OOC\ooc\ooc_hcs08_Data\Standard\ObjectCode\Object.c.o)
classOf                              I   (C:\Documents and Settings\Nicolas\Escritorio\microsdhacel\soft micros\Codigo\Librerias\OOC\ooc\ooc_hcs08_Data\Standard\ObjectCode\OutputStream.c.o)
classOf                              I   (C:\Documents and Settings\Nicolas\Escritorio\microsdhacel\soft micros\Codigo\Librerias\OOC\util\util_hcs08_Data\Standard\ObjectCode\LinkedList.c.o)
close                                F   (C:\Documents and Settings\Nicolas\Escritorio\microsdhacel\soft micros\Codigo\Librerias\OOC\ooc\ooc_hcs08_Data\Standard\ObjectCode\OutputStream.c.o)
ctor                                 F   (C:\Documents and Settings\Nicolas\Escritorio\microsdhacel\soft micros\Codigo\Librerias\OOC\ooc\ooc_hcs08_Data\Standard\ObjectCode\Object.c.o)
delete                               F   (C:\Documents and Settings\Nicolas\Escritorio\microsdhacel\soft micros\Codigo\Librerias\OOC\ooc\ooc_hcs08_Data\Standard\ObjectCode\Object.c.o)
delete                               I   (C:\Documents and Settings\Nicolas\Escritorio\microsdhacel\soft micros\Codigo\Librerias\OOC\util\util_hcs08_Data\Standard\ObjectCode\ArrayList.c.o)
delete                               I   (C:\Documents and Settings\Nicolas\Escritorio\microsdhacel\soft micros\Codigo\Librerias\OOC\util\util_hcs08_Data\Standard\ObjectCode\LinkedList.c.o)
deleteAlloced                        F   (C:\Documents and Settings\Nicolas\Escritorio\microsdhacel\soft micros\Codigo\Librerias\OOC\ooc\ooc_hcs08_Data\Standard\ObjectCode\Object.c.o)
deleteAndNil                         F   (C:\Documents and Settings\Nicolas\Escritorio\microsdhacel\soft micros\Codigo\Librerias\OOC\ooc\ooc_hcs08_Data\Standard\ObjectCode\Object.c.o)
deleteAndNil                         I   (C:\Documents and Settings\Nicolas\Escritorio\microsdhacel\soft micros\Codigo\Librerias\OOC\util\util_hcs08_Data\Standard\ObjectCode\Array.c.o)
deleteAndNil                         I   (C:\Documents and Settings\Nicolas\Escritorio\microsdhacel\soft micros\Codigo\Librerias\OOC\util\util_hcs08_Data\Standard\ObjectCode\DobleList.c.o)
deleteAndNil                         I   (C:\Documents and Settings\Nicolas\Escritorio\microsdhacel\soft micros\Codigo\Librerias\OOC\util\util_hcs08_Data\Standard\ObjectCode\LinkedList.c.o)
differ                               F   (C:\Documents and Settings\Nicolas\Escritorio\microsdhacel\soft micros\Codigo\Librerias\OOC\ooc\ooc_hcs08_Data\Standard\ObjectCode\Object.c.o)
dtor                                 F   (C:\Documents and Settings\Nicolas\Escritorio\microsdhacel\soft micros\Codigo\Librerias\OOC\ooc\ooc_hcs08_Data\Standard\ObjectCode\Object.c.o)
flush                                F   (C:\Documents and Settings\Nicolas\Escritorio\microsdhacel\soft micros\Codigo\Librerias\OOC\ooc\ooc_hcs08_Data\Standard\ObjectCode\OutputStream.c.o)
fprintf                              I   (C:\Documents and Settings\Nicolas\Escritorio\microsdhacel\soft micros\Codigo\Librerias\OOC\ooc\ooc_hcs08_Data\Standard\ObjectCode\Object.c.o)
free                                 I   (C:\Documents and Settings\Nicolas\Escritorio\microsdhacel\soft micros\Codigo\Librerias\OOC\ooc\ooc_hcs08_Data\Standard\ObjectCode\Object.c.o)
free                                 I   (C:\Documents and Settings\Nicolas\Escritorio\microsdhacel\soft micros\Codigo\Librerias\OOC\util\util_hcs08_Data\Standard\ObjectCode\Array.c.o)
free                                 I   (C:\Documents and Settings\Nicolas\Escritorio\microsdhacel\soft micros\Codigo\Librerias\OOC\util\util_hcs08_Data\Standard\ObjectCode\ArrayList.c.o)
getFirst                             F   (C:\Documents and Settings\Nicolas\Escritorio\microsdhacel\soft micros\Codigo\Librerias\OOC\util\util_hcs08_Data\Standard\ObjectCode\LinkedList.c.o)
getLast                              F   (C:\Documents and Settings\Nicolas\Escritorio\microsdhacel\soft micros\Codigo\Librerias\OOC\util\util_hcs08_Data\Standard\ObjectCode\LinkedList.c.o)
instanceOf                           F   (C:\Documents and Settings\Nicolas\Escritorio\microsdhacel\soft micros\Codigo\Librerias\OOC\ooc\ooc_hcs08_Data\Standard\ObjectCode\Object.c.o)
malloc                               I   (C:\Documents and Settings\Nicolas\Escritorio\microsdhacel\soft micros\Codigo\Librerias\OOC\ooc\ooc_hcs08_Data\Standard\ObjectCode\Object.c.o)
malloc                               I   (C:\Documents and Settings\Nicolas\Escritorio\microsdhacel\soft micros\Codigo\Librerias\OOC\util\util_hcs08_Data\Standard\ObjectCode\ArrayList.c.o)
memcpy                               I   (C:\Documents and Settings\Nicolas\Escritorio\microsdhacel\soft micros\Codigo\Librerias\OOC\ooc\ooc_hcs08_Data\Standard\ObjectCode\Object.c.o)
new                                  F   (C:\Documents and Settings\Nicolas\Escritorio\microsdhacel\soft micros\Codigo\Librerias\OOC\ooc\ooc_hcs08_Data\Standard\ObjectCode\Object.c.o)
new                                  I   (C:\Documents and Settings\Nicolas\Escritorio\microsdhacel\soft micros\Codigo\Librerias\OOC\util\util_hcs08_Data\Standard\ObjectCode\ArrayList.c.o)
new                                  I   (C:\Documents and Settings\Nicolas\Escritorio\microsdhacel\soft micros\Codigo\Librerias\OOC\util\util_hcs08_Data\Standard\ObjectCode\DobleList.c.o)
new                                  I   (C:\Documents and Settings\Nicolas\Escritorio\microsdhacel\soft micros\Codigo\Librerias\OOC\util\util_hcs08_Data\Standard\ObjectCode\LinkedList.c.o)
newAlloced                           F   (C:\Documents and Settings\Nicolas\Escritorio\microsdhacel\soft micros\Codigo\Librerias\OOC\ooc\ooc_hcs08_Data\Standard\ObjectCode\Object.c.o)
newAlloced                           I   (C:\Documents and Settings\Nicolas\Escritorio\microsdhacel\soft micros\Codigo\Librerias\OOC\util\util_hcs08_Data\Standard\ObjectCode\LinkedList.c.o)
printf                               I   (C:\Documents and Settings\Nicolas\Escritorio\microsdhacel\soft micros\Codigo\Librerias\OOC\ooc\ooc_hcs08_Data\Standard\ObjectCode\OutputStream.c.o)
puto                                 F   (C:\Documents and Settings\Nicolas\Escritorio\microsdhacel\soft micros\Codigo\Librerias\OOC\ooc\ooc_hcs08_Data\Standard\ObjectCode\Object.c.o)
realloc                              I   (C:\Documents and Settings\Nicolas\Escritorio\microsdhacel\soft micros\Codigo\Librerias\OOC\util\util_hcs08_Data\Standard\ObjectCode\ArrayList.c.o)
removeFirst                          F   (C:\Documents and Settings\Nicolas\Escritorio\microsdhacel\soft micros\Codigo\Librerias\OOC\util\util_hcs08_Data\Standard\ObjectCode\LinkedList.c.o)
removeLast                           F   (C:\Documents and Settings\Nicolas\Escritorio\microsdhacel\soft micros\Codigo\Librerias\OOC\util\util_hcs08_Data\Standard\ObjectCode\LinkedList.c.o)
sizeOf                               F   (C:\Documents and Settings\Nicolas\Escritorio\microsdhacel\soft micros\Codigo\Librerias\OOC\ooc\ooc_hcs08_Data\Standard\ObjectCode\Object.c.o)
sprintf                              I   (C:\Documents and Settings\Nicolas\Escritorio\microsdhacel\soft micros\Codigo\Librerias\OOC\ooc\ooc_hcs08_Data\Standard\ObjectCode\Object.c.o)
super                                F   (C:\Documents and Settings\Nicolas\Escritorio\microsdhacel\soft micros\Codigo\Librerias\OOC\ooc\ooc_hcs08_Data\Standard\ObjectCode\Object.c.o)
super_ctor                           F   (C:\Documents and Settings\Nicolas\Escritorio\microsdhacel\soft micros\Codigo\Librerias\OOC\ooc\ooc_hcs08_Data\Standard\ObjectCode\Object.c.o)
super_differ                         F   (C:\Documents and Settings\Nicolas\Escritorio\microsdhacel\soft micros\Codigo\Librerias\OOC\ooc\ooc_hcs08_Data\Standard\ObjectCode\Object.c.o)
super_dtor                           F   (C:\Documents and Settings\Nicolas\Escritorio\microsdhacel\soft micros\Codigo\Librerias\OOC\ooc\ooc_hcs08_Data\Standard\ObjectCode\Object.c.o)
super_puto                           F   (C:\Documents and Settings\Nicolas\Escritorio\microsdhacel\soft micros\Codigo\Librerias\OOC\ooc\ooc_hcs08_Data\Standard\ObjectCode\Object.c.o)
write                                I   (C:\Documents and Settings\Nicolas\Escritorio\microsdhacel\soft micros\Codigo\Librerias\OOC\ooc\ooc_hcs08_Data\Standard\ObjectCode\Object.c.o)
write                                F   (C:\Documents and Settings\Nicolas\Escritorio\microsdhacel\soft micros\Codigo\Librerias\OOC\ooc\ooc_hcs08_Data\Standard\ObjectCode\OutputStream.c.o)
writeByte                            F   (C:\Documents and Settings\Nicolas\Escritorio\microsdhacel\soft micros\Codigo\Librerias\OOC\ooc\ooc_hcs08_Data\Standard\ObjectCode\OutputStream.c.o)
