Units and locations in library 'D:\Jony\HCS12\Librerias\OOC\lang\reflect\lib\reflect_bi.lib'
Unit name                                                                                      size     from       to
D:\Jony\HCS12\Librerias\OOC\lang\reflect\reflect_Data\C_Mb_no_float\ObjectCode\Method.c.o      8408      116     8524

EXPORTED OBJECTS
Method                   O   (D:\Jony\HCS12\Librerias\OOC\lang\reflect\reflect_Data\C_Mb_no_float\ObjectCode\Method.c.o)
Method_constructor       F   (D:\Jony\HCS12\Librerias\OOC\lang\reflect\reflect_Data\C_Mb_no_float\ObjectCode\Method.c.o)
Method_defConstructor    F   (D:\Jony\HCS12\Librerias\OOC\lang\reflect\reflect_Data\C_Mb_no_float\ObjectCode\Method.c.o)
Method_execute           F   (D:\Jony\HCS12\Librerias\OOC\lang\reflect\reflect_Data\C_Mb_no_float\ObjectCode\Method.c.o)
Method_getMethod         F   (D:\Jony\HCS12\Librerias\OOC\lang\reflect\reflect_Data\C_Mb_no_float\ObjectCode\Method.c.o)
Method_getObj            F   (D:\Jony\HCS12\Librerias\OOC\lang\reflect\reflect_Data\C_Mb_no_float\ObjectCode\Method.c.o)
Method_setMethod         F   (D:\Jony\HCS12\Librerias\OOC\lang\reflect\reflect_Data\C_Mb_no_float\ObjectCode\Method.c.o)
Object                   I   (D:\Jony\HCS12\Librerias\OOC\lang\reflect\reflect_Data\C_Mb_no_float\ObjectCode\Method.c.o)
