Units and locations in library 'C:\Documents and Settings\Jonathan\My Documents\micros dhacel\soft micros\Codigo\codigo portable\SD\lib\libHC12\lib\sd_hc12_si.lib'
Unit name        size     from       to
Fat.c.o         26595    18083    44678
SD.c.o          17895      188    18083
SDFat.cpp.o     12991    44678    57669

EXPORTED OBJECTS
FAT_Entry__FUsT0Uc               F   (Fat.c.o)
FAT_FileClose__Fv                F   (Fat.c.o)
FAT_FileClose__Fv                I   (SDFat.cpp.o)
FAT_FileNameOrganizer__FPUcT0    F   (Fat.c.o)
FAT_FileOpen__FPUcUc             F   (Fat.c.o)
FAT_FileOpen__FPUcUc             I   (SDFat.cpp.o)
FAT_FileRead__FPUc               F   (Fat.c.o)
FAT_FileRead__FPUc               I   (SDFat.cpp.o)
FAT_FileWrite__FPUcUl            F   (Fat.c.o)
FAT_FileWrite__FPUcUl            I   (SDFat.cpp.o)
FAT_Read_Master_Block__Fv        F   (Fat.c.o)
FAT_Read_Master_Block__Fv        I   (SDFat.cpp.o)
FAT_SearchAvailableFAT__FUs      F   (Fat.c.o)
LWordSwap__FUl                   F   (Fat.c.o)
RHandler                         O   (Fat.c.o)
SD_CLKDelay__FUc                 F   (SD.c.o)
SD_Init__FR4ISPIR5BitIn          F   (SD.c.o)
SD_Init__FR4ISPIR5BitIn          I   (SDFat.cpp.o)
SD_Read_Block__FUlPUc            I   (Fat.c.o)
SD_Read_Block__FUlPUc            F   (SD.c.o)
SD_SendCommand__FUcT0            F   (SD.c.o)
SD_Write_Block__FUlPUc           I   (Fat.c.o)
SD_Write_Block__FUlPUc           F   (SD.c.o)
WHandler                         O   (Fat.c.o)
_ISHRU                           I   (Fat.c.o)
_LDEC                            I   (Fat.c.o)
_LINC                            I   (Fat.c.o)
_LSHL                            I   (SD.c.o)
____vtbl__BitIn                  O   (Fat.c.o)
____vtbl__BitIn                  O   (SD.c.o)
____vtbl__BitIn                  O   (SDFat.cpp.o)
____vtbl__ISPI                   O   (Fat.c.o)
____vtbl__ISPI                   O   (SD.c.o)
____vtbl__ISPI                   O   (SDFat.cpp.o)
__as__4ISPIFRC4ISPI              F   (Fat.c.o)
__as__4ISPIFRC4ISPI              F   (SD.c.o)
__as__4ISPIFRC4ISPI              F   (SDFat.cpp.o)
__as__5BitInFRC5BitIn            F   (Fat.c.o)
__as__5BitInFRC5BitIn            F   (SD.c.o)
__as__5BitInFRC5BitIn            F   (SDFat.cpp.o)
__as__5SDFatFRC5SDFat            F   (SDFat.cpp.o)
__ct__4ISPIFRC4ISPI              F   (Fat.c.o)
__ct__4ISPIFRC4ISPI              F   (SD.c.o)
__ct__4ISPIFRC4ISPI              F   (SDFat.cpp.o)
__ct__4ISPIFv                    F   (Fat.c.o)
__ct__4ISPIFv                    F   (SD.c.o)
__ct__4ISPIFv                    F   (SDFat.cpp.o)
__ct__5BitInFRC5BitIn            F   (Fat.c.o)
__ct__5BitInFRC5BitIn            F   (SD.c.o)
__ct__5BitInFRC5BitIn            F   (SDFat.cpp.o)
__ct__5BitInFv                   F   (Fat.c.o)
__ct__5BitInFv                   F   (SD.c.o)
__ct__5BitInFv                   F   (SDFat.cpp.o)
__ct__5SDFatFR4ISPIR5BitIn       F   (SDFat.cpp.o)
__ct__5SDFatFRC5SDFat            F   (SDFat.cpp.o)
ag8FATReadBuffer                 O   (Fat.c.o)
ag8FATWriteBuffer                O   (Fat.c.o)
fileClose__5SDFatFv              F   (SDFat.cpp.o)
fileOpen__5SDFatFPUcUc           F   (SDFat.cpp.o)
fileRead__5SDFatFPUc             F   (SDFat.cpp.o)
fileWrite__5SDFatFPUcUl          F   (SDFat.cpp.o)
getBit__5BitInFv                 I   (SD.c.o)
gu8SD_Argument                   O   (SD.c.o)
highRate__4ISPIFv                I   (SD.c.o)
receiveByte__4ISPIFv             I   (SD.c.o)
sendByte__4ISPIFUc               I   (SD.c.o)
setSlaveSelect__4ISPIFUc         I   (SD.c.o)
u16FAT_Cluster_Size              O   (Fat.c.o)
u16FAT_Data_BASE                 O   (Fat.c.o)
u16FAT_FAT_BASE                  O   (Fat.c.o)
u16FAT_Root_BASE                 O   (Fat.c.o)
u16FAT_Sector_Size               O   (Fat.c.o)
u16Main_Offset                   O   (Fat.c.o)
