Units and locations in library 'D:\Jony\HCS12\Librerias\OOC\ooc\lib\oocbi.lib'
Unit name                                                                               size     from       to
D:\Jony\HCS12\Librerias\OOC\ooc\ooc_Data\C_Ms_no_float\ObjectCode\Object.c.o           23381      102    23483
D:\Jony\HCS12\Librerias\OOC\ooc\ooc_Data\C_Ms_no_float\ObjectCode\OutputStream.c.o     11073    23483    34556

EXPORTED OBJECTS
Class                     O   (D:\Jony\HCS12\Librerias\OOC\ooc\ooc_Data\C_Ms_no_float\ObjectCode\Object.c.o)
Object                    O   (D:\Jony\HCS12\Librerias\OOC\ooc\ooc_Data\C_Ms_no_float\ObjectCode\Object.c.o)
Object                    I   (D:\Jony\HCS12\Librerias\OOC\ooc\ooc_Data\C_Ms_no_float\ObjectCode\OutputStream.c.o)
Object_ctor               F   (D:\Jony\HCS12\Librerias\OOC\ooc\ooc_Data\C_Ms_no_float\ObjectCode\Object.c.o)
Object_ctor               I   (D:\Jony\HCS12\Librerias\OOC\ooc\ooc_Data\C_Ms_no_float\ObjectCode\OutputStream.c.o)
Object_differ             F   (D:\Jony\HCS12\Librerias\OOC\ooc\ooc_Data\C_Ms_no_float\ObjectCode\Object.c.o)
Object_differ             I   (D:\Jony\HCS12\Librerias\OOC\ooc\ooc_Data\C_Ms_no_float\ObjectCode\OutputStream.c.o)
Object_dtor               F   (D:\Jony\HCS12\Librerias\OOC\ooc\ooc_Data\C_Ms_no_float\ObjectCode\Object.c.o)
Object_dtor               I   (D:\Jony\HCS12\Librerias\OOC\ooc\ooc_Data\C_Ms_no_float\ObjectCode\OutputStream.c.o)
Object_puto               F   (D:\Jony\HCS12\Librerias\OOC\ooc\ooc_Data\C_Ms_no_float\ObjectCode\Object.c.o)
Object_puto               I   (D:\Jony\HCS12\Librerias\OOC\ooc\ooc_Data\C_Ms_no_float\ObjectCode\OutputStream.c.o)
OutputStream              O   (D:\Jony\HCS12\Librerias\OOC\ooc\ooc_Data\C_Ms_no_float\ObjectCode\OutputStream.c.o)
OutputStreamClass         O   (D:\Jony\HCS12\Librerias\OOC\ooc\ooc_Data\C_Ms_no_float\ObjectCode\OutputStream.c.o)
OutputStream_close        F   (D:\Jony\HCS12\Librerias\OOC\ooc\ooc_Data\C_Ms_no_float\ObjectCode\OutputStream.c.o)
OutputStream_flush        F   (D:\Jony\HCS12\Librerias\OOC\ooc\ooc_Data\C_Ms_no_float\ObjectCode\OutputStream.c.o)
OutputStream_write        F   (D:\Jony\HCS12\Librerias\OOC\ooc\ooc_Data\C_Ms_no_float\ObjectCode\OutputStream.c.o)
OutputStream_writeByte    F   (D:\Jony\HCS12\Librerias\OOC\ooc\ooc_Data\C_Ms_no_float\ObjectCode\OutputStream.c.o)
_assert                   I   (D:\Jony\HCS12\Librerias\OOC\ooc\ooc_Data\C_Ms_no_float\ObjectCode\Object.c.o)
_assert                   I   (D:\Jony\HCS12\Librerias\OOC\ooc\ooc_Data\C_Ms_no_float\ObjectCode\OutputStream.c.o)
channels                  I   (D:\Jony\HCS12\Librerias\OOC\ooc\ooc_Data\C_Ms_no_float\ObjectCode\Object.c.o)
classOf                   F   (D:\Jony\HCS12\Librerias\OOC\ooc\ooc_Data\C_Ms_no_float\ObjectCode\Object.c.o)
classOf                   I   (D:\Jony\HCS12\Librerias\OOC\ooc\ooc_Data\C_Ms_no_float\ObjectCode\OutputStream.c.o)
close                     F   (D:\Jony\HCS12\Librerias\OOC\ooc\ooc_Data\C_Ms_no_float\ObjectCode\OutputStream.c.o)
ctor                      F   (D:\Jony\HCS12\Librerias\OOC\ooc\ooc_Data\C_Ms_no_float\ObjectCode\Object.c.o)
delete                    F   (D:\Jony\HCS12\Librerias\OOC\ooc\ooc_Data\C_Ms_no_float\ObjectCode\Object.c.o)
deleteAlloced             F   (D:\Jony\HCS12\Librerias\OOC\ooc\ooc_Data\C_Ms_no_float\ObjectCode\Object.c.o)
deleteAndNil              F   (D:\Jony\HCS12\Librerias\OOC\ooc\ooc_Data\C_Ms_no_float\ObjectCode\Object.c.o)
differ                    F   (D:\Jony\HCS12\Librerias\OOC\ooc\ooc_Data\C_Ms_no_float\ObjectCode\Object.c.o)
dtor                      F   (D:\Jony\HCS12\Librerias\OOC\ooc\ooc_Data\C_Ms_no_float\ObjectCode\Object.c.o)
flush                     F   (D:\Jony\HCS12\Librerias\OOC\ooc\ooc_Data\C_Ms_no_float\ObjectCode\OutputStream.c.o)
fprintf                   I   (D:\Jony\HCS12\Librerias\OOC\ooc\ooc_Data\C_Ms_no_float\ObjectCode\Object.c.o)
free                      I   (D:\Jony\HCS12\Librerias\OOC\ooc\ooc_Data\C_Ms_no_float\ObjectCode\Object.c.o)
instanceOf                F   (D:\Jony\HCS12\Librerias\OOC\ooc\ooc_Data\C_Ms_no_float\ObjectCode\Object.c.o)
malloc                    I   (D:\Jony\HCS12\Librerias\OOC\ooc\ooc_Data\C_Ms_no_float\ObjectCode\Object.c.o)
memcpy                    I   (D:\Jony\HCS12\Librerias\OOC\ooc\ooc_Data\C_Ms_no_float\ObjectCode\Object.c.o)
new                       F   (D:\Jony\HCS12\Librerias\OOC\ooc\ooc_Data\C_Ms_no_float\ObjectCode\Object.c.o)
newAlloced                F   (D:\Jony\HCS12\Librerias\OOC\ooc\ooc_Data\C_Ms_no_float\ObjectCode\Object.c.o)
printf                    I   (D:\Jony\HCS12\Librerias\OOC\ooc\ooc_Data\C_Ms_no_float\ObjectCode\OutputStream.c.o)
puto                      F   (D:\Jony\HCS12\Librerias\OOC\ooc\ooc_Data\C_Ms_no_float\ObjectCode\Object.c.o)
sizeOf                    F   (D:\Jony\HCS12\Librerias\OOC\ooc\ooc_Data\C_Ms_no_float\ObjectCode\Object.c.o)
sprintf                   I   (D:\Jony\HCS12\Librerias\OOC\ooc\ooc_Data\C_Ms_no_float\ObjectCode\Object.c.o)
super                     F   (D:\Jony\HCS12\Librerias\OOC\ooc\ooc_Data\C_Ms_no_float\ObjectCode\Object.c.o)
super_ctor                F   (D:\Jony\HCS12\Librerias\OOC\ooc\ooc_Data\C_Ms_no_float\ObjectCode\Object.c.o)
super_differ              F   (D:\Jony\HCS12\Librerias\OOC\ooc\ooc_Data\C_Ms_no_float\ObjectCode\Object.c.o)
super_dtor                F   (D:\Jony\HCS12\Librerias\OOC\ooc\ooc_Data\C_Ms_no_float\ObjectCode\Object.c.o)
super_puto                F   (D:\Jony\HCS12\Librerias\OOC\ooc\ooc_Data\C_Ms_no_float\ObjectCode\Object.c.o)
write                     I   (D:\Jony\HCS12\Librerias\OOC\ooc\ooc_Data\C_Ms_no_float\ObjectCode\Object.c.o)
write                     F   (D:\Jony\HCS12\Librerias\OOC\ooc\ooc_Data\C_Ms_no_float\ObjectCode\OutputStream.c.o)
writeByte                 F   (D:\Jony\HCS12\Librerias\OOC\ooc\ooc_Data\C_Ms_no_float\ObjectCode\OutputStream.c.o)
