Units and locations in library 'D:\versionR51\microsdhacel\soft micros\Codigo\Librerias\OOC\ooc\lib\ooc.lib'
Unit name                                                                                                                                         size     from       to
D:\versionR51\microsdhacel\soft micros\Codigo\Librerias\OOC\ooc\ooc_hcs12_comp_cpp_Data\P&E_Multilink_CyclonePro\ObjectCode\Object.c.o           23773      135    23908
D:\versionR51\microsdhacel\soft micros\Codigo\Librerias\OOC\ooc\ooc_hcs12_comp_cpp_Data\P&E_Multilink_CyclonePro\ObjectCode\OutputStream.c.o     12941    23908    36849

EXPORTED OBJECTS
Class                     O   (D:\versionR51\microsdhacel\soft micros\Codigo\Librerias\OOC\ooc\ooc_hcs12_comp_cpp_Data\P&E_Multilink_CyclonePro\ObjectCode\Object.c.o)
Object                    O   (D:\versionR51\microsdhacel\soft micros\Codigo\Librerias\OOC\ooc\ooc_hcs12_comp_cpp_Data\P&E_Multilink_CyclonePro\ObjectCode\Object.c.o)
Object                    I   (D:\versionR51\microsdhacel\soft micros\Codigo\Librerias\OOC\ooc\ooc_hcs12_comp_cpp_Data\P&E_Multilink_CyclonePro\ObjectCode\OutputStream.c.o)
Object_ctor               F   (D:\versionR51\microsdhacel\soft micros\Codigo\Librerias\OOC\ooc\ooc_hcs12_comp_cpp_Data\P&E_Multilink_CyclonePro\ObjectCode\Object.c.o)
Object_ctor               I   (D:\versionR51\microsdhacel\soft micros\Codigo\Librerias\OOC\ooc\ooc_hcs12_comp_cpp_Data\P&E_Multilink_CyclonePro\ObjectCode\OutputStream.c.o)
Object_differ             F   (D:\versionR51\microsdhacel\soft micros\Codigo\Librerias\OOC\ooc\ooc_hcs12_comp_cpp_Data\P&E_Multilink_CyclonePro\ObjectCode\Object.c.o)
Object_differ             I   (D:\versionR51\microsdhacel\soft micros\Codigo\Librerias\OOC\ooc\ooc_hcs12_comp_cpp_Data\P&E_Multilink_CyclonePro\ObjectCode\OutputStream.c.o)
Object_dtor               F   (D:\versionR51\microsdhacel\soft micros\Codigo\Librerias\OOC\ooc\ooc_hcs12_comp_cpp_Data\P&E_Multilink_CyclonePro\ObjectCode\Object.c.o)
Object_dtor               I   (D:\versionR51\microsdhacel\soft micros\Codigo\Librerias\OOC\ooc\ooc_hcs12_comp_cpp_Data\P&E_Multilink_CyclonePro\ObjectCode\OutputStream.c.o)
Object_puto               F   (D:\versionR51\microsdhacel\soft micros\Codigo\Librerias\OOC\ooc\ooc_hcs12_comp_cpp_Data\P&E_Multilink_CyclonePro\ObjectCode\Object.c.o)
Object_puto               I   (D:\versionR51\microsdhacel\soft micros\Codigo\Librerias\OOC\ooc\ooc_hcs12_comp_cpp_Data\P&E_Multilink_CyclonePro\ObjectCode\OutputStream.c.o)
OutputStream              O   (D:\versionR51\microsdhacel\soft micros\Codigo\Librerias\OOC\ooc\ooc_hcs12_comp_cpp_Data\P&E_Multilink_CyclonePro\ObjectCode\OutputStream.c.o)
OutputStreamClass         O   (D:\versionR51\microsdhacel\soft micros\Codigo\Librerias\OOC\ooc\ooc_hcs12_comp_cpp_Data\P&E_Multilink_CyclonePro\ObjectCode\OutputStream.c.o)
OutputStream_close        F   (D:\versionR51\microsdhacel\soft micros\Codigo\Librerias\OOC\ooc\ooc_hcs12_comp_cpp_Data\P&E_Multilink_CyclonePro\ObjectCode\OutputStream.c.o)
OutputStream_flush        F   (D:\versionR51\microsdhacel\soft micros\Codigo\Librerias\OOC\ooc\ooc_hcs12_comp_cpp_Data\P&E_Multilink_CyclonePro\ObjectCode\OutputStream.c.o)
OutputStream_write        F   (D:\versionR51\microsdhacel\soft micros\Codigo\Librerias\OOC\ooc\ooc_hcs12_comp_cpp_Data\P&E_Multilink_CyclonePro\ObjectCode\OutputStream.c.o)
OutputStream_writeByte    F   (D:\versionR51\microsdhacel\soft micros\Codigo\Librerias\OOC\ooc\ooc_hcs12_comp_cpp_Data\P&E_Multilink_CyclonePro\ObjectCode\OutputStream.c.o)
_assert                   I   (D:\versionR51\microsdhacel\soft micros\Codigo\Librerias\OOC\ooc\ooc_hcs12_comp_cpp_Data\P&E_Multilink_CyclonePro\ObjectCode\Object.c.o)
_assert                   I   (D:\versionR51\microsdhacel\soft micros\Codigo\Librerias\OOC\ooc\ooc_hcs12_comp_cpp_Data\P&E_Multilink_CyclonePro\ObjectCode\OutputStream.c.o)
_delete                   F   (D:\versionR51\microsdhacel\soft micros\Codigo\Librerias\OOC\ooc\ooc_hcs12_comp_cpp_Data\P&E_Multilink_CyclonePro\ObjectCode\Object.c.o)
_new                      F   (D:\versionR51\microsdhacel\soft micros\Codigo\Librerias\OOC\ooc\ooc_hcs12_comp_cpp_Data\P&E_Multilink_CyclonePro\ObjectCode\Object.c.o)
channels                  I   (D:\versionR51\microsdhacel\soft micros\Codigo\Librerias\OOC\ooc\ooc_hcs12_comp_cpp_Data\P&E_Multilink_CyclonePro\ObjectCode\Object.c.o)
classOf                   F   (D:\versionR51\microsdhacel\soft micros\Codigo\Librerias\OOC\ooc\ooc_hcs12_comp_cpp_Data\P&E_Multilink_CyclonePro\ObjectCode\Object.c.o)
classOf                   I   (D:\versionR51\microsdhacel\soft micros\Codigo\Librerias\OOC\ooc\ooc_hcs12_comp_cpp_Data\P&E_Multilink_CyclonePro\ObjectCode\OutputStream.c.o)
close                     F   (D:\versionR51\microsdhacel\soft micros\Codigo\Librerias\OOC\ooc\ooc_hcs12_comp_cpp_Data\P&E_Multilink_CyclonePro\ObjectCode\OutputStream.c.o)
ctor                      F   (D:\versionR51\microsdhacel\soft micros\Codigo\Librerias\OOC\ooc\ooc_hcs12_comp_cpp_Data\P&E_Multilink_CyclonePro\ObjectCode\Object.c.o)
deleteAlloced             F   (D:\versionR51\microsdhacel\soft micros\Codigo\Librerias\OOC\ooc\ooc_hcs12_comp_cpp_Data\P&E_Multilink_CyclonePro\ObjectCode\Object.c.o)
deleteAndNil              F   (D:\versionR51\microsdhacel\soft micros\Codigo\Librerias\OOC\ooc\ooc_hcs12_comp_cpp_Data\P&E_Multilink_CyclonePro\ObjectCode\Object.c.o)
differ                    F   (D:\versionR51\microsdhacel\soft micros\Codigo\Librerias\OOC\ooc\ooc_hcs12_comp_cpp_Data\P&E_Multilink_CyclonePro\ObjectCode\Object.c.o)
dtor                      F   (D:\versionR51\microsdhacel\soft micros\Codigo\Librerias\OOC\ooc\ooc_hcs12_comp_cpp_Data\P&E_Multilink_CyclonePro\ObjectCode\Object.c.o)
flush                     F   (D:\versionR51\microsdhacel\soft micros\Codigo\Librerias\OOC\ooc\ooc_hcs12_comp_cpp_Data\P&E_Multilink_CyclonePro\ObjectCode\OutputStream.c.o)
fprintf                   I   (D:\versionR51\microsdhacel\soft micros\Codigo\Librerias\OOC\ooc\ooc_hcs12_comp_cpp_Data\P&E_Multilink_CyclonePro\ObjectCode\Object.c.o)
free                      I   (D:\versionR51\microsdhacel\soft micros\Codigo\Librerias\OOC\ooc\ooc_hcs12_comp_cpp_Data\P&E_Multilink_CyclonePro\ObjectCode\Object.c.o)
instanceOf                F   (D:\versionR51\microsdhacel\soft micros\Codigo\Librerias\OOC\ooc\ooc_hcs12_comp_cpp_Data\P&E_Multilink_CyclonePro\ObjectCode\Object.c.o)
malloc                    I   (D:\versionR51\microsdhacel\soft micros\Codigo\Librerias\OOC\ooc\ooc_hcs12_comp_cpp_Data\P&E_Multilink_CyclonePro\ObjectCode\Object.c.o)
memcpy                    I   (D:\versionR51\microsdhacel\soft micros\Codigo\Librerias\OOC\ooc\ooc_hcs12_comp_cpp_Data\P&E_Multilink_CyclonePro\ObjectCode\Object.c.o)
newAlloced                F   (D:\versionR51\microsdhacel\soft micros\Codigo\Librerias\OOC\ooc\ooc_hcs12_comp_cpp_Data\P&E_Multilink_CyclonePro\ObjectCode\Object.c.o)
printf                    I   (D:\versionR51\microsdhacel\soft micros\Codigo\Librerias\OOC\ooc\ooc_hcs12_comp_cpp_Data\P&E_Multilink_CyclonePro\ObjectCode\OutputStream.c.o)
puto                      F   (D:\versionR51\microsdhacel\soft micros\Codigo\Librerias\OOC\ooc\ooc_hcs12_comp_cpp_Data\P&E_Multilink_CyclonePro\ObjectCode\Object.c.o)
sizeOf                    F   (D:\versionR51\microsdhacel\soft micros\Codigo\Librerias\OOC\ooc\ooc_hcs12_comp_cpp_Data\P&E_Multilink_CyclonePro\ObjectCode\Object.c.o)
sprintf                   I   (D:\versionR51\microsdhacel\soft micros\Codigo\Librerias\OOC\ooc\ooc_hcs12_comp_cpp_Data\P&E_Multilink_CyclonePro\ObjectCode\Object.c.o)
super                     F   (D:\versionR51\microsdhacel\soft micros\Codigo\Librerias\OOC\ooc\ooc_hcs12_comp_cpp_Data\P&E_Multilink_CyclonePro\ObjectCode\Object.c.o)
super_ctor                F   (D:\versionR51\microsdhacel\soft micros\Codigo\Librerias\OOC\ooc\ooc_hcs12_comp_cpp_Data\P&E_Multilink_CyclonePro\ObjectCode\Object.c.o)
super_differ              F   (D:\versionR51\microsdhacel\soft micros\Codigo\Librerias\OOC\ooc\ooc_hcs12_comp_cpp_Data\P&E_Multilink_CyclonePro\ObjectCode\Object.c.o)
super_dtor                F   (D:\versionR51\microsdhacel\soft micros\Codigo\Librerias\OOC\ooc\ooc_hcs12_comp_cpp_Data\P&E_Multilink_CyclonePro\ObjectCode\Object.c.o)
super_puto                F   (D:\versionR51\microsdhacel\soft micros\Codigo\Librerias\OOC\ooc\ooc_hcs12_comp_cpp_Data\P&E_Multilink_CyclonePro\ObjectCode\Object.c.o)
write                     I   (D:\versionR51\microsdhacel\soft micros\Codigo\Librerias\OOC\ooc\ooc_hcs12_comp_cpp_Data\P&E_Multilink_CyclonePro\ObjectCode\Object.c.o)
write                     F   (D:\versionR51\microsdhacel\soft micros\Codigo\Librerias\OOC\ooc\ooc_hcs12_comp_cpp_Data\P&E_Multilink_CyclonePro\ObjectCode\OutputStream.c.o)
writeByte                 F   (D:\versionR51\microsdhacel\soft micros\Codigo\Librerias\OOC\ooc\ooc_hcs12_comp_cpp_Data\P&E_Multilink_CyclonePro\ObjectCode\OutputStream.c.o)
