Units and locations in library 'C:\Documents and Settings\Nicolas\Escritorio\microsdhacel\soft micros\Codigo\Librerias\OOC\lang\reflect\lib\reflect_hcs08.lib'
Unit name                                                                                                                                                      size     from       to
C:\Documents and Settings\Nicolas\Escritorio\microsdhacel\soft micros\Codigo\Librerias\OOC\lang\reflect\reflect_hcs08_Data\Standard\ObjectCode\Method.c.o     10292      185    10477
C:\Documents and Settings\Nicolas\Escritorio\microsdhacel\soft micros\Codigo\Librerias\OOC\ooc\ooc_hcs08_Data\Standard\ObjectCode\Object.c.o                  29753    24386    54139
C:\Documents and Settings\Nicolas\Escritorio\microsdhacel\soft micros\Codigo\Librerias\OOC\ooc\ooc_hcs08_Data\Standard\ObjectCode\OutputStream.c.o            13909    10477    24386

EXPORTED OBJECTS
Class                     O   (C:\Documents and Settings\Nicolas\Escritorio\microsdhacel\soft micros\Codigo\Librerias\OOC\ooc\ooc_hcs08_Data\Standard\ObjectCode\Object.c.o)
Method                    O   (C:\Documents and Settings\Nicolas\Escritorio\microsdhacel\soft micros\Codigo\Librerias\OOC\lang\reflect\reflect_hcs08_Data\Standard\ObjectCode\Method.c.o)
Method_constructor        F   (C:\Documents and Settings\Nicolas\Escritorio\microsdhacel\soft micros\Codigo\Librerias\OOC\lang\reflect\reflect_hcs08_Data\Standard\ObjectCode\Method.c.o)
Method_defConstructor     F   (C:\Documents and Settings\Nicolas\Escritorio\microsdhacel\soft micros\Codigo\Librerias\OOC\lang\reflect\reflect_hcs08_Data\Standard\ObjectCode\Method.c.o)
Method_execute            F   (C:\Documents and Settings\Nicolas\Escritorio\microsdhacel\soft micros\Codigo\Librerias\OOC\lang\reflect\reflect_hcs08_Data\Standard\ObjectCode\Method.c.o)
Method_getMethod          F   (C:\Documents and Settings\Nicolas\Escritorio\microsdhacel\soft micros\Codigo\Librerias\OOC\lang\reflect\reflect_hcs08_Data\Standard\ObjectCode\Method.c.o)
Method_getObj             F   (C:\Documents and Settings\Nicolas\Escritorio\microsdhacel\soft micros\Codigo\Librerias\OOC\lang\reflect\reflect_hcs08_Data\Standard\ObjectCode\Method.c.o)
Method_setMethod          F   (C:\Documents and Settings\Nicolas\Escritorio\microsdhacel\soft micros\Codigo\Librerias\OOC\lang\reflect\reflect_hcs08_Data\Standard\ObjectCode\Method.c.o)
Object                    I   (C:\Documents and Settings\Nicolas\Escritorio\microsdhacel\soft micros\Codigo\Librerias\OOC\lang\reflect\reflect_hcs08_Data\Standard\ObjectCode\Method.c.o)
Object                    O   (C:\Documents and Settings\Nicolas\Escritorio\microsdhacel\soft micros\Codigo\Librerias\OOC\ooc\ooc_hcs08_Data\Standard\ObjectCode\Object.c.o)
Object                    I   (C:\Documents and Settings\Nicolas\Escritorio\microsdhacel\soft micros\Codigo\Librerias\OOC\ooc\ooc_hcs08_Data\Standard\ObjectCode\OutputStream.c.o)
Object_ctor               F   (C:\Documents and Settings\Nicolas\Escritorio\microsdhacel\soft micros\Codigo\Librerias\OOC\ooc\ooc_hcs08_Data\Standard\ObjectCode\Object.c.o)
Object_ctor               I   (C:\Documents and Settings\Nicolas\Escritorio\microsdhacel\soft micros\Codigo\Librerias\OOC\ooc\ooc_hcs08_Data\Standard\ObjectCode\OutputStream.c.o)
Object_differ             F   (C:\Documents and Settings\Nicolas\Escritorio\microsdhacel\soft micros\Codigo\Librerias\OOC\ooc\ooc_hcs08_Data\Standard\ObjectCode\Object.c.o)
Object_differ             I   (C:\Documents and Settings\Nicolas\Escritorio\microsdhacel\soft micros\Codigo\Librerias\OOC\ooc\ooc_hcs08_Data\Standard\ObjectCode\OutputStream.c.o)
Object_dtor               F   (C:\Documents and Settings\Nicolas\Escritorio\microsdhacel\soft micros\Codigo\Librerias\OOC\ooc\ooc_hcs08_Data\Standard\ObjectCode\Object.c.o)
Object_dtor               I   (C:\Documents and Settings\Nicolas\Escritorio\microsdhacel\soft micros\Codigo\Librerias\OOC\ooc\ooc_hcs08_Data\Standard\ObjectCode\OutputStream.c.o)
Object_puto               F   (C:\Documents and Settings\Nicolas\Escritorio\microsdhacel\soft micros\Codigo\Librerias\OOC\ooc\ooc_hcs08_Data\Standard\ObjectCode\Object.c.o)
Object_puto               I   (C:\Documents and Settings\Nicolas\Escritorio\microsdhacel\soft micros\Codigo\Librerias\OOC\ooc\ooc_hcs08_Data\Standard\ObjectCode\OutputStream.c.o)
OutputStream              O   (C:\Documents and Settings\Nicolas\Escritorio\microsdhacel\soft micros\Codigo\Librerias\OOC\ooc\ooc_hcs08_Data\Standard\ObjectCode\OutputStream.c.o)
OutputStreamClass         O   (C:\Documents and Settings\Nicolas\Escritorio\microsdhacel\soft micros\Codigo\Librerias\OOC\ooc\ooc_hcs08_Data\Standard\ObjectCode\OutputStream.c.o)
OutputStream_close        F   (C:\Documents and Settings\Nicolas\Escritorio\microsdhacel\soft micros\Codigo\Librerias\OOC\ooc\ooc_hcs08_Data\Standard\ObjectCode\OutputStream.c.o)
OutputStream_flush        F   (C:\Documents and Settings\Nicolas\Escritorio\microsdhacel\soft micros\Codigo\Librerias\OOC\ooc\ooc_hcs08_Data\Standard\ObjectCode\OutputStream.c.o)
OutputStream_write        F   (C:\Documents and Settings\Nicolas\Escritorio\microsdhacel\soft micros\Codigo\Librerias\OOC\ooc\ooc_hcs08_Data\Standard\ObjectCode\OutputStream.c.o)
OutputStream_writeByte    F   (C:\Documents and Settings\Nicolas\Escritorio\microsdhacel\soft micros\Codigo\Librerias\OOC\ooc\ooc_hcs08_Data\Standard\ObjectCode\OutputStream.c.o)
_CALL_STAR08              I   (C:\Documents and Settings\Nicolas\Escritorio\microsdhacel\soft micros\Codigo\Librerias\OOC\lang\reflect\reflect_hcs08_Data\Standard\ObjectCode\Method.c.o)
_CALL_STAR08              I   (C:\Documents and Settings\Nicolas\Escritorio\microsdhacel\soft micros\Codigo\Librerias\OOC\ooc\ooc_hcs08_Data\Standard\ObjectCode\Object.c.o)
_CALL_STAR08              I   (C:\Documents and Settings\Nicolas\Escritorio\microsdhacel\soft micros\Codigo\Librerias\OOC\ooc\ooc_hcs08_Data\Standard\ObjectCode\OutputStream.c.o)
_assert                   I   (C:\Documents and Settings\Nicolas\Escritorio\microsdhacel\soft micros\Codigo\Librerias\OOC\ooc\ooc_hcs08_Data\Standard\ObjectCode\Object.c.o)
_assert                   I   (C:\Documents and Settings\Nicolas\Escritorio\microsdhacel\soft micros\Codigo\Librerias\OOC\ooc\ooc_hcs08_Data\Standard\ObjectCode\OutputStream.c.o)
channels                  I   (C:\Documents and Settings\Nicolas\Escritorio\microsdhacel\soft micros\Codigo\Librerias\OOC\ooc\ooc_hcs08_Data\Standard\ObjectCode\Object.c.o)
classOf                   F   (C:\Documents and Settings\Nicolas\Escritorio\microsdhacel\soft micros\Codigo\Librerias\OOC\ooc\ooc_hcs08_Data\Standard\ObjectCode\Object.c.o)
classOf                   I   (C:\Documents and Settings\Nicolas\Escritorio\microsdhacel\soft micros\Codigo\Librerias\OOC\ooc\ooc_hcs08_Data\Standard\ObjectCode\OutputStream.c.o)
close                     F   (C:\Documents and Settings\Nicolas\Escritorio\microsdhacel\soft micros\Codigo\Librerias\OOC\ooc\ooc_hcs08_Data\Standard\ObjectCode\OutputStream.c.o)
ctor                      F   (C:\Documents and Settings\Nicolas\Escritorio\microsdhacel\soft micros\Codigo\Librerias\OOC\ooc\ooc_hcs08_Data\Standard\ObjectCode\Object.c.o)
delete                    F   (C:\Documents and Settings\Nicolas\Escritorio\microsdhacel\soft micros\Codigo\Librerias\OOC\ooc\ooc_hcs08_Data\Standard\ObjectCode\Object.c.o)
deleteAlloced             F   (C:\Documents and Settings\Nicolas\Escritorio\microsdhacel\soft micros\Codigo\Librerias\OOC\ooc\ooc_hcs08_Data\Standard\ObjectCode\Object.c.o)
deleteAndNil              F   (C:\Documents and Settings\Nicolas\Escritorio\microsdhacel\soft micros\Codigo\Librerias\OOC\ooc\ooc_hcs08_Data\Standard\ObjectCode\Object.c.o)
differ                    F   (C:\Documents and Settings\Nicolas\Escritorio\microsdhacel\soft micros\Codigo\Librerias\OOC\ooc\ooc_hcs08_Data\Standard\ObjectCode\Object.c.o)
dtor                      F   (C:\Documents and Settings\Nicolas\Escritorio\microsdhacel\soft micros\Codigo\Librerias\OOC\ooc\ooc_hcs08_Data\Standard\ObjectCode\Object.c.o)
flush                     F   (C:\Documents and Settings\Nicolas\Escritorio\microsdhacel\soft micros\Codigo\Librerias\OOC\ooc\ooc_hcs08_Data\Standard\ObjectCode\OutputStream.c.o)
fprintf                   I   (C:\Documents and Settings\Nicolas\Escritorio\microsdhacel\soft micros\Codigo\Librerias\OOC\ooc\ooc_hcs08_Data\Standard\ObjectCode\Object.c.o)
free                      I   (C:\Documents and Settings\Nicolas\Escritorio\microsdhacel\soft micros\Codigo\Librerias\OOC\ooc\ooc_hcs08_Data\Standard\ObjectCode\Object.c.o)
instanceOf                F   (C:\Documents and Settings\Nicolas\Escritorio\microsdhacel\soft micros\Codigo\Librerias\OOC\ooc\ooc_hcs08_Data\Standard\ObjectCode\Object.c.o)
malloc                    I   (C:\Documents and Settings\Nicolas\Escritorio\microsdhacel\soft micros\Codigo\Librerias\OOC\ooc\ooc_hcs08_Data\Standard\ObjectCode\Object.c.o)
memcpy                    I   (C:\Documents and Settings\Nicolas\Escritorio\microsdhacel\soft micros\Codigo\Librerias\OOC\ooc\ooc_hcs08_Data\Standard\ObjectCode\Object.c.o)
new                       F   (C:\Documents and Settings\Nicolas\Escritorio\microsdhacel\soft micros\Codigo\Librerias\OOC\ooc\ooc_hcs08_Data\Standard\ObjectCode\Object.c.o)
newAlloced                F   (C:\Documents and Settings\Nicolas\Escritorio\microsdhacel\soft micros\Codigo\Librerias\OOC\ooc\ooc_hcs08_Data\Standard\ObjectCode\Object.c.o)
printf                    I   (C:\Documents and Settings\Nicolas\Escritorio\microsdhacel\soft micros\Codigo\Librerias\OOC\ooc\ooc_hcs08_Data\Standard\ObjectCode\OutputStream.c.o)
puto                      F   (C:\Documents and Settings\Nicolas\Escritorio\microsdhacel\soft micros\Codigo\Librerias\OOC\ooc\ooc_hcs08_Data\Standard\ObjectCode\Object.c.o)
sizeOf                    F   (C:\Documents and Settings\Nicolas\Escritorio\microsdhacel\soft micros\Codigo\Librerias\OOC\ooc\ooc_hcs08_Data\Standard\ObjectCode\Object.c.o)
sprintf                   I   (C:\Documents and Settings\Nicolas\Escritorio\microsdhacel\soft micros\Codigo\Librerias\OOC\ooc\ooc_hcs08_Data\Standard\ObjectCode\Object.c.o)
super                     F   (C:\Documents and Settings\Nicolas\Escritorio\microsdhacel\soft micros\Codigo\Librerias\OOC\ooc\ooc_hcs08_Data\Standard\ObjectCode\Object.c.o)
super_ctor                F   (C:\Documents and Settings\Nicolas\Escritorio\microsdhacel\soft micros\Codigo\Librerias\OOC\ooc\ooc_hcs08_Data\Standard\ObjectCode\Object.c.o)
super_differ              F   (C:\Documents and Settings\Nicolas\Escritorio\microsdhacel\soft micros\Codigo\Librerias\OOC\ooc\ooc_hcs08_Data\Standard\ObjectCode\Object.c.o)
super_dtor                F   (C:\Documents and Settings\Nicolas\Escritorio\microsdhacel\soft micros\Codigo\Librerias\OOC\ooc\ooc_hcs08_Data\Standard\ObjectCode\Object.c.o)
super_puto                F   (C:\Documents and Settings\Nicolas\Escritorio\microsdhacel\soft micros\Codigo\Librerias\OOC\ooc\ooc_hcs08_Data\Standard\ObjectCode\Object.c.o)
write                     I   (C:\Documents and Settings\Nicolas\Escritorio\microsdhacel\soft micros\Codigo\Librerias\OOC\ooc\ooc_hcs08_Data\Standard\ObjectCode\Object.c.o)
write                     F   (C:\Documents and Settings\Nicolas\Escritorio\microsdhacel\soft micros\Codigo\Librerias\OOC\ooc\ooc_hcs08_Data\Standard\ObjectCode\OutputStream.c.o)
writeByte                 F   (C:\Documents and Settings\Nicolas\Escritorio\microsdhacel\soft micros\Codigo\Librerias\OOC\ooc\ooc_hcs08_Data\Standard\ObjectCode\OutputStream.c.o)
