
PROGRAM "D:\versionR51\microsdhacel\soft micros\Codigo\HC12_CPP\pruebas\sensor\test_sensor\bin\Project.abs"

*********************************************************************************************
TARGET SECTION
---------------------------------------------------------------------------------------------
Processor   : Freescale HC12
Memory Model: SMALL
File Format : ELF\DWARF 2.0
Linker      : SmartLinker V-5.0.36 Build 9056, Feb 26 2009

*********************************************************************************************
FILE SECTION
---------------------------------------------------------------------------------------------
main.cpp.o                              Model: SMALL,         Lang: C++
datapage.c.o                            Model: SMALL,         Lang: C++
Start12.cpp.o                           Model: SMALL,         Lang: C++
ASSERT.C.o (ansisi.lib)                 Model: SMALL,         Lang: ANSI-C
EMBEDDED.C.o (ansisi.lib)               Model: SMALL,         Lang: ANSI-C
HEAP.C.o (ansisi.lib)                   Model: SMALL,         Lang: ANSI-C
PRINTF.C.o (ansisi.lib)                 Model: SMALL,         Lang: ANSI-C
ALLOC.C.o (ansisi.lib)                  Model: SMALL,         Lang: ANSI-C
rtshc12.c.o (ansisi.lib)                Model: SMALL,         Lang: ANSI-C
NEW.CPP.o (cppsi.lib)                   Model: SMALL,         Lang: C++
Adc.cpp.o                               Model: SMALL,         Lang: C++
Sensor.cpp.o                            Model: SMALL,         Lang: C++
SensorTermoPT100.cpp.o                  Model: SMALL,         Lang: C++
D:\Jony\HCS12\Librerias\OOC\lang\reflect\reflect_Data\C_Ms_no_float\ObjectCode\Method.c.o (reflect_si.lib)Model: SMALL,         Lang: ANSI-C
Timer.c.o                               Model: SMALL,         Lang: C++
D:\versionR51\microsdhacel\soft micros\Codigo\Librerias\OOC\util\util_hcs12_cpp_Data\C++_Ms_no_float\ObjectCode\LinkedList.cpp.o (util_cpp_si.lib)Model: SMALL,         Lang: C++
D:\versionR51\microsdhacel\soft micros\Codigo\Librerias\OOC\util\util_hcs12_cpp_Data\C++_Ms_no_float\ObjectCode\nodo.cpp.o (util_cpp_si.lib)Model: SMALL,         Lang: C++
D:\versionR51\microsdhacel\soft micros\Codigo\Librerias\OOC\ooc\ooc_hcs12_comp_cpp_Data\C_Ms_no_float\ObjectCode\Object.c.o (util_cpp_si.lib)Model: SMALL,         Lang: C++
D:\versionR51\microsdhacel\soft micros\Codigo\Librerias\OOC\ooc\ooc_hcs12_comp_cpp_Data\C_Ms_no_float\ObjectCode\OutStream.c.o (util_cpp_si.lib)Model: SMALL,         Lang: C++
BaseTimers_1ms_40ms.cpp.o               Model: SMALL,         Lang: C++
BaseTimers.cpp.o                        Model: SMALL,         Lang: C++
timer_interrupt.c.o                     Model: SMALL,         Lang: C++
MethodContainer.cpp.o                   Model: SMALL,         Lang: C++
Sensores.c.o                            Model: SMALL,         Lang: C++
SearchLib.c.o                           Model: SMALL,         Lang: C++
ADC.c.o                                 Model: SMALL,         Lang: C++
ADC1.c.o                                Model: SMALL,         Lang: C++
Cpu.c.o                                 Model: SMALL,         Lang: C++
TI1.c.o                                 Model: SMALL,         Lang: C++
funciones.c.o                           Model: SMALL,         Lang: C++
IO_Map.c.o                              Model: SMALL,         Lang: C++
PTSL.c.o                                Model: SMALL,         Lang: C++
PlataformaEmbedded.cpp.o                Model: SMALL,         Lang: C++
Termometro.cpp.o                        Model: SMALL,         Lang: C++
ThreadAttachable.cpp.o                  Model: SMALL,         Lang: C++
PromBkp.c.o                             Model: SMALL,         Lang: C++
display_teclas.c.o                      Model: SMALL,         Lang: C++
TimerFlag.c.o                           Model: SMALL,         Lang: C++
teclas.c.o                              Model: SMALL,         Lang: C++
RamSimulaFlash.c.o                      Model: SMALL,         Lang: C++
AS1.c.o                                 Model: SMALL,         Lang: C++
termio1.c.o                             Model: SMALL,         Lang: C++
str_lib.c.o                             Model: SMALL,         Lang: C++
Vectors.c.o                             Model: SMALL,         Lang: C++
MethodTimer.c.o                         Model: SMALL,         Lang: C++
D:\PRINTER\Librerias\OOC\ooc\ooc_hcs12_cpp_Data\P&E_Multilink_CyclonePro\ObjectCode\OutputStream.cpp.o (ooc_hcs12_cpp.lib)Model: SMALL,         Lang: C++
Math.c.o                                Model: SMALL,         Lang: C++

*********************************************************************************************
STARTUP SECTION
---------------------------------------------------------------------------------------------
Entry point: 0x4832 (_EntryPoint)
_startupData is allocated at 0x4861 and uses 14 Bytes
extern struct _tagStartup {
  unsigned nofZeroOut     1
  _Range   pZeroOut       0x1000     567
  _Copy    *toCopyDownBeg 0x6B58
  int      nofInitBodies  2
  _Cpp     *initBodies    0x4873
  int      nofFiniBodies  2
  _Cpp     *finiBodies    0x4877
} _startupData;

*********************************************************************************************
SECTION-ALLOCATION SECTION
Section Name                    Size  Type     From       To       Segment
---------------------------------------------------------------------------------------------
.data                              1   R/W     0x1000     0x1000   RAM_1000
PARAMETERS_PAGE                   18     R     0x4000     0x4011   ROM_4000
.init                             79     R     0x4812     0x4860   ROM_4600
.startData                        26     R     0x4861     0x487A   ROM_4600
.rodata                          724     R     0x487B     0x4B4E   ROM_4600
.rodata1                         234     R     0x4B4F     0x4C38   ROM_4600
NON_BANKED                       247     R     0x4C39     0x4D2F   ROM_4600
.text                           5072     R     0x4D30     0x60FF   ROM_4600
.copy                              7     R     0x6B58     0x6B5E   ROM_4600
.abs_section_8                     1   N/I        0x8        0x8   .absSeg0
.abs_section_9                     1   N/I        0x9        0x9   .absSeg1
.abs_section_a                     1   N/I        0xA        0xA   .absSeg2
.abs_section_b                     1   N/I        0xB        0xB   .absSeg3
.abs_section_c                     1   N/I        0xC        0xC   .absSeg4
.abs_section_d                     1   N/I        0xD        0xD   .absSeg5
.abs_section_e                     1   N/I        0xE        0xE   .absSeg6
.abs_section_10                    1   N/I       0x10       0x10   .absSeg7
.abs_section_11                    1   N/I       0x11       0x11   .absSeg8
.abs_section_13                    1   N/I       0x13       0x13   .absSeg9
.abs_section_15                    1   N/I       0x15       0x15   .absSeg10
.abs_section_16                    1   N/I       0x16       0x16   .absSeg11
.abs_section_19                    1   N/I       0x19       0x19   .absSeg12
.abs_section_1c                    1   N/I       0x1C       0x1C   .absSeg13
.abs_section_1d                    1   N/I       0x1D       0x1D   .absSeg14
.abs_section_1e                    1   N/I       0x1E       0x1E   .absSeg15
.abs_section_1f                    1   N/I       0x1F       0x1F   .absSeg16
.abs_section_20                    1   N/I       0x20       0x20   .absSeg17
.abs_section_21                    1   N/I       0x21       0x21   .absSeg18
.abs_section_24                    1   N/I       0x24       0x24   .absSeg19
.abs_section_25                    1   N/I       0x25       0x25   .absSeg20
.abs_section_28                    1   N/I       0x28       0x28   .absSeg21
.abs_section_29                    1   N/I       0x29       0x29   .absSeg22
.abs_section_2a                    1   N/I       0x2A       0x2A   .absSeg23
.abs_section_2d                    1   N/I       0x2D       0x2D   .absSeg24
.abs_section_30                    1   N/I       0x30       0x30   .absSeg25
.abs_section_34                    1   N/I       0x34       0x34   .absSeg26
.abs_section_35                    1   N/I       0x35       0x35   .absSeg27
.abs_section_37                    1   N/I       0x37       0x37   .absSeg28
.abs_section_38                    1   N/I       0x38       0x38   .absSeg29
.abs_section_39                    1   N/I       0x39       0x39   .absSeg30
.abs_section_3a                    1   N/I       0x3A       0x3A   .absSeg31
.abs_section_3b                    1   N/I       0x3B       0x3B   .absSeg32
.abs_section_3c                    1   N/I       0x3C       0x3C   .absSeg33
.abs_section_3f                    1   N/I       0x3F       0x3F   .absSeg34
.abs_section_40                    1   N/I       0x40       0x40   .absSeg35
.abs_section_41                    1   N/I       0x41       0x41   .absSeg36
.abs_section_42                    1   N/I       0x42       0x42   .absSeg37
.abs_section_43                    1   N/I       0x43       0x43   .absSeg38
.abs_section_46                    1   N/I       0x46       0x46   .absSeg39
.abs_section_47                    1   N/I       0x47       0x47   .absSeg40
.abs_section_48                    1   N/I       0x48       0x48   .absSeg41
.abs_section_49                    1   N/I       0x49       0x49   .absSeg42
.abs_section_4a                    1   N/I       0x4A       0x4A   .absSeg43
.abs_section_4b                    1   N/I       0x4B       0x4B   .absSeg44
.abs_section_4c                    1   N/I       0x4C       0x4C   .absSeg45
.abs_section_4d                    1   N/I       0x4D       0x4D   .absSeg46
.abs_section_4e                    1   N/I       0x4E       0x4E   .absSeg47
.abs_section_4f                    1   N/I       0x4F       0x4F   .absSeg48
.abs_section_60                    1   N/I       0x60       0x60   .absSeg49
.abs_section_61                    1   N/I       0x61       0x61   .absSeg50
.abs_section_86                    1   N/I       0x86       0x86   .absSeg51
.abs_section_89                    1   N/I       0x89       0x89   .absSeg52
.abs_section_8b                    1   N/I       0x8B       0x8B   .absSeg53
.abs_section_8d                    1   N/I       0x8D       0x8D   .absSeg54
.abs_section_8f                    1   N/I       0x8F       0x8F   .absSeg55
.abs_section_ca                    1   N/I       0xCA       0xCA   .absSeg56
.abs_section_cb                    1   N/I       0xCB       0xCB   .absSeg57
.abs_section_cc                    1   N/I       0xCC       0xCC   .absSeg58
.abs_section_cd                    1   N/I       0xCD       0xCD   .absSeg59
.abs_section_ce                    1   N/I       0xCE       0xCE   .absSeg60
.abs_section_cf                    1   N/I       0xCF       0xCF   .absSeg61
.abs_section_d8                    1   N/I       0xD8       0xD8   .absSeg62
.abs_section_d9                    1   N/I       0xD9       0xD9   .absSeg63
.abs_section_da                    1   N/I       0xDA       0xDA   .absSeg64
.abs_section_db                    1   N/I       0xDB       0xDB   .absSeg65
.abs_section_dd                    1   N/I       0xDD       0xDD   .absSeg66
.abs_section_e0                    1   N/I       0xE0       0xE0   .absSeg67
.abs_section_e1                    1   N/I       0xE1       0xE1   .absSeg68
.abs_section_e2                    1   N/I       0xE2       0xE2   .absSeg69
.abs_section_e3                    1   N/I       0xE3       0xE3   .absSeg70
.abs_section_e4                    1   N/I       0xE4       0xE4   .absSeg71
.abs_section_e5                    1   N/I       0xE5       0xE5   .absSeg72
.abs_section_e8                    1   N/I       0xE8       0xE8   .absSeg73
.abs_section_e9                    1   N/I       0xE9       0xE9   .absSeg74
.abs_section_fe                    1   N/I       0xFE       0xFE   .absSeg75
.abs_section_100                   1   N/I      0x100      0x100   .absSeg76
.abs_section_101                   1   N/I      0x101      0x101   .absSeg77
.abs_section_103                   1   N/I      0x103      0x103   .absSeg78
.abs_section_104                   1   N/I      0x104      0x104   .absSeg79
.abs_section_105                   1   N/I      0x105      0x105   .absSeg80
.abs_section_106                   1   N/I      0x106      0x106   .absSeg81
.abs_section_240                   1   N/I      0x240      0x240   .absSeg82
.abs_section_241                   1   N/I      0x241      0x241   .absSeg83
.abs_section_242                   1   N/I      0x242      0x242   .absSeg84
.abs_section_243                   1   N/I      0x243      0x243   .absSeg85
.abs_section_244                   1   N/I      0x244      0x244   .absSeg86
.abs_section_245                   1   N/I      0x245      0x245   .absSeg87
.abs_section_247                   1   N/I      0x247      0x247   .absSeg88
.abs_section_248                   1   N/I      0x248      0x248   .absSeg89
.abs_section_249                   1   N/I      0x249      0x249   .absSeg90
.abs_section_24a                   1   N/I      0x24A      0x24A   .absSeg91
.abs_section_24b                   1   N/I      0x24B      0x24B   .absSeg92
.abs_section_24c                   1   N/I      0x24C      0x24C   .absSeg93
.abs_section_24d                   1   N/I      0x24D      0x24D   .absSeg94
.abs_section_24e                   1   N/I      0x24E      0x24E   .absSeg95
.abs_section_250                   1   N/I      0x250      0x250   .absSeg96
.abs_section_251                   1   N/I      0x251      0x251   .absSeg97
.abs_section_252                   1   N/I      0x252      0x252   .absSeg98
.abs_section_253                   1   N/I      0x253      0x253   .absSeg99
.abs_section_254                   1   N/I      0x254      0x254   .absSeg100
.abs_section_255                   1   N/I      0x255      0x255   .absSeg101
.abs_section_256                   1   N/I      0x256      0x256   .absSeg102
.abs_section_258                   1   N/I      0x258      0x258   .absSeg103
.abs_section_259                   1   N/I      0x259      0x259   .absSeg104
.abs_section_25a                   1   N/I      0x25A      0x25A   .absSeg105
.abs_section_25b                   1   N/I      0x25B      0x25B   .absSeg106
.abs_section_25c                   1   N/I      0x25C      0x25C   .absSeg107
.abs_section_25d                   1   N/I      0x25D      0x25D   .absSeg108
.abs_section_25e                   1   N/I      0x25E      0x25E   .absSeg109
.abs_section_25f                   1   N/I      0x25F      0x25F   .absSeg110
.abs_section_268                   1   N/I      0x268      0x268   .absSeg111
.abs_section_269                   1   N/I      0x269      0x269   .absSeg112
.abs_section_26a                   1   N/I      0x26A      0x26A   .absSeg113
.abs_section_26b                   1   N/I      0x26B      0x26B   .absSeg114
.abs_section_26c                   1   N/I      0x26C      0x26C   .absSeg115
.abs_section_26d                   1   N/I      0x26D      0x26D   .absSeg116
.abs_section_26e                   1   N/I      0x26E      0x26E   .absSeg117
.abs_section_26f                   1   N/I      0x26F      0x26F   .absSeg118
.abs_section_270                   1   N/I      0x270      0x270   .absSeg119
.abs_section_271                   1   N/I      0x271      0x271   .absSeg120
.abs_section_272                   1   N/I      0x272      0x272   .absSeg121
.abs_section_273                   1   N/I      0x273      0x273   .absSeg122
.abs_section_274                   1   N/I      0x274      0x274   .absSeg123
.abs_section_275                   1   N/I      0x275      0x275   .absSeg124
.abs_section_0                     2   N/I        0x0        0x1   .absSeg125
.abs_section_2                     2   N/I        0x2        0x3   .absSeg126
.abs_section_1a                    2   N/I       0x1A       0x1B   .absSeg127
.abs_section_22                    2   N/I       0x22       0x23   .absSeg128
.abs_section_26                    2   N/I       0x26       0x27   .absSeg129
.abs_section_2b                    2   N/I       0x2B       0x2C   .absSeg130
.abs_section_2e                    2   N/I       0x2E       0x2F   .absSeg131
.abs_section_44                    2   N/I       0x44       0x45   .absSeg132
.abs_section_50                    2   N/I       0x50       0x51   .absSeg133
.abs_section_52                    2   N/I       0x52       0x53   .absSeg134
.abs_section_54                    2   N/I       0x54       0x55   .absSeg135
.abs_section_56                    2   N/I       0x56       0x57   .absSeg136
.abs_section_58                    2   N/I       0x58       0x59   .absSeg137
.abs_section_5a                    2   N/I       0x5A       0x5B   .absSeg138
.abs_section_5c                    2   N/I       0x5C       0x5D   .absSeg139
.abs_section_5e                    2   N/I       0x5E       0x5F   .absSeg140
.abs_section_62                    2   N/I       0x62       0x63   .absSeg141
.abs_section_82                    2   N/I       0x82       0x83   .absSeg142
.abs_section_84                    2   N/I       0x84       0x85   .absSeg143
.abs_section_90                    2   N/I       0x90       0x91   .absSeg144
.abs_section_92                    2   N/I       0x92       0x93   .absSeg145
.abs_section_94                    2   N/I       0x94       0x95   .absSeg146
.abs_section_96                    2   N/I       0x96       0x97   .absSeg147
.abs_section_98                    2   N/I       0x98       0x99   .absSeg148
.abs_section_9a                    2   N/I       0x9A       0x9B   .absSeg149
.abs_section_9c                    2   N/I       0x9C       0x9D   .absSeg150
.abs_section_9e                    2   N/I       0x9E       0x9F   .absSeg151
.abs_section_c8                    2   N/I       0xC8       0xC9   .absSeg152
.abs_section_ec                    2   N/I       0xEC       0xED   .absSeg153
.abs_section_ee                    2   N/I       0xEE       0xEF   .absSeg154
.abs_section_f0                    2   N/I       0xF0       0xF1   .absSeg155
.abs_section_f2                    2   N/I       0xF2       0xF3   .absSeg156
.abs_section_f4                    2   N/I       0xF4       0xF5   .absSeg157
.abs_section_f6                    2   N/I       0xF6       0xF7   .absSeg158
.abs_section_f8                    2   N/I       0xF8       0xF9   .absSeg159
.abs_section_fa                    2   N/I       0xFA       0xFB   .absSeg160
.abs_section_fc                    2   N/I       0xFC       0xFD   .absSeg161
.abs_section_ff80                128     R     0xFF80     0xFFFF   .absSeg162
.bss                              18   R/W     0x1001     0x1012   RAM_1000
.fini                             18     R     0x4800     0x4811   ROM_4600
METHOD_CODE                       35     R     0x6100     0x6122   ROM_4600
VIRTUAL_TABLE_SEGMENT            360     R     0x6123     0x628A   ROM_4600
GEN_FUNCS_SEGMENT                160     R     0x628B     0x632A   ROM_4600
NODO_CODE                          5     R     0x632B     0x632F   ROM_4600
LinkedList_CODE                  522     R     0x6330     0x6539   ROM_4600
Timer_CODE                       605     R     0x653A     0x6796   ROM_4600
.common                          159   R/W     0x1013     0x10B1   RAM_1000
RUNTIME                          471     R     0x6797     0x696D   ROM_4600
HEAP_SEGMENT                     360   R/W     0x10B2     0x1219   RAM_1000
ADC_DATA                          25   R/W     0x121A     0x1232   RAM_1000
ADC_CODE                         266     R     0x696E     0x6A77   ROM_4600
TI1_CODE                          48     R     0x6A78     0x6AA7   ROM_4600
MethodTimer_CODE                  85     R     0x6AA8     0x6AFC   ROM_4600
PTSL_CODE                         43     R     0x6AFD     0x6B27   ROM_4600
Nodo_CODE                         18     R     0x6B28     0x6B39   ROM_4600
AS1_DATA                           2   R/W     0x1233     0x1234   RAM_1000
AS1_CODE                          28     R     0x6B3A     0x6B55   ROM_4600
TI1_DATA                           2   R/W     0x1235     0x1236   RAM_1000
PTSL_CONST                         2     R     0x6B56     0x6B57   ROM_4600
.stack                           336   R/W     0x1237     0x1386   RAM_1000

Summary of section sizes per section type:
READ_ONLY (R):        23F1 (dec:     9201)
READ_WRITE (R/W):      387 (dec:      903)
NO_INIT (N/I):          C7 (dec:      199)

*********************************************************************************************
VECTOR-ALLOCATION SECTION
    Address     InitValue   InitFunction
---------------------------------------------------------------------------------------------

*********************************************************************************************
OBJECT-ALLOCATION SECTION
     Name               Module                 Addr   hSize   dSize     Ref    Section   RLIB
---------------------------------------------------------------------------------------------
MODULE:                 -- main.cpp.o --
- PROCEDURES:
     __ct__6inicioFv.3                         4D30      16      22       1   .text       
     imprimir__FPv                             4D46      2F      47       1   .text       
     main                                      4D75      26      38       1   .text       
     __ct__6GetterFv                           628B       A      10       2   GEN_FUNCS_SEGMENT
     __ct__4IAdcFv                             6295       E      14       1   GEN_FUNCS_SEGMENT
     __ct__8IteratorFv                         62A3       A      10       1   GEN_FUNCS_SEGMENT
     __ct__10CollectionFv                      62AD       A      10       1   GEN_FUNCS_SEGMENT
     __ct__4ListFv                             62B7       E      14       1   GEN_FUNCS_SEGMENT
     __dt__15MethodContainerFv                 62C5       3       3       2   GEN_FUNCS_SEGMENT
     __ct__6SensorFv                           62C8      17      23       1   GEN_FUNCS_SEGMENT
     __dt__6SensorFv                           62DF       6       6       1   GEN_FUNCS_SEGMENT
     __dt__16SensorTermoPT100Fv                62E5       3       3       1   GEN_FUNCS_SEGMENT
     __ct__10BaseTimersFv                      62E8       F      15       1   GEN_FUNCS_SEGMENT
     __ct__18PlataformaEmbeddedFv              62F7       A      10       1   GEN_FUNCS_SEGMENT
     __dt__10TermometroFv                      6301       6       6       1   GEN_FUNCS_SEGMENT
     __ct__7PromBkpFv                          6307       6       6       1   GEN_FUNCS_SEGMENT
     __dt__7PromBkpFv                          630D       6       6       1   GEN_FUNCS_SEGMENT
     __ct__14RamSimulaFlashFv                  6313       3       3       1   GEN_FUNCS_SEGMENT
     __dt__14RamSimulaFlashFv                  6316       3       3       1   GEN_FUNCS_SEGMENT
     __ConstructorInit__                       4812      1E      30       0   .init       
     __DestructorInit__                        4800       C      12       0   .fini       
- VARIABLES:
     impresion                                 487B       6       6       1   .rodata     
     STRING...4                                4B4F       2       2       1   .rodata1    
     STRING.comenzando....5                    4B51       E      14       1   .rodata1    
     ____vtbl__OutputStream                    6123      10      16       1   VIRTUAL_TABLE_SEGMENT
     ____vtbl__Getter                          6133       8       8       1   VIRTUAL_TABLE_SEGMENT
     ____vtbl__IAdcGetter                      613B      14      20       1   VIRTUAL_TABLE_SEGMENT
     ____vtbl__AdcIAdcGetter                   614F      14      20       1   VIRTUAL_TABLE_SEGMENT
     ____vtbl__Iterator                        6163       8       8       1   VIRTUAL_TABLE_SEGMENT
     ____vtbl__Collection                      616B      1C      28       1   VIRTUAL_TABLE_SEGMENT
     ____vtbl__ListCollection                  6187      20      32       1   VIRTUAL_TABLE_SEGMENT
     ____vtbl__LinkedListIteratorIterator       61A7       8       8       1   VIRTUAL_TABLE_SEGMENT
     ____vtbl__LinkedListListCollection        61AF      24      36       1   VIRTUAL_TABLE_SEGMENT
     ____vtbl__MethodContainerLinkedListListCollection       61D3      24      36       1   VIRTUAL_TABLE_SEGMENT
     ____vtbl__SensorGetter                    61F7       8       8       1   VIRTUAL_TABLE_SEGMENT
     ____vtbl__SensorTermoPT100SensorGetter       61FF       8       8       1   VIRTUAL_TABLE_SEGMENT
     ____vtbl__BaseTimersLinkedListListCollection       6207      2C      44       1   VIRTUAL_TABLE_SEGMENT
     ____vtbl__PlataformaEmbedded              6233       4       4       1   VIRTUAL_TABLE_SEGMENT
     ____vtbl__TermometroPlataformaEmbedded       6237       4       4       1   VIRTUAL_TABLE_SEGMENT
     ram                                       1013       C      12       4   .common     
     ini                                       101F       1       1       1   .common     
     os                                        1020       3       3       5   .common     
     termometro                                1023      2D      45       8   .common     
MODULE:                 -- datapage.c.o --
- PROCEDURES:
     _LOAD_FAR_16                              6797       B      11      39   RUNTIME     
- VARIABLES:
MODULE:                 -- Start12.cpp.o --
- PROCEDURES:
     Init__Fv                                  4D9B      3C      60       1   .text       
     _Startup                                  4DD7       8       8       1   .text       
- VARIABLES:
     _startupData                              4861       E      14       5   .startData  
- LABELS:
     __SEG_END_SSTACK                          1387       0       0       1               
MODULE:                 -- ASSERT.C.o (ansisi.lib) --
- PROCEDURES:
     _assert                                   4DDF       7       7       3   .text       
- VARIABLES:
MODULE:                 -- EMBEDDED.C.o (ansisi.lib) --
- PROCEDURES:
     printf                                    4DE6      13      19       2   .text       
     abort                                     4DF9       4       4       1   .text       
     exit                                      4DFD       4       4       1   .text       
- VARIABLES:
MODULE:                 -- HEAP.C.o (ansisi.lib) --
- PROCEDURES:
     _heapcrash_                               4E01       C      12       3   .text       
- VARIABLES:
     _heap_                                    10B2     168     360       2   HEAP_SEGMENT
MODULE:                 -- PRINTF.C.o (ansisi.lib) --
- PROCEDURES:
     vprintf                                   4E0D     43B    1083      47   .text       
     _out                                      5248       C      12       9   .text       
     set_printf                                5254       C      12       1   .text       
     deposit_char                              5260       F      15       1   .text       
     sprintf                                   526F      29      41       4   .text       
- VARIABLES:
     pow10                                     4881      28      40       4   .rodata     
     pow16                                     48A9      20      32       4   .rodata     
     pow8                                      48C9      2C      44       4   .rodata     
     pbuf                                      1001       6       6      18   .bss        
MODULE:                 -- ALLOC.C.o (ansisi.lib) --
- PROCEDURES:
     malloc                                    5298      A5     165       1   .text       
     free                                      533D      C4     196       3   .text       
- VARIABLES:
     heap_end                                  1007       2       2       3   .bss        
     free_ptr                                  1009       2       2       8   .bss        
MODULE:                 -- rtshc12.c.o (ansisi.lib) --
- PROCEDURES:
     _LSHL                                     67A2      11      17       1   RUNTIME     
     _LCMP                                     67B3      19      25       1   RUNTIME     
     _LCMP_P                                   67CC      15      21       5   RUNTIME     
     _LNEG                                     67E1       D      13       3   RUNTIME     
     _LMULS16x32                               67EE      1F      31       5   RUNTIME     
     _lDivMod                                  680D      BE     190       3   RUNTIME     
     _LDIVU                                    68CB       E      14       1   RUNTIME     
     _NEG_P                                    68D9       F      15       4   RUNTIME     
     _LDIVS                                    68E8      35      53       8   RUNTIME     
     _ILSEXT                                   691D       7       7      12   RUNTIME     
     _CASE_DIRECT_BYTE                         6924       5       5       1   RUNTIME     
     _CASE_CHECKED_BYTE                        6929      14      20       1   RUNTIME     
     _CASE_SEARCH_8                            693D      17      23       1   RUNTIME     
     _CASE_SEARCH_8_BYTE                       6954      1A      26       1   RUNTIME     
- VARIABLES:
MODULE:                 -- NEW.CPP.o (cppsi.lib) --
- PROCEDURES:
     __nw__FGUi                                5401      12      18       3   .text       
     __dl__FGPv                                5413       3       3       3   .text       
- VARIABLES:
MODULE:                 -- Adc.cpp.o --
- PROCEDURES:
     AD_Start__Fv                              5416       3       3       1   .text       
     __ct__3AdcFi                              5419      40      64       1   .text       
     isNewVal__3AdcFv                          5459       8       8       1   .text       
     __sf_3Adc_getState__Fv                    5461      1C      28       2   .text       
     getVal__3AdcFv                            547D       8       8       1   .text       
     print__3AdcFR12OutputStream               5485      58      88       1   .text       
     getTemperaturaAmbiente__3AdcFv            54DD       4       4       1   .text       
- VARIABLES:
     __sf_3Adc_init                            100B       1       1       2   .bss        
     ADtimer                                   1050      11      17       2   .common     
MODULE:                 -- Sensor.cpp.o --
- PROCEDURES:
     addOnNuevoValorListener__6SensorFPC6Method       54E1      2E      46       1   .text       
     callOnNuevoValorListeners__6SensorFv       550F       6       6       1   .text       
- VARIABLES:
MODULE:                 -- SensorTermoPT100.cpp.o --
- PROCEDURES:
     __ct__16SensorTermoPT100FR3AdcRC27TConfSensorSensorTermoPT100R32ManejadorMemoriaSensorTermoPT100       5515      5C      92       1   .text       
     getVal__16SensorTermoPT100Fv              5571       6       6       1   .text       
     checkADC__16SensorTermoPT100Fv            5577      31      49       1   .text       
     procesar__16SensorTermoPT100Fv            55A8     19F     415       7   .text       
     print__16SensorTermoPT100FR12OutputStream       5747      A2     162       1   .text       
     __sf_16SensorTermoPT100_setConfiguracionTemperaturaAmbiente__FPi       57E9       4       4       1   .text       
     getSensor__16SensorTermoPT100Fv           57ED       5       5       2   .text       
     setSensor__16SensorTermoPT100FUi          57F2      22      34       1   .text       
     onSensorChange__16SensorTermoPT100FUi       5814      27      39       1   .text       
- VARIABLES:
     STRING..OF..3                             4B5F       5       5       2   .rodata1    
     STRING..UF..4                             4B64       5       5       2   .rodata1    
     __sf_16SensorTermoPT100_compensacionTempAmb       121A       2       2       2   ADC_DATA    
MODULE:                 -- D:\Jony\HCS12\Librerias\OOC\lang\reflect\reflect_Data\C_Ms_no_float\ObjectCode\Method.c.o (reflect_si.lib) --
- PROCEDURES:
     Method_constructor                        6100       9       9       1   METHOD_CODE 
     Method_defConstructor                     6109      1A      26       1   METHOD_CODE 
- VARIABLES:
     Method                                    48F5      10      16       5   .rodata     
     STRING..1                                 4B69       1       1       1   .rodata1    
MODULE:                 -- Timer.c.o --
- PROCEDURES:
     Timer_Construct__FPvUl                    653A      66     102       3   Timer_CODE  
     Timer_DefConstruct__FPvPPSc               65A0      15      21       1   Timer_CODE  
     Timer_Destruct__FPv                       65B5       3       3       3   Timer_CODE  
     Timer_OnTime__FPv                         65B8       3       3       1   Timer_CODE  
     TimerComp__FPv                            65BB      9F     159       1   Timer_CODE  
     Timer_getCuenta__FPv                      665A      53      83       1   Timer_CODE  
     Timer_isfinish__FPv                       66AD      42      66       3   Timer_CODE  
     Timer_Restart__FPv                        66EF      65     101       1   Timer_CODE  
     Timer_setTime__FPvUl                      6754      13      19       1   Timer_CODE  
     Timer_Stop__FPv                           6767      30      48       2   Timer_CODE  
- VARIABLES:
     Timer                                     4905      12      18       2   .rodata     
     STRING..3                                 4B6A       1       1       1   .rodata1    
     ____vtbl__BaseTimers_1ms_40msBaseTimersLinkedListListCollection       623B      2C      44       1   VIRTUAL_TABLE_SEGMENT
MODULE:                 -- D:\versionR51\microsdhacel\soft micros\Codigo\Librerias\OOC\util\util_hcs12_cpp_Data\C++_Ms_no_float\ObjectCode\LinkedList.cpp.o (util_cpp_si.lib) --
- PROCEDURES:
     getNext__4NodoFv.2                        632B       5       5       1   NODO_CODE   
     __ct__10LinkedListFv                      6330      13      19       3   LinkedList_CODE
     __dt__10LinkedListFv                      6343      23      35       2   LinkedList_CODE
     isEmpty__10LinkedListFv                   6366       B      11       5   LinkedList_CODE
     clear__10LinkedListFv                     6371      21      33       5   LinkedList_CODE
     add__10LinkedListFPv                      6392      27      39       4   LinkedList_CODE
     aniadir__10LinkedListFPv                  63B9      60      96       5   LinkedList_CODE
     size__10LinkedListFv                      6419      13      19       5   LinkedList_CODE
     eliminarPrimero__10LinkedListFv           642C      3C      60       1   LinkedList_CODE
     get__10LinkedListFUi                      6468      26      38       5   LinkedList_CODE
     moveOut__10LinkedListFPv                  648E      2F      47       4   LinkedList_CODE
     deleteNodo__10LinkedListFP4NodoT1         64BD      25      37       1   LinkedList_CODE
     contains__10LinkedListFPv                 64E2      1E      30       5   LinkedList_CODE
     linkedListIterator__10LinkedListFP28LinkedListIteratorLinkedList       6500       B      11       2   LinkedList_CODE
     iterator__10LinkedListFv                  650B       3       3       5   LinkedList_CODE
     __ct__28LinkedListIteratorLinkedListFv       650E       F      15       2   LinkedList_CODE
     hasNext__28LinkedListIteratorLinkedListFv       651D       B      11       3   LinkedList_CODE
     next__28LinkedListIteratorLinkedListFv       6528      12      18       3   LinkedList_CODE
- VARIABLES:
MODULE:                 -- D:\versionR51\microsdhacel\soft micros\Codigo\Librerias\OOC\util\util_hcs12_cpp_Data\C++_Ms_no_float\ObjectCode\nodo.cpp.o (util_cpp_si.lib) --
- PROCEDURES:
     __ct__4NodoFPvP4Nodo                      6B28       D      13       2   Nodo_CODE   
     setNext__4NodoFP4Nodo                     6B35       5       5       2   Nodo_CODE   
- VARIABLES:
MODULE:                 -- D:\versionR51\microsdhacel\soft micros\Codigo\Librerias\OOC\ooc\ooc_hcs12_comp_cpp_Data\C_Ms_no_float\ObjectCode\Object.c.o (util_cpp_si.lib) --
- PROCEDURES:
     Object_ctor__FPvPPSc                      583B       1       1       2   .text       
     Object_dtor__FPv                          583C       1       1       3   .text       
     Object_differ__FPCvT0                     583D       E      14       3   .text       
     Object_puto__FPCvP9OutStream              584B      3F      63       3   .text       
     classOf__FPCv                             588A      1E      30       4   .text       
     newAlloced__FPvPCve                       58A8      3A      58       8   .text       
     deleteAndNil__FPPv                        58E2      1C      28       1   .text       
     ctor__FPvPPSc                             58FE      1F      31       1   .text       
     dtor__FPv                                 591D      18      24       1   .text       
- VARIABLES:
     Object                                    4917      10      16       5   .rodata     
     Class                                     4927      10      16       2   .rodata     
     STRING..at..1                             4B6B       5       5       1   .rodata1    
     STRING..x.2                               4B70       3       3       1   .rodata1    
     STRING.D..versionR51.micros.3             4B73      51      81       2   .rodata1    
     STRING.Object.5                           4BC4       7       7       1   .rodata1    
     STRING.Object.6                           4BCB       7       7       1   .rodata1    
MODULE:                 -- D:\versionR51\microsdhacel\soft micros\Codigo\Librerias\OOC\ooc\ooc_hcs12_comp_cpp_Data\C_Ms_no_float\ObjectCode\OutStream.c.o (util_cpp_si.lib) --
- PROCEDURES:
     write__FPvPCSc                            5935      2C      44       3   .text       
- VARIABLES:
     STRING.D..versionR51.micros.3             4BD2      54      84       1   .rodata1    
MODULE:                 -- BaseTimers_1ms_40ms.cpp.o --
- PROCEDURES:
     __ct__19BaseTimers_1ms_40msFv             5961      40      64       1   .text       
     __sf_19BaseTimers_1ms_40ms_getInstance__Fv       59A1      16      22       1   .text       
     lockInc__19BaseTimers_1ms_40msFv          59B7       3       3       1   .text       
     unlockInc__19BaseTimers_1ms_40msFv        59BA       3       3       1   .text       
     __sf_19BaseTimers_1ms_40ms_inc1__FPv       59BD       F      15       1   .text       
     __sf_19BaseTimers_1ms_40ms_inc40__FPv       59CC       F      15       1   .text       
- VARIABLES:
     __sf_19BaseTimers_1ms_40ms_instance       100C       2       2       3   .bss        
MODULE:                 -- BaseTimers.cpp.o --
- PROCEDURES:
     incrementar__10BaseTimersFUi              59DB       F      15       2   .text       
     moveOut__10BaseTimersFPv                  59EA      49      73       2   .text       
     actualizarTimers__10BaseTimersFv          5A33      2D      45       2   .text       
     getCuenta__10BaseTimersFv                 5A60       9       9       4   .text       
- VARIABLES:
MODULE:                 -- timer_interrupt.c.o --
- PROCEDURES:
     TI1ms_OnInterrupt__Fv                     5A69       6       6       1   .text       
     TI40ms_OnInterrupt__Fv                    5A6F       6       6       1   .text       
     add1msListener__FP6Method                 5A75      33      51       2   .text       
     add40msListener__FP6Method                5AA8      33      51       2   .text       
- VARIABLES:
     listeners1ms                              1061       2       2       4   .common     
     listeners40ms                             1063       2       2       4   .common     
MODULE:                 -- MethodContainer.cpp.o --
- PROCEDURES:
     __ct__15MethodContainerFv                 5ADB       F      15       2   .text       
     add__15MethodContainerFPv                 5AEA       E      14       2   .text       
     executeMethods__15MethodContainerFv       5AF8      34      52       4   .text       
- VARIABLES:
MODULE:                 -- Sensores.c.o --
- PROCEDURES:
     Linealizar__Fi8t_sensorPi                 5B2C      28      40       1   .text       
     Sens_getColdComp__FiPi8t_sensor           5B54      28      40       1   .text       
- VARIABLES:
     J_X                                       4937      1C      28       2   .rodata     
     J_Y                                       4953      1C      28       2   .rodata     
     n_X                                       496F      12      18       1   .rodata     
     n_Y                                       4981      12      18       1   .rodata     
     K_X                                       4993      10      16       2   .rodata     
     K_Y                                       49A3      10      16       2   .rodata     
     s_X                                       49B3      14      20       1   .rodata     
     s_Y                                       49C7      14      20       1   .rodata     
     r_X                                       49DB      16      22       1   .rodata     
     r_Y                                       49F1      16      22       1   .rodata     
     t_X                                       4A07      12      18       1   .rodata     
     t_Y                                       4A19      12      18       1   .rodata     
     Pt_X                                      4A2B      18      24       1   .rodata     
     Pt_Y                                      4A43      18      24       1   .rodata     
     Lin_X                                     4A5B       6       6       4   .rodata     
     Lin_Y                                     4A61       6       6       4   .rodata     
     milv_X                                    4A67       6       6       1   .rodata     
     milv_Y                                    4A6D       6       6       1   .rodata     
     sensorConf                                4A73      62      98       9   .rodata     
MODULE:                 -- SearchLib.c.o --
- PROCEDURES:
     BinSearchLin__FiPiPCiT2T0                 5B7C      E8     232       5   .text       
- VARIABLES:
MODULE:                 -- ADC.c.o --
- PROCEDURES:
     ADC_Interrupt__Fv                         4C39      DA     218       9   NON_BANKED  
     ADC_isread__FUc                           696E      16      22       1   ADC_CODE    
     ADC_getTA__Fv                             6984      4E      78       1   ADC_CODE    
     ADC_getVZ__Fv                             69D2      17      23       1   ADC_CODE    
     ADC_getVal__FUc                           69E9      4B      75       1   ADC_CODE    
     ADC_Start__Fv                             6A34       A      10       2   ADC_CODE    
     ADC_Select__FSc                           6A3E      27      39       2   ADC_CODE    
     ADC_Stop__Fv                              6A65      13      19       1   ADC_CODE    
- VARIABLES:
     ModeFlg                                   121C       1       1       5   ADC_DATA    
     VZ                                        121D       4       4       4   ADC_DATA    
     ADCTa                                     1221       4       4       4   ADC_DATA    
     AD_proc                                   1225       1       1       3   ADC_DATA    
     SumChan                                   1226       1       1       7   ADC_DATA    
     ADC_OutV                                  1227       4       4      15   ADC_DATA    
     Vx                                        122B       4       4       4   ADC_DATA    
     EnUser                                    122F       1       1       1   ADC_DATA    
     ADCont                                    1230       2       2       3   ADC_DATA    
     vz.1                                      1232       1       1       3   ADC_DATA    
MODULE:                 -- ADC1.c.o --
- PROCEDURES:
     ADC1_Init__Fv                             5C64      16      22       2   .text       
- VARIABLES:
MODULE:                 -- Cpu.c.o --
- PROCEDURES:
     PE_low_level_init__Fv                     5C7A      AD     173       1   .text       
     Cpu_Interrupt__Fv                         4830       2       2      50   .init       
     _EntryPoint                               4832      29      41       2   .init       
- VARIABLES:
MODULE:                 -- TI1.c.o --
- PROCEDURES:
     TI1_Interrupt__Fv                         4D13      1D      29       1   NON_BANKED  
     TI1_Enable__Fv                            6A78       9       9       1   TI1_CODE    
     TI1_Disable__Fv                           6A81       8       8       1   TI1_CODE    
     TI1_SetPeriodMode__F8TI1_mode             6A89      14      20       2   TI1_CODE    
     TI1_Init__Fv                              6A9D       B      11       1   TI1_CODE    
- VARIABLES:
     HighComp                                  4AD5       4       4       1   .rodata     
     CmpVal                                    1235       2       2       4   TI1_DATA    
MODULE:                 -- funciones.c.o --
- PROCEDURES:
     filtrar__FiN30Pl                          5D27      69     105       1   .text       
- VARIABLES:
MODULE:                 -- IO_Map.c.o --
- PROCEDURES:
- VARIABLES:
     _PORTE                                       8       1       1       0   .abs_section_8
     _DDRE                                        9       1       1       1   .abs_section_9
     _PEAR                                        A       1       1       2   .abs_section_a
     _MODE                                        B       1       1       0   .abs_section_b
     _PUCR                                        C       1       1       1   .abs_section_c
     _RDRIV                                       D       1       1       0   .abs_section_d
     _EBICTL                                      E       1       1       0   .abs_section_e
     _INITRM                                     10       1       1       1   .abs_section_10
     _INITRG                                     11       1       1       0   .abs_section_11
     _MISC                                       13       1       1       1   .abs_section_13
     _ITCR                                       15       1       1       0   .abs_section_15
     _ITEST                                      16       1       1       0   .abs_section_16
     _VREGCTRL                                   19       1       1       0   .abs_section_19
     _MEMSIZ0                                    1C       1       1       0   .abs_section_1c
     _MEMSIZ1                                    1D       1       1       0   .abs_section_1d
     _INTCR                                      1E       1       1       0   .abs_section_1e
     _HPRIO                                      1F       1       1       2   .abs_section_1f
     _DBGC1                                      20       1       1       0   .abs_section_20
     _DBGSC                                      21       1       1       0   .abs_section_21
     _DBGCNT                                     24       1       1       0   .abs_section_24
     _DBGCCX                                     25       1       1       0   .abs_section_25
     _DBGC2                                      28       1       1       0   .abs_section_28
     _DBGC3                                      29       1       1       0   .abs_section_29
     _DBGCAX                                     2A       1       1       0   .abs_section_2a
     _DBGCBX                                     2D       1       1       0   .abs_section_2d
     _PPAGE                                      30       1       1       0   .abs_section_30
     _SYNR                                       34       1       1       1   .abs_section_34
     _REFDV                                      35       1       1       1   .abs_section_35
     _CRGFLG                                     37       1       1       1   .abs_section_37
     _CRGINT                                     38       1       1       0   .abs_section_38
     _CLKSEL                                     39       1       1       2   .abs_section_39
     _PLLCTL                                     3A       1       1       2   .abs_section_3a
     _RTICTL                                     3B       1       1       0   .abs_section_3b
     _COPCTL                                     3C       1       1       2   .abs_section_3c
     _ARMCOP                                     3F       1       1       4   .abs_section_3f
     _TIOS                                       40       1       1       1   .abs_section_40
     _CFORC                                      41       1       1       0   .abs_section_41
     _OC7M                                       42       1       1       1   .abs_section_42
     _OC7D                                       43       1       1       0   .abs_section_43
     _TSCR1                                      46       1       1       3   .abs_section_46
     _TTOV                                       47       1       1       1   .abs_section_47
     _TCTL1                                      48       1       1       1   .abs_section_48
     _TCTL2                                      49       1       1       1   .abs_section_49
     _TCTL3                                      4A       1       1       0   .abs_section_4a
     _TCTL4                                      4B       1       1       0   .abs_section_4b
     _TIE                                        4C       1       1       4   .abs_section_4c
     _TSCR2                                      4D       1       1       2   .abs_section_4d
     _TFLG1                                      4E       1       1       4   .abs_section_4e
     _TFLG2                                      4F       1       1       0   .abs_section_4f
     _PACTL                                      60       1       1       0   .abs_section_60
     _PAFLG                                      61       1       1       0   .abs_section_61
     _ATDSTAT0                                   86       1       1       0   .abs_section_86
     _ATDTEST1                                   89       1       1       1   .abs_section_89
     _ATDSTAT1                                   8B       1       1       0   .abs_section_8b
     _ATDDIEN                                    8D       1       1       2   .abs_section_8d
     _PORTAD0                                    8F       1       1       0   .abs_section_8f
     _SCICR1                                     CA       1       1       1   .abs_section_ca
     _SCICR2                                     CB       1       1       2   .abs_section_cb
     _SCISR1                                     CC       1       1       1   .abs_section_cc
     _SCISR2                                     CD       1       1       1   .abs_section_cd
     _SCIDRH                                     CE       1       1       0   .abs_section_ce
     _SCIDRL                                     CF       1       1       0   .abs_section_cf
     _SPICR1                                     D8       1       1       0   .abs_section_d8
     _SPICR2                                     D9       1       1       0   .abs_section_d9
     _SPIBR                                      DA       1       1       0   .abs_section_da
     _SPISR                                      DB       1       1       0   .abs_section_db
     _SPIDR                                      DD       1       1       0   .abs_section_dd
     _PWME                                       E0       1       1       0   .abs_section_e0
     _PWMPOL                                     E1       1       1       0   .abs_section_e1
     _PWMCLK                                     E2       1       1       0   .abs_section_e2
     _PWMPRCLK                                   E3       1       1       0   .abs_section_e3
     _PWMCAE                                     E4       1       1       0   .abs_section_e4
     _PWMCTL                                     E5       1       1       1   .abs_section_e5
     _PWMSCLA                                    E8       1       1       0   .abs_section_e8
     _PWMSCLB                                    E9       1       1       0   .abs_section_e9
     _PWMSDN                                     FE       1       1       1   .abs_section_fe
     _FCLKDIV                                   100       1       1       0   .abs_section_100
     _FSEC                                      101       1       1       0   .abs_section_101
     _FCNFG                                     103       1       1       0   .abs_section_103
     _FPROT                                     104       1       1       0   .abs_section_104
     _FSTAT                                     105       1       1       0   .abs_section_105
     _FCMD                                      106       1       1       0   .abs_section_106
     _PTT                                       240       1       1       4   .abs_section_240
     _PTIT                                      241       1       1       0   .abs_section_241
     _DDRT                                      242       1       1       1   .abs_section_242
     _RDRT                                      243       1       1       0   .abs_section_243
     _PERT                                      244       1       1       0   .abs_section_244
     _PPST                                      245       1       1       0   .abs_section_245
     _MODRR                                     247       1       1       0   .abs_section_247
     _PTS                                       248       1       1       2   .abs_section_248
     _PTIS                                      249       1       1       0   .abs_section_249
     _DDRS                                      24A       1       1       2   .abs_section_24a
     _RDRS                                      24B       1       1       0   .abs_section_24b
     _PERS                                      24C       1       1       0   .abs_section_24c
     _PPSS                                      24D       1       1       0   .abs_section_24d
     _WOMS                                      24E       1       1       1   .abs_section_24e
     _PTM                                       250       1       1       4   .abs_section_250
     _PTIM                                      251       1       1       0   .abs_section_251
     _DDRM                                      252       1       1       1   .abs_section_252
     _RDRM                                      253       1       1       0   .abs_section_253
     _PERM                                      254       1       1       0   .abs_section_254
     _PPSM                                      255       1       1       0   .abs_section_255
     _WOMM                                      256       1       1       0   .abs_section_256
     _PTP                                       258       1       1       1   .abs_section_258
     _PTIP                                      259       1       1       0   .abs_section_259
     _DDRP                                      25A       1       1       1   .abs_section_25a
     _RDRP                                      25B       1       1       0   .abs_section_25b
     _PERP                                      25C       1       1       1   .abs_section_25c
     _PPSP                                      25D       1       1       0   .abs_section_25d
     _PIEP                                      25E       1       1       1   .abs_section_25e
     _PIFP                                      25F       1       1       0   .abs_section_25f
     _PTJ                                       268       1       1       4   .abs_section_268
     _PTIJ                                      269       1       1       0   .abs_section_269
     _DDRJ                                      26A       1       1       1   .abs_section_26a
     _RDRJ                                      26B       1       1       0   .abs_section_26b
     _PERJ                                      26C       1       1       1   .abs_section_26c
     _PPSJ                                      26D       1       1       0   .abs_section_26d
     _PIEJ                                      26E       1       1       1   .abs_section_26e
     _PIFJ                                      26F       1       1       0   .abs_section_26f
     _PTAD                                      270       1       1       1   .abs_section_270
     _PTIAD                                     271       1       1       0   .abs_section_271
     _DDRAD                                     272       1       1       1   .abs_section_272
     _RDRAD                                     273       1       1       0   .abs_section_273
     _PERAD                                     274       1       1       1   .abs_section_274
     _PPSAD                                     275       1       1       0   .abs_section_275
     _PORTAB                                      0       2       2       8   .abs_section_0
     _DDRAB                                       2       2       2       2   .abs_section_2
     _PARTID                                     1A       2       2       0   .abs_section_1a
     _DBGTB                                      22       2       2       0   .abs_section_22
     _DBGCC                                      26       2       2       0   .abs_section_26
     _DBGCA                                      2B       2       2       0   .abs_section_2b
     _DBGCB                                      2E       2       2       0   .abs_section_2e
     _TCNT                                       44       2       2       0   .abs_section_44
     _TC0                                        50       2       2       3   .abs_section_50
     _TC1                                        52       2       2       0   .abs_section_52
     _TC2                                        54       2       2       0   .abs_section_54
     _TC3                                        56       2       2       0   .abs_section_56
     _TC4                                        58       2       2       0   .abs_section_58
     _TC5                                        5A       2       2       0   .abs_section_5a
     _TC6                                        5C       2       2       0   .abs_section_5c
     _TC7                                        5E       2       2       0   .abs_section_5e
     _PACNT                                      62       2       2       0   .abs_section_62
     _ATDCTL23                                   82       2       2       3   .abs_section_82
     _ATDCTL45                                   84       2       2       2   .abs_section_84
     _ATDDR0                                     90       2       2       2   .abs_section_90
     _ATDDR1                                     92       2       2       1   .abs_section_92
     _ATDDR2                                     94       2       2       1   .abs_section_94
     _ATDDR3                                     96       2       2       1   .abs_section_96
     _ATDDR4                                     98       2       2       1   .abs_section_98
     _ATDDR5                                     9A       2       2       1   .abs_section_9a
     _ATDDR6                                     9C       2       2       1   .abs_section_9c
     _ATDDR7                                     9E       2       2       1   .abs_section_9e
     _SCIBD                                      C8       2       2       1   .abs_section_c8
     _PWMCNT01                                   EC       2       2       0   .abs_section_ec
     _PWMCNT23                                   EE       2       2       0   .abs_section_ee
     _PWMCNT45                                   F0       2       2       0   .abs_section_f0
     _PWMPER01                                   F2       2       2       0   .abs_section_f2
     _PWMPER23                                   F4       2       2       0   .abs_section_f4
     _PWMPER45                                   F6       2       2       0   .abs_section_f6
     _PWMDTY01                                   F8       2       2       0   .abs_section_f8
     _PWMDTY23                                   FA       2       2       0   .abs_section_fa
     _PWMDTY45                                   FC       2       2       0   .abs_section_fc
MODULE:                 -- PTSL.c.o --
- PROCEDURES:
     PTSL_GetMsk__FUc                          6AFD       D      13       1   PTSL_CODE   
     PTSL_PutBit__FUcT0                        6B0A      1E      30       1   PTSL_CODE   
- VARIABLES:
     PTSL_Table                                6B56       2       2       1   PTSL_CONST  
MODULE:                 -- PlataformaEmbedded.cpp.o --
- PROCEDURES:
     mainLoop__18PlataformaEmbeddedFv          5D90       6       6       2   .text       
     __ct__16ThreadAttachableFv                6319       F      15       1   GEN_FUNCS_SEGMENT
     __dt__16ThreadAttachableFv                6328       3       3       1   GEN_FUNCS_SEGMENT
     __ConstructorInit__                       485B       6       6       0   .init       
     __DestructorInit__                        480C       6       6       0   .fini       
- VARIABLES:
     ____vtbl__ThreadAttachableMethodContainerLinkedListListCollection       6267      24      36       1   VIRTUAL_TABLE_SEGMENT
     threads                                   1065       5       5       3   .common     
MODULE:                 -- Termometro.cpp.o --
- PROCEDURES:
     __sf_10Termometro_fOn1ms__FPv             5D96      1A      26       1   .text       
     __sf_10Termometro_fOn40ms__FPv            5DB0      10      16       1   .text       
     __ct__10TermometroFR16ManejadorMemoria       5DC0      72     114       1   .text       
     mainLoop__10TermometroFv                  5E32      17      23       2   .text       
- VARIABLES:
     sensor_config                             4000      12      18       1   PARAMETERS_PAGE
MODULE:                 -- ThreadAttachable.cpp.o --
- PROCEDURES:
     executeThreads__16ThreadAttachableFv       5E49       3       3       1   .text       
- VARIABLES:
MODULE:                 -- PromBkp.c.o --
- PROCEDURES:
     PromBkp_ctor__FPvPPSc                     5E4C       B      11       1   .text       
     PromBkp_listoParaGrabarOBorrar__FPv       5E57      40      64       1   .text       
     PromBkp_grabacionOBorradoEnEspera__FPv       5E97      30      48       1   .text       
     PromBkp_grabarOBorrar__FPv                5EC7      37      55       1   .text       
- VARIABLES:
     PromBkp                                   4AD9      20      32       1   .rodata     
     STRING..3                                 4C26       1       1       1   .rodata1    
MODULE:                 -- display_teclas.c.o --
- PROCEDURES:
     Display_Init__Fv                          5EFE      14      20       1   .text       
     DpyAndSwitch__Fv                          5F12      E7     231       1   .text       
- VARIABLES:
     DigInfOn                                  4AF9       4       4       2   .rodata     
     DigSupOn                                  4AFD       4       4       1   .rodata     
     display.4                                 1000       1       1       3   .data       
     digito.3                                  100E       1       1       9   .bss        
     corrimiento                               100F       4       4       5   .bss        
     ScrollTimer                               106A       E      14       4   .common     
     DigDpy                                    1078      28      40       2   .common     
     Nletras                                   10A0       4       4       3   .common     
MODULE:                 -- TimerFlag.c.o --
- PROCEDURES:
     TimerFlag_DefConstruct__FPvPPSc           5FF9      16      22       1   .text       
     TimerFlag_Construct__FPvUl                600F      12      18       1   .text       
     TimerFlag_OnTime__FPv                     6021       9       9       1   .text       
     TimerFlag_reset__FPv                      602A       5       5       1   .text       
- VARIABLES:
     TimerFlag                                 4B01      12      18       2   .rodata     
     STRING..3                                 4C27       1       1       1   .rodata1    
MODULE:                 -- teclas.c.o --
- PROCEDURES:
     Teclas_Init__Fv                           602F      15      21       1   .text       
- VARIABLES:
     TeclaTimer                                10A4       E      14       1   .common     
MODULE:                 -- RamSimulaFlash.c.o --
- PROCEDURES:
     RamSimulaFlash_setWord__FPvPUiUi          6044       6       6       2   .text       
     RamSimulaFlash_getWord__FPvPUi            604A       5       5       2   .text       
     RamSimulaFlash_grabarProm__FPv            604F       3       3       1   .text       
     RamSimulaFlash_borrarProm__FPvT0          6052       2       2       1   .text       
- VARIABLES:
     RamSimulaFlash                            4B13      20      32       1   .rodata     
     STRING..3                                 4C28       1       1       1   .rodata1    
MODULE:                 -- AS1.c.o --
- PROCEDURES:
     AS1_Init__Fv                              6B3A      1C      28       1   AS1_CODE    
- VARIABLES:
     SerFlag                                   1233       1       1       1   AS1_DATA    
     EnUser                                    1234       1       1       1   AS1_DATA    
MODULE:                 -- termio1.c.o --
- PROCEDURES:
     TERMIO_PutChar                            6054       9       9       1   .text       
     TERMIO_Init                               605D       A      10       1   .text       
- VARIABLES:
MODULE:                 -- str_lib.c.o --
- PROCEDURES:
     FloatToStr__FiPScN20                      6067      5E      94       2   .text       
- VARIABLES:
     STRING..d..1                              4C29       4       4       1   .rodata1    
     STRING..0.d.2                             4C2D       5       5       1   .rodata1    
     STRING..d.3                               4C32       3       3       1   .rodata1    
MODULE:                 -- Vectors.c.o --
- PROCEDURES:
     Cpu_Interrupt43__Fv                       60C5       2       2       1   .text       
     Cpu_Interrupt47__Fv                       60C7       2       2       1   .text       
     Cpu_Interrupt48__Fv                       60C9       2       2       1   .text       
     Cpu_Interrupt49__Fv                       60CB       2       2       1   .text       
     Cpu_Interrupt50__Fv                       60CD       2       2       1   .text       
     Cpu_Interrupt51__Fv                       60CF       2       2       1   .text       
     Cpu_Interrupt52__Fv                       60D1       2       2       1   .text       
     Cpu_Interrupt53__Fv                       60D3       2       2       1   .text       
     Cpu_Interrupt54__Fv                       60D5       2       2       1   .text       
     Cpu_Interrupt56__Fv                       60D7       2       2       1   .text       
- VARIABLES:
     _vect                                     FF80      80     128       0   .abs_section_ff80
MODULE:                 -- MethodTimer.c.o --
- PROCEDURES:
     MTimer_Construct__FPvUlPFPv_vT0           6AA8      1A      26       1   MethodTimer_CODE
     MTimer_DefConstruct__FPvPPSc              6AC2      24      36       1   MethodTimer_CODE
     MethodTimer_setMetodo__FPvPFPv_vT0        6AE6       D      13       1   MethodTimer_CODE
     MTimer_OnTime__FPv                        6AF3       A      10       1   MethodTimer_CODE
- VARIABLES:
     MethodTimer                               4B33      12      18       1   .rodata     
     STRING..3                                 4C35       1       1       1   .rodata1    
MODULE:                 -- D:\PRINTER\Librerias\OOC\ooc\ooc_hcs12_cpp_Data\P&E_Multilink_CyclonePro\ObjectCode\OutputStream.cpp.o (ooc_hcs12_cpp.lib) --
- PROCEDURES:
     __ct__12OutputStreamFv                    60D9       A      10       1   .text       
     close__12OutputStreamFv                   60E3       1       1       1   .text       
     flush__12OutputStreamFv                   60E4       1       1       1   .text       
     write__12OutputStreamFPCSc                60E5       6       6       3   .text       
     write__12OutputStreamFUc                  60EB       C      12       1   .text       
- VARIABLES:
     STRING..c.1                               4C36       3       3       1   .rodata1    
MODULE:                 -- Math.c.o --
- PROCEDURES:
     pow10__FUc                                60F7       9       9       3   .text       
- VARIABLES:
     div_dec                                   4B45       A      10       1   .rodata     

*********************************************************************************************
MODULE STATISTIC
  Name                                      Data   Code  Const
---------------------------------------------------------------------------------------------
  main.cpp.o                                  61    291    302
  datapage.c.o                                 0     11      0
  Start12.cpp.o                                0     68      0
  ASSERT.C.o (ansisi.lib)                      0      7      0
  EMBEDDED.C.o (ansisi.lib)                    0     27      0
  HEAP.C.o (ansisi.lib)                      360     12      0
  PRINTF.C.o (ansisi.lib)                      6   1163    116
  ALLOC.C.o (ansisi.lib)                       4    361      0
  rtshc12.c.o (ansisi.lib)                     0    460      0
  NEW.CPP.o (cppsi.lib)                        0     21      0
  Adc.cpp.o                                   18    203      0
  Sensor.cpp.o                                 0     52      0
  SensorTermoPT100.cpp.o                       2    806     10
  D:\Jony\HCS12\Librerias\OOC\lang\reflect\reflect_Data\C_Ms_no_float\ObjectCode\Method.c.o (reflect_si.lib)     0     35     17
  Timer.c.o                                    0    605     63
  D:\versionR51\microsdhacel\soft micros\Codigo\Librerias\OOC\util\util_hcs12_cpp_Data\C++_Ms_no_float\ObjectCode\LinkedList.cpp.o (util_cpp_si.lib)     0    527      0
  D:\versionR51\microsdhacel\soft micros\Codigo\Librerias\OOC\util\util_hcs12_cpp_Data\C++_Ms_no_float\ObjectCode\nodo.cpp.o (util_cpp_si.lib)     0     18      0
  D:\versionR51\microsdhacel\soft micros\Codigo\Librerias\OOC\ooc\ooc_hcs12_comp_cpp_Data\C_Ms_no_float\ObjectCode\Object.c.o (util_cpp_si.lib)     0    250    135
  D:\versionR51\microsdhacel\soft micros\Codigo\Librerias\OOC\ooc\ooc_hcs12_comp_cpp_Data\C_Ms_no_float\ObjectCode\OutStream.c.o (util_cpp_si.lib)     0     44     84
  BaseTimers_1ms_40ms.cpp.o                    2    122      0
  BaseTimers.cpp.o                             0    142      0
  timer_interrupt.c.o                          4    114      0
  MethodContainer.cpp.o                        0     81      0
  Sensores.c.o                                 0     80    414
  SearchLib.c.o                                0    232      0
  ADC.c.o                                     23    484      0
  ADC1.c.o                                     0     22      0
  Cpu.c.o                                      0    216      0
  TI1.c.o                                      2     77      4
  funciones.c.o                                0    105      0
  IO_Map.c.o                                 199      0      0
  PTSL.c.o                                     0     43      2
  PlataformaEmbedded.cpp.o                     5     36     36
  Termometro.cpp.o                             0    179     18
  ThreadAttachable.cpp.o                       0      3      0
  PromBkp.c.o                                  0    178     33
  display_teclas.c.o                          64    251      8
  TimerFlag.c.o                                0     54     19
  teclas.c.o                                  14     21      0
  RamSimulaFlash.c.o                           0     16     33
  AS1.c.o                                      2     28      0
  termio1.c.o                                  0     19      0
  str_lib.c.o                                  0     94     12
  Vectors.c.o                                  0     20    128
  MethodTimer.c.o                              0     85     19
  D:\PRINTER\Librerias\OOC\ooc\ooc_hcs12_cpp_Data\P&E_Multilink_CyclonePro\ObjectCode\OutputStream.cpp.o (ooc_hcs12_cpp.lib)     0     30      3
  Math.c.o                                     0      9     10
  other                                      336     26      7

*********************************************************************************************
SECTION USE IN OBJECT-ALLOCATION SECTION
---------------------------------------------------------------------------------------------
SECTION: ".text"
  __ct__6inicioFv.3 imprimir__FPv main Init__Fv _Startup _assert printf abort 
  exit _heapcrash_ vprintf _out set_printf deposit_char sprintf malloc free 
  __nw__FGUi __dl__FGPv AD_Start__Fv __ct__3AdcFi isNewVal__3AdcFv 
  __sf_3Adc_getState__Fv getVal__3AdcFv print__3AdcFR12OutputStream 
  getTemperaturaAmbiente__3AdcFv addOnNuevoValorListener__6SensorFPC6Method 
  callOnNuevoValorListeners__6SensorFv 
  __ct__16SensorTermoPT100FR3AdcRC27TConfSensorSensorTermoPT100R32ManejadorMemoriaSensorTermoPT100 
  getVal__16SensorTermoPT100Fv checkADC__16SensorTermoPT100Fv 
  procesar__16SensorTermoPT100Fv print__16SensorTermoPT100FR12OutputStream 
  __sf_16SensorTermoPT100_setConfiguracionTemperaturaAmbiente__FPi 
  getSensor__16SensorTermoPT100Fv setSensor__16SensorTermoPT100FUi 
  onSensorChange__16SensorTermoPT100FUi Object_ctor__FPvPPSc Object_dtor__FPv 
  Object_differ__FPCvT0 Object_puto__FPCvP9OutStream classOf__FPCv 
  newAlloced__FPvPCve deleteAndNil__FPPv ctor__FPvPPSc dtor__FPv write__FPvPCSc 
  __ct__19BaseTimers_1ms_40msFv __sf_19BaseTimers_1ms_40ms_getInstance__Fv 
  lockInc__19BaseTimers_1ms_40msFv unlockInc__19BaseTimers_1ms_40msFv 
  __sf_19BaseTimers_1ms_40ms_inc1__FPv __sf_19BaseTimers_1ms_40ms_inc40__FPv 
  incrementar__10BaseTimersFUi moveOut__10BaseTimersFPv 
  actualizarTimers__10BaseTimersFv getCuenta__10BaseTimersFv 
  TI1ms_OnInterrupt__Fv TI40ms_OnInterrupt__Fv add1msListener__FP6Method 
  add40msListener__FP6Method __ct__15MethodContainerFv 
  add__15MethodContainerFPv executeMethods__15MethodContainerFv 
  Linealizar__Fi8t_sensorPi Sens_getColdComp__FiPi8t_sensor 
  BinSearchLin__FiPiPCiT2T0 ADC1_Init__Fv PE_low_level_init__Fv 
  filtrar__FiN30Pl mainLoop__18PlataformaEmbeddedFv 
  __sf_10Termometro_fOn1ms__FPv __sf_10Termometro_fOn40ms__FPv 
  __ct__10TermometroFR16ManejadorMemoria mainLoop__10TermometroFv 
  executeThreads__16ThreadAttachableFv PromBkp_ctor__FPvPPSc 
  PromBkp_listoParaGrabarOBorrar__FPv PromBkp_grabacionOBorradoEnEspera__FPv 
  PromBkp_grabarOBorrar__FPv Display_Init__Fv DpyAndSwitch__Fv 
  TimerFlag_DefConstruct__FPvPPSc TimerFlag_Construct__FPvUl 
  TimerFlag_OnTime__FPv TimerFlag_reset__FPv Teclas_Init__Fv 
  RamSimulaFlash_setWord__FPvPUiUi RamSimulaFlash_getWord__FPvPUi 
  RamSimulaFlash_grabarProm__FPv RamSimulaFlash_borrarProm__FPvT0 
  TERMIO_PutChar TERMIO_Init FloatToStr__FiPScN20 Cpu_Interrupt43__Fv 
  Cpu_Interrupt47__Fv Cpu_Interrupt48__Fv Cpu_Interrupt49__Fv 
  Cpu_Interrupt50__Fv Cpu_Interrupt51__Fv Cpu_Interrupt52__Fv 
  Cpu_Interrupt53__Fv Cpu_Interrupt54__Fv Cpu_Interrupt56__Fv 
  __ct__12OutputStreamFv close__12OutputStreamFv flush__12OutputStreamFv 
  write__12OutputStreamFPCSc write__12OutputStreamFUc pow10__FUc 
SECTION: ".data"
  display.4 
SECTION: ".bss"
  pbuf heap_end free_ptr __sf_3Adc_init __sf_19BaseTimers_1ms_40ms_instance 
  digito.3 corrimiento 
SECTION: ".init"
  __ConstructorInit__ Cpu_Interrupt__Fv _EntryPoint __ConstructorInit__ 
SECTION: ".fini"
  __DestructorInit__ __DestructorInit__ 
SECTION: ".rodata"
  impresion pow10 pow16 pow8 Method Timer Object Class J_X J_Y n_X n_Y K_X K_Y 
  s_X s_Y r_X r_Y t_X t_Y Pt_X Pt_Y Lin_X Lin_Y milv_X milv_Y sensorConf 
  HighComp PromBkp DigInfOn DigSupOn TimerFlag RamSimulaFlash MethodTimer 
  div_dec 
SECTION: ".rodata1"
  STRING...4 STRING.comenzando....5 STRING..OF..3 STRING..UF..4 STRING..1 
  STRING..3 STRING..at..1 STRING..x.2 STRING.D..versionR51.micros.3 
  STRING.Object.5 STRING.Object.6 STRING.D..versionR51.micros.3 STRING..3 
  STRING..3 STRING..3 STRING..d..1 STRING..0.d.2 STRING..d.3 STRING..3 
  STRING..c.1 
SECTION: "PARAMETERS_PAGE"
  sensor_config 
SECTION: "NON_BANKED"
  ADC_Interrupt__Fv TI1_Interrupt__Fv 
SECTION: "METHOD_CODE"
  Method_constructor Method_defConstructor 
SECTION: "VIRTUAL_TABLE_SEGMENT"
  ____vtbl__OutputStream ____vtbl__Getter ____vtbl__IAdcGetter 
  ____vtbl__AdcIAdcGetter ____vtbl__Iterator ____vtbl__Collection 
  ____vtbl__ListCollection ____vtbl__LinkedListIteratorIterator 
  ____vtbl__LinkedListListCollection 
  ____vtbl__MethodContainerLinkedListListCollection ____vtbl__SensorGetter 
  ____vtbl__SensorTermoPT100SensorGetter 
  ____vtbl__BaseTimersLinkedListListCollection ____vtbl__PlataformaEmbedded 
  ____vtbl__TermometroPlataformaEmbedded 
  ____vtbl__BaseTimers_1ms_40msBaseTimersLinkedListListCollection 
  ____vtbl__ThreadAttachableMethodContainerLinkedListListCollection 
SECTION: "GEN_FUNCS_SEGMENT"
  __ct__6GetterFv __ct__4IAdcFv __ct__8IteratorFv __ct__10CollectionFv 
  __ct__4ListFv __dt__15MethodContainerFv __ct__6SensorFv __dt__6SensorFv 
  __dt__16SensorTermoPT100Fv __ct__10BaseTimersFv __ct__18PlataformaEmbeddedFv 
  __dt__10TermometroFv __ct__7PromBkpFv __dt__7PromBkpFv 
  __ct__14RamSimulaFlashFv __dt__14RamSimulaFlashFv __ct__16ThreadAttachableFv 
  __dt__16ThreadAttachableFv 
SECTION: "NODO_CODE"
  getNext__4NodoFv.2 
SECTION: "LinkedList_CODE"
  __ct__10LinkedListFv __dt__10LinkedListFv isEmpty__10LinkedListFv 
  clear__10LinkedListFv add__10LinkedListFPv aniadir__10LinkedListFPv 
  size__10LinkedListFv eliminarPrimero__10LinkedListFv get__10LinkedListFUi 
  moveOut__10LinkedListFPv deleteNodo__10LinkedListFP4NodoT1 
[...]
       |     |  |     +- flush__12OutputStreamFv
       |     |  |     |    
       |     |  |     +- write__12OutputStreamFPCSc (see above)
       |     |  |     |  
       |     |  |     +- write__12OutputStreamFUc
       |     |  |        | 
       |     |  |        +- printf               (see above)
       |     |  |           
       |     |  +- __ct__10TermometroFR16ManejadorMemoria
       |     |     | 
       |     |     +- __ct__18PlataformaEmbeddedFv
       |     |     |  | 
       |     |     |  +- ____vtbl__PlataformaEmbedded
       |     |     |     | 
       |     |     |     +- mainLoop__18PlataformaEmbeddedFv (see above)
       |     |     |        
       |     |     +- __ct__3AdcFi        
       |     |     |  | 
       |     |     |  +- __ct__4IAdcFv       
       |     |     |  |  | 
       |     |     |  |  +- __ct__6GetterFv     
       |     |     |  |       
       |     |     |  +- ____vtbl__AdcIAdcGetter
       |     |     |  |  | 
       |     |     |  |  +- print__3AdcFR12OutputStream
       |     |     |  |  |  | 
       |     |     |  |  |  +- _LOAD_FAR_16         (see above)
       |     |     |  |  |  |  
       |     |     |  |  |  +- FloatToStr__FiPScN20
       |     |     |  |  |     | 
       |     |     |  |  |     +- sprintf              (see above)
       |     |     |  |  |     |  
       |     |     |  |  |     +- pow10__FUc           (see above)
       |     |     |  |  |        
       |     |     |  |  +- getVal__3AdcFv      
       |     |     |  |  |  | 
       |     |     |  |  |  +- ADC_getVal__FUc     
       |     |     |  |  |     | 
       |     |     |  |  |     +- ADC_getVZ__Fv       
       |     |     |  |  |     |    
       |     |     |  |  |     +- _LDIVS               (see above)
       |     |     |  |  |        
       |     |     |  |  +- isNewVal__3AdcFv    
       |     |     |  |  |  | 
       |     |     |  |  |  +- ADC_isread__FUc     
       |     |     |  |  |       
       |     |     |  |  +- getTemperaturaAmbiente__3AdcFv
       |     |     |  |  |  | 
       |     |     |  |  |  +- ADC_getTA__Fv       
       |     |     |  |  |     | 
       |     |     |  |  |     +- _LDIVS               (see above)
       |     |     |  |  |     |  
       |     |     |  |  |     +- _ILSEXT              (see above)
       |     |     |  |  |     |  
       |     |     |  |  |     +- _LNEG                (see above)
       |     |     |  |  |     |  
       |     |     |  |  |     +- _LSHL               
       |     |     |  |  |          
       |     |     |  |  +- __sf_3Adc_getState__Fv
       |     |     |  |     | 
       |     |     |  |     +- Timer_getCuenta__FPv
       |     |     |  |     |  | 
       |     |     |  |     |  +- Timer_isfinish__FPv 
       |     |     |  |     |  |  | 
       |     |     |  |     |  |  +- _LOAD_FAR_16         (see above)
       |     |     |  |     |  |     
       |     |     |  |     |  +- getCuenta__10BaseTimersFv
       |     |     |  |     |       
       |     |     |  |     +- _LCMP               
       |     |     |  |          
       |     |     |  +- ADC1_Init__Fv        (see above)
       |     |     |  |  
       |     |     |  +- ADC_Start__Fv       
       |     |     |  |  | 
       |     |     |  |  +- ADC_Select__FSc     
       |     |     |  |       
       |     |     |  +- AD_Start__Fv        
       |     |     |  |  | 
       |     |     |  |  +- ADC_Start__Fv        (see above)
       |     |     |  |     
       |     |     |  +- MethodTimer         
       |     |     |  |  | 
       |     |     |  |  +- Timer               
       |     |     |  |  |  | 
       |     |     |  |  |  +- Object               (see above)
       |     |     |  |  |  |  
       |     |     |  |  |  +- Timer_DefConstruct__FPvPPSc
       |     |     |  |  |  |  | 
       |     |     |  |  |  |  +- Timer_Construct__FPvUl
       |     |     |  |  |  |     | 
       |     |     |  |  |  |     +- __sf_19BaseTimers_1ms_40ms_getInstance__Fv
       |     |     |  |  |  |     |  | 
       |     |     |  |  |  |     |  +- __nw__FGUi           (see above)
       |     |     |  |  |  |     |  |  
       |     |     |  |  |  |     |  +- __ct__19BaseTimers_1ms_40msFv
       |     |     |  |  |  |     |     | 
       |     |     |  |  |  |     |     +- __ct__10BaseTimersFv
       |     |     |  |  |  |     |     |  | 
       |     |     |  |  |  |     |     |  +- __ct__10LinkedListFv (see above)
       |     |     |  |  |  |     |     |  |  
       |     |     |  |  |  |     |     |  +- ____vtbl__BaseTimersLinkedListListCollection
       |     |     |  |  |  |     |     |     | 
       |     |     |  |  |  |     |     |     +- add__10LinkedListFPv (see above)
       |     |     |  |  |  |     |     |     |  
       |     |     |  |  |  |     |     |     +- clear__10LinkedListFv (see above)
       |     |     |  |  |  |     |     |     |  
       |     |     |  |  |  |     |     |     +- contains__10LinkedListFPv (see above)
       |     |     |  |  |  |     |     |     |  
       |     |     |  |  |  |     |     |     +- isEmpty__10LinkedListFv (see above)
       |     |     |  |  |  |     |     |     |  
       |     |     |  |  |  |     |     |     +- iterator__10LinkedListFv (see above)
       |     |     |  |  |  |     |     |     |  
       |     |     |  |  |  |     |     |     +- moveOut__10BaseTimersFPv
       |     |     |  |  |  |     |     |     |  | 
       |     |     |  |  |  |     |     |     |  +- moveOut__10LinkedListFPv (see above)
       |     |     |  |  |  |     |     |     |  |  
       |     |     |  |  |  |     |     |     |  +- _LOAD_FAR_16         (see above)
       |     |     |  |  |  |     |     |     |     
       |     |     |  |  |  |     |     |     +- size__10LinkedListFv (see above)
       |     |     |  |  |  |     |     |     |  
       |     |     |  |  |  |     |     |     +- get__10LinkedListFUi (see above)
       |     |     |  |  |  |     |     |     |  
       |     |     |  |  |  |     |     |     +- aniadir__10LinkedListFPv (see above)
       |     |     |  |  |  |     |     |        
       |     |     |  |  |  |     |     +- ____vtbl__BaseTimers_1ms_40msBaseTimersLinkedListListCollection
       |     |     |  |  |  |     |     |  | 
       |     |     |  |  |  |     |     |  +- add__10LinkedListFPv (see above)
       |     |     |  |  |  |     |     |  |  
       |     |     |  |  |  |     |     |  +- clear__10LinkedListFv (see above)
       |     |     |  |  |  |     |     |  |  
       |     |     |  |  |  |     |     |  +- contains__10LinkedListFPv (see above)
       |     |     |  |  |  |     |     |  |  
       |     |     |  |  |  |     |     |  +- isEmpty__10LinkedListFv (see above)
       |     |     |  |  |  |     |     |  |  
       |     |     |  |  |  |     |     |  +- iterator__10LinkedListFv (see above)
       |     |     |  |  |  |     |     |  |  
       |     |     |  |  |  |     |     |  +- moveOut__10BaseTimersFPv (see above)
       |     |     |  |  |  |     |     |  |  
       |     |     |  |  |  |     |     |  +- size__10LinkedListFv (see above)
       |     |     |  |  |  |     |     |  |  
       |     |     |  |  |  |     |     |  +- get__10LinkedListFUi (see above)
       |     |     |  |  |  |     |     |  |  
       |     |     |  |  |  |     |     |  +- aniadir__10LinkedListFPv (see above)
       |     |     |  |  |  |     |     |  |  
       |     |     |  |  |  |     |     |  +- lockInc__19BaseTimers_1ms_40msFv
       |     |     |  |  |  |     |     |  |  | 
       |     |     |  |  |  |     |     |  |  +- TI1_Disable__Fv     
       |     |     |  |  |  |     |     |  |       
       |     |     |  |  |  |     |     |  +- unlockInc__19BaseTimers_1ms_40msFv
       |     |     |  |  |  |     |     |     | 
       |     |     |  |  |  |     |     |     +- TI1_Enable__Fv      
       |     |     |  |  |  |     |     |          
       |     |     |  |  |  |     |     +- __sf_19BaseTimers_1ms_40ms_inc1__FPv
       |     |     |  |  |  |     |     |  | 
       |     |     |  |  |  |     |     |  +- incrementar__10BaseTimersFUi
       |     |     |  |  |  |     |     |  |    
       |     |     |  |  |  |     |     |  +- actualizarTimers__10BaseTimersFv
       |     |     |  |  |  |     |     |     | 
       |     |     |  |  |  |     |     |     +- __ct__28LinkedListIteratorLinkedListFv (see above)
       |     |     |  |  |  |     |     |     |  
       |     |     |  |  |  |     |     |     +- linkedListIterator__10LinkedListFP28LinkedListIteratorLinkedList (see above)
       |     |     |  |  |  |     |     |     |  
       |     |     |  |  |  |     |     |     +- next__28LinkedListIteratorLinkedListFv (see above)
       |     |     |  |  |  |     |     |     |  
       |     |     |  |  |  |     |     |     +- TimerComp__FPv      
       |     |     |  |  |  |     |     |     |  | 
       |     |     |  |  |  |     |     |     |  +- getCuenta__10BaseTimersFv (see above)
       |     |     |  |  |  |     |     |     |  |  
       |     |     |  |  |  |     |     |     |  +- _ILSEXT              (see above)
       |     |     |  |  |  |     |     |     |     
       |     |     |  |  |  |     |     |     +- hasNext__28LinkedListIteratorLinkedListFv (see above)
       |     |     |  |  |  |     |     |        
       |     |     |  |  |  |     |     +- Method               (see above)
       |     |     |  |  |  |     |     |  
       |     |     |  |  |  |     |     +- newAlloced__FPvPCve  (see above)
       |     |     |  |  |  |     |     |  
       |     |     |  |  |  |     |     +- __sf_19BaseTimers_1ms_40ms_inc40__FPv
       |     |     |  |  |  |     |     |  | 
       |     |     |  |  |  |     |     |  +- incrementar__10BaseTimersFUi (see above)
       |     |     |  |  |  |     |     |  |  
       |     |     |  |  |  |     |     |  +- actualizarTimers__10BaseTimersFv (see above)
       |     |     |  |  |  |     |     |     
       |     |     |  |  |  |     |     +- add1msListener__FP6Method
       |     |     |  |  |  |     |     |  | 
       |     |     |  |  |  |     |     |  +- _LOAD_FAR_16         (see above)
       |     |     |  |  |  |     |     |     
       |     |     |  |  |  |     |     +- add40msListener__FP6Method
       |     |     |  |  |  |     |        | 
       |     |     |  |  |  |     |        +- _LOAD_FAR_16         (see above)
       |     |     |  |  |  |     |           
       |     |     |  |  |  |     +- getCuenta__10BaseTimersFv (see above)
       |     |     |  |  |  |     |  
       |     |     |  |  |  |     +- _LCMP_P              (see above)
       |     |     |  |  |  |     |  
       |     |     |  |  |  |     +- _LOAD_FAR_16         (see above)
       |     |     |  |  |  |        
       |     |     |  |  |  +- Timer_Destruct__FPv 
       |     |     |  |  |  |  | 
       |     |     |  |  |  |  +- Timer_Stop__FPv     
       |     |     |  |  |  |     | 
       |     |     |  |  |  |     +- _LOAD_FAR_16         (see above)
       |     |     |  |  |  |        
       |     |     |  |  |  +- Timer_OnTime__FPv   
       |     |     |  |  |     | 
       |     |     |  |  |     +- Timer_Stop__FPv      (see above)
       |     |     |  |  |        
       |     |     |  |  +- MTimer_DefConstruct__FPvPPSc
       |     |     |  |  |  | 
       |     |     |  |  |  +- MTimer_Construct__FPvUlPFPv_vT0
       |     |     |  |  |     | 
       |     |     |  |  |     +- Timer_Construct__FPvUl (see above)
       |     |     |  |  |     |  
       |     |     |  |  |     +- MethodTimer_setMetodo__FPvPFPv_vT0
       |     |     |  |  |          
       |     |     |  |  +- Timer_Destruct__FPv  (see above)
       |     |     |  |  |  
       |     |     |  |  +- MTimer_OnTime__FPv  
       |     |     |  |       
       |     |     |  +- newAlloced__FPvPCve  (see above)
       |     |     |     
       |     |     +- __ct__16SensorTermoPT100FR3AdcRC27TConfSensorSensorTermoPT100R32ManejadorMemoriaSensorTermoPT100
       |     |     |  | 
       |     |     |  +- __ct__6SensorFv     
       |     |     |  |  | 
       |     |     |  |  +- __ct__6GetterFv      (see above)
       |     |     |  |  |  
       |     |     |  |  +- __ct__15MethodContainerFv (see above)
       |     |     |  |     
       |     |     |  +- ____vtbl__SensorTermoPT100SensorGetter
       |     |     |  |  | 
       |     |     |  |  +- print__16SensorTermoPT100FR12OutputStream
       |     |     |  |  |  | 
       |     |     |  |  |  +- getSensor__16SensorTermoPT100Fv
       |     |     |  |  |  |    
       |     |     |  |  |  +- pow10__FUc           (see above)
       |     |     |  |  |  |  
       |     |     |  |  |  +- _CASE_CHECKED_BYTE  
       |     |     |  |  |  |    
       |     |     |  |  |  +- FloatToStr__FiPScN20 (see above)
       |     |     |  |  |  |  
       |     |     |  |  |  +- _LOAD_FAR_16         (see above)
       |     |     |  |  |     
       |     |     |  |  +- getVal__16SensorTermoPT100Fv
       |     |     |  |       
       |     |     |  +- _LOAD_FAR_16         (see above)
       |     |     |  |  
       |     |     |  +- getSensor__16SensorTermoPT100Fv (see above)
       |     |     |  |  
       |     |     |  +- setSensor__16SensorTermoPT100FUi
       |     |     |  |  | 
       |     |     |  |  +- onSensorChange__16SensorTermoPT100FUi
       |     |     |  |     | 
       |     |     |  |     +- PTSL_PutBit__FUcT0  
       |     |     |  |        | 
       |     |     |  |        +- PTSL_GetMsk__FUc    
       |     |     |  |             
       |     |     |  +- procesar__16SensorTermoPT100Fv (see above)
       |     |     |     
       |     |     +- ____vtbl__TermometroPlataformaEmbedded
       |     |     |  | 
       |     |     |  +- mainLoop__10TermometroFv (see above)
       |     |     |     
       |     |     +- Teclas_Init__Fv     
       |     |     |  | 
       |     |     |  +- TimerFlag           
       |     |     |  |  | 
       |     |     |  |  +- Timer                (see above)
       |     |     |  |  |  
       |     |     |  |  +- TimerFlag_DefConstruct__FPvPPSc
       |     |     |  |  |  | 
       |     |     |  |  |  +- TimerFlag_Construct__FPvUl
       |     |     |  |  |     | 
       |     |     |  |  |     +- Timer_Construct__FPvUl (see above)
       |     |     |  |  |        
       |     |     |  |  +- Timer_Destruct__FPv  (see above)
       |     |     |  |  |  
       |     |     |  |  +- TimerFlag_OnTime__FPv
       |     |     |  |       
       |     |     |  +- newAlloced__FPvPCve  (see above)
       |     |     |     
       |     |     +- Display_Init__Fv    
       |     |     |  | 
       |     |     |  +- TimerFlag            (see above)
       |     |     |  |  
       |     |     |  +- newAlloced__FPvPCve  (see above)
       |     |     |     
       |     |     +- __sf_10Termometro_fOn1ms__FPv
       |     |     |  | 
       |     |     |  +- PromBkp_listoParaGrabarOBorrar__FPv
       |     |     |  |  | 
       |     |     |  |  +- Timer_isfinish__FPv  (see above)
       |     |     |  |  |  
       |     |     |  |  +- deleteAndNil__FPPv  
       |     |     |  |  |  | 
       |     |     |  |  |  +- dtor__FPv           
       |     |     |  |  |  |  | 
       |     |     |  |  |  |  +- classOf__FPCv        (see above)
       |     |     |  |  |  |     
       |     |     |  |  |  +- free                 (see above)
       |     |     |  |  |     
       |     |     |  |  +- PromBkp_grabacionOBorradoEnEspera__FPv
       |     |     |  |     | 
       |     |     |  |     +- _LOAD_FAR_16         (see above)
       |     |     |  |        
       |     |     |  +- __sf_3Adc_getState__Fv (see above)
       |     |     |  |  
       |     |     |  +- TI1_SetPeriodMode__F8TI1_mode
       |     |     |  |    
       |     |     |  +- DpyAndSwitch__Fv    
       |     |     |     | 
       |     |     |     +- TimerFlag_reset__FPv
       |     |     |     |    
       |     |     |     +- Timer_setTime__FPvUl
       |     |     |        | 
       |     |     |        +- Timer_Restart__FPv  
       |     |     |           | 
       |     |     |           +- getCuenta__10BaseTimersFv (see above)
       |     |     |           |  
       |     |     |           +- _LCMP_P              (see above)
       |     |     |           |  
       |     |     |           +- Timer_isfinish__FPv  (see above)
       |     |     |           |  
       |     |     |           +- _LOAD_FAR_16         (see above)
       |     |     |              
       |     |     +- Method               (see above)
       |     |     |  
       |     |     +- newAlloced__FPvPCve  (see above)
       |     |     |  
       |     |     +- __sf_10Termometro_fOn40ms__FPv
       |     |     |  | 
       |     |     |  +- TI1_SetPeriodMode__F8TI1_mode (see above)
       |     |     |  |  
       |     |     |  +- PromBkp_grabarOBorrar__FPv
       |     |     |     | 
       |     |     |     +- eliminarPrimero__10LinkedListFv
       |     |     |        | 
       |     |     |        +- _LOAD_FAR_16         (see above)
       |     |     |        |  
       |     |     |        +- __dl__FGPv           (see above)
       |     |     |           
       |     |     +- add1msListener__FP6Method (see above)
       |     |     |  
       |     |     +- add40msListener__FP6Method (see above)
       |     |        
       |     +- __DestructorInit__  
       |     |  | 
       |     |  +- __dt__16ThreadAttachableFv
       |     |     | 
       |     |     +- __dt__15MethodContainerFv
       |     |        | 
       |     |        +- __dt__10LinkedListFv
       |     |           | 
       |     |           +- _LOAD_FAR_16         (see above)
       |     |              
       |     +- __DestructorInit__  
       |        | 
       |        +- __dt__10TermometroFv
       |        |  | 
       |        |  +- __dt__16SensorTermoPT100Fv
       |        |     | 
       |        |     +- __dt__6SensorFv     
       |        |        | 
       |        |        +- __dt__15MethodContainerFv (see above)
       |        |           
       |        +- __dt__14RamSimulaFlashFv
       |           | 
       |           +- __dt__7PromBkpFv    
       |              | 
       |              +- __dt__10LinkedListFv (see above)
       |                 
       +- main                 (see above)
          
 _vect               
 | 
 +- Cpu_Interrupt__Fv   
 |    
 +- ADC_Interrupt__Fv   
 |  | 
 |  +- ADC_Stop__Fv        
 |  |    
 |  +- ADC_Select__FSc      (see above)
 |     
 +- Cpu_Interrupt43__Fv 
 |    
 +- Cpu_Interrupt47__Fv 
 |    
 +- Cpu_Interrupt48__Fv 
 |    
 +- Cpu_Interrupt49__Fv 
 |    
 +- Cpu_Interrupt50__Fv 
 |    
 +- Cpu_Interrupt51__Fv 
 |    
 +- Cpu_Interrupt52__Fv 
 |    
 +- Cpu_Interrupt53__Fv 
 |    
 +- Cpu_Interrupt54__Fv 
 |    
 +- TI1_Interrupt__Fv   
 |  | 
 |  +- TI1ms_OnInterrupt__Fv
 |  |  | 
 |  |  +- executeMethods__15MethodContainerFv (see above)
 |  |     
 |  +- TI40ms_OnInterrupt__Fv
 |     | 
 |     +- executeMethods__15MethodContainerFv (see above)
 |        
 +- Cpu_Interrupt56__Fv 
 |    
 +- _EntryPoint          (see above)
    
*********************************************************************************************
STATISTIC SECTION
---------------------------------------------------------------------------------------------

ExeFile:
--------
Number of blocks to be downloaded: 18
Total size of all blocks to be downloaded: 9201

