Units and locations in library 'D:\Jony\versionR51\microsdhacel\soft micros\Codigo\Librerias\OOC\ooc\lib_cpp\ooc_hc12_si.lib'
Unit name                                                                                                                                  size     from       to
D:\Jony\versionR51\microsdhacel\soft micros\Codigo\Librerias\OOC\ooc\ooc_hcs12_cpp_Data\C++_Ms_no_float\ObjectCode\OutputStream.cpp.o      7624      154     7778

EXPORTED OBJECTS
____vtbl__OutputStream                   O   (D:\Jony\versionR51\microsdhacel\soft micros\Codigo\Librerias\OOC\ooc\ooc_hcs12_cpp_Data\C++_Ms_no_float\ObjectCode\OutputStream.cpp.o)
__as__12OutputStreamFRC12OutputStream    F   (D:\Jony\versionR51\microsdhacel\soft micros\Codigo\Librerias\OOC\ooc\ooc_hcs12_cpp_Data\C++_Ms_no_float\ObjectCode\OutputStream.cpp.o)
__ct__12OutputStreamFRC12OutputStream    F   (D:\Jony\versionR51\microsdhacel\soft micros\Codigo\Librerias\OOC\ooc\ooc_hcs12_cpp_Data\C++_Ms_no_float\ObjectCode\OutputStream.cpp.o)
__ct__12OutputStreamFv                   F   (D:\Jony\versionR51\microsdhacel\soft micros\Codigo\Librerias\OOC\ooc\ooc_hcs12_cpp_Data\C++_Ms_no_float\ObjectCode\OutputStream.cpp.o)
close__12OutputStreamFv                  F   (D:\Jony\versionR51\microsdhacel\soft micros\Codigo\Librerias\OOC\ooc\ooc_hcs12_cpp_Data\C++_Ms_no_float\ObjectCode\OutputStream.cpp.o)
flush__12OutputStreamFv                  F   (D:\Jony\versionR51\microsdhacel\soft micros\Codigo\Librerias\OOC\ooc\ooc_hcs12_cpp_Data\C++_Ms_no_float\ObjectCode\OutputStream.cpp.o)
