*********************************************************************************************
*********************************************************************************************
LINKING FAILED
The linking process failed in some stage.
Depending on the phase the linker failed, part of the information contained in this map file may be inaccurate or wrong.
If the linking failed before the allocation phase finished, then the addresses might be inaccurate.
Also summary information like the code size is likely to be misleading.
---------------------------------------------------------------------------------------------
---------------------------------------------------------------------------------------------

PROGRAM "D:\versionR51\microsdhacel\soft micros\Codigo\codigo portable\Memoria\lib\bin\Project.abs"

*********************************************************************************************
TARGET SECTION
---------------------------------------------------------------------------------------------
Processor   : Freescale HC12
Memory Model: SMALL
File Format : ELF (no debug info)
Linker      : SmartLinker V-5.0.36 Build 9056, Feb 26 2009

*********************************************************************************************
FILE SECTION
---------------------------------------------------------------------------------------------
D:\versionR51\microsdhacel\soft micros\Codigo\Librerias\OOC\util\util_hcs12_cpp_Data\C++_Ms_no_float\ObjectCode\DobleList.cpp.o (util_cpp_si.lib)Model: SMALL,         Lang: C++
D:\versionR51\microsdhacel\soft micros\Codigo\Librerias\OOC\util\util_hcs12_cpp_Data\C++_Ms_no_float\ObjectCode\LinkedList.cpp.o (util_cpp_si.lib)Model: SMALL,         Lang: C++
timer_interrupt.c.o                     Model: SMALL,         Lang: C++
IO_Map.c.o                              Model: SMALL,         Lang: C++
Vectors.c.o                             Model: SMALL,         Lang: C++
Cpu.c.o                                 Model: SMALL,         Lang: C++
TI1.c.o                                 Model: SMALL,         Lang: C++
MethodContainer.cpp.o                   Model: SMALL,         Lang: C++

*********************************************************************************************
STARTUP SECTION
---------------------------------------------------------------------------------------------

*********************************************************************************************
SECTION-ALLOCATION SECTION
Section Name                    Size  Type     From       To       Segment
---------------------------------------------------------------------------------------------
.abs_section_8                     1   N/I        0x8        0x8   .absSeg0
.abs_section_9                     1   N/I        0x9        0x9   .absSeg1
.abs_section_a                     1   N/I        0xA        0xA   .absSeg2
.abs_section_b                     1   N/I        0xB        0xB   .absSeg3
.abs_section_c                     1   N/I        0xC        0xC   .absSeg4
.abs_section_d                     1   N/I        0xD        0xD   .absSeg5
.abs_section_e                     1   N/I        0xE        0xE   .absSeg6
.abs_section_10                    1   N/I       0x10       0x10   .absSeg7
.abs_section_11                    1   N/I       0x11       0x11   .absSeg8
.abs_section_13                    1   N/I       0x13       0x13   .absSeg9
.abs_section_15                    1   N/I       0x15       0x15   .absSeg10
.abs_section_16                    1   N/I       0x16       0x16   .absSeg11
.abs_section_19                    1   N/I       0x19       0x19   .absSeg12
.abs_section_1c                    1   N/I       0x1C       0x1C   .absSeg13
.abs_section_1d                    1   N/I       0x1D       0x1D   .absSeg14
.abs_section_1e                    1   N/I       0x1E       0x1E   .absSeg15
.abs_section_1f                    1   N/I       0x1F       0x1F   .absSeg16
.abs_section_20                    1   N/I       0x20       0x20   .absSeg17
.abs_section_21                    1   N/I       0x21       0x21   .absSeg18
.abs_section_24                    1   N/I       0x24       0x24   .absSeg19
.abs_section_25                    1   N/I       0x25       0x25   .absSeg20
.abs_section_28                    1   N/I       0x28       0x28   .absSeg21
.abs_section_29                    1   N/I       0x29       0x29   .absSeg22
.abs_section_2a                    1   N/I       0x2A       0x2A   .absSeg23
.abs_section_2d                    1   N/I       0x2D       0x2D   .absSeg24
.abs_section_30                    1   N/I       0x30       0x30   .absSeg25
.abs_section_34                    1   N/I       0x34       0x34   .absSeg26
.abs_section_35                    1   N/I       0x35       0x35   .absSeg27
.abs_section_37                    1   N/I       0x37       0x37   .absSeg28
.abs_section_38                    1   N/I       0x38       0x38   .absSeg29
.abs_section_39                    1   N/I       0x39       0x39   .absSeg30
.abs_section_3a                    1   N/I       0x3A       0x3A   .absSeg31
.abs_section_3b                    1   N/I       0x3B       0x3B   .absSeg32
.abs_section_3c                    1   N/I       0x3C       0x3C   .absSeg33
.abs_section_3f                    1   N/I       0x3F       0x3F   .absSeg34
.abs_section_40                    1   N/I       0x40       0x40   .absSeg35
.abs_section_41                    1   N/I       0x41       0x41   .absSeg36
.abs_section_42                    1   N/I       0x42       0x42   .absSeg37
.abs_section_43                    1   N/I       0x43       0x43   .absSeg38
.abs_section_46                    1   N/I       0x46       0x46   .absSeg39
.abs_section_47                    1   N/I       0x47       0x47   .absSeg40
.abs_section_48                    1   N/I       0x48       0x48   .absSeg41
.abs_section_49                    1   N/I       0x49       0x49   .absSeg42
.abs_section_4a                    1   N/I       0x4A       0x4A   .absSeg43
.abs_section_4b                    1   N/I       0x4B       0x4B   .absSeg44
.abs_section_4c                    1   N/I       0x4C       0x4C   .absSeg45
.abs_section_4d                    1   N/I       0x4D       0x4D   .absSeg46
.abs_section_4e                    1   N/I       0x4E       0x4E   .absSeg47
.abs_section_4f                    1   N/I       0x4F       0x4F   .absSeg48
.abs_section_60                    1   N/I       0x60       0x60   .absSeg49
.abs_section_61                    1   N/I       0x61       0x61   .absSeg50
.abs_section_86                    1   N/I       0x86       0x86   .absSeg51
.abs_section_89                    1   N/I       0x89       0x89   .absSeg52
.abs_section_8b                    1   N/I       0x8B       0x8B   .absSeg53
.abs_section_8d                    1   N/I       0x8D       0x8D   .absSeg54
.abs_section_8f                    1   N/I       0x8F       0x8F   .absSeg55
.abs_section_ca                    1   N/I       0xCA       0xCA   .absSeg56
.abs_section_cb                    1   N/I       0xCB       0xCB   .absSeg57
.abs_section_cc                    1   N/I       0xCC       0xCC   .absSeg58
.abs_section_cd                    1   N/I       0xCD       0xCD   .absSeg59
.abs_section_ce                    1   N/I       0xCE       0xCE   .absSeg60
.abs_section_cf                    1   N/I       0xCF       0xCF   .absSeg61
.abs_section_d8                    1   N/I       0xD8       0xD8   .absSeg62
.abs_section_d9                    1   N/I       0xD9       0xD9   .absSeg63
.abs_section_da                    1   N/I       0xDA       0xDA   .absSeg64
.abs_section_db                    1   N/I       0xDB       0xDB   .absSeg65
.abs_section_dd                    1   N/I       0xDD       0xDD   .absSeg66
.abs_section_e0                    1   N/I       0xE0       0xE0   .absSeg67
.abs_section_e1                    1   N/I       0xE1       0xE1   .absSeg68
.abs_section_e2                    1   N/I       0xE2       0xE2   .absSeg69
.abs_section_e3                    1   N/I       0xE3       0xE3   .absSeg70
.abs_section_e4                    1   N/I       0xE4       0xE4   .absSeg71
.abs_section_e5                    1   N/I       0xE5       0xE5   .absSeg72
.abs_section_e8                    1   N/I       0xE8       0xE8   .absSeg73
.abs_section_e9                    1   N/I       0xE9       0xE9   .absSeg74
.abs_section_fe                    1   N/I       0xFE       0xFE   .absSeg75
.abs_section_100                   1   N/I      0x100      0x100   .absSeg76
.abs_section_101                   1   N/I      0x101      0x101   .absSeg77
.abs_section_103                   1   N/I      0x103      0x103   .absSeg78
.abs_section_104                   1   N/I      0x104      0x104   .absSeg79
.abs_section_105                   1   N/I      0x105      0x105   .absSeg80
.abs_section_106                   1   N/I      0x106      0x106   .absSeg81
.abs_section_240                   1   N/I      0x240      0x240   .absSeg82
.abs_section_241                   1   N/I      0x241      0x241   .absSeg83
.abs_section_242                   1   N/I      0x242      0x242   .absSeg84
.abs_section_243                   1   N/I      0x243      0x243   .absSeg85
.abs_section_244                   1   N/I      0x244      0x244   .absSeg86
.abs_section_245                   1   N/I      0x245      0x245   .absSeg87
.abs_section_247                   1   N/I      0x247      0x247   .absSeg88
.abs_section_248                   1   N/I      0x248      0x248   .absSeg89
.abs_section_249                   1   N/I      0x249      0x249   .absSeg90
.abs_section_24a                   1   N/I      0x24A      0x24A   .absSeg91
.abs_section_24b                   1   N/I      0x24B      0x24B   .absSeg92
.abs_section_24c                   1   N/I      0x24C      0x24C   .absSeg93
.abs_section_24d                   1   N/I      0x24D      0x24D   .absSeg94
.abs_section_24e                   1   N/I      0x24E      0x24E   .absSeg95
.abs_section_250                   1   N/I      0x250      0x250   .absSeg96
.abs_section_251                   1   N/I      0x251      0x251   .absSeg97
.abs_section_252                   1   N/I      0x252      0x252   .absSeg98
.abs_section_253                   1   N/I      0x253      0x253   .absSeg99
.abs_section_254                   1   N/I      0x254      0x254   .absSeg100
.abs_section_255                   1   N/I      0x255      0x255   .absSeg101
.abs_section_256                   1   N/I      0x256      0x256   .absSeg102
.abs_section_258                   1   N/I      0x258      0x258   .absSeg103
.abs_section_259                   1   N/I      0x259      0x259   .absSeg104
.abs_section_25a                   1   N/I      0x25A      0x25A   .absSeg105
.abs_section_25b                   1   N/I      0x25B      0x25B   .absSeg106
.abs_section_25c                   1   N/I      0x25C      0x25C   .absSeg107
.abs_section_25d                   1   N/I      0x25D      0x25D   .absSeg108
.abs_section_25e                   1   N/I      0x25E      0x25E   .absSeg109
.abs_section_25f                   1   N/I      0x25F      0x25F   .absSeg110
.abs_section_268                   1   N/I      0x268      0x268   .absSeg111
.abs_section_269                   1   N/I      0x269      0x269   .absSeg112
.abs_section_26a                   1   N/I      0x26A      0x26A   .absSeg113
.abs_section_26b                   1   N/I      0x26B      0x26B   .absSeg114
.abs_section_26c                   1   N/I      0x26C      0x26C   .absSeg115
.abs_section_26d                   1   N/I      0x26D      0x26D   .absSeg116
.abs_section_26e                   1   N/I      0x26E      0x26E   .absSeg117
.abs_section_26f                   1   N/I      0x26F      0x26F   .absSeg118
.abs_section_270                   1   N/I      0x270      0x270   .absSeg119
.abs_section_271                   1   N/I      0x271      0x271   .absSeg120
.abs_section_272                   1   N/I      0x272      0x272   .absSeg121
.abs_section_273                   1   N/I      0x273      0x273   .absSeg122
.abs_section_274                   1   N/I      0x274      0x274   .absSeg123
.abs_section_275                   1   N/I      0x275      0x275   .absSeg124
.abs_section_0                     2   N/I        0x0        0x1   .absSeg125
.abs_section_2                     2   N/I        0x2        0x3   .absSeg126
.abs_section_1a                    2   N/I       0x1A       0x1B   .absSeg127
.abs_section_22                    2   N/I       0x22       0x23   .absSeg128
.abs_section_26                    2   N/I       0x26       0x27   .absSeg129
.abs_section_2b                    2   N/I       0x2B       0x2C   .absSeg130
.abs_section_2e                    2   N/I       0x2E       0x2F   .absSeg131
.abs_section_44                    2   N/I       0x44       0x45   .absSeg132
.abs_section_50                    2   N/I       0x50       0x51   .absSeg133
.abs_section_52                    2   N/I       0x52       0x53   .absSeg134
.abs_section_54                    2   N/I       0x54       0x55   .absSeg135
.abs_section_56                    2   N/I       0x56       0x57   .absSeg136
.abs_section_58                    2   N/I       0x58       0x59   .absSeg137
.abs_section_5a                    2   N/I       0x5A       0x5B   .absSeg138
.abs_section_5c                    2   N/I       0x5C       0x5D   .absSeg139
.abs_section_5e                    2   N/I       0x5E       0x5F   .absSeg140
.abs_section_62                    2   N/I       0x62       0x63   .absSeg141
.abs_section_82                    2   N/I       0x82       0x83   .absSeg142
.abs_section_84                    2   N/I       0x84       0x85   .absSeg143
.abs_section_90                    2   N/I       0x90       0x91   .absSeg144
.abs_section_92                    2   N/I       0x92       0x93   .absSeg145
.abs_section_94                    2   N/I       0x94       0x95   .absSeg146
.abs_section_96                    2   N/I       0x96       0x97   .absSeg147
.abs_section_98                    2   N/I       0x98       0x99   .absSeg148
.abs_section_9a                    2   N/I       0x9A       0x9B   .absSeg149
.abs_section_9c                    2   N/I       0x9C       0x9D   .absSeg150
.abs_section_9e                    2   N/I       0x9E       0x9F   .absSeg151
.abs_section_c8                    2   N/I       0xC8       0xC9   .absSeg152
.abs_section_ec                    2   N/I       0xEC       0xED   .absSeg153
.abs_section_ee                    2   N/I       0xEE       0xEF   .absSeg154
.abs_section_f0                    2   N/I       0xF0       0xF1   .absSeg155
.abs_section_f2                    2   N/I       0xF2       0xF3   .absSeg156
.abs_section_f4                    2   N/I       0xF4       0xF5   .absSeg157
.abs_section_f6                    2   N/I       0xF6       0xF7   .absSeg158
.abs_section_f8                    2   N/I       0xF8       0xF9   .absSeg159
.abs_section_fa                    2   N/I       0xFA       0xFB   .absSeg160
.abs_section_fc                    2   N/I       0xFC       0xFD   .absSeg161
.abs_section_ff80                128     R     0xFF80     0xFFFF   .absSeg162

Summary of section sizes per section type:
READ_ONLY (R):          80 (dec:      128)
NO_INIT (N/I):          C7 (dec:      199)

*********************************************************************************************
VECTOR-ALLOCATION SECTION
    Address     InitValue   InitFunction
---------------------------------------------------------------------------------------------

*********************************************************************************************
OBJECT-ALLOCATION SECTION
     Name               Module                 Addr   hSize   dSize     Ref    Section   RLIB
---------------------------------------------------------------------------------------------
MODULE:                 -- D:\versionR51\microsdhacel\soft micros\Codigo\Librerias\OOC\util\util_hcs12_cpp_Data\C++_Ms_no_float\ObjectCode\DobleList.cpp.o (util_cpp_si.lib) --
- PROCEDURES:
     __ct__8IteratorFv                            0'Error       A      10       0   GEN_FUNCS_SEGMENT
- VARIABLES:
     ____vtbl__Iterator                           0'Error       8       8       0   VIRTUAL_TABLE_SEGMENT
     ____vtbl__LinkedListIteratorIterator          0'Error       8       8       0   VIRTUAL_TABLE_SEGMENT
MODULE:                 -- D:\versionR51\microsdhacel\soft micros\Codigo\Librerias\OOC\util\util_hcs12_cpp_Data\C++_Ms_no_float\ObjectCode\LinkedList.cpp.o (util_cpp_si.lib) --
- PROCEDURES:
     linkedListIterator__10LinkedListFP28LinkedListIteratorLinkedList          0'Error       B      11       0   LinkedList_CODE
     __ct__28LinkedListIteratorLinkedListFv          0'Error       F      15       0   LinkedList_CODE
     hasNext__28LinkedListIteratorLinkedListFv          0'Error       B      11       0   LinkedList_CODE
     next__28LinkedListIteratorLinkedListFv          0'Error      12      18       0   LinkedList_CODE
- VARIABLES:
MODULE:                 -- timer_interrupt.c.o --
- PROCEDURES:
     TI1ms_OnInterrupt__Fv                        0'Error       6       6       0   .text       
     TI40ms_OnInterrupt__Fv                       0'Error       6       6       0   .text       
- VARIABLES:
     listeners1ms                                 0'Error       2       2       0   .common     
     listeners40ms                                0'Error       2       2       0   .common     
MODULE:                 -- IO_Map.c.o --
- PROCEDURES:
- VARIABLES:
     _PORTE                                       8       1       1       0   .abs_section_8
     _DDRE                                        9       1       1       0   .abs_section_9
     _PEAR                                        A       1       1       0   .abs_section_a
     _MODE                                        B       1       1       0   .abs_section_b
     _PUCR                                        C       1       1       0   .abs_section_c
     _RDRIV                                       D       1       1       0   .abs_section_d
     _EBICTL                                      E       1       1       0   .abs_section_e
     _INITRM                                     10       1       1       0   .abs_section_10
     _INITRG                                     11       1       1       0   .abs_section_11
     _MISC                                       13       1       1       0   .abs_section_13
     _ITCR                                       15       1       1       0   .abs_section_15
     _ITEST                                      16       1       1       0   .abs_section_16
     _VREGCTRL                                   19       1       1       0   .abs_section_19
     _MEMSIZ0                                    1C       1       1       0   .abs_section_1c
     _MEMSIZ1                                    1D       1       1       0   .abs_section_1d
     _INTCR                                      1E       1       1       0   .abs_section_1e
     _HPRIO                                      1F       1       1       0   .abs_section_1f
     _DBGC1                                      20       1       1       0   .abs_section_20
     _DBGSC                                      21       1       1       0   .abs_section_21
     _DBGCNT                                     24       1       1       0   .abs_section_24
     _DBGCCX                                     25       1       1       0   .abs_section_25
     _DBGC2                                      28       1       1       0   .abs_section_28
     _DBGC3                                      29       1       1       0   .abs_section_29
     _DBGCAX                                     2A       1       1       0   .abs_section_2a
     _DBGCBX                                     2D       1       1       0   .abs_section_2d
     _PPAGE                                      30       1       1       0   .abs_section_30
     _SYNR                                       34       1       1       0   .abs_section_34
     _REFDV                                      35       1       1       0   .abs_section_35
     _CRGFLG                                     37       1       1       0   .abs_section_37
     _CRGINT                                     38       1       1       0   .abs_section_38
     _CLKSEL                                     39       1       1       0   .abs_section_39
     _PLLCTL                                     3A       1       1       0   .abs_section_3a
     _RTICTL                                     3B       1       1       0   .abs_section_3b
     _COPCTL                                     3C       1       1       0   .abs_section_3c
     _ARMCOP                                     3F       1       1       0   .abs_section_3f
     _TIOS                                       40       1       1       0   .abs_section_40
     _CFORC                                      41       1       1       0   .abs_section_41
     _OC7M                                       42       1       1       0   .abs_section_42
     _OC7D                                       43       1       1       0   .abs_section_43
     _TSCR1                                      46       1       1       0   .abs_section_46
     _TTOV                                       47       1       1       0   .abs_section_47
     _TCTL1                                      48       1       1       0   .abs_section_48
     _TCTL2                                      49       1       1       0   .abs_section_49
     _TCTL3                                      4A       1       1       0   .abs_section_4a
     _TCTL4                                      4B       1       1       0   .abs_section_4b
     _TIE                                        4C       1       1       0   .abs_section_4c
     _TSCR2                                      4D       1       1       0   .abs_section_4d
     _TFLG1                                      4E       1       1       0   .abs_section_4e
     _TFLG2                                      4F       1       1       0   .abs_section_4f
     _PACTL                                      60       1       1       0   .abs_section_60
     _PAFLG                                      61       1       1       0   .abs_section_61
     _ATDSTAT0                                   86       1       1       0   .abs_section_86
     _ATDTEST1                                   89       1       1       0   .abs_section_89
     _ATDSTAT1                                   8B       1       1       0   .abs_section_8b
     _ATDDIEN                                    8D       1       1       0   .abs_section_8d
     _PORTAD0                                    8F       1       1       0   .abs_section_8f
     _SCICR1                                     CA       1       1       0   .abs_section_ca
     _SCICR2                                     CB       1       1       0   .abs_section_cb
     _SCISR1                                     CC       1       1       0   .abs_section_cc
     _SCISR2                                     CD       1       1       0   .abs_section_cd
     _SCIDRH                                     CE       1       1       0   .abs_section_ce
     _SCIDRL                                     CF       1       1       0   .abs_section_cf
     _SPICR1                                     D8       1       1       0   .abs_section_d8
     _SPICR2                                     D9       1       1       0   .abs_section_d9
     _SPIBR                                      DA       1       1       0   .abs_section_da
     _SPISR                                      DB       1       1       0   .abs_section_db
     _SPIDR                                      DD       1       1       0   .abs_section_dd
     _PWME                                       E0       1       1       0   .abs_section_e0
     _PWMPOL                                     E1       1       1       0   .abs_section_e1
     _PWMCLK                                     E2       1       1       0   .abs_section_e2
     _PWMPRCLK                                   E3       1       1       0   .abs_section_e3
     _PWMCAE                                     E4       1       1       0   .abs_section_e4
     _PWMCTL                                     E5       1       1       0   .abs_section_e5
     _PWMSCLA                                    E8       1       1       0   .abs_section_e8
     _PWMSCLB                                    E9       1       1       0   .abs_section_e9
     _PWMSDN                                     FE       1       1       0   .abs_section_fe
     _FCLKDIV                                   100       1       1       0   .abs_section_100
     _FSEC                                      101       1       1       0   .abs_section_101
     _FCNFG                                     103       1       1       0   .abs_section_103
     _FPROT                                     104       1       1       0   .abs_section_104
     _FSTAT                                     105       1       1       0   .abs_section_105
     _FCMD                                      106       1       1       0   .abs_section_106
     _PTT                                       240       1       1       0   .abs_section_240
     _PTIT                                      241       1       1       0   .abs_section_241
     _DDRT                                      242       1       1       0   .abs_section_242
     _RDRT                                      243       1       1       0   .abs_section_243
     _PERT                                      244       1       1       0   .abs_section_244
     _PPST                                      245       1       1       0   .abs_section_245
     _MODRR                                     247       1       1       0   .abs_section_247
     _PTS                                       248       1       1       0   .abs_section_248
     _PTIS                                      249       1       1       0   .abs_section_249
     _DDRS                                      24A       1       1       0   .abs_section_24a
     _RDRS                                      24B       1       1       0   .abs_section_24b
     _PERS                                      24C       1       1       0   .abs_section_24c
     _PPSS                                      24D       1       1       0   .abs_section_24d
     _WOMS                                      24E       1       1       0   .abs_section_24e
     _PTM                                       250       1       1       0   .abs_section_250
     _PTIM                                      251       1       1       0   .abs_section_251
     _DDRM                                      252       1       1       0   .abs_section_252
     _RDRM                                      253       1       1       0   .abs_section_253
     _PERM                                      254       1       1       0   .abs_section_254
     _PPSM                                      255       1       1       0   .abs_section_255
     _WOMM                                      256       1       1       0   .abs_section_256
     _PTP                                       258       1       1       0   .abs_section_258
     _PTIP                                      259       1       1       0   .abs_section_259
     _DDRP                                      25A       1       1       0   .abs_section_25a
     _RDRP                                      25B       1       1       0   .abs_section_25b
     _PERP                                      25C       1       1       0   .abs_section_25c
     _PPSP                                      25D       1       1       0   .abs_section_25d
     _PIEP                                      25E       1       1       0   .abs_section_25e
     _PIFP                                      25F       1       1       0   .abs_section_25f
     _PTJ                                       268       1       1       0   .abs_section_268
     _PTIJ                                      269       1       1       0   .abs_section_269
     _DDRJ                                      26A       1       1       0   .abs_section_26a
     _RDRJ                                      26B       1       1       0   .abs_section_26b
     _PERJ                                      26C       1       1       0   .abs_section_26c
     _PPSJ                                      26D       1       1       0   .abs_section_26d
     _PIEJ                                      26E       1       1       0   .abs_section_26e
     _PIFJ                                      26F       1       1       0   .abs_section_26f
     _PTAD                                      270       1       1       0   .abs_section_270
     _PTIAD                                     271       1       1       0   .abs_section_271
     _DDRAD                                     272       1       1       0   .abs_section_272
     _RDRAD                                     273       1       1       0   .abs_section_273
     _PERAD                                     274       1       1       0   .abs_section_274
     _PPSAD                                     275       1       1       0   .abs_section_275
     _PORTAB                                      0       2       2       0   .abs_section_0
     _DDRAB                                       2       2       2       0   .abs_section_2
     _PARTID                                     1A       2       2       0   .abs_section_1a
     _DBGTB                                      22       2       2       0   .abs_section_22
     _DBGCC                                      26       2       2       0   .abs_section_26
     _DBGCA                                      2B       2       2       0   .abs_section_2b
     _DBGCB                                      2E       2       2       0   .abs_section_2e
     _TCNT                                       44       2       2       0   .abs_section_44
     _TC0                                        50       2       2       0   .abs_section_50
     _TC1                                        52       2       2       0   .abs_section_52
     _TC2                                        54       2       2       0   .abs_section_54
     _TC3                                        56       2       2       0   .abs_section_56
     _TC4                                        58       2       2       0   .abs_section_58
     _TC5                                        5A       2       2       0   .abs_section_5a
     _TC6                                        5C       2       2       0   .abs_section_5c
     _TC7                                        5E       2       2       0   .abs_section_5e
     _PACNT                                      62       2       2       0   .abs_section_62
     _ATDCTL23                                   82       2       2       0   .abs_section_82
     _ATDCTL45                                   84       2       2       0   .abs_section_84
     _ATDDR0                                     90       2       2       0   .abs_section_90
     _ATDDR1                                     92       2       2       0   .abs_section_92
     _ATDDR2                                     94       2       2       0   .abs_section_94
     _ATDDR3                                     96       2       2       0   .abs_section_96
     _ATDDR4                                     98       2       2       0   .abs_section_98
     _ATDDR5                                     9A       2       2       0   .abs_section_9a
     _ATDDR6                                     9C       2       2       0   .abs_section_9c
     _ATDDR7                                     9E       2       2       0   .abs_section_9e
     _SCIBD                                      C8       2       2       0   .abs_section_c8
     _PWMCNT01                                   EC       2       2       0   .abs_section_ec
     _PWMCNT23                                   EE       2       2       0   .abs_section_ee
     _PWMCNT45                                   F0       2       2       0   .abs_section_f0
     _PWMPER01                                   F2       2       2       0   .abs_section_f2
     _PWMPER23                                   F4       2       2       0   .abs_section_f4
     _PWMPER45                                   F6       2       2       0   .abs_section_f6
     _PWMDTY01                                   F8       2       2       0   .abs_section_f8
     _PWMDTY23                                   FA       2       2       0   .abs_section_fa
     _PWMDTY45                                   FC       2       2       0   .abs_section_fc
MODULE:                 -- Vectors.c.o --
- PROCEDURES:
     Cpu_Interrupt41__Fv                          0'Error       2       2       0   .text       
     Cpu_Interrupt43__Fv                          0'Error       2       2       0   .text       
     Cpu_Interrupt47__Fv                          0'Error       2       2       0   .text       
     Cpu_Interrupt48__Fv                          0'Error       2       2       0   .text       
     Cpu_Interrupt49__Fv                          0'Error       2       2       0   .text       
     Cpu_Interrupt50__Fv                          0'Error       2       2       0   .text       
     Cpu_Interrupt51__Fv                          0'Error       2       2       0   .text       
     Cpu_Interrupt52__Fv                          0'Error       2       2       0   .text       
     Cpu_Interrupt53__Fv                          0'Error       2       2       0   .text       
     Cpu_Interrupt54__Fv                          0'Error       2       2       0   .text       
     Cpu_Interrupt56__Fv                          0'Error       2       2       0   .text       
- VARIABLES:
     _vect                                     FF80      80     128       0   .abs_section_ff80
MODULE:                 -- Cpu.c.o --
- PROCEDURES:
     Cpu_Interrupt__Fv                            0'Error       2       2       0   NON_BANKED  
     _EntryPoint                                  0'Error      29      41       0   NON_BANKED  
- VARIABLES:
MODULE:                 -- TI1.c.o --
- PROCEDURES:
     TI1_Interrupt__Fv                            0'Error      1D      29       0   NON_BANKED  
- VARIABLES:
     CmpVal                                       0'Error       2       2       0   TI1_DATA    
MODULE:                 -- MethodContainer.cpp.o --
- PROCEDURES:
     executeMethods__15MethodContainerFv          0'Error      34      52       0   .text       
- VARIABLES:

*********************************************************************************************
MODULE STATISTIC
  Name                                      Data   Code  Const
---------------------------------------------------------------------------------------------

*********************************************************************************************
SECTION USE IN OBJECT-ALLOCATION SECTION
---------------------------------------------------------------------------------------------

*********************************************************************************************
OBJECT LIST SORTED BY ADDRESS
     Name                                      Addr   hSize   dSize     Ref    Section   RLIB
---------------------------------------------------------------------------------------------

*********************************************************************************************
UNUSED-OBJECTS SECTION
---------------------------------------------------------------------------------------------
NOT USED PROCEDURES
D:\versionR51\microsdhacel\soft micros\Codigo\Librerias\OOC\util\util_hcs12_cpp_Data\C++_Ms_no_float\ObjectCode\DobleList.cpp.o (util_cpp_si.lib):
  __ct__9DobleListFv deleteNodo__9DobleListFP9NodoDoble 
  insertFirst__9DobleListFPv getDato__9DobleListFUi getNext__4NodoFv.2 
  getDato__4NodoFv.1 getPrev__9NodoDobleFv.3 __ct__4NodoFRC4Nodo 
  __as__4NodoFRC4Nodo __ct__9NodoDobleFRC9NodoDoble 
  __as__9NodoDobleFRC9NodoDoble __ct__8IteratorFRC8Iterator 
  __as__8IteratorFRC8Iterator __ct__10CollectionFv 
  __ct__10CollectionFRC10Collection __as__10CollectionFRC10Collection 
  __ct__4ListFv __ct__4ListFRC4List __as__4ListFRC4List 
  __ct__28LinkedListIteratorLinkedListFRC28LinkedListIteratorLinkedList 
  __ct__10LinkedListFRC10LinkedList 
  __as__28LinkedListIteratorLinkedListFRC28LinkedListIteratorLinkedList 
  __as__10LinkedListFRC10LinkedList __ct__9DobleListFRC9DobleList 
  __as__9DobleListFRC9DobleList __dt__9DobleListFv 
D:\versionR51\microsdhacel\soft micros\Codigo\Librerias\OOC\util\util_hcs12_cpp_Data\C++_Ms_no_float\ObjectCode\LinkedList.cpp.o (util_cpp_si.lib):
  getNext__4NodoFv.2 getDato__4NodoFv.1 __ct__10LinkedListFv 
  __dt__10LinkedListFv differ__10LinkedListFP10LinkedList 
  isEmpty__10LinkedListFv clear__10LinkedListFv add__10LinkedListFPv 
  aniadir__10LinkedListFPv size__10LinkedListFv eliminarPrimero__10LinkedListFv 
  get__10LinkedListFUi moveOut__10LinkedListFPv 
  deleteNodo__10LinkedListFP4NodoT1 contains__10LinkedListFPv 
  iterator__10LinkedListFv getPrimerNodo__10LinkedListFv 
  setPrimerNodo__10LinkedListFP4Nodo 
  __ct__28LinkedListIteratorLinkedListFP10LinkedList 
timer_interrupt.c.o:
  timerInterrupt_init__Fv add1msListener__FP6Method add40msListener__FP6Method 
  getNext__4NodoFv.2 getDato__4NodoFv.1 
  __ct__15MethodContainerFRC15MethodContainer 
  __as__15MethodContainerFRC15MethodContainer __dt__15MethodContainerFv 
  __ct__6MethodFRC6Method __as__6MethodFRC6Method getObj__6MethodFv.4 
  getMethod__6MethodFv.3 
Vectors.c.o:
  Cpu_Interrupt0__Fv Cpu_Interrupt1__Fv Cpu_Interrupt2__Fv Cpu_Interrupt3__Fv 
  Cpu_Interrupt4__Fv Cpu_Interrupt5__Fv Cpu_Interrupt6__Fv Cpu_Interrupt7__Fv 
  Cpu_Interrupt8__Fv Cpu_Interrupt9__Fv Cpu_Interrupt10__Fv Cpu_Interrupt11__Fv 
  Cpu_Interrupt12__Fv Cpu_Interrupt13__Fv Cpu_Interrupt14__Fv 
  Cpu_Interrupt15__Fv Cpu_Interrupt16__Fv Cpu_Interrupt17__Fv 
  Cpu_Interrupt55__Fv 
Cpu.c.o:
  Cpu_Delay100US__FUi PLL_Init__Fv PE_low_level_init__Fv 
TI1.c.o:
  TI1_Enable__Fv TI1_Disable__Fv TI1_SetPeriodMode__F8TI1_mode TI1_Init__Fv 
  getObj__6MethodFv.2 getMethod__6MethodFv.1 
MethodContainer.cpp.o:
  __ct__15MethodContainerFv add__15MethodContainerFPv getNext__4NodoFv.2 
  getDato__4NodoFv.1 getObj__6MethodFv.4 getMethod__6MethodFv.3 
NOT USED VARIABLES
D:\versionR51\microsdhacel\soft micros\Codigo\Librerias\OOC\util\util_hcs12_cpp_Data\C++_Ms_no_float\ObjectCode\DobleList.cpp.o (util_cpp_si.lib):
  ____vtbl__Collection ____vtbl__ListCollection 
  ____vtbl__LinkedListListCollection 
  ____vtbl__DobleListLinkedListListCollection 
D:\versionR51\microsdhacel\soft micros\Codigo\Librerias\OOC\util\util_hcs12_cpp_Data\C++_Ms_no_float\ObjectCode\LinkedList.cpp.o (util_cpp_si.lib):
  ____vtbl__Collection ____vtbl__ListCollection 
  ____vtbl__LinkedListListCollection 
timer_interrupt.c.o:
  ____vtbl__MethodContainerLinkedListListCollection ____vtbl__Collection 
  ____vtbl__ListCollection ____vtbl__LinkedListListCollection 
Cpu.c.o:
  CpuMode CCR_reg 
TI1.c.o:
  HighComp 
MethodContainer.cpp.o:
  ____vtbl__MethodContainerLinkedListListCollection ____vtbl__Collection 
  ____vtbl__ListCollection ____vtbl__LinkedListListCollection 

*********************************************************************************************
COPYDOWN SECTION
---------------------------------------------------------------------------------------------

*********************************************************************************************
OBJECT-DEPENDENCIES SECTION
---------------------------------------------------------------------------------------------

*********************************************************************************************
STATISTIC SECTION
---------------------------------------------------------------------------------------------

ExeFile:
--------
Number of blocks to be downloaded: 0
Total size of all blocks to be downloaded: 0

