Units and locations in library 'C:\Documents and Settings\John\Escritorio\versionR51\microsdhacel\soft micros\Codigo\codigo portable\Timer\lib\lib\timers_si.lib'
Unit name              size     from       to
BaseTimers.cpp.o      32835    38508    71343
FlagTimer.cpp.o       35339    71343   106682
MethodTimer.cpp.o     38633   106682   145315
RlxMTimer.cpp.o       43049   145315   188364
Timer.cpp.o           38323      185    38508

EXPORTED OBJECTS
_ILSEXT                                                                  I   (Timer.cpp.o)
_LCMP_P                                                                  I   (Timer.cpp.o)
____vtbl__BaseTimersLinkedListListCollection                             O   (BaseTimers.cpp.o)
____vtbl__BaseTimersLinkedListListCollection                             O   (FlagTimer.cpp.o)
____vtbl__BaseTimersLinkedListListCollection                             O   (MethodTimer.cpp.o)
____vtbl__BaseTimersLinkedListListCollection                             O   (RlxMTimer.cpp.o)
____vtbl__BaseTimersLinkedListListCollection                             O   (Timer.cpp.o)
____vtbl__Collection                                                     O   (BaseTimers.cpp.o)
____vtbl__Collection                                                     O   (FlagTimer.cpp.o)
____vtbl__Collection                                                     O   (MethodTimer.cpp.o)
____vtbl__Collection                                                     O   (RlxMTimer.cpp.o)
____vtbl__Collection                                                     O   (Timer.cpp.o)
____vtbl__FlagTimerTimer                                                 O   (FlagTimer.cpp.o)
____vtbl__Iterator                                                       O   (BaseTimers.cpp.o)
____vtbl__Iterator                                                       O   (FlagTimer.cpp.o)
____vtbl__Iterator                                                       O   (MethodTimer.cpp.o)
____vtbl__Iterator                                                       O   (RlxMTimer.cpp.o)
____vtbl__Iterator                                                       O   (Timer.cpp.o)
____vtbl__LinkedListIteratorIterator                                     O   (BaseTimers.cpp.o)
____vtbl__LinkedListIteratorIterator                                     O   (FlagTimer.cpp.o)
____vtbl__LinkedListIteratorIterator                                     O   (MethodTimer.cpp.o)
____vtbl__LinkedListIteratorIterator                                     O   (RlxMTimer.cpp.o)
____vtbl__LinkedListIteratorIterator                                     O   (Timer.cpp.o)
____vtbl__LinkedListListCollection                                       O   (BaseTimers.cpp.o)
____vtbl__LinkedListListCollection                                       O   (FlagTimer.cpp.o)
____vtbl__LinkedListListCollection                                       O   (MethodTimer.cpp.o)
____vtbl__LinkedListListCollection                                       O   (RlxMTimer.cpp.o)
____vtbl__LinkedListListCollection                                       O   (Timer.cpp.o)
____vtbl__ListCollection                                                 O   (BaseTimers.cpp.o)
____vtbl__ListCollection                                                 O   (FlagTimer.cpp.o)
____vtbl__ListCollection                                                 O   (MethodTimer.cpp.o)
____vtbl__ListCollection                                                 O   (RlxMTimer.cpp.o)
____vtbl__ListCollection                                                 O   (Timer.cpp.o)
____vtbl__MethodTimerTimer                                               O   (MethodTimer.cpp.o)
____vtbl__MethodTimerTimer                                               O   (RlxMTimer.cpp.o)
____vtbl__RlxMTimerMethodTimerTimer                                      O   (RlxMTimer.cpp.o)
____vtbl__Timer                                                          O   (BaseTimers.cpp.o)
____vtbl__Timer                                                          O   (FlagTimer.cpp.o)
____vtbl__Timer                                                          O   (MethodTimer.cpp.o)
____vtbl__Timer                                                          O   (RlxMTimer.cpp.o)
____vtbl__Timer                                                          O   (Timer.cpp.o)
__as__10BaseTimersFRC10BaseTimers                                        F   (BaseTimers.cpp.o)
__as__10BaseTimersFRC10BaseTimers                                        F   (FlagTimer.cpp.o)
__as__10BaseTimersFRC10BaseTimers                                        F   (MethodTimer.cpp.o)
__as__10BaseTimersFRC10BaseTimers                                        F   (RlxMTimer.cpp.o)
__as__10BaseTimersFRC10BaseTimers                                        F   (Timer.cpp.o)
__as__10CollectionFRC10Collection                                        F   (BaseTimers.cpp.o)
__as__10CollectionFRC10Collection                                        F   (FlagTimer.cpp.o)
__as__10CollectionFRC10Collection                                        F   (MethodTimer.cpp.o)
__as__10CollectionFRC10Collection                                        F   (RlxMTimer.cpp.o)
__as__10CollectionFRC10Collection                                        F   (Timer.cpp.o)
__as__10LinkedListFRC10LinkedList                                        F   (BaseTimers.cpp.o)
__as__10LinkedListFRC10LinkedList                                        F   (FlagTimer.cpp.o)
__as__10LinkedListFRC10LinkedList                                        F   (MethodTimer.cpp.o)
__as__10LinkedListFRC10LinkedList                                        F   (RlxMTimer.cpp.o)
__as__10LinkedListFRC10LinkedList                                        F   (Timer.cpp.o)
__as__11MethodTimerFRC11MethodTimer                                      F   (MethodTimer.cpp.o)
__as__11MethodTimerFRC11MethodTimer                                      F   (RlxMTimer.cpp.o)
__as__28LinkedListIteratorLinkedListFRC28LinkedListIteratorLinkedList    F   (BaseTimers.cpp.o)
__as__28LinkedListIteratorLinkedListFRC28LinkedListIteratorLinkedList    F   (FlagTimer.cpp.o)
__as__28LinkedListIteratorLinkedListFRC28LinkedListIteratorLinkedList    F   (MethodTimer.cpp.o)
__as__28LinkedListIteratorLinkedListFRC28LinkedListIteratorLinkedList    F   (RlxMTimer.cpp.o)
__as__28LinkedListIteratorLinkedListFRC28LinkedListIteratorLinkedList    F   (Timer.cpp.o)
__as__4ListFRC4List                                                      F   (BaseTimers.cpp.o)
__as__4ListFRC4List                                                      F   (FlagTimer.cpp.o)
__as__4ListFRC4List                                                      F   (MethodTimer.cpp.o)
__as__4ListFRC4List                                                      F   (RlxMTimer.cpp.o)
__as__4ListFRC4List                                                      F   (Timer.cpp.o)
__as__4NodoFRC4Nodo                                                      F   (BaseTimers.cpp.o)
__as__4NodoFRC4Nodo                                                      F   (FlagTimer.cpp.o)
__as__4NodoFRC4Nodo                                                      F   (MethodTimer.cpp.o)
__as__4NodoFRC4Nodo                                                      F   (RlxMTimer.cpp.o)
__as__4NodoFRC4Nodo                                                      F   (Timer.cpp.o)
__as__5TimerFRC5Timer                                                    F   (BaseTimers.cpp.o)
__as__5TimerFRC5Timer                                                    F   (FlagTimer.cpp.o)
__as__5TimerFRC5Timer                                                    F   (MethodTimer.cpp.o)
__as__5TimerFRC5Timer                                                    F   (RlxMTimer.cpp.o)
__as__5TimerFRC5Timer                                                    F   (Timer.cpp.o)
__as__6MethodFRC6Method                                                  F   (MethodTimer.cpp.o)
__as__6MethodFRC6Method                                                  F   (RlxMTimer.cpp.o)
__as__8IteratorFRC8Iterator                                              F   (BaseTimers.cpp.o)
__as__8IteratorFRC8Iterator                                              F   (FlagTimer.cpp.o)
__as__8IteratorFRC8Iterator                                              F   (MethodTimer.cpp.o)
__as__8IteratorFRC8Iterator                                              F   (RlxMTimer.cpp.o)
__as__8IteratorFRC8Iterator                                              F   (Timer.cpp.o)
__as__9FlagTimerFRC9FlagTimer                                            F   (FlagTimer.cpp.o)
__as__9RlxMTimerFRC9RlxMTimer                                            F   (RlxMTimer.cpp.o)
__ct__10BaseTimersFRC10BaseTimers                                        F   (BaseTimers.cpp.o)
__ct__10BaseTimersFRC10BaseTimers                                        F   (FlagTimer.cpp.o)
__ct__10BaseTimersFRC10BaseTimers                                        F   (MethodTimer.cpp.o)
__ct__10BaseTimersFRC10BaseTimers                                        F   (RlxMTimer.cpp.o)
__ct__10BaseTimersFRC10BaseTimers                                        F   (Timer.cpp.o)
__ct__10BaseTimersFv                                                     F   (BaseTimers.cpp.o)
__ct__10BaseTimersFv                                                     F   (FlagTimer.cpp.o)
__ct__10BaseTimersFv                                                     F   (MethodTimer.cpp.o)
__ct__10BaseTimersFv                                                     F   (RlxMTimer.cpp.o)
__ct__10BaseTimersFv                                                     F   (Timer.cpp.o)
__ct__10CollectionFRC10Collection                                        F   (BaseTimers.cpp.o)
__ct__10CollectionFRC10Collection                                        F   (FlagTimer.cpp.o)
__ct__10CollectionFRC10Collection                                        F   (MethodTimer.cpp.o)
__ct__10CollectionFRC10Collection                                        F   (RlxMTimer.cpp.o)
__ct__10CollectionFRC10Collection                                        F   (Timer.cpp.o)
__ct__10CollectionFv                                                     F   (BaseTimers.cpp.o)
__ct__10CollectionFv                                                     F   (FlagTimer.cpp.o)
__ct__10CollectionFv                                                     F   (MethodTimer.cpp.o)
__ct__10CollectionFv                                                     F   (RlxMTimer.cpp.o)
__ct__10CollectionFv                                                     F   (Timer.cpp.o)
__ct__10LinkedListFRC10LinkedList                                        F   (BaseTimers.cpp.o)
__ct__10LinkedListFRC10LinkedList                                        F   (FlagTimer.cpp.o)
__ct__10LinkedListFRC10LinkedList                                        F   (MethodTimer.cpp.o)
__ct__10LinkedListFRC10LinkedList                                        F   (RlxMTimer.cpp.o)
__ct__10LinkedListFRC10LinkedList                                        F   (Timer.cpp.o)
__ct__10LinkedListFv                                                     I   (BaseTimers.cpp.o)
__ct__10LinkedListFv                                                     I   (FlagTimer.cpp.o)
__ct__10LinkedListFv                                                     I   (MethodTimer.cpp.o)
__ct__10LinkedListFv                                                     I   (RlxMTimer.cpp.o)
__ct__10LinkedListFv                                                     I   (Timer.cpp.o)
__ct__11MethodTimerFRC11MethodTimer                                      F   (MethodTimer.cpp.o)
__ct__11MethodTimerFRC11MethodTimer                                      F   (RlxMTimer.cpp.o)
__ct__11MethodTimerFUlRC6Method                                          F   (MethodTimer.cpp.o)
__ct__11MethodTimerFUlRC6Method                                          I   (RlxMTimer.cpp.o)
__ct__28LinkedListIteratorLinkedListFP10LinkedList                       I   (BaseTimers.cpp.o)
__ct__28LinkedListIteratorLinkedListFP10LinkedList                       I   (FlagTimer.cpp.o)
__ct__28LinkedListIteratorLinkedListFP10LinkedList                       I   (MethodTimer.cpp.o)
__ct__28LinkedListIteratorLinkedListFP10LinkedList                       I   (RlxMTimer.cpp.o)
__ct__28LinkedListIteratorLinkedListFP10LinkedList                       I   (Timer.cpp.o)
__ct__28LinkedListIteratorLinkedListFRC28LinkedListIteratorLinkedList    F   (BaseTimers.cpp.o)
__ct__28LinkedListIteratorLinkedListFRC28LinkedListIteratorLinkedList    F   (FlagTimer.cpp.o)
__ct__28LinkedListIteratorLinkedListFRC28LinkedListIteratorLinkedList    F   (MethodTimer.cpp.o)
__ct__28LinkedListIteratorLinkedListFRC28LinkedListIteratorLinkedList    F   (RlxMTimer.cpp.o)
__ct__28LinkedListIteratorLinkedListFRC28LinkedListIteratorLinkedList    F   (Timer.cpp.o)
__ct__28LinkedListIteratorLinkedListFv                                   I   (BaseTimers.cpp.o)
__ct__28LinkedListIteratorLinkedListFv                                   I   (FlagTimer.cpp.o)
__ct__28LinkedListIteratorLinkedListFv                                   I   (MethodTimer.cpp.o)
__ct__28LinkedListIteratorLinkedListFv                                   I   (RlxMTimer.cpp.o)
__ct__28LinkedListIteratorLinkedListFv                                   I   (Timer.cpp.o)
__ct__4ListFRC4List                                                      F   (BaseTimers.cpp.o)
__ct__4ListFRC4List                                                      F   (FlagTimer.cpp.o)
__ct__4ListFRC4List                                                      F   (MethodTimer.cpp.o)
__ct__4ListFRC4List                                                      F   (RlxMTimer.cpp.o)
__ct__4ListFRC4List                                                      F   (Timer.cpp.o)
__ct__4ListFv                                                            F   (BaseTimers.cpp.o)
__ct__4ListFv                                                            F   (FlagTimer.cpp.o)
__ct__4ListFv                                                            F   (MethodTimer.cpp.o)
__ct__4ListFv                                                            F   (RlxMTimer.cpp.o)
__ct__4ListFv                                                            F   (Timer.cpp.o)
__ct__4NodoFPvP4Nodo                                                     I   (BaseTimers.cpp.o)
__ct__4NodoFPvP4Nodo                                                     I   (FlagTimer.cpp.o)
__ct__4NodoFPvP4Nodo                                                     I   (MethodTimer.cpp.o)
__ct__4NodoFPvP4Nodo                                                     I   (RlxMTimer.cpp.o)
__ct__4NodoFPvP4Nodo                                                     I   (Timer.cpp.o)
__ct__4NodoFRC4Nodo                                                      F   (BaseTimers.cpp.o)
__ct__4NodoFRC4Nodo                                                      F   (FlagTimer.cpp.o)
__ct__4NodoFRC4Nodo                                                      F   (MethodTimer.cpp.o)
__ct__4NodoFRC4Nodo                                                      F   (RlxMTimer.cpp.o)
__ct__4NodoFRC4Nodo                                                      F   (Timer.cpp.o)
__ct__5TimerFRC5Timer                                                    F   (BaseTimers.cpp.o)
__ct__5TimerFRC5Timer                                                    F   (FlagTimer.cpp.o)
__ct__5TimerFRC5Timer                                                    F   (MethodTimer.cpp.o)
__ct__5TimerFRC5Timer                                                    F   (RlxMTimer.cpp.o)
__ct__5TimerFRC5Timer                                                    F   (Timer.cpp.o)
__ct__5TimerFUl                                                          I   (BaseTimers.cpp.o)
__ct__5TimerFUl                                                          I   (FlagTimer.cpp.o)
__ct__5TimerFUl                                                          I   (MethodTimer.cpp.o)
__ct__5TimerFUl                                                          I   (RlxMTimer.cpp.o)
__ct__5TimerFUl                                                          F   (Timer.cpp.o)
__ct__6MethodFRC6Method                                                  F   (MethodTimer.cpp.o)
__ct__6MethodFRC6Method                                                  F   (RlxMTimer.cpp.o)
__ct__8IteratorFRC8Iterator                                              F   (BaseTimers.cpp.o)
__ct__8IteratorFRC8Iterator                                              F   (FlagTimer.cpp.o)
__ct__8IteratorFRC8Iterator                                              F   (MethodTimer.cpp.o)
__ct__8IteratorFRC8Iterator                                              F   (RlxMTimer.cpp.o)
__ct__8IteratorFRC8Iterator                                              F   (Timer.cpp.o)
__ct__8IteratorFv                                                        F   (BaseTimers.cpp.o)
__ct__8IteratorFv                                                        F   (FlagTimer.cpp.o)
__ct__8IteratorFv                                                        F   (MethodTimer.cpp.o)
__ct__8IteratorFv                                                        F   (RlxMTimer.cpp.o)
__ct__8IteratorFv                                                        F   (Timer.cpp.o)
__ct__9FlagTimerFRC9FlagTimer                                            F   (FlagTimer.cpp.o)
__ct__9FlagTimerFUl                                                      F   (FlagTimer.cpp.o)
__ct__9RlxMTimerFRC9RlxMTimer                                            F   (RlxMTimer.cpp.o)
__ct__9RlxMTimerFUlR6Method                                              F   (RlxMTimer.cpp.o)
__dt__10BaseTimersFv                                                     F   (BaseTimers.cpp.o)
__dt__10BaseTimersFv                                                     F   (FlagTimer.cpp.o)
__dt__10BaseTimersFv                                                     F   (MethodTimer.cpp.o)
__dt__10BaseTimersFv                                                     F   (RlxMTimer.cpp.o)
__dt__10BaseTimersFv                                                     F   (Timer.cpp.o)
__dt__10LinkedListFv                                                     I   (BaseTimers.cpp.o)
__dt__10LinkedListFv                                                     I   (FlagTimer.cpp.o)
__dt__10LinkedListFv                                                     I   (MethodTimer.cpp.o)
__dt__10LinkedListFv                                                     I   (RlxMTimer.cpp.o)
__dt__10LinkedListFv                                                     I   (Timer.cpp.o)
__dt__11MethodTimerFv                                                    F   (MethodTimer.cpp.o)
__dt__11MethodTimerFv                                                    F   (RlxMTimer.cpp.o)
__dt__5TimerFv                                                           I   (BaseTimers.cpp.o)
__dt__5TimerFv                                                           I   (FlagTimer.cpp.o)
__dt__5TimerFv                                                           I   (MethodTimer.cpp.o)
__dt__5TimerFv                                                           I   (RlxMTimer.cpp.o)
__dt__5TimerFv                                                           F   (Timer.cpp.o)
__dt__9FlagTimerFv                                                       F   (FlagTimer.cpp.o)
__dt__9RlxMTimerFv                                                       F   (RlxMTimer.cpp.o)
__nw__FGUi                                                               I   (RlxMTimer.cpp.o)
__sf_5Timer_baseTimerDefault                                             O   (Timer.cpp.o)
__sf_5Timer_setBaseTimerDefault__FR10BaseTimers                          I   (BaseTimers.cpp.o)
__sf_5Timer_setBaseTimerDefault__FR10BaseTimers                          I   (FlagTimer.cpp.o)
__sf_5Timer_setBaseTimerDefault__FR10BaseTimers                          I   (MethodTimer.cpp.o)
__sf_5Timer_setBaseTimerDefault__FR10BaseTimers                          I   (RlxMTimer.cpp.o)
__sf_5Timer_setBaseTimerDefault__FR10BaseTimers                          F   (Timer.cpp.o)
__sf_9RlxMTimer_handler__FPv                                             F   (RlxMTimer.cpp.o)
__sf_9RlxMTimer_rlxMTCont                                                I   (RlxMTimer.cpp.o)
actualizarTimers__10BaseTimersFv                                         F   (BaseTimers.cpp.o)
actualizarTimers__10BaseTimersFv                                         I   (FlagTimer.cpp.o)
actualizarTimers__10BaseTimersFv                                         I   (MethodTimer.cpp.o)
actualizarTimers__10BaseTimersFv                                         I   (RlxMTimer.cpp.o)
actualizarTimers__10BaseTimersFv                                         I   (Timer.cpp.o)
add__10LinkedListFPv                                                     I   (BaseTimers.cpp.o)
add__10LinkedListFPv                                                     I   (FlagTimer.cpp.o)
add__10LinkedListFPv                                                     I   (MethodTimer.cpp.o)
add__10LinkedListFPv                                                     I   (RlxMTimer.cpp.o)
add__10LinkedListFPv                                                     I   (Timer.cpp.o)
aniadir__10LinkedListFPv                                                 I   (BaseTimers.cpp.o)
aniadir__10LinkedListFPv                                                 I   (FlagTimer.cpp.o)
aniadir__10LinkedListFPv                                                 I   (MethodTimer.cpp.o)
aniadir__10LinkedListFPv                                                 I   (RlxMTimer.cpp.o)
aniadir__10LinkedListFPv                                                 I   (Timer.cpp.o)
clear__10LinkedListFv                                                    I   (BaseTimers.cpp.o)
clear__10LinkedListFv                                                    I   (FlagTimer.cpp.o)
clear__10LinkedListFv                                                    I   (MethodTimer.cpp.o)
clear__10LinkedListFv                                                    I   (RlxMTimer.cpp.o)
clear__10LinkedListFv                                                    I   (Timer.cpp.o)
comparar__5TimerFv                                                       I   (BaseTimers.cpp.o)
comparar__5TimerFv                                                       I   (FlagTimer.cpp.o)
comparar__5TimerFv                                                       I   (MethodTimer.cpp.o)
comparar__5TimerFv                                                       I   (RlxMTimer.cpp.o)
comparar__5TimerFv                                                       F   (Timer.cpp.o)
contains__10LinkedListFPv                                                I   (BaseTimers.cpp.o)
contains__10LinkedListFPv                                                I   (FlagTimer.cpp.o)
contains__10LinkedListFPv                                                I   (MethodTimer.cpp.o)
contains__10LinkedListFPv                                                I   (RlxMTimer.cpp.o)
contains__10LinkedListFPv                                                I   (Timer.cpp.o)
deleteNodo__10LinkedListFP4NodoT1                                        I   (BaseTimers.cpp.o)
deleteNodo__10LinkedListFP4NodoT1                                        I   (FlagTimer.cpp.o)
deleteNodo__10LinkedListFP4NodoT1                                        I   (MethodTimer.cpp.o)
deleteNodo__10LinkedListFP4NodoT1                                        I   (RlxMTimer.cpp.o)
deleteNodo__10LinkedListFP4NodoT1                                        I   (Timer.cpp.o)
differ__10LinkedListFP10LinkedList                                       I   (BaseTimers.cpp.o)
differ__10LinkedListFP10LinkedList                                       I   (FlagTimer.cpp.o)
differ__10LinkedListFP10LinkedList                                       I   (MethodTimer.cpp.o)
differ__10LinkedListFP10LinkedList                                       I   (RlxMTimer.cpp.o)
differ__10LinkedListFP10LinkedList                                       I   (Timer.cpp.o)
differ__4NodoFP4Nodo                                                     I   (BaseTimers.cpp.o)
differ__4NodoFP4Nodo                                                     I   (FlagTimer.cpp.o)
differ__4NodoFP4Nodo                                                     I   (MethodTimer.cpp.o)
differ__4NodoFP4Nodo                                                     I   (RlxMTimer.cpp.o)
differ__4NodoFP4Nodo                                                     I   (Timer.cpp.o)
eliminarPrimero__10LinkedListFv                                          I   (BaseTimers.cpp.o)
eliminarPrimero__10LinkedListFv                                          I   (FlagTimer.cpp.o)
eliminarPrimero__10LinkedListFv                                          I   (MethodTimer.cpp.o)
eliminarPrimero__10LinkedListFv                                          I   (RlxMTimer.cpp.o)
eliminarPrimero__10LinkedListFv                                          I   (Timer.cpp.o)
execute__6MethodFv                                                       I   (MethodTimer.cpp.o)
execute__6MethodFv                                                       I   (RlxMTimer.cpp.o)
getCuenta__10BaseTimersFv                                                F   (BaseTimers.cpp.o)
getCuenta__10BaseTimersFv                                                I   (FlagTimer.cpp.o)
getCuenta__10BaseTimersFv                                                I   (MethodTimer.cpp.o)
getCuenta__10BaseTimersFv                                                I   (RlxMTimer.cpp.o)
getCuenta__10BaseTimersFv                                                I   (Timer.cpp.o)
getCuenta__5TimerFv                                                      I   (BaseTimers.cpp.o)
getCuenta__5TimerFv                                                      I   (FlagTimer.cpp.o)
getCuenta__5TimerFv                                                      I   (MethodTimer.cpp.o)
getCuenta__5TimerFv                                                      I   (RlxMTimer.cpp.o)
getCuenta__5TimerFv                                                      F   (Timer.cpp.o)
getMetodo__11MethodTimerFv                                               F   (MethodTimer.cpp.o)
getMetodo__11MethodTimerFv                                               I   (RlxMTimer.cpp.o)
getPrimerNodo__10LinkedListFv                                            I   (BaseTimers.cpp.o)
getPrimerNodo__10LinkedListFv                                            I   (FlagTimer.cpp.o)
getPrimerNodo__10LinkedListFv                                            I   (MethodTimer.cpp.o)
getPrimerNodo__10LinkedListFv                                            I   (RlxMTimer.cpp.o)
getPrimerNodo__10LinkedListFv                                            I   (Timer.cpp.o)
getTime__5TimerFv                                                        I   (BaseTimers.cpp.o)
getTime__5TimerFv                                                        I   (FlagTimer.cpp.o)
getTime__5TimerFv                                                        I   (MethodTimer.cpp.o)
getTime__5TimerFv                                                        I   (RlxMTimer.cpp.o)
getTime__5TimerFv                                                        F   (Timer.cpp.o)
get__10LinkedListFUi                                                     I   (BaseTimers.cpp.o)
get__10LinkedListFUi                                                     I   (FlagTimer.cpp.o)
get__10LinkedListFUi                                                     I   (MethodTimer.cpp.o)
get__10LinkedListFUi                                                     I   (RlxMTimer.cpp.o)
get__10LinkedListFUi                                                     I   (Timer.cpp.o)
hasNext__28LinkedListIteratorLinkedListFv                                I   (BaseTimers.cpp.o)
hasNext__28LinkedListIteratorLinkedListFv                                I   (FlagTimer.cpp.o)
hasNext__28LinkedListIteratorLinkedListFv                                I   (MethodTimer.cpp.o)
hasNext__28LinkedListIteratorLinkedListFv                                I   (RlxMTimer.cpp.o)
hasNext__28LinkedListIteratorLinkedListFv                                I   (Timer.cpp.o)
incrementar__10BaseTimersFUi                                             F   (BaseTimers.cpp.o)
incrementar__10BaseTimersFUi                                             I   (FlagTimer.cpp.o)
incrementar__10BaseTimersFUi                                             I   (MethodTimer.cpp.o)
incrementar__10BaseTimersFUi                                             I   (RlxMTimer.cpp.o)
incrementar__10BaseTimersFUi                                             I   (Timer.cpp.o)
isEmpty__10LinkedListFv                                                  I   (BaseTimers.cpp.o)
isEmpty__10LinkedListFv                                                  I   (FlagTimer.cpp.o)
isEmpty__10LinkedListFv                                                  I   (MethodTimer.cpp.o)
isEmpty__10LinkedListFv                                                  I   (RlxMTimer.cpp.o)
isEmpty__10LinkedListFv                                                  I   (Timer.cpp.o)
isFinished__5TimerFv                                                     I   (BaseTimers.cpp.o)
isFinished__5TimerFv                                                     I   (FlagTimer.cpp.o)
isFinished__5TimerFv                                                     I   (MethodTimer.cpp.o)
isFinished__5TimerFv                                                     I   (RlxMTimer.cpp.o)
isFinished__5TimerFv                                                     F   (Timer.cpp.o)
iterator__10LinkedListFv                                                 I   (BaseTimers.cpp.o)
iterator__10LinkedListFv                                                 I   (FlagTimer.cpp.o)
iterator__10LinkedListFv                                                 I   (MethodTimer.cpp.o)
iterator__10LinkedListFv                                                 I   (RlxMTimer.cpp.o)
iterator__10LinkedListFv                                                 I   (Timer.cpp.o)
linkedListIterator__10LinkedListFP28LinkedListIteratorLinkedList         I   (BaseTimers.cpp.o)
linkedListIterator__10LinkedListFP28LinkedListIteratorLinkedList         I   (FlagTimer.cpp.o)
linkedListIterator__10LinkedListFP28LinkedListIteratorLinkedList         I   (MethodTimer.cpp.o)
linkedListIterator__10LinkedListFP28LinkedListIteratorLinkedList         I   (RlxMTimer.cpp.o)
linkedListIterator__10LinkedListFP28LinkedListIteratorLinkedList         I   (Timer.cpp.o)
lockInc__10BaseTimersFv                                                  I   (BaseTimers.cpp.o)
lockInc__10BaseTimersFv                                                  I   (Timer.cpp.o)
moveOut__10BaseTimersFPv                                                 F   (BaseTimers.cpp.o)
moveOut__10BaseTimersFPv                                                 I   (FlagTimer.cpp.o)
moveOut__10BaseTimersFPv                                                 I   (MethodTimer.cpp.o)
moveOut__10BaseTimersFPv                                                 I   (RlxMTimer.cpp.o)
moveOut__10BaseTimersFPv                                                 I   (Timer.cpp.o)
moveOut__10LinkedListFPv                                                 I   (BaseTimers.cpp.o)
moveOut__10LinkedListFPv                                                 I   (FlagTimer.cpp.o)
moveOut__10LinkedListFPv                                                 I   (MethodTimer.cpp.o)
moveOut__10LinkedListFPv                                                 I   (RlxMTimer.cpp.o)
moveOut__10LinkedListFPv                                                 I   (Timer.cpp.o)
next__28LinkedListIteratorLinkedListFv                                   I   (BaseTimers.cpp.o)
next__28LinkedListIteratorLinkedListFv                                   I   (FlagTimer.cpp.o)
next__28LinkedListIteratorLinkedListFv                                   I   (MethodTimer.cpp.o)
next__28LinkedListIteratorLinkedListFv                                   I   (RlxMTimer.cpp.o)
next__28LinkedListIteratorLinkedListFv                                   I   (Timer.cpp.o)
onTime__11MethodTimerFv                                                  F   (MethodTimer.cpp.o)
onTime__11MethodTimerFv                                                  I   (RlxMTimer.cpp.o)
onTime__5TimerFv                                                         I   (BaseTimers.cpp.o)
onTime__5TimerFv                                                         I   (FlagTimer.cpp.o)
onTime__5TimerFv                                                         I   (MethodTimer.cpp.o)
onTime__5TimerFv                                                         I   (RlxMTimer.cpp.o)
onTime__5TimerFv                                                         F   (Timer.cpp.o)
onTime__9FlagTimerFv                                                     F   (FlagTimer.cpp.o)
onTime__9RlxMTimerFv                                                     F   (RlxMTimer.cpp.o)
pthread_create__FPPvPvPFPv_PvT1                                          I   (RlxMTimer.cpp.o)
reset__9FlagTimerFv                                                      F   (FlagTimer.cpp.o)
restart__5TimerFv                                                        I   (BaseTimers.cpp.o)
restart__5TimerFv                                                        I   (FlagTimer.cpp.o)
restart__5TimerFv                                                        I   (MethodTimer.cpp.o)
restart__5TimerFv                                                        I   (RlxMTimer.cpp.o)
restart__5TimerFv                                                        F   (Timer.cpp.o)
setBaseTimer__5TimerFP10BaseTimers                                       I   (BaseTimers.cpp.o)
setBaseTimer__5TimerFP10BaseTimers                                       I   (FlagTimer.cpp.o)
setBaseTimer__5TimerFP10BaseTimers                                       I   (MethodTimer.cpp.o)
setBaseTimer__5TimerFP10BaseTimers                                       I   (RlxMTimer.cpp.o)
setBaseTimer__5TimerFP10BaseTimers                                       F   (Timer.cpp.o)
setDato__4NodoFPv                                                        I   (BaseTimers.cpp.o)
setDato__4NodoFPv                                                        I   (FlagTimer.cpp.o)
setDato__4NodoFPv                                                        I   (MethodTimer.cpp.o)
setDato__4NodoFPv                                                        I   (RlxMTimer.cpp.o)
setDato__4NodoFPv                                                        I   (Timer.cpp.o)
setMetodo__11MethodTimerFR6Method                                        F   (MethodTimer.cpp.o)
setMetodo__11MethodTimerFR6Method                                        I   (RlxMTimer.cpp.o)
setNext__4NodoFP4Nodo                                                    I   (BaseTimers.cpp.o)
setNext__4NodoFP4Nodo                                                    I   (FlagTimer.cpp.o)
setNext__4NodoFP4Nodo                                                    I   (MethodTimer.cpp.o)
setNext__4NodoFP4Nodo                                                    I   (RlxMTimer.cpp.o)
setNext__4NodoFP4Nodo                                                    I   (Timer.cpp.o)
setPrimerNodo__10LinkedListFP4Nodo                                       I   (BaseTimers.cpp.o)
setPrimerNodo__10LinkedListFP4Nodo                                       I   (FlagTimer.cpp.o)
setPrimerNodo__10LinkedListFP4Nodo                                       I   (MethodTimer.cpp.o)
setPrimerNodo__10LinkedListFP4Nodo                                       I   (RlxMTimer.cpp.o)
setPrimerNodo__10LinkedListFP4Nodo                                       I   (Timer.cpp.o)
setTime__5TimerFUl                                                       I   (BaseTimers.cpp.o)
setTime__5TimerFUl                                                       I   (FlagTimer.cpp.o)
setTime__5TimerFUl                                                       I   (MethodTimer.cpp.o)
setTime__5TimerFUl                                                       I   (RlxMTimer.cpp.o)
setTime__5TimerFUl                                                       F   (Timer.cpp.o)
size__10LinkedListFv                                                     I   (BaseTimers.cpp.o)
size__10LinkedListFv                                                     I   (FlagTimer.cpp.o)
size__10LinkedListFv                                                     I   (MethodTimer.cpp.o)
size__10LinkedListFv                                                     I   (RlxMTimer.cpp.o)
size__10LinkedListFv                                                     I   (Timer.cpp.o)
stop__5TimerFv                                                           I   (BaseTimers.cpp.o)
stop__5TimerFv                                                           I   (FlagTimer.cpp.o)
stop__5TimerFv                                                           I   (MethodTimer.cpp.o)
stop__5TimerFv                                                           I   (RlxMTimer.cpp.o)
stop__5TimerFv                                                           F   (Timer.cpp.o)
unlockInc__10BaseTimersFv                                                I   (BaseTimers.cpp.o)
unlockInc__10BaseTimersFv                                                I   (Timer.cpp.o)
