Units and locations in library 'D:\Jony\versionR51\microsdhacel\soft micros\Codigo\codigo portable\Vista\Frente8SegTeclasYLeds\Frentes\libHC12\lib\frente_dh_si.lib'
Unit name               size     from       to
Display.cpp.o          20559   105099   125658
FrenteCustom.cpp.o     60483      193    60676
LedSalida.cpp.o        59163   129236   188399
Teclas.cpp.o           44423    60676   105099
matriz.c.o              3578   125658   129236

EXPORTED OBJECTS
Array_count                                                              I   (LedSalida.cpp.o)
Array_get                                                                I   (LedSalida.cpp.o)
Car_Ini                                                                  I   (Display.cpp.o)
Car_Ini                                                                  O   (matriz.c.o)
_BSHL                                                                    I   (FrenteCustom.cpp.o)
____vtbl__BaseTimersLinkedListListCollection                             O   (FrenteCustom.cpp.o)
____vtbl__BaseTimersLinkedListListCollection                             O   (LedSalida.cpp.o)
____vtbl__BaseTimersLinkedListListCollection                             O   (Teclas.cpp.o)
____vtbl__Collection                                                     O   (FrenteCustom.cpp.o)
____vtbl__Collection                                                     O   (LedSalida.cpp.o)
____vtbl__Collection                                                     O   (Teclas.cpp.o)
____vtbl__Comparator                                                     O   (LedSalida.cpp.o)
____vtbl__DisplayOutputStream                                            O   (Display.cpp.o)
____vtbl__DisplayOutputStream                                            O   (FrenteCustom.cpp.o)
____vtbl__DisplayOutputStream                                            O   (LedSalida.cpp.o)
____vtbl__FlagTimerTimer                                                 O   (FrenteCustom.cpp.o)
____vtbl__FlagTimerTimer                                                 O   (LedSalida.cpp.o)
____vtbl__FrenteCustom                                                   O   (FrenteCustom.cpp.o)
____vtbl__FrenteCustom                                                   O   (LedSalida.cpp.o)
____vtbl__Iterator                                                       O   (FrenteCustom.cpp.o)
____vtbl__Iterator                                                       O   (LedSalida.cpp.o)
____vtbl__Iterator                                                       O   (Teclas.cpp.o)
____vtbl__LinkedListIteratorIterator                                     O   (FrenteCustom.cpp.o)
____vtbl__LinkedListIteratorIterator                                     O   (LedSalida.cpp.o)
____vtbl__LinkedListIteratorIterator                                     O   (Teclas.cpp.o)
____vtbl__LinkedListListCollection                                       O   (FrenteCustom.cpp.o)
____vtbl__LinkedListListCollection                                       O   (LedSalida.cpp.o)
____vtbl__LinkedListListCollection                                       O   (Teclas.cpp.o)
____vtbl__ListCollection                                                 O   (FrenteCustom.cpp.o)
____vtbl__ListCollection                                                 O   (LedSalida.cpp.o)
____vtbl__ListCollection                                                 O   (Teclas.cpp.o)
____vtbl__MethodTimerTimer                                               O   (FrenteCustom.cpp.o)
____vtbl__MethodTimerTimer                                               O   (LedSalida.cpp.o)
____vtbl__MethodTimerTimer                                               O   (Teclas.cpp.o)
____vtbl__OutputStream                                                   O   (Display.cpp.o)
____vtbl__OutputStream                                                   O   (FrenteCustom.cpp.o)
____vtbl__OutputStream                                                   O   (LedSalida.cpp.o)
____vtbl__RlxMTimerMethodTimerTimer                                      O   (FrenteCustom.cpp.o)
____vtbl__RlxMTimerMethodTimerTimer                                      O   (LedSalida.cpp.o)
____vtbl__RlxMTimerMethodTimerTimer                                      O   (Teclas.cpp.o)
____vtbl__Timer                                                          O   (FrenteCustom.cpp.o)
____vtbl__Timer                                                          O   (LedSalida.cpp.o)
____vtbl__Timer                                                          O   (Teclas.cpp.o)
__as__10BaseTimersFRC10BaseTimers                                        F   (FrenteCustom.cpp.o)
__as__10BaseTimersFRC10BaseTimers                                        F   (LedSalida.cpp.o)
__as__10BaseTimersFRC10BaseTimers                                        F   (Teclas.cpp.o)
__as__10CollectionFRC10Collection                                        F   (FrenteCustom.cpp.o)
__as__10CollectionFRC10Collection                                        F   (LedSalida.cpp.o)
__as__10CollectionFRC10Collection                                        F   (Teclas.cpp.o)
__as__10ComparatorFRC10Comparator                                        F   (LedSalida.cpp.o)
__as__10LinkedListFRC10LinkedList                                        F   (FrenteCustom.cpp.o)
__as__10LinkedListFRC10LinkedList                                        F   (LedSalida.cpp.o)
__as__10LinkedListFRC10LinkedList                                        F   (Teclas.cpp.o)
__as__11MethodTimerFRC11MethodTimer                                      F   (FrenteCustom.cpp.o)
__as__11MethodTimerFRC11MethodTimer                                      F   (LedSalida.cpp.o)
__as__11MethodTimerFRC11MethodTimer                                      F   (Teclas.cpp.o)
__as__12FrenteCustomFRC12FrenteCustom                                    F   (FrenteCustom.cpp.o)
__as__12FrenteCustomFRC12FrenteCustom                                    F   (LedSalida.cpp.o)
__as__12OutputStreamFRC12OutputStream                                    F   (Display.cpp.o)
__as__12OutputStreamFRC12OutputStream                                    F   (FrenteCustom.cpp.o)
__as__12OutputStreamFRC12OutputStream                                    F   (LedSalida.cpp.o)
__as__28LinkedListIteratorLinkedListFRC28LinkedListIteratorLinkedList    F   (FrenteCustom.cpp.o)
__as__28LinkedListIteratorLinkedListFRC28LinkedListIteratorLinkedList    F   (LedSalida.cpp.o)
__as__28LinkedListIteratorLinkedListFRC28LinkedListIteratorLinkedList    F   (Teclas.cpp.o)
__as__4ListFRC4List                                                      F   (FrenteCustom.cpp.o)
__as__4ListFRC4List                                                      F   (LedSalida.cpp.o)
__as__4ListFRC4List                                                      F   (Teclas.cpp.o)
__as__4MathFRC4Math                                                      F   (Display.cpp.o)
__as__4NodoFRC4Nodo                                                      F   (FrenteCustom.cpp.o)
__as__4NodoFRC4Nodo                                                      F   (LedSalida.cpp.o)
__as__4NodoFRC4Nodo                                                      F   (Teclas.cpp.o)
__as__5TimerFRC5Timer                                                    F   (FrenteCustom.cpp.o)
__as__5TimerFRC5Timer                                                    F   (LedSalida.cpp.o)
__as__5TimerFRC5Timer                                                    F   (Teclas.cpp.o)
__as__6MethodFRC6Method                                                  F   (FrenteCustom.cpp.o)
__as__6MethodFRC6Method                                                  F   (LedSalida.cpp.o)
__as__6MethodFRC6Method                                                  F   (Teclas.cpp.o)
__as__6TeclasFRC6Teclas                                                  F   (FrenteCustom.cpp.o)
__as__6TeclasFRC6Teclas                                                  F   (LedSalida.cpp.o)
__as__6TeclasFRC6Teclas                                                  F   (Teclas.cpp.o)
__as__7DisplayFRC7Display                                                F   (Display.cpp.o)
__as__7DisplayFRC7Display                                                F   (FrenteCustom.cpp.o)
__as__7DisplayFRC7Display                                                F   (LedSalida.cpp.o)
__as__8IteratorFRC8Iterator                                              F   (FrenteCustom.cpp.o)
__as__8IteratorFRC8Iterator                                              F   (LedSalida.cpp.o)
__as__8IteratorFRC8Iterator                                              F   (Teclas.cpp.o)
__as__9FlagTimerFRC9FlagTimer                                            F   (FrenteCustom.cpp.o)
__as__9FlagTimerFRC9FlagTimer                                            F   (LedSalida.cpp.o)
__as__9RlxMTimerFRC9RlxMTimer                                            F   (FrenteCustom.cpp.o)
__as__9RlxMTimerFRC9RlxMTimer                                            F   (LedSalida.cpp.o)
__as__9RlxMTimerFRC9RlxMTimer                                            F   (Teclas.cpp.o)
__ct__10BaseTimersFRC10BaseTimers                                        F   (FrenteCustom.cpp.o)
__ct__10BaseTimersFRC10BaseTimers                                        F   (LedSalida.cpp.o)
__ct__10BaseTimersFRC10BaseTimers                                        F   (Teclas.cpp.o)
__ct__10BaseTimersFv                                                     F   (FrenteCustom.cpp.o)
__ct__10BaseTimersFv                                                     F   (LedSalida.cpp.o)
__ct__10BaseTimersFv                                                     F   (Teclas.cpp.o)
__ct__10CollectionFRC10Collection                                        F   (FrenteCustom.cpp.o)
__ct__10CollectionFRC10Collection                                        F   (LedSalida.cpp.o)
__ct__10CollectionFRC10Collection                                        F   (Teclas.cpp.o)
__ct__10CollectionFv                                                     F   (FrenteCustom.cpp.o)
__ct__10CollectionFv                                                     F   (LedSalida.cpp.o)
__ct__10CollectionFv                                                     F   (Teclas.cpp.o)
__ct__10ComparatorFRC10Comparator                                        F   (LedSalida.cpp.o)
__ct__10ComparatorFv                                                     F   (LedSalida.cpp.o)
__ct__10LedsSalidaFRC10LedsSalida                                        F   (LedSalida.cpp.o)
__ct__10LedsSalidaFRC5ArrayR12FrenteCustom                               F   (LedSalida.cpp.o)
__ct__10LinkedListFRC10LinkedList                                        F   (FrenteCustom.cpp.o)
__ct__10LinkedListFRC10LinkedList                                        F   (LedSalida.cpp.o)
__ct__10LinkedListFRC10LinkedList                                        F   (Teclas.cpp.o)
__ct__10LinkedListFv                                                     I   (FrenteCustom.cpp.o)
__ct__10LinkedListFv                                                     I   (LedSalida.cpp.o)
__ct__10LinkedListFv                                                     I   (Teclas.cpp.o)
__ct__11MethodTimerFRC11MethodTimer                                      F   (FrenteCustom.cpp.o)
__ct__11MethodTimerFRC11MethodTimer                                      F   (LedSalida.cpp.o)
__ct__11MethodTimerFRC11MethodTimer                                      F   (Teclas.cpp.o)
__ct__11MethodTimerFUlRC6Method                                          I   (FrenteCustom.cpp.o)
__ct__11MethodTimerFUlRC6Method                                          I   (LedSalida.cpp.o)
__ct__11MethodTimerFUlRC6Method                                          I   (Teclas.cpp.o)
__ct__12FrenteCustomFRC12FrenteCustom                                    F   (FrenteCustom.cpp.o)
__ct__12FrenteCustomFRC12FrenteCustom                                    F   (LedSalida.cpp.o)
__ct__12FrenteCustomFv                                                   F   (FrenteCustom.cpp.o)
__ct__12FrenteCustomFv                                                   I   (LedSalida.cpp.o)
__ct__12OutputStreamFRC12OutputStream                                    F   (Display.cpp.o)
__ct__12OutputStreamFRC12OutputStream                                    F   (FrenteCustom.cpp.o)
__ct__12OutputStreamFRC12OutputStream                                    F   (LedSalida.cpp.o)
__ct__12OutputStreamFv                                                   I   (Display.cpp.o)
__ct__12OutputStreamFv                                                   I   (FrenteCustom.cpp.o)
__ct__12OutputStreamFv                                                   I   (LedSalida.cpp.o)
__ct__28LinkedListIteratorLinkedListFP10LinkedList                       I   (FrenteCustom.cpp.o)
__ct__28LinkedListIteratorLinkedListFP10LinkedList                       I   (LedSalida.cpp.o)
__ct__28LinkedListIteratorLinkedListFP10LinkedList                       I   (Teclas.cpp.o)
__ct__28LinkedListIteratorLinkedListFRC28LinkedListIteratorLinkedList    F   (FrenteCustom.cpp.o)
__ct__28LinkedListIteratorLinkedListFRC28LinkedListIteratorLinkedList    F   (LedSalida.cpp.o)
__ct__28LinkedListIteratorLinkedListFRC28LinkedListIteratorLinkedList    F   (Teclas.cpp.o)
__ct__28LinkedListIteratorLinkedListFv                                   I   (FrenteCustom.cpp.o)
__ct__28LinkedListIteratorLinkedListFv                                   I   (LedSalida.cpp.o)
__ct__28LinkedListIteratorLinkedListFv                                   I   (Teclas.cpp.o)
__ct__4ListFRC4List                                                      F   (FrenteCustom.cpp.o)
__ct__4ListFRC4List                                                      F   (LedSalida.cpp.o)
__ct__4ListFRC4List                                                      F   (Teclas.cpp.o)
__ct__4ListFv                                                            F   (FrenteCustom.cpp.o)
__ct__4ListFv                                                            F   (LedSalida.cpp.o)
__ct__4ListFv                                                            F   (Teclas.cpp.o)
__ct__4MathFRC4Math                                                      F   (Display.cpp.o)
__ct__4NodoFPvP4Nodo                                                     I   (FrenteCustom.cpp.o)
__ct__4NodoFPvP4Nodo                                                     I   (LedSalida.cpp.o)
__ct__4NodoFPvP4Nodo                                                     I   (Teclas.cpp.o)
__ct__4NodoFRC4Nodo                                                      F   (FrenteCustom.cpp.o)
__ct__4NodoFRC4Nodo                                                      F   (LedSalida.cpp.o)
__ct__4NodoFRC4Nodo                                                      F   (Teclas.cpp.o)
__ct__5TimerFRC5Timer                                                    F   (FrenteCustom.cpp.o)
__ct__5TimerFRC5Timer                                                    F   (LedSalida.cpp.o)
__ct__5TimerFRC5Timer                                                    F   (Teclas.cpp.o)
__ct__5TimerFUl                                                          I   (FrenteCustom.cpp.o)
__ct__5TimerFUl                                                          I   (LedSalida.cpp.o)
__ct__5TimerFUl                                                          I   (Teclas.cpp.o)
__ct__6MethodFRC6Method                                                  F   (FrenteCustom.cpp.o)
__ct__6MethodFRC6Method                                                  F   (LedSalida.cpp.o)
__ct__6MethodFRC6Method                                                  F   (Teclas.cpp.o)
__ct__6TeclasFRC6Teclas                                                  F   (FrenteCustom.cpp.o)
__ct__6TeclasFRC6Teclas                                                  F   (LedSalida.cpp.o)
__ct__6TeclasFRC6Teclas                                                  F   (Teclas.cpp.o)
__ct__6TeclasFv                                                          I   (FrenteCustom.cpp.o)
__ct__6TeclasFv                                                          I   (LedSalida.cpp.o)
__ct__6TeclasFv                                                          F   (Teclas.cpp.o)
__ct__7DisplayFPUc                                                       F   (Display.cpp.o)
__ct__7DisplayFPUc                                                       I   (FrenteCustom.cpp.o)
__ct__7DisplayFPUc                                                       I   (LedSalida.cpp.o)
__ct__7DisplayFRC7Display                                                F   (Display.cpp.o)
__ct__7DisplayFRC7Display                                                F   (FrenteCustom.cpp.o)
__ct__7DisplayFRC7Display                                                F   (LedSalida.cpp.o)
__ct__8IteratorFRC8Iterator                                              F   (FrenteCustom.cpp.o)
__ct__8IteratorFRC8Iterator                                              F   (LedSalida.cpp.o)
__ct__8IteratorFRC8Iterator                                              F   (Teclas.cpp.o)
__ct__8IteratorFv                                                        F   (FrenteCustom.cpp.o)
__ct__8IteratorFv                                                        F   (LedSalida.cpp.o)
__ct__8IteratorFv                                                        F   (Teclas.cpp.o)
__ct__9FlagTimerFRC9FlagTimer                                            F   (FrenteCustom.cpp.o)
__ct__9FlagTimerFRC9FlagTimer                                            F   (LedSalida.cpp.o)
__ct__9FlagTimerFUl                                                      I   (FrenteCustom.cpp.o)
__ct__9FlagTimerFUl                                                      I   (LedSalida.cpp.o)
__ct__9RlxMTimerFRC9RlxMTimer                                            F   (FrenteCustom.cpp.o)
__ct__9RlxMTimerFRC9RlxMTimer                                            F   (LedSalida.cpp.o)
__ct__9RlxMTimerFRC9RlxMTimer                                            F   (Teclas.cpp.o)
__ct__9RlxMTimerFUlR6Method                                              I   (FrenteCustom.cpp.o)
__ct__9RlxMTimerFUlR6Method                                              I   (LedSalida.cpp.o)
__ct__9RlxMTimerFUlR6Method                                              I   (Teclas.cpp.o)
__dt__10BaseTimersFv                                                     F   (FrenteCustom.cpp.o)
__dt__10BaseTimersFv                                                     F   (LedSalida.cpp.o)
__dt__10BaseTimersFv                                                     F   (Teclas.cpp.o)
__dt__10LinkedListFv                                                     I   (FrenteCustom.cpp.o)
__dt__10LinkedListFv                                                     I   (LedSalida.cpp.o)
__dt__10LinkedListFv                                                     I   (Teclas.cpp.o)
__dt__11MethodTimerFv                                                    F   (FrenteCustom.cpp.o)
__dt__11MethodTimerFv                                                    F   (LedSalida.cpp.o)
__dt__11MethodTimerFv                                                    F   (Teclas.cpp.o)
__dt__12FrenteCustomFv                                                   F   (FrenteCustom.cpp.o)
__dt__12FrenteCustomFv                                                   F   (LedSalida.cpp.o)
__dt__5TimerFv                                                           I   (FrenteCustom.cpp.o)
__dt__5TimerFv                                                           I   (LedSalida.cpp.o)
__dt__5TimerFv                                                           I   (Teclas.cpp.o)
__dt__9FlagTimerFv                                                       F   (FrenteCustom.cpp.o)
__dt__9FlagTimerFv                                                       F   (LedSalida.cpp.o)
__dt__9RlxMTimerFv                                                       I   (FrenteCustom.cpp.o)
__dt__9RlxMTimerFv                                                       I   (LedSalida.cpp.o)
__dt__9RlxMTimerFv                                                       I   (Teclas.cpp.o)
__nw__FGUi                                                               I   (Teclas.cpp.o)
__sf_10LedsSalida_ledsActualizar__FPv                                    F   (LedSalida.cpp.o)
__sf_12FrenteCustom_on1msStatic__FPv                                     F   (FrenteCustom.cpp.o)
__sf_12FrenteCustom_on1msStatic__FPv                                     I   (LedSalida.cpp.o)
__sf_4Math_div_dec                                                       I   (Display.cpp.o)
__sf_4Math_pow10__FUc                                                    I   (Display.cpp.o)
__sf_5Timer_baseTimerDefault                                             I   (FrenteCustom.cpp.o)
__sf_5Timer_baseTimerDefault                                             I   (LedSalida.cpp.o)
__sf_5Timer_baseTimerDefault                                             I   (Teclas.cpp.o)
__sf_5Timer_setBaseTimerDefault__FR10BaseTimers                          I   (FrenteCustom.cpp.o)
__sf_5Timer_setBaseTimerDefault__FR10BaseTimers                          I   (LedSalida.cpp.o)
__sf_5Timer_setBaseTimerDefault__FR10BaseTimers                          I   (Teclas.cpp.o)
__sf_6Teclas_onTimeStatic__FPv                                           I   (FrenteCustom.cpp.o)
__sf_6Teclas_onTimeStatic__FPv                                           I   (LedSalida.cpp.o)
__sf_6Teclas_onTimeStatic__FPv                                           F   (Teclas.cpp.o)
__sf_9RlxMTimer_handler__FPv                                             I   (FrenteCustom.cpp.o)
__sf_9RlxMTimer_handler__FPv                                             I   (LedSalida.cpp.o)
__sf_9RlxMTimer_handler__FPv                                             I   (Teclas.cpp.o)
__sf_9RlxMTimer_rlxMTCont                                                I   (FrenteCustom.cpp.o)
__sf_9RlxMTimer_rlxMTCont                                                I   (LedSalida.cpp.o)
__sf_9RlxMTimer_rlxMTCont                                                I   (Teclas.cpp.o)
abs                                                                      I   (Display.cpp.o)
actualizarTeclas__12FrenteCustomFv                                       F   (FrenteCustom.cpp.o)
actualizarTeclas__12FrenteCustomFv                                       I   (LedSalida.cpp.o)
actualizarTimers__10BaseTimersFv                                         I   (FrenteCustom.cpp.o)
actualizarTimers__10BaseTimersFv                                         I   (LedSalida.cpp.o)
actualizarTimers__10BaseTimersFv                                         I   (Teclas.cpp.o)
add1msListener__FP6Method                                                I   (FrenteCustom.cpp.o)
add__10LinkedListFPv                                                     I   (FrenteCustom.cpp.o)
add__10LinkedListFPv                                                     I   (LedSalida.cpp.o)
add__10LinkedListFPv                                                     I   (Teclas.cpp.o)
aniadir__10LinkedListFPv                                                 I   (FrenteCustom.cpp.o)
aniadir__10LinkedListFPv                                                 I   (LedSalida.cpp.o)
aniadir__10LinkedListFPv                                                 I   (Teclas.cpp.o)
apagar__7DisplayFv                                                       F   (Display.cpp.o)
apagar__7DisplayFv                                                       I   (FrenteCustom.cpp.o)
apagar__7DisplayFv                                                       I   (LedSalida.cpp.o)
borrar__12FrenteCustomFv                                                 F   (FrenteCustom.cpp.o)
borrar__12FrenteCustomFv                                                 I   (LedSalida.cpp.o)
borrar__7DisplayFv                                                       F   (Display.cpp.o)
borrar__7DisplayFv                                                       I   (FrenteCustom.cpp.o)
borrar__7DisplayFv                                                       I   (LedSalida.cpp.o)
clear__10LinkedListFv                                                    I   (FrenteCustom.cpp.o)
clear__10LinkedListFv                                                    I   (LedSalida.cpp.o)
clear__10LinkedListFv                                                    I   (Teclas.cpp.o)
close__12OutputStreamFv                                                  I   (Display.cpp.o)
close__12OutputStreamFv                                                  I   (FrenteCustom.cpp.o)
close__12OutputStreamFv                                                  I   (LedSalida.cpp.o)
comparar__5TimerFv                                                       I   (FrenteCustom.cpp.o)
comparar__5TimerFv                                                       I   (LedSalida.cpp.o)
comparar__5TimerFv                                                       I   (Teclas.cpp.o)
contains__10LinkedListFPv                                                I   (FrenteCustom.cpp.o)
contains__10LinkedListFPv                                                I   (LedSalida.cpp.o)
contains__10LinkedListFPv                                                I   (Teclas.cpp.o)
deleteNodo__10LinkedListFP4NodoT1                                        I   (FrenteCustom.cpp.o)
deleteNodo__10LinkedListFP4NodoT1                                        I   (LedSalida.cpp.o)
deleteNodo__10LinkedListFP4NodoT1                                        I   (Teclas.cpp.o)
differ__10LinkedListFP10LinkedList                                       I   (FrenteCustom.cpp.o)
differ__10LinkedListFP10LinkedList                                       I   (LedSalida.cpp.o)
differ__10LinkedListFP10LinkedList                                       I   (Teclas.cpp.o)
differ__4NodoFP4Nodo                                                     I   (FrenteCustom.cpp.o)
differ__4NodoFP4Nodo                                                     I   (LedSalida.cpp.o)
differ__4NodoFP4Nodo                                                     I   (Teclas.cpp.o)
eliminarPrimero__10LinkedListFv                                          I   (FrenteCustom.cpp.o)
eliminarPrimero__10LinkedListFv                                          I   (LedSalida.cpp.o)
eliminarPrimero__10LinkedListFv                                          I   (Teclas.cpp.o)
encenderLeds__12FrenteCustomFUc                                          I   (FrenteCustom.cpp.o)
execute__6MethodFv                                                       I   (FrenteCustom.cpp.o)
execute__6MethodFv                                                       I   (LedSalida.cpp.o)
execute__6MethodFv                                                       I   (Teclas.cpp.o)
flush__12OutputStreamFv                                                  I   (Display.cpp.o)
flush__12OutputStreamFv                                                  I   (FrenteCustom.cpp.o)
flush__12OutputStreamFv                                                  I   (LedSalida.cpp.o)
getCuenta__10BaseTimersFv                                                I   (FrenteCustom.cpp.o)
getCuenta__10BaseTimersFv                                                I   (LedSalida.cpp.o)
getCuenta__10BaseTimersFv                                                I   (Teclas.cpp.o)
getCuenta__5TimerFv                                                      I   (FrenteCustom.cpp.o)
getCuenta__5TimerFv                                                      I   (LedSalida.cpp.o)
getCuenta__5TimerFv                                                      I   (Teclas.cpp.o)
getDisplay__12FrenteCustomFUc                                            I   (FrenteCustom.cpp.o)
getMensaje__7DisplayFv                                                   F   (Display.cpp.o)
getMensaje__7DisplayFv                                                   I   (FrenteCustom.cpp.o)
getMensaje__7DisplayFv                                                   I   (LedSalida.cpp.o)
getMetodo__11MethodTimerFv                                               I   (FrenteCustom.cpp.o)
getMetodo__11MethodTimerFv                                               I   (LedSalida.cpp.o)
getMetodo__11MethodTimerFv                                               I   (Teclas.cpp.o)
getPrimerNodo__10LinkedListFv                                            I   (FrenteCustom.cpp.o)
getPrimerNodo__10LinkedListFv                                            I   (LedSalida.cpp.o)
getPrimerNodo__10LinkedListFv                                            I   (Teclas.cpp.o)
getTeclaPosicion__12FrenteCustomFUc                                      I   (FrenteCustom.cpp.o)
getTecla__12FrenteCustomFv                                               F   (FrenteCustom.cpp.o)
getTecla__12FrenteCustomFv                                               I   (LedSalida.cpp.o)
getTecla__6TeclasFv                                                      I   (FrenteCustom.cpp.o)
getTecla__6TeclasFv                                                      I   (LedSalida.cpp.o)
getTecla__6TeclasFv                                                      F   (Teclas.cpp.o)
getTeclas__12FrenteCustomFv                                              F   (FrenteCustom.cpp.o)
getTeclas__12FrenteCustomFv                                              I   (LedSalida.cpp.o)
getTime__5TimerFv                                                        I   (FrenteCustom.cpp.o)
getTime__5TimerFv                                                        I   (LedSalida.cpp.o)
getTime__5TimerFv                                                        I   (Teclas.cpp.o)
get__10LinkedListFUi                                                     I   (FrenteCustom.cpp.o)
get__10LinkedListFUi                                                     I   (LedSalida.cpp.o)
get__10LinkedListFUi                                                     I   (Teclas.cpp.o)
hasNext__28LinkedListIteratorLinkedListFv                                I   (FrenteCustom.cpp.o)
hasNext__28LinkedListIteratorLinkedListFv                                I   (LedSalida.cpp.o)
hasNext__28LinkedListIteratorLinkedListFv                                I   (Teclas.cpp.o)
imprimirDigito__7DisplayFUc                                              F   (Display.cpp.o)
imprimirDigito__7DisplayFUc                                              I   (FrenteCustom.cpp.o)
imprimirDigito__7DisplayFUc                                              I   (LedSalida.cpp.o)
incrementarCorrimiento__7DisplayFv                                       F   (Display.cpp.o)
incrementarCorrimiento__7DisplayFv                                       I   (FrenteCustom.cpp.o)
incrementarCorrimiento__7DisplayFv                                       I   (LedSalida.cpp.o)
incrementar__10BaseTimersFUi                                             I   (FrenteCustom.cpp.o)
incrementar__10BaseTimersFUi                                             I   (LedSalida.cpp.o)
incrementar__10BaseTimersFUi                                             I   (Teclas.cpp.o)
isEmpty__10LinkedListFv                                                  I   (FrenteCustom.cpp.o)
isEmpty__10LinkedListFv                                                  I   (LedSalida.cpp.o)
isEmpty__10LinkedListFv                                                  I   (Teclas.cpp.o)
isFinished__5TimerFv                                                     I   (FrenteCustom.cpp.o)
isFinished__5TimerFv                                                     I   (LedSalida.cpp.o)
isFinished__5TimerFv                                                     I   (Teclas.cpp.o)
isScrolling__7DisplayFv                                                  F   (Display.cpp.o)
isScrolling__7DisplayFv                                                  I   (FrenteCustom.cpp.o)
isScrolling__7DisplayFv                                                  I   (LedSalida.cpp.o)
isTeclaPresionada__12FrenteCustomFv                                      I   (FrenteCustom.cpp.o)
isTimePass__6TeclasFv                                                    I   (FrenteCustom.cpp.o)
isTimePass__6TeclasFv                                                    I   (LedSalida.cpp.o)
isTimePass__6TeclasFv                                                    F   (Teclas.cpp.o)
iterator__10LinkedListFv                                                 I   (FrenteCustom.cpp.o)
iterator__10LinkedListFv                                                 I   (LedSalida.cpp.o)
iterator__10LinkedListFv                                                 I   (Teclas.cpp.o)
linkedListIterator__10LinkedListFP28LinkedListIteratorLinkedList         I   (FrenteCustom.cpp.o)
linkedListIterator__10LinkedListFP28LinkedListIteratorLinkedList         I   (LedSalida.cpp.o)
linkedListIterator__10LinkedListFP28LinkedListIteratorLinkedList         I   (Teclas.cpp.o)
moveOut__10BaseTimersFPv                                                 I   (FrenteCustom.cpp.o)
moveOut__10BaseTimersFPv                                                 I   (LedSalida.cpp.o)
moveOut__10BaseTimersFPv                                                 I   (Teclas.cpp.o)
moveOut__10LinkedListFPv                                                 I   (FrenteCustom.cpp.o)
moveOut__10LinkedListFPv                                                 I   (LedSalida.cpp.o)
moveOut__10LinkedListFPv                                                 I   (Teclas.cpp.o)
next__28LinkedListIteratorLinkedListFv                                   I   (FrenteCustom.cpp.o)
next__28LinkedListIteratorLinkedListFv                                   I   (LedSalida.cpp.o)
next__28LinkedListIteratorLinkedListFv                                   I   (Teclas.cpp.o)
on1ms__12FrenteCustomFv                                                  F   (FrenteCustom.cpp.o)
on1ms__12FrenteCustomFv                                                  I   (LedSalida.cpp.o)
onTime__11MethodTimerFv                                                  I   (FrenteCustom.cpp.o)
onTime__11MethodTimerFv                                                  I   (LedSalida.cpp.o)
onTime__11MethodTimerFv                                                  I   (Teclas.cpp.o)
onTime__5TimerFv                                                         I   (FrenteCustom.cpp.o)
onTime__5TimerFv                                                         I   (LedSalida.cpp.o)
onTime__5TimerFv                                                         I   (Teclas.cpp.o)
onTime__6TeclasFv                                                        I   (FrenteCustom.cpp.o)
onTime__6TeclasFv                                                        I   (LedSalida.cpp.o)
onTime__6TeclasFv                                                        F   (Teclas.cpp.o)
onTime__9FlagTimerFv                                                     I   (FrenteCustom.cpp.o)
onTime__9FlagTimerFv                                                     I   (LedSalida.cpp.o)
onTime__9RlxMTimerFv                                                     I   (FrenteCustom.cpp.o)
onTime__9RlxMTimerFv                                                     I   (LedSalida.cpp.o)
onTime__9RlxMTimerFv                                                     I   (Teclas.cpp.o)
presionar__6TeclasFUc                                                    I   (FrenteCustom.cpp.o)
presionar__6TeclasFUc                                                    I   (LedSalida.cpp.o)
presionar__6TeclasFUc                                                    F   (Teclas.cpp.o)
pthread_create__FPPvPvPFPv_PvT1                                          I   (LedSalida.cpp.o)
resetScroll__12FrenteCustomFv                                            F   (FrenteCustom.cpp.o)
resetScroll__12FrenteCustomFv                                            I   (LedSalida.cpp.o)
resetTimePass__6TeclasFv                                                 I   (FrenteCustom.cpp.o)
resetTimePass__6TeclasFv                                                 I   (LedSalida.cpp.o)
resetTimePass__6TeclasFv                                                 F   (Teclas.cpp.o)
reset__9FlagTimerFv                                                      I   (FrenteCustom.cpp.o)
reset__9FlagTimerFv                                                      I   (LedSalida.cpp.o)
resetearCorrimiento__7DisplayFv                                          F   (Display.cpp.o)
resetearCorrimiento__7DisplayFv                                          I   (FrenteCustom.cpp.o)
resetearCorrimiento__7DisplayFv                                          I   (LedSalida.cpp.o)
restart__5TimerFv                                                        I   (FrenteCustom.cpp.o)
restart__5TimerFv                                                        I   (LedSalida.cpp.o)
restart__5TimerFv                                                        I   (Teclas.cpp.o)
seleccionarDigito__12FrenteCustomFUc                                     I   (FrenteCustom.cpp.o)
setBaseTimer__5TimerFP10BaseTimers                                       I   (FrenteCustom.cpp.o)
setBaseTimer__5TimerFP10BaseTimers                                       I   (LedSalida.cpp.o)
setBaseTimer__5TimerFP10BaseTimers                                       I   (Teclas.cpp.o)
setDato__4NodoFPv                                                        I   (FrenteCustom.cpp.o)
setDato__4NodoFPv                                                        I   (LedSalida.cpp.o)
setDato__4NodoFPv                                                        I   (Teclas.cpp.o)
setLed__12FrenteCustomFUcT1                                              F   (FrenteCustom.cpp.o)
setLed__12FrenteCustomFUcT1                                              I   (LedSalida.cpp.o)
setMensaje__7DisplayFPSc                                                 F   (Display.cpp.o)
setMensaje__7DisplayFPSc                                                 I   (FrenteCustom.cpp.o)
setMensaje__7DisplayFPSc                                                 I   (LedSalida.cpp.o)
setMetodo__11MethodTimerFR6Method                                        I   (FrenteCustom.cpp.o)
setMetodo__11MethodTimerFR6Method                                        I   (LedSalida.cpp.o)
setMetodo__11MethodTimerFR6Method                                        I   (Teclas.cpp.o)
setNext__4NodoFP4Nodo                                                    I   (FrenteCustom.cpp.o)
setNext__4NodoFP4Nodo                                                    I   (LedSalida.cpp.o)
setNext__4NodoFP4Nodo                                                    I   (Teclas.cpp.o)
setPrimerNodo__10LinkedListFP4Nodo                                       I   (FrenteCustom.cpp.o)
setPrimerNodo__10LinkedListFP4Nodo                                       I   (LedSalida.cpp.o)
setPrimerNodo__10LinkedListFP4Nodo                                       I   (Teclas.cpp.o)
setTime__5TimerFUl                                                       I   (FrenteCustom.cpp.o)
setTime__5TimerFUl                                                       I   (LedSalida.cpp.o)
setTime__5TimerFUl                                                       I   (Teclas.cpp.o)
size__10LinkedListFv                                                     I   (FrenteCustom.cpp.o)
size__10LinkedListFv                                                     I   (LedSalida.cpp.o)
size__10LinkedListFv                                                     I   (Teclas.cpp.o)
sprintf                                                                  I   (Display.cpp.o)
stop__5TimerFv                                                           I   (FrenteCustom.cpp.o)
stop__5TimerFv                                                           I   (LedSalida.cpp.o)
stop__5TimerFv                                                           I   (Teclas.cpp.o)
writeAsFloat__7DisplayFiUc                                               F   (Display.cpp.o)
writeAsFloat__7DisplayFiUc                                               I   (FrenteCustom.cpp.o)
writeAsFloat__7DisplayFiUc                                               I   (LedSalida.cpp.o)
write__7DisplayFPCSc                                                     F   (Display.cpp.o)
write__7DisplayFPCSc                                                     I   (FrenteCustom.cpp.o)
write__7DisplayFPCSc                                                     I   (LedSalida.cpp.o)
write__7DisplayFi                                                        F   (Display.cpp.o)
write__7DisplayFi                                                        I   (FrenteCustom.cpp.o)
write__7DisplayFi                                                        I   (LedSalida.cpp.o)
