Units and locations in library 'D:\versionR51\microsdhacel\soft micros\Codigo\codigo portable\AdaptadoresSalida\lib&test\test&Lib_micro\lib\adapt_sal_si.lib'
Unit name                               size     from       to
AdaptadorSalida.cpp.o                  15148      184    15332
AdaptadorSalidaConfiguracion.cpp.o      6145    15332    21477
SalidaBanda.cpp.o                      13280    21477    34757

EXPORTED OBJECTS
_LOAD_FAR_16                                                             I   (AdaptadorSalida.cpp.o)
_LOAD_FAR_16                                                             I   (SalidaBanda.cpp.o)
____vtbl__AdaptadorSalida                                                O   (AdaptadorSalida.cpp.o)
____vtbl__AdaptadorSalida                                                O   (SalidaBanda.cpp.o)
____vtbl__AdaptadorSalidaConfiguracion                                   O   (AdaptadorSalida.cpp.o)
____vtbl__AdaptadorSalidaConfiguracion                                   O   (AdaptadorSalidaConfiguracion.cpp.o)
____vtbl__AdaptadorSalidaConfiguracion                                   O   (SalidaBanda.cpp.o)
____vtbl__ISalida                                                        O   (AdaptadorSalida.cpp.o)
____vtbl__ISalida                                                        O   (SalidaBanda.cpp.o)
____vtbl__SalidaBandaAdaptadorSalida                                     O   (SalidaBanda.cpp.o)
__as__28AdaptadorSalidaConfiguracionFRC28AdaptadorSalidaConfiguracion    F   (AdaptadorSalida.cpp.o)
__as__28AdaptadorSalidaConfiguracionFRC28AdaptadorSalidaConfiguracion    F   (AdaptadorSalidaConfiguracion.cpp.o)
__as__28AdaptadorSalidaConfiguracionFRC28AdaptadorSalidaConfiguracion    F   (SalidaBanda.cpp.o)
__as__7ISalidaFRC7ISalida                                                F   (AdaptadorSalida.cpp.o)
__as__7ISalidaFRC7ISalida                                                F   (SalidaBanda.cpp.o)
__ct__11SalidaBandaFR7ISalidaR28AdaptadorSalidaConfiguracion             I   (SalidaBanda.cpp.o)
__ct__11SalidaBandaFRC11SalidaBanda                                      F   (SalidaBanda.cpp.o)
__ct__15AdaptadorSalidaFR7ISalidaR28AdaptadorSalidaConfiguracion         F   (AdaptadorSalida.cpp.o)
__ct__15AdaptadorSalidaFR7ISalidaR28AdaptadorSalidaConfiguracion         I   (SalidaBanda.cpp.o)
__ct__15AdaptadorSalidaFRC15AdaptadorSalida                              F   (AdaptadorSalida.cpp.o)
__ct__15AdaptadorSalidaFRC15AdaptadorSalida                              F   (SalidaBanda.cpp.o)
__ct__28AdaptadorSalidaConfiguracionFRC28AdaptadorSalidaConfiguracion    F   (AdaptadorSalida.cpp.o)
__ct__28AdaptadorSalidaConfiguracionFRC28AdaptadorSalidaConfiguracion    F   (AdaptadorSalidaConfiguracion.cpp.o)
__ct__28AdaptadorSalidaConfiguracionFRC28AdaptadorSalidaConfiguracion    F   (SalidaBanda.cpp.o)
__ct__28AdaptadorSalidaConfiguracionFv                                   F   (AdaptadorSalida.cpp.o)
__ct__28AdaptadorSalidaConfiguracionFv                                   F   (AdaptadorSalidaConfiguracion.cpp.o)
__ct__28AdaptadorSalidaConfiguracionFv                                   F   (SalidaBanda.cpp.o)
__ct__7ISalidaFRC7ISalida                                                F   (AdaptadorSalida.cpp.o)
__ct__7ISalidaFRC7ISalida                                                F   (SalidaBanda.cpp.o)
__ct__7ISalidaFv                                                         F   (AdaptadorSalida.cpp.o)
__ct__7ISalidaFv                                                         F   (SalidaBanda.cpp.o)
calcularPotencia__11SalidaBandaFi                                        F   (SalidaBanda.cpp.o)
calcularPotencia__15AdaptadorSalidaFi                                    I   (AdaptadorSalida.cpp.o)
duty_onoff__FiT0                                                         I   (SalidaBanda.cpp.o)
duty_prop__FiN30                                                         I   (SalidaBanda.cpp.o)
getHisteresis__15AdaptadorSalidaFv                                       F   (AdaptadorSalida.cpp.o)
getHisteresis__15AdaptadorSalidaFv                                       I   (SalidaBanda.cpp.o)
getHisteresis__28AdaptadorSalidaConfiguracionFv                          I   (AdaptadorSalida.cpp.o)
getSalida__15AdaptadorSalidaFv                                           F   (AdaptadorSalida.cpp.o)
getSalida__15AdaptadorSalidaFv                                           I   (SalidaBanda.cpp.o)
getTipoSalida__15AdaptadorSalidaFv                                       F   (AdaptadorSalida.cpp.o)
getTipoSalida__15AdaptadorSalidaFv                                       I   (SalidaBanda.cpp.o)
getTipoSalida__28AdaptadorSalidaConfiguracionFv                          I   (AdaptadorSalida.cpp.o)
getTipoSalida__7ISalidaFv                                                I   (SalidaBanda.cpp.o)
setHisteresis__15AdaptadorSalidaFi                                       F   (AdaptadorSalida.cpp.o)
setHisteresis__15AdaptadorSalidaFi                                       I   (SalidaBanda.cpp.o)
setHisteresis__28AdaptadorSalidaConfiguracionFi                          I   (AdaptadorSalida.cpp.o)
setPotenciaSalida__15AdaptadorSalidaFi                                   F   (AdaptadorSalida.cpp.o)
setPotenciaSalida__15AdaptadorSalidaFi                                   I   (SalidaBanda.cpp.o)
setPotencia__7ISalidaFUi                                                 I   (AdaptadorSalida.cpp.o)
setTipoSalida__15AdaptadorSalidaFi                                       F   (AdaptadorSalida.cpp.o)
setTipoSalida__15AdaptadorSalidaFi                                       I   (SalidaBanda.cpp.o)
setTipoSalida__28AdaptadorSalidaConfiguracionF10TipoSalida               I   (AdaptadorSalida.cpp.o)
