Units and locations in library 'D:\Jony\versionR51\microsdhacel\soft micros\Codigo\codigo portable\Memoria\lib\libHC12\lib\memorias_si.lib'
Unit name                   size     from       to
FlashBkp.cpp.o             48023    72207   120230
FlashBkpMitad.cpp.o        47687   120230   167917
ManejadorMemoria.cpp.o     30788      168    30956
PromBkp.cpp.o              41251    30956    72207

EXPORTED OBJECTS
Flash_eraseSector__FPv                                                   I   (FlashBkp.cpp.o)
Flash_getPage__FPv                                                       I   (FlashBkp.cpp.o)
Flash_grabarFlash__FPvPUi                                                I   (FlashBkp.cpp.o)
Flash_init__Fv                                                           I   (FlashBkp.cpp.o)
Flash_isInPage__FPvT0                                                    I   (FlashBkp.cpp.o)
Flash_writeWord__FPUiUi                                                  I   (FlashBkp.cpp.o)
Flash_writeWord__FPUiUi                                                  I   (FlashBkpMitad.cpp.o)
____vtbl__BaseTimersLinkedListListCollection                             O   (FlashBkp.cpp.o)
____vtbl__BaseTimersLinkedListListCollection                             O   (FlashBkpMitad.cpp.o)
____vtbl__BaseTimersLinkedListListCollection                             O   (ManejadorMemoria.cpp.o)
____vtbl__BaseTimersLinkedListListCollection                             O   (PromBkp.cpp.o)
____vtbl__Collection                                                     O   (FlashBkp.cpp.o)
____vtbl__Collection                                                     O   (FlashBkpMitad.cpp.o)
____vtbl__Collection                                                     O   (ManejadorMemoria.cpp.o)
____vtbl__Collection                                                     O   (PromBkp.cpp.o)
____vtbl__FlashBkpMitadFlashBkpPromBkpManejadorMemoria                   O   (FlashBkpMitad.cpp.o)
____vtbl__FlashBkpPromBkpManejadorMemoria                                O   (FlashBkp.cpp.o)
____vtbl__FlashBkpPromBkpManejadorMemoria                                O   (FlashBkpMitad.cpp.o)
____vtbl__Iterator                                                       O   (FlashBkp.cpp.o)
____vtbl__Iterator                                                       O   (FlashBkpMitad.cpp.o)
____vtbl__Iterator                                                       O   (ManejadorMemoria.cpp.o)
____vtbl__Iterator                                                       O   (PromBkp.cpp.o)
____vtbl__LinkedListIteratorIterator                                     O   (FlashBkp.cpp.o)
____vtbl__LinkedListIteratorIterator                                     O   (FlashBkpMitad.cpp.o)
____vtbl__LinkedListIteratorIterator                                     O   (ManejadorMemoria.cpp.o)
____vtbl__LinkedListIteratorIterator                                     O   (PromBkp.cpp.o)
____vtbl__LinkedListListCollection                                       O   (FlashBkp.cpp.o)
____vtbl__LinkedListListCollection                                       O   (FlashBkpMitad.cpp.o)
____vtbl__LinkedListListCollection                                       O   (ManejadorMemoria.cpp.o)
____vtbl__LinkedListListCollection                                       O   (PromBkp.cpp.o)
____vtbl__ListCollection                                                 O   (FlashBkp.cpp.o)
____vtbl__ListCollection                                                 O   (FlashBkpMitad.cpp.o)
____vtbl__ListCollection                                                 O   (ManejadorMemoria.cpp.o)
____vtbl__ListCollection                                                 O   (PromBkp.cpp.o)
____vtbl__ManejadorMemoria                                               O   (FlashBkp.cpp.o)
____vtbl__ManejadorMemoria                                               O   (FlashBkpMitad.cpp.o)
____vtbl__ManejadorMemoria                                               O   (ManejadorMemoria.cpp.o)
____vtbl__ManejadorMemoria                                               O   (PromBkp.cpp.o)
____vtbl__PromBkpManejadorMemoria                                        O   (FlashBkp.cpp.o)
____vtbl__PromBkpManejadorMemoria                                        O   (FlashBkpMitad.cpp.o)
____vtbl__PromBkpManejadorMemoria                                        O   (PromBkp.cpp.o)
____vtbl__Timer                                                          O   (FlashBkp.cpp.o)
____vtbl__Timer                                                          O   (FlashBkpMitad.cpp.o)
____vtbl__Timer                                                          O   (ManejadorMemoria.cpp.o)
____vtbl__Timer                                                          O   (PromBkp.cpp.o)
__as__10BaseTimersFRC10BaseTimers                                        F   (FlashBkp.cpp.o)
__as__10BaseTimersFRC10BaseTimers                                        F   (FlashBkpMitad.cpp.o)
__as__10BaseTimersFRC10BaseTimers                                        F   (ManejadorMemoria.cpp.o)
__as__10BaseTimersFRC10BaseTimers                                        F   (PromBkp.cpp.o)
__as__10CollectionFRC10Collection                                        F   (FlashBkp.cpp.o)
__as__10CollectionFRC10Collection                                        F   (FlashBkpMitad.cpp.o)
__as__10CollectionFRC10Collection                                        F   (ManejadorMemoria.cpp.o)
__as__10CollectionFRC10Collection                                        F   (PromBkp.cpp.o)
__as__10LinkedListFRC10LinkedList                                        F   (FlashBkp.cpp.o)
__as__10LinkedListFRC10LinkedList                                        F   (FlashBkpMitad.cpp.o)
__as__10LinkedListFRC10LinkedList                                        F   (ManejadorMemoria.cpp.o)
__as__10LinkedListFRC10LinkedList                                        F   (PromBkp.cpp.o)
__as__13FlashBkpMitadFRC13FlashBkpMitad                                  F   (FlashBkpMitad.cpp.o)
__as__16ManejadorMemoriaFRC16ManejadorMemoria                            F   (FlashBkp.cpp.o)
__as__16ManejadorMemoriaFRC16ManejadorMemoria                            F   (FlashBkpMitad.cpp.o)
__as__16ManejadorMemoriaFRC16ManejadorMemoria                            F   (ManejadorMemoria.cpp.o)
__as__16ManejadorMemoriaFRC16ManejadorMemoria                            F   (PromBkp.cpp.o)
__as__28LinkedListIteratorLinkedListFRC28LinkedListIteratorLinkedList    F   (FlashBkp.cpp.o)
__as__28LinkedListIteratorLinkedListFRC28LinkedListIteratorLinkedList    F   (FlashBkpMitad.cpp.o)
__as__28LinkedListIteratorLinkedListFRC28LinkedListIteratorLinkedList    F   (ManejadorMemoria.cpp.o)
__as__28LinkedListIteratorLinkedListFRC28LinkedListIteratorLinkedList    F   (PromBkp.cpp.o)
__as__4ListFRC4List                                                      F   (FlashBkp.cpp.o)
__as__4ListFRC4List                                                      F   (FlashBkpMitad.cpp.o)
__as__4ListFRC4List                                                      F   (ManejadorMemoria.cpp.o)
__as__4ListFRC4List                                                      F   (PromBkp.cpp.o)
__as__4NodoFRC4Nodo                                                      F   (FlashBkp.cpp.o)
__as__4NodoFRC4Nodo                                                      F   (FlashBkpMitad.cpp.o)
__as__4NodoFRC4Nodo                                                      F   (ManejadorMemoria.cpp.o)
__as__4NodoFRC4Nodo                                                      F   (PromBkp.cpp.o)
__as__5TimerFRC5Timer                                                    F   (FlashBkp.cpp.o)
__as__5TimerFRC5Timer                                                    F   (FlashBkpMitad.cpp.o)
__as__5TimerFRC5Timer                                                    F   (ManejadorMemoria.cpp.o)
__as__5TimerFRC5Timer                                                    F   (PromBkp.cpp.o)
__as__7PromBkpFRC7PromBkp                                                F   (FlashBkp.cpp.o)
__as__7PromBkpFRC7PromBkp                                                F   (FlashBkpMitad.cpp.o)
__as__7PromBkpFRC7PromBkp                                                F   (PromBkp.cpp.o)
__as__8FlashBkpFRC8FlashBkp                                              F   (FlashBkp.cpp.o)
__as__8FlashBkpFRC8FlashBkp                                              F   (FlashBkpMitad.cpp.o)
__as__8IteratorFRC8Iterator                                              F   (FlashBkp.cpp.o)
__as__8IteratorFRC8Iterator                                              F   (FlashBkpMitad.cpp.o)
__as__8IteratorFRC8Iterator                                              F   (ManejadorMemoria.cpp.o)
__as__8IteratorFRC8Iterator                                              F   (PromBkp.cpp.o)
__ct__10BaseTimersFRC10BaseTimers                                        F   (FlashBkp.cpp.o)
__ct__10BaseTimersFRC10BaseTimers                                        F   (FlashBkpMitad.cpp.o)
__ct__10BaseTimersFRC10BaseTimers                                        F   (ManejadorMemoria.cpp.o)
__ct__10BaseTimersFRC10BaseTimers                                        F   (PromBkp.cpp.o)
__ct__10BaseTimersFv                                                     F   (FlashBkp.cpp.o)
__ct__10BaseTimersFv                                                     F   (FlashBkpMitad.cpp.o)
__ct__10BaseTimersFv                                                     F   (ManejadorMemoria.cpp.o)
__ct__10BaseTimersFv                                                     F   (PromBkp.cpp.o)
__ct__10CollectionFRC10Collection                                        F   (FlashBkp.cpp.o)
__ct__10CollectionFRC10Collection                                        F   (FlashBkpMitad.cpp.o)
__ct__10CollectionFRC10Collection                                        F   (ManejadorMemoria.cpp.o)
__ct__10CollectionFRC10Collection                                        F   (PromBkp.cpp.o)
__ct__10CollectionFv                                                     F   (FlashBkp.cpp.o)
__ct__10CollectionFv                                                     F   (FlashBkpMitad.cpp.o)
__ct__10CollectionFv                                                     F   (ManejadorMemoria.cpp.o)
__ct__10CollectionFv                                                     F   (PromBkp.cpp.o)
__ct__10LinkedListFRC10LinkedList                                        F   (FlashBkp.cpp.o)
__ct__10LinkedListFRC10LinkedList                                        F   (FlashBkpMitad.cpp.o)
__ct__10LinkedListFRC10LinkedList                                        F   (ManejadorMemoria.cpp.o)
__ct__10LinkedListFRC10LinkedList                                        F   (PromBkp.cpp.o)
__ct__10LinkedListFv                                                     I   (FlashBkp.cpp.o)
__ct__10LinkedListFv                                                     I   (FlashBkpMitad.cpp.o)
__ct__10LinkedListFv                                                     I   (ManejadorMemoria.cpp.o)
__ct__10LinkedListFv                                                     I   (PromBkp.cpp.o)
__ct__13FlashBkpMitadFPv                                                 F   (FlashBkpMitad.cpp.o)
__ct__13FlashBkpMitadFRC13FlashBkpMitad                                  F   (FlashBkpMitad.cpp.o)
__ct__16ManejadorMemoriaFRC16ManejadorMemoria                            F   (FlashBkp.cpp.o)
__ct__16ManejadorMemoriaFRC16ManejadorMemoria                            F   (FlashBkpMitad.cpp.o)
__ct__16ManejadorMemoriaFRC16ManejadorMemoria                            F   (ManejadorMemoria.cpp.o)
__ct__16ManejadorMemoriaFRC16ManejadorMemoria                            F   (PromBkp.cpp.o)
__ct__16ManejadorMemoriaFv                                               F   (FlashBkp.cpp.o)
__ct__16ManejadorMemoriaFv                                               F   (FlashBkpMitad.cpp.o)
__ct__16ManejadorMemoriaFv                                               F   (ManejadorMemoria.cpp.o)
__ct__16ManejadorMemoriaFv                                               F   (PromBkp.cpp.o)
__ct__28LinkedListIteratorLinkedListFP10LinkedList                       I   (FlashBkp.cpp.o)
__ct__28LinkedListIteratorLinkedListFP10LinkedList                       I   (FlashBkpMitad.cpp.o)
__ct__28LinkedListIteratorLinkedListFP10LinkedList                       I   (ManejadorMemoria.cpp.o)
__ct__28LinkedListIteratorLinkedListFP10LinkedList                       I   (PromBkp.cpp.o)
__ct__28LinkedListIteratorLinkedListFRC28LinkedListIteratorLinkedList    F   (FlashBkp.cpp.o)
__ct__28LinkedListIteratorLinkedListFRC28LinkedListIteratorLinkedList    F   (FlashBkpMitad.cpp.o)
__ct__28LinkedListIteratorLinkedListFRC28LinkedListIteratorLinkedList    F   (ManejadorMemoria.cpp.o)
__ct__28LinkedListIteratorLinkedListFRC28LinkedListIteratorLinkedList    F   (PromBkp.cpp.o)
__ct__28LinkedListIteratorLinkedListFv                                   I   (FlashBkp.cpp.o)
__ct__28LinkedListIteratorLinkedListFv                                   I   (FlashBkpMitad.cpp.o)
__ct__28LinkedListIteratorLinkedListFv                                   I   (ManejadorMemoria.cpp.o)
__ct__28LinkedListIteratorLinkedListFv                                   I   (PromBkp.cpp.o)
__ct__4ListFRC4List                                                      F   (FlashBkp.cpp.o)
__ct__4ListFRC4List                                                      F   (FlashBkpMitad.cpp.o)
__ct__4ListFRC4List                                                      F   (ManejadorMemoria.cpp.o)
__ct__4ListFRC4List                                                      F   (PromBkp.cpp.o)
__ct__4ListFv                                                            F   (FlashBkp.cpp.o)
__ct__4ListFv                                                            F   (FlashBkpMitad.cpp.o)
__ct__4ListFv                                                            F   (ManejadorMemoria.cpp.o)
__ct__4ListFv                                                            F   (PromBkp.cpp.o)
__ct__4NodoFPvP4Nodo                                                     I   (FlashBkp.cpp.o)
__ct__4NodoFPvP4Nodo                                                     I   (FlashBkpMitad.cpp.o)
__ct__4NodoFPvP4Nodo                                                     I   (ManejadorMemoria.cpp.o)
__ct__4NodoFPvP4Nodo                                                     I   (PromBkp.cpp.o)
__ct__4NodoFRC4Nodo                                                      F   (FlashBkp.cpp.o)
__ct__4NodoFRC4Nodo                                                      F   (FlashBkpMitad.cpp.o)
__ct__4NodoFRC4Nodo                                                      F   (ManejadorMemoria.cpp.o)
__ct__4NodoFRC4Nodo                                                      F   (PromBkp.cpp.o)
__ct__5TimerFRC5Timer                                                    F   (FlashBkp.cpp.o)
__ct__5TimerFRC5Timer                                                    F   (FlashBkpMitad.cpp.o)
__ct__5TimerFRC5Timer                                                    F   (ManejadorMemoria.cpp.o)
__ct__5TimerFRC5Timer                                                    F   (PromBkp.cpp.o)
__ct__5TimerFUl                                                          I   (FlashBkp.cpp.o)
__ct__5TimerFUl                                                          I   (FlashBkpMitad.cpp.o)
__ct__5TimerFUl                                                          I   (ManejadorMemoria.cpp.o)
__ct__5TimerFUl                                                          I   (PromBkp.cpp.o)
__ct__7PromBkpFRC7PromBkp                                                F   (FlashBkp.cpp.o)
__ct__7PromBkpFRC7PromBkp                                                F   (FlashBkpMitad.cpp.o)
__ct__7PromBkpFRC7PromBkp                                                F   (PromBkp.cpp.o)
__ct__7PromBkpFv                                                         I   (FlashBkp.cpp.o)
__ct__7PromBkpFv                                                         I   (FlashBkpMitad.cpp.o)
__ct__7PromBkpFv                                                         F   (PromBkp.cpp.o)
__ct__8FlashBkpFPv                                                       F   (FlashBkp.cpp.o)
__ct__8FlashBkpFPv                                                       I   (FlashBkpMitad.cpp.o)
__ct__8FlashBkpFRC8FlashBkp                                              F   (FlashBkp.cpp.o)
__ct__8FlashBkpFRC8FlashBkp                                              F   (FlashBkpMitad.cpp.o)
__ct__8IteratorFRC8Iterator                                              F   (FlashBkp.cpp.o)
__ct__8IteratorFRC8Iterator                                              F   (FlashBkpMitad.cpp.o)
__ct__8IteratorFRC8Iterator                                              F   (ManejadorMemoria.cpp.o)
__ct__8IteratorFRC8Iterator                                              F   (PromBkp.cpp.o)
__ct__8IteratorFv                                                        F   (FlashBkp.cpp.o)
__ct__8IteratorFv                                                        F   (FlashBkpMitad.cpp.o)
__ct__8IteratorFv                                                        F   (ManejadorMemoria.cpp.o)
__ct__8IteratorFv                                                        F   (PromBkp.cpp.o)
__dl__FGPv                                                               I   (PromBkp.cpp.o)
__dt__10BaseTimersFv                                                     F   (FlashBkp.cpp.o)
__dt__10BaseTimersFv                                                     F   (FlashBkpMitad.cpp.o)
__dt__10BaseTimersFv                                                     F   (ManejadorMemoria.cpp.o)
__dt__10BaseTimersFv                                                     F   (PromBkp.cpp.o)
__dt__10LinkedListFv                                                     I   (FlashBkp.cpp.o)
__dt__10LinkedListFv                                                     I   (FlashBkpMitad.cpp.o)
__dt__10LinkedListFv                                                     I   (ManejadorMemoria.cpp.o)
__dt__10LinkedListFv                                                     I   (PromBkp.cpp.o)
__dt__13FlashBkpMitadFv                                                  F   (FlashBkpMitad.cpp.o)
__dt__5TimerFv                                                           I   (FlashBkp.cpp.o)
__dt__5TimerFv                                                           I   (FlashBkpMitad.cpp.o)
__dt__5TimerFv                                                           I   (ManejadorMemoria.cpp.o)
__dt__5TimerFv                                                           I   (PromBkp.cpp.o)
__dt__7PromBkpFv                                                         F   (FlashBkp.cpp.o)
__dt__7PromBkpFv                                                         F   (FlashBkpMitad.cpp.o)
__dt__7PromBkpFv                                                         F   (PromBkp.cpp.o)
__dt__8FlashBkpFv                                                        F   (FlashBkp.cpp.o)
__dt__8FlashBkpFv                                                        F   (FlashBkpMitad.cpp.o)
__nw__FGUi                                                               I   (PromBkp.cpp.o)
__sf_5Timer_baseTimerDefault                                             I   (FlashBkp.cpp.o)
__sf_5Timer_baseTimerDefault                                             I   (FlashBkpMitad.cpp.o)
__sf_5Timer_baseTimerDefault                                             I   (ManejadorMemoria.cpp.o)
__sf_5Timer_baseTimerDefault                                             I   (PromBkp.cpp.o)
__sf_5Timer_setBaseTimerDefault__FR10BaseTimers                          I   (FlashBkp.cpp.o)
__sf_5Timer_setBaseTimerDefault__FR10BaseTimers                          I   (FlashBkpMitad.cpp.o)
__sf_5Timer_setBaseTimerDefault__FR10BaseTimers                          I   (ManejadorMemoria.cpp.o)
__sf_5Timer_setBaseTimerDefault__FR10BaseTimers                          I   (PromBkp.cpp.o)
__sf_7PromBkp_estaEnPagina__FPvT0                                        I   (FlashBkp.cpp.o)
__sf_7PromBkp_estaEnPagina__FPvT0                                        I   (FlashBkpMitad.cpp.o)
__sf_7PromBkp_estaEnPagina__FPvT0                                        I   (PromBkp.cpp.o)
_assert                                                                  I   (FlashBkpMitad.cpp.o)
actualizarTimers__10BaseTimersFv                                         I   (FlashBkp.cpp.o)
actualizarTimers__10BaseTimersFv                                         I   (FlashBkpMitad.cpp.o)
actualizarTimers__10BaseTimersFv                                         I   (ManejadorMemoria.cpp.o)
actualizarTimers__10BaseTimersFv                                         I   (PromBkp.cpp.o)
add__10LinkedListFPv                                                     I   (FlashBkp.cpp.o)
add__10LinkedListFPv                                                     I   (FlashBkpMitad.cpp.o)
add__10LinkedListFPv                                                     I   (ManejadorMemoria.cpp.o)
add__10LinkedListFPv                                                     I   (PromBkp.cpp.o)
aniadir__10LinkedListFPv                                                 I   (FlashBkp.cpp.o)
aniadir__10LinkedListFPv                                                 I   (FlashBkpMitad.cpp.o)
aniadir__10LinkedListFPv                                                 I   (ManejadorMemoria.cpp.o)
aniadir__10LinkedListFPv                                                 I   (PromBkp.cpp.o)
backupSector__8FlashBkpFv                                                F   (FlashBkp.cpp.o)
backupSector__8FlashBkpFv                                                I   (FlashBkpMitad.cpp.o)
borrarPagina__7PromBkpFPv                                                I   (FlashBkp.cpp.o)
borrarPagina__7PromBkpFPv                                                I   (FlashBkpMitad.cpp.o)
borrarPagina__7PromBkpFPv                                                F   (PromBkp.cpp.o)
borrarProm__7PromBkpFPv                                                  I   (PromBkp.cpp.o)
borrarProm__8FlashBkpFPv                                                 F   (FlashBkp.cpp.o)
borrarProm__8FlashBkpFPv                                                 I   (FlashBkpMitad.cpp.o)
clearIndexArray__13FlashBkpMitadFv                                       F   (FlashBkpMitad.cpp.o)
clearIndexArray__8FlashBkpFv                                             I   (FlashBkp.cpp.o)
clear__10LinkedListFv                                                    I   (FlashBkp.cpp.o)
clear__10LinkedListFv                                                    I   (FlashBkpMitad.cpp.o)
clear__10LinkedListFv                                                    I   (ManejadorMemoria.cpp.o)
clear__10LinkedListFv                                                    I   (PromBkp.cpp.o)
comparar__5TimerFv                                                       I   (FlashBkp.cpp.o)
comparar__5TimerFv                                                       I   (FlashBkpMitad.cpp.o)
comparar__5TimerFv                                                       I   (ManejadorMemoria.cpp.o)
comparar__5TimerFv                                                       I   (PromBkp.cpp.o)
contains__10LinkedListFPv                                                I   (FlashBkp.cpp.o)
contains__10LinkedListFPv                                                I   (FlashBkpMitad.cpp.o)
contains__10LinkedListFPv                                                I   (ManejadorMemoria.cpp.o)
contains__10LinkedListFPv                                                I   (PromBkp.cpp.o)
deleteNodo__10LinkedListFP4NodoT1                                        I   (FlashBkp.cpp.o)
deleteNodo__10LinkedListFP4NodoT1                                        I   (FlashBkpMitad.cpp.o)
deleteNodo__10LinkedListFP4NodoT1                                        I   (ManejadorMemoria.cpp.o)
deleteNodo__10LinkedListFP4NodoT1                                        I   (PromBkp.cpp.o)
demorarGrabado__7PromBkpFUi                                              I   (FlashBkp.cpp.o)
demorarGrabado__7PromBkpFUi                                              I   (FlashBkpMitad.cpp.o)
demorarGrabado__7PromBkpFUi                                              F   (PromBkp.cpp.o)
deshabilitar__7PromBkpFv                                                 I   (FlashBkp.cpp.o)
deshabilitar__7PromBkpFv                                                 I   (FlashBkpMitad.cpp.o)
deshabilitar__7PromBkpFv                                                 F   (PromBkp.cpp.o)
differ__10LinkedListFP10LinkedList                                       I   (FlashBkp.cpp.o)
differ__10LinkedListFP10LinkedList                                       I   (FlashBkpMitad.cpp.o)
differ__10LinkedListFP10LinkedList                                       I   (ManejadorMemoria.cpp.o)
differ__10LinkedListFP10LinkedList                                       I   (PromBkp.cpp.o)
differ__4NodoFP4Nodo                                                     I   (FlashBkp.cpp.o)
differ__4NodoFP4Nodo                                                     I   (FlashBkpMitad.cpp.o)
differ__4NodoFP4Nodo                                                     I   (ManejadorMemoria.cpp.o)
differ__4NodoFP4Nodo                                                     I   (PromBkp.cpp.o)
eliminarPrimero__10LinkedListFv                                          I   (FlashBkp.cpp.o)
eliminarPrimero__10LinkedListFv                                          I   (FlashBkpMitad.cpp.o)
eliminarPrimero__10LinkedListFv                                          I   (ManejadorMemoria.cpp.o)
eliminarPrimero__10LinkedListFv                                          I   (PromBkp.cpp.o)
getAGrabar__7PromBkpFv                                                   I   (FlashBkp.cpp.o)
getAGrabar__7PromBkpFv                                                   I   (FlashBkpMitad.cpp.o)
getAGrabar__7PromBkpFv                                                   F   (PromBkp.cpp.o)
getByte__8FlashBkpFPUi                                                   F   (FlashBkp.cpp.o)
getByte__8FlashBkpFPUi                                                   I   (FlashBkpMitad.cpp.o)
getCuenta__10BaseTimersFv                                                I   (FlashBkp.cpp.o)
getCuenta__10BaseTimersFv                                                I   (FlashBkpMitad.cpp.o)
getCuenta__10BaseTimersFv                                                I   (ManejadorMemoria.cpp.o)
getCuenta__10BaseTimersFv                                                I   (PromBkp.cpp.o)
getCuenta__5TimerFv                                                      I   (FlashBkp.cpp.o)
getCuenta__5TimerFv                                                      I   (FlashBkpMitad.cpp.o)
getCuenta__5TimerFv                                                      I   (ManejadorMemoria.cpp.o)
getCuenta__5TimerFv                                                      I   (PromBkp.cpp.o)
getDireccionBkp__8FlashBkpFv                                             F   (FlashBkp.cpp.o)
getDireccionBkp__8FlashBkpFv                                             I   (FlashBkpMitad.cpp.o)
getIndexArray__13FlashBkpMitadFUi                                        F   (FlashBkpMitad.cpp.o)
getIndexArray__8FlashBkpFUi                                              I   (FlashBkp.cpp.o)
getPrimerNodo__10LinkedListFv                                            I   (FlashBkp.cpp.o)
getPrimerNodo__10LinkedListFv                                            I   (FlashBkpMitad.cpp.o)
getPrimerNodo__10LinkedListFv                                            I   (ManejadorMemoria.cpp.o)
getPrimerNodo__10LinkedListFv                                            I   (PromBkp.cpp.o)
getTime__5TimerFv                                                        I   (FlashBkp.cpp.o)
getTime__5TimerFv                                                        I   (FlashBkpMitad.cpp.o)
getTime__5TimerFv                                                        I   (ManejadorMemoria.cpp.o)
getTime__5TimerFv                                                        I   (PromBkp.cpp.o)
getWord__13FlashBkpMitadFPUi                                             F   (FlashBkpMitad.cpp.o)
getWord__8FlashBkpFPUi                                                   F   (FlashBkp.cpp.o)
getWord__8FlashBkpFPUi                                                   I   (FlashBkpMitad.cpp.o)
get__10LinkedListFUi                                                     I   (FlashBkp.cpp.o)
get__10LinkedListFUi                                                     I   (FlashBkpMitad.cpp.o)
get__10LinkedListFUi                                                     I   (ManejadorMemoria.cpp.o)
get__10LinkedListFUi                                                     I   (PromBkp.cpp.o)
grabacionOBorradoEnEspera__7PromBkpFv                                    I   (FlashBkp.cpp.o)
grabacionOBorradoEnEspera__7PromBkpFv                                    I   (FlashBkpMitad.cpp.o)
grabacionOBorradoEnEspera__7PromBkpFv                                    F   (PromBkp.cpp.o)
grabarOBorrar__7PromBkpFv                                                I   (FlashBkp.cpp.o)
grabarOBorrar__7PromBkpFv                                                I   (FlashBkpMitad.cpp.o)
grabarOBorrar__7PromBkpFv                                                F   (PromBkp.cpp.o)
grabarProm__7PromBkpFv                                                   I   (PromBkp.cpp.o)
grabarProm__8FlashBkpFv                                                  F   (FlashBkp.cpp.o)
grabarProm__8FlashBkpFv                                                  I   (FlashBkpMitad.cpp.o)
habilitar__7PromBkpFv                                                    I   (FlashBkp.cpp.o)
habilitar__7PromBkpFv                                                    I   (FlashBkpMitad.cpp.o)
habilitar__7PromBkpFv                                                    F   (PromBkp.cpp.o)
hasNext__28LinkedListIteratorLinkedListFv                                I   (FlashBkp.cpp.o)
hasNext__28LinkedListIteratorLinkedListFv                                I   (FlashBkpMitad.cpp.o)
hasNext__28LinkedListIteratorLinkedListFv                                I   (ManejadorMemoria.cpp.o)
hasNext__28LinkedListIteratorLinkedListFv                                I   (PromBkp.cpp.o)
incrementar__10BaseTimersFUi                                             I   (FlashBkp.cpp.o)
incrementar__10BaseTimersFUi                                             I   (FlashBkpMitad.cpp.o)
incrementar__10BaseTimersFUi                                             I   (ManejadorMemoria.cpp.o)
incrementar__10BaseTimersFUi                                             I   (PromBkp.cpp.o)
isEmpty__10LinkedListFv                                                  I   (FlashBkp.cpp.o)
isEmpty__10LinkedListFv                                                  I   (FlashBkpMitad.cpp.o)
isEmpty__10LinkedListFv                                                  I   (ManejadorMemoria.cpp.o)
isEmpty__10LinkedListFv                                                  I   (PromBkp.cpp.o)
isFinished__5TimerFv                                                     I   (FlashBkp.cpp.o)
isFinished__5TimerFv                                                     I   (FlashBkpMitad.cpp.o)
isFinished__5TimerFv                                                     I   (ManejadorMemoria.cpp.o)
isFinished__5TimerFv                                                     I   (PromBkp.cpp.o)
isParaGrabar__8FlashBkpFUi                                               F   (FlashBkp.cpp.o)
isParaGrabar__8FlashBkpFUi                                               I   (FlashBkpMitad.cpp.o)
iterator__10LinkedListFv                                                 I   (FlashBkp.cpp.o)
iterator__10LinkedListFv                                                 I   (FlashBkpMitad.cpp.o)
iterator__10LinkedListFv                                                 I   (ManejadorMemoria.cpp.o)
iterator__10LinkedListFv                                                 I   (PromBkp.cpp.o)
linkedListIterator__10LinkedListFP28LinkedListIteratorLinkedList         I   (FlashBkp.cpp.o)
linkedListIterator__10LinkedListFP28LinkedListIteratorLinkedList         I   (FlashBkpMitad.cpp.o)
linkedListIterator__10LinkedListFP28LinkedListIteratorLinkedList         I   (ManejadorMemoria.cpp.o)
linkedListIterator__10LinkedListFP28LinkedListIteratorLinkedList         I   (PromBkp.cpp.o)
listoParaGrabarOBorrar__7PromBkpFv                                       I   (FlashBkp.cpp.o)
listoParaGrabarOBorrar__7PromBkpFv                                       I   (FlashBkpMitad.cpp.o)
listoParaGrabarOBorrar__7PromBkpFv                                       F   (PromBkp.cpp.o)
moveOut__10BaseTimersFPv                                                 I   (FlashBkp.cpp.o)
moveOut__10BaseTimersFPv                                                 I   (FlashBkpMitad.cpp.o)
moveOut__10BaseTimersFPv                                                 I   (ManejadorMemoria.cpp.o)
moveOut__10BaseTimersFPv                                                 I   (PromBkp.cpp.o)
moveOut__10LinkedListFPv                                                 I   (FlashBkp.cpp.o)
moveOut__10LinkedListFPv                                                 I   (FlashBkpMitad.cpp.o)
moveOut__10LinkedListFPv                                                 I   (ManejadorMemoria.cpp.o)
moveOut__10LinkedListFPv                                                 I   (PromBkp.cpp.o)
next__28LinkedListIteratorLinkedListFv                                   I   (FlashBkp.cpp.o)
next__28LinkedListIteratorLinkedListFv                                   I   (FlashBkpMitad.cpp.o)
next__28LinkedListIteratorLinkedListFv                                   I   (ManejadorMemoria.cpp.o)
next__28LinkedListIteratorLinkedListFv                                   I   (PromBkp.cpp.o)
onTime__5TimerFv                                                         I   (FlashBkp.cpp.o)
onTime__5TimerFv                                                         I   (FlashBkpMitad.cpp.o)
onTime__5TimerFv                                                         I   (ManejadorMemoria.cpp.o)
onTime__5TimerFv                                                         I   (PromBkp.cpp.o)
restart__5TimerFv                                                        I   (FlashBkp.cpp.o)
restart__5TimerFv                                                        I   (FlashBkpMitad.cpp.o)
restart__5TimerFv                                                        I   (ManejadorMemoria.cpp.o)
restart__5TimerFv                                                        I   (PromBkp.cpp.o)
setAGrabar__7PromBkpFUc                                                  I   (FlashBkp.cpp.o)
setAGrabar__7PromBkpFUc                                                  I   (FlashBkpMitad.cpp.o)
setAGrabar__7PromBkpFUc                                                  F   (PromBkp.cpp.o)
setBaseTimer__5TimerFP10BaseTimers                                       I   (FlashBkp.cpp.o)
setBaseTimer__5TimerFP10BaseTimers                                       I   (FlashBkpMitad.cpp.o)
setBaseTimer__5TimerFP10BaseTimers                                       I   (ManejadorMemoria.cpp.o)
setBaseTimer__5TimerFP10BaseTimers                                       I   (PromBkp.cpp.o)
setByte__8FlashBkpFPUiUi                                                 F   (FlashBkp.cpp.o)
setByte__8FlashBkpFPUiUi                                                 I   (FlashBkpMitad.cpp.o)
setDato__4NodoFPv                                                        I   (FlashBkp.cpp.o)
setDato__4NodoFPv                                                        I   (FlashBkpMitad.cpp.o)
setDato__4NodoFPv                                                        I   (ManejadorMemoria.cpp.o)
setDato__4NodoFPv                                                        I   (PromBkp.cpp.o)
setIndexArray__13FlashBkpMitadFUi                                        F   (FlashBkpMitad.cpp.o)
setIndexArray__8FlashBkpFUi                                              I   (FlashBkp.cpp.o)
setNext__4NodoFP4Nodo                                                    I   (FlashBkp.cpp.o)
setNext__4NodoFP4Nodo                                                    I   (FlashBkpMitad.cpp.o)
setNext__4NodoFP4Nodo                                                    I   (ManejadorMemoria.cpp.o)
setNext__4NodoFP4Nodo                                                    I   (PromBkp.cpp.o)
setPrimerNodo__10LinkedListFP4Nodo                                       I   (FlashBkp.cpp.o)
setPrimerNodo__10LinkedListFP4Nodo                                       I   (FlashBkpMitad.cpp.o)
setPrimerNodo__10LinkedListFP4Nodo                                       I   (ManejadorMemoria.cpp.o)
setPrimerNodo__10LinkedListFP4Nodo                                       I   (PromBkp.cpp.o)
setTime__5TimerFUl                                                       I   (FlashBkp.cpp.o)
setTime__5TimerFUl                                                       I   (FlashBkpMitad.cpp.o)
setTime__5TimerFUl                                                       I   (ManejadorMemoria.cpp.o)
setTime__5TimerFUl                                                       I   (PromBkp.cpp.o)
setWord__13FlashBkpMitadFPUiUi                                           F   (FlashBkpMitad.cpp.o)
setWord__8FlashBkpFPUiUi                                                 F   (FlashBkp.cpp.o)
setWord__8FlashBkpFPUiUi                                                 I   (FlashBkpMitad.cpp.o)
size__10LinkedListFv                                                     I   (FlashBkp.cpp.o)
size__10LinkedListFv                                                     I   (FlashBkpMitad.cpp.o)
size__10LinkedListFv                                                     I   (ManejadorMemoria.cpp.o)
size__10LinkedListFv                                                     I   (PromBkp.cpp.o)
stop__5TimerFv                                                           I   (FlashBkp.cpp.o)
stop__5TimerFv                                                           I   (FlashBkpMitad.cpp.o)
stop__5TimerFv                                                           I   (ManejadorMemoria.cpp.o)
stop__5TimerFv                                                           I   (PromBkp.cpp.o)
