Units and locations in library 'D:\versionR51\microsdhacel\soft micros\Codigo\Librerias\OOC\ooc\lib_comp_cpp\ooc_si.lib'
Unit name                                                                                                                              size     from       to
D:\versionR51\microsdhacel\soft micros\Codigo\Librerias\OOC\ooc\ooc_hcs12_comp_cpp_Data\C_Ms_no_float\ObjectCode\Object.c.o           24125      147    24272
D:\versionR51\microsdhacel\soft micros\Codigo\Librerias\OOC\ooc\ooc_hcs12_comp_cpp_Data\C_Ms_no_float\ObjectCode\OutputStream.c.o     13629    24272    37901

EXPORTED OBJECTS
Class                                O   (D:\versionR51\microsdhacel\soft micros\Codigo\Librerias\OOC\ooc\ooc_hcs12_comp_cpp_Data\C_Ms_no_float\ObjectCode\Object.c.o)
Class                                I   (D:\versionR51\microsdhacel\soft micros\Codigo\Librerias\OOC\ooc\ooc_hcs12_comp_cpp_Data\C_Ms_no_float\ObjectCode\OutputStream.c.o)
Object                               O   (D:\versionR51\microsdhacel\soft micros\Codigo\Librerias\OOC\ooc\ooc_hcs12_comp_cpp_Data\C_Ms_no_float\ObjectCode\Object.c.o)
Object                               I   (D:\versionR51\microsdhacel\soft micros\Codigo\Librerias\OOC\ooc\ooc_hcs12_comp_cpp_Data\C_Ms_no_float\ObjectCode\OutputStream.c.o)
Object_ctor__FPvPPSc                 F   (D:\versionR51\microsdhacel\soft micros\Codigo\Librerias\OOC\ooc\ooc_hcs12_comp_cpp_Data\C_Ms_no_float\ObjectCode\Object.c.o)
Object_ctor__FPvPPSc                 I   (D:\versionR51\microsdhacel\soft micros\Codigo\Librerias\OOC\ooc\ooc_hcs12_comp_cpp_Data\C_Ms_no_float\ObjectCode\OutputStream.c.o)
Object_differ__FPCvT0                F   (D:\versionR51\microsdhacel\soft micros\Codigo\Librerias\OOC\ooc\ooc_hcs12_comp_cpp_Data\C_Ms_no_float\ObjectCode\Object.c.o)
Object_differ__FPCvT0                I   (D:\versionR51\microsdhacel\soft micros\Codigo\Librerias\OOC\ooc\ooc_hcs12_comp_cpp_Data\C_Ms_no_float\ObjectCode\OutputStream.c.o)
Object_dtor__FPv                     F   (D:\versionR51\microsdhacel\soft micros\Codigo\Librerias\OOC\ooc\ooc_hcs12_comp_cpp_Data\C_Ms_no_float\ObjectCode\Object.c.o)
Object_dtor__FPv                     I   (D:\versionR51\microsdhacel\soft micros\Codigo\Librerias\OOC\ooc\ooc_hcs12_comp_cpp_Data\C_Ms_no_float\ObjectCode\OutputStream.c.o)
Object_puto__FPCvP12OutputStream     F   (D:\versionR51\microsdhacel\soft micros\Codigo\Librerias\OOC\ooc\ooc_hcs12_comp_cpp_Data\C_Ms_no_float\ObjectCode\Object.c.o)
Object_puto__FPCvP12OutputStream     I   (D:\versionR51\microsdhacel\soft micros\Codigo\Librerias\OOC\ooc\ooc_hcs12_comp_cpp_Data\C_Ms_no_float\ObjectCode\OutputStream.c.o)
OutputStream                         O   (D:\versionR51\microsdhacel\soft micros\Codigo\Librerias\OOC\ooc\ooc_hcs12_comp_cpp_Data\C_Ms_no_float\ObjectCode\OutputStream.c.o)
OutputStreamClass                    O   (D:\versionR51\microsdhacel\soft micros\Codigo\Librerias\OOC\ooc\ooc_hcs12_comp_cpp_Data\C_Ms_no_float\ObjectCode\OutputStream.c.o)
OutputStream_close__FPv              F   (D:\versionR51\microsdhacel\soft micros\Codigo\Librerias\OOC\ooc\ooc_hcs12_comp_cpp_Data\C_Ms_no_float\ObjectCode\OutputStream.c.o)
OutputStream_flush__FPv              F   (D:\versionR51\microsdhacel\soft micros\Codigo\Librerias\OOC\ooc\ooc_hcs12_comp_cpp_Data\C_Ms_no_float\ObjectCode\OutputStream.c.o)
OutputStream_writeByte__FPvUc        F   (D:\versionR51\microsdhacel\soft micros\Codigo\Librerias\OOC\ooc\ooc_hcs12_comp_cpp_Data\C_Ms_no_float\ObjectCode\OutputStream.c.o)
OutputStream_write__FPvPCSc          F   (D:\versionR51\microsdhacel\soft micros\Codigo\Librerias\OOC\ooc\ooc_hcs12_comp_cpp_Data\C_Ms_no_float\ObjectCode\OutputStream.c.o)
_assert                              I   (D:\versionR51\microsdhacel\soft micros\Codigo\Librerias\OOC\ooc\ooc_hcs12_comp_cpp_Data\C_Ms_no_float\ObjectCode\Object.c.o)
_assert                              I   (D:\versionR51\microsdhacel\soft micros\Codigo\Librerias\OOC\ooc\ooc_hcs12_comp_cpp_Data\C_Ms_no_float\ObjectCode\OutputStream.c.o)
_delete__FPv                         F   (D:\versionR51\microsdhacel\soft micros\Codigo\Librerias\OOC\ooc\ooc_hcs12_comp_cpp_Data\C_Ms_no_float\ObjectCode\Object.c.o)
_new__FPCve                          F   (D:\versionR51\microsdhacel\soft micros\Codigo\Librerias\OOC\ooc\ooc_hcs12_comp_cpp_Data\C_Ms_no_float\ObjectCode\Object.c.o)
channels                             I   (D:\versionR51\microsdhacel\soft micros\Codigo\Librerias\OOC\ooc\ooc_hcs12_comp_cpp_Data\C_Ms_no_float\ObjectCode\Object.c.o)
classOf__FPCv                        F   (D:\versionR51\microsdhacel\soft micros\Codigo\Librerias\OOC\ooc\ooc_hcs12_comp_cpp_Data\C_Ms_no_float\ObjectCode\Object.c.o)
classOf__FPCv                        I   (D:\versionR51\microsdhacel\soft micros\Codigo\Librerias\OOC\ooc\ooc_hcs12_comp_cpp_Data\C_Ms_no_float\ObjectCode\OutputStream.c.o)
close__FPv                           F   (D:\versionR51\microsdhacel\soft micros\Codigo\Librerias\OOC\ooc\ooc_hcs12_comp_cpp_Data\C_Ms_no_float\ObjectCode\OutputStream.c.o)
ctor__FPvPPSc                        F   (D:\versionR51\microsdhacel\soft micros\Codigo\Librerias\OOC\ooc\ooc_hcs12_comp_cpp_Data\C_Ms_no_float\ObjectCode\Object.c.o)
deleteAlloced__FPv                   F   (D:\versionR51\microsdhacel\soft micros\Codigo\Librerias\OOC\ooc\ooc_hcs12_comp_cpp_Data\C_Ms_no_float\ObjectCode\Object.c.o)
deleteAndNil__FPPv                   F   (D:\versionR51\microsdhacel\soft micros\Codigo\Librerias\OOC\ooc\ooc_hcs12_comp_cpp_Data\C_Ms_no_float\ObjectCode\Object.c.o)
differ__FPCvT0                       F   (D:\versionR51\microsdhacel\soft micros\Codigo\Librerias\OOC\ooc\ooc_hcs12_comp_cpp_Data\C_Ms_no_float\ObjectCode\Object.c.o)
dtor__FPv                            F   (D:\versionR51\microsdhacel\soft micros\Codigo\Librerias\OOC\ooc\ooc_hcs12_comp_cpp_Data\C_Ms_no_float\ObjectCode\Object.c.o)
flush__FPv                           F   (D:\versionR51\microsdhacel\soft micros\Codigo\Librerias\OOC\ooc\ooc_hcs12_comp_cpp_Data\C_Ms_no_float\ObjectCode\OutputStream.c.o)
fprintf                              I   (D:\versionR51\microsdhacel\soft micros\Codigo\Librerias\OOC\ooc\ooc_hcs12_comp_cpp_Data\C_Ms_no_float\ObjectCode\Object.c.o)
free                                 I   (D:\versionR51\microsdhacel\soft micros\Codigo\Librerias\OOC\ooc\ooc_hcs12_comp_cpp_Data\C_Ms_no_float\ObjectCode\Object.c.o)
instanceOf__FPCvPC5Class             F   (D:\versionR51\microsdhacel\soft micros\Codigo\Librerias\OOC\ooc\ooc_hcs12_comp_cpp_Data\C_Ms_no_float\ObjectCode\Object.c.o)
malloc                               I   (D:\versionR51\microsdhacel\soft micros\Codigo\Librerias\OOC\ooc\ooc_hcs12_comp_cpp_Data\C_Ms_no_float\ObjectCode\Object.c.o)
memcpy                               I   (D:\versionR51\microsdhacel\soft micros\Codigo\Librerias\OOC\ooc\ooc_hcs12_comp_cpp_Data\C_Ms_no_float\ObjectCode\Object.c.o)
newAlloced__FPvPCve                  F   (D:\versionR51\microsdhacel\soft micros\Codigo\Librerias\OOC\ooc\ooc_hcs12_comp_cpp_Data\C_Ms_no_float\ObjectCode\Object.c.o)
printf                               I   (D:\versionR51\microsdhacel\soft micros\Codigo\Librerias\OOC\ooc\ooc_hcs12_comp_cpp_Data\C_Ms_no_float\ObjectCode\OutputStream.c.o)
puto__FPCvP12OutputStream            F   (D:\versionR51\microsdhacel\soft micros\Codigo\Librerias\OOC\ooc\ooc_hcs12_comp_cpp_Data\C_Ms_no_float\ObjectCode\Object.c.o)
sizeOf__FPCv                         F   (D:\versionR51\microsdhacel\soft micros\Codigo\Librerias\OOC\ooc\ooc_hcs12_comp_cpp_Data\C_Ms_no_float\ObjectCode\Object.c.o)
sprintf                              I   (D:\versionR51\microsdhacel\soft micros\Codigo\Librerias\OOC\ooc\ooc_hcs12_comp_cpp_Data\C_Ms_no_float\ObjectCode\Object.c.o)
super__FPCv                          F   (D:\versionR51\microsdhacel\soft micros\Codigo\Librerias\OOC\ooc\ooc_hcs12_comp_cpp_Data\C_Ms_no_float\ObjectCode\Object.c.o)
super_ctor__FPCvPvPPSc               F   (D:\versionR51\microsdhacel\soft micros\Codigo\Librerias\OOC\ooc\ooc_hcs12_comp_cpp_Data\C_Ms_no_float\ObjectCode\Object.c.o)
super_differ__FPCvN20                F   (D:\versionR51\microsdhacel\soft micros\Codigo\Librerias\OOC\ooc\ooc_hcs12_comp_cpp_Data\C_Ms_no_float\ObjectCode\Object.c.o)
super_dtor__FPCvPv                   F   (D:\versionR51\microsdhacel\soft micros\Codigo\Librerias\OOC\ooc\ooc_hcs12_comp_cpp_Data\C_Ms_no_float\ObjectCode\Object.c.o)
super_puto__FPCvT0P12OutputStream    F   (D:\versionR51\microsdhacel\soft micros\Codigo\Librerias\OOC\ooc\ooc_hcs12_comp_cpp_Data\C_Ms_no_float\ObjectCode\Object.c.o)
writeByte__FPvUc                     F   (D:\versionR51\microsdhacel\soft micros\Codigo\Librerias\OOC\ooc\ooc_hcs12_comp_cpp_Data\C_Ms_no_float\ObjectCode\OutputStream.c.o)
write__FPvPCSc                       I   (D:\versionR51\microsdhacel\soft micros\Codigo\Librerias\OOC\ooc\ooc_hcs12_comp_cpp_Data\C_Ms_no_float\ObjectCode\Object.c.o)
write__FPvPCSc                       F   (D:\versionR51\microsdhacel\soft micros\Codigo\Librerias\OOC\ooc\ooc_hcs12_comp_cpp_Data\C_Ms_no_float\ObjectCode\OutputStream.c.o)
