Units and locations in library 'D:\Jony\HCS12\Librerias\OOC\TestCase\lib\TestCase.lib'
Unit name                                                                                                 size     from       to
D:\Jony\HCS12\Librerias\OOC\TestCase\TestCase_Data\P&E_Multilink_CyclonePro\ObjectCode\TestCase.c.o      14253   145380   159633
D:\Jony\HCS12\Librerias\OOC\TestCase\TestCase_Data\P&E_Multilink_CyclonePro\ObjectCode\termio12.c.o       5392   201919   207311
D:\Jony\HCS12\Librerias\OOC\lang\reflect\reflect_Data\P&E_Multilink_CyclonePro\ObjectCode\Method.c.o      7760   159633   167393
D:\Jony\HCS12\Librerias\OOC\ooc\ooc_Data\P&E_Multilink_CyclonePro\ObjectCode\Object.c.o                  23401      116    23517
D:\Jony\HCS12\Librerias\OOC\ooc\ooc_Data\P&E_Multilink_CyclonePro\ObjectCode\Object.c.o                  23401    94619   118020
D:\Jony\HCS12\Librerias\OOC\ooc\ooc_Data\P&E_Multilink_CyclonePro\ObjectCode\Object.c.o                  23401   167393   190794
D:\Jony\HCS12\Librerias\OOC\ooc\ooc_Data\P&E_Multilink_CyclonePro\ObjectCode\OutputStream.c.o            11125    23517    34642
D:\Jony\HCS12\Librerias\OOC\ooc\ooc_Data\P&E_Multilink_CyclonePro\ObjectCode\OutputStream.c.o            11125   118020   129145
D:\Jony\HCS12\Librerias\OOC\ooc\ooc_Data\P&E_Multilink_CyclonePro\ObjectCode\OutputStream.c.o            11125   190794   201919
D:\Jony\HCS12\Librerias\OOC\util\util_Data\P&E_Multilink_CyclonePro\ObjectCode\Array.c.o                 10996   129145   140141
D:\Jony\HCS12\Librerias\OOC\util\util_Data\P&E_Multilink_CyclonePro\ObjectCode\ArrayList.c.o             14732    34642    49374
D:\Jony\HCS12\Librerias\OOC\util\util_Data\P&E_Multilink_CyclonePro\ObjectCode\Comparator.c.o             5239   140141   145380
D:\Jony\HCS12\Librerias\OOC\util\util_Data\P&E_Multilink_CyclonePro\ObjectCode\DobleList.c.o              9783    49374    59157
D:\Jony\HCS12\Librerias\OOC\util\util_Data\P&E_Multilink_CyclonePro\ObjectCode\LinkedList.c.o            19056    59157    78213
D:\Jony\HCS12\Librerias\OOC\util\util_Data\P&E_Multilink_CyclonePro\ObjectCode\NodoDoble.c.o              7729    86890    94619
D:\Jony\HCS12\Librerias\OOC\util\util_Data\P&E_Multilink_CyclonePro\ObjectCode\nodo.c.o                   8677    78213    86890

EXPORTED OBJECTS
Array                                O   (D:\Jony\HCS12\Librerias\OOC\util\util_Data\P&E_Multilink_CyclonePro\ObjectCode\Array.c.o)
ArrayList                            O   (D:\Jony\HCS12\Librerias\OOC\util\util_Data\P&E_Multilink_CyclonePro\ObjectCode\ArrayList.c.o)
ArrayList_Add                        F   (D:\Jony\HCS12\Librerias\OOC\util\util_Data\P&E_Multilink_CyclonePro\ObjectCode\ArrayList.c.o)
ArrayList_Constructor                F   (D:\Jony\HCS12\Librerias\OOC\util\util_Data\P&E_Multilink_CyclonePro\ObjectCode\ArrayList.c.o)
ArrayList_DefConstructor             F   (D:\Jony\HCS12\Librerias\OOC\util\util_Data\P&E_Multilink_CyclonePro\ObjectCode\ArrayList.c.o)
ArrayList_Destructor                 F   (D:\Jony\HCS12\Librerias\OOC\util\util_Data\P&E_Multilink_CyclonePro\ObjectCode\ArrayList.c.o)
ArrayList_Expand                     F   (D:\Jony\HCS12\Librerias\OOC\util\util_Data\P&E_Multilink_CyclonePro\ObjectCode\ArrayList.c.o)
ArrayList_OwnsObjects                F   (D:\Jony\HCS12\Librerias\OOC\util\util_Data\P&E_Multilink_CyclonePro\ObjectCode\ArrayList.c.o)
ArrayList_Put                        F   (D:\Jony\HCS12\Librerias\OOC\util\util_Data\P&E_Multilink_CyclonePro\ObjectCode\ArrayList.c.o)
ArrayList_count                      F   (D:\Jony\HCS12\Librerias\OOC\util\util_Data\P&E_Multilink_CyclonePro\ObjectCode\ArrayList.c.o)
ArrayList_delete                     F   (D:\Jony\HCS12\Librerias\OOC\util\util_Data\P&E_Multilink_CyclonePro\ObjectCode\ArrayList.c.o)
ArrayList_expandInit                 F   (D:\Jony\HCS12\Librerias\OOC\util\util_Data\P&E_Multilink_CyclonePro\ObjectCode\ArrayList.c.o)
ArrayList_get                        F   (D:\Jony\HCS12\Librerias\OOC\util\util_Data\P&E_Multilink_CyclonePro\ObjectCode\ArrayList.c.o)
ArrayList_isEmpty                    F   (D:\Jony\HCS12\Librerias\OOC\util\util_Data\P&E_Multilink_CyclonePro\ObjectCode\ArrayList.c.o)
ArrayList_search                     F   (D:\Jony\HCS12\Librerias\OOC\util\util_Data\P&E_Multilink_CyclonePro\ObjectCode\ArrayList.c.o)
Array_Constructor                    F   (D:\Jony\HCS12\Librerias\OOC\util\util_Data\P&E_Multilink_CyclonePro\ObjectCode\Array.c.o)
Array_count                          F   (D:\Jony\HCS12\Librerias\OOC\util\util_Data\P&E_Multilink_CyclonePro\ObjectCode\Array.c.o)
Array_defConstructor                 F   (D:\Jony\HCS12\Librerias\OOC\util\util_Data\P&E_Multilink_CyclonePro\ObjectCode\Array.c.o)
Array_destructor                     F   (D:\Jony\HCS12\Librerias\OOC\util\util_Data\P&E_Multilink_CyclonePro\ObjectCode\Array.c.o)
Array_get                            F   (D:\Jony\HCS12\Librerias\OOC\util\util_Data\P&E_Multilink_CyclonePro\ObjectCode\Array.c.o)
Array_isEmpty                        F   (D:\Jony\HCS12\Librerias\OOC\util\util_Data\P&E_Multilink_CyclonePro\ObjectCode\Array.c.o)
Array_ownsObjects                    F   (D:\Jony\HCS12\Librerias\OOC\util\util_Data\P&E_Multilink_CyclonePro\ObjectCode\Array.c.o)
Array_search                         F   (D:\Jony\HCS12\Librerias\OOC\util\util_Data\P&E_Multilink_CyclonePro\ObjectCode\Array.c.o)
Array_set                            F   (D:\Jony\HCS12\Librerias\OOC\util\util_Data\P&E_Multilink_CyclonePro\ObjectCode\Array.c.o)
Class                                I   (D:\Jony\HCS12\Librerias\OOC\TestCase\TestCase_Data\P&E_Multilink_CyclonePro\ObjectCode\TestCase.c.o)
Class                                I   (D:\Jony\HCS12\Librerias\OOC\lang\reflect\reflect_Data\P&E_Multilink_CyclonePro\ObjectCode\Method.c.o)
Class                                O   (D:\Jony\HCS12\Librerias\OOC\ooc\ooc_Data\P&E_Multilink_CyclonePro\ObjectCode\Object.c.o)
Class                                O   (D:\Jony\HCS12\Librerias\OOC\ooc\ooc_Data\P&E_Multilink_CyclonePro\ObjectCode\Object.c.o)
Class                                O   (D:\Jony\HCS12\Librerias\OOC\ooc\ooc_Data\P&E_Multilink_CyclonePro\ObjectCode\Object.c.o)
Class                                I   (D:\Jony\HCS12\Librerias\OOC\util\util_Data\P&E_Multilink_CyclonePro\ObjectCode\Array.c.o)
Class                                I   (D:\Jony\HCS12\Librerias\OOC\util\util_Data\P&E_Multilink_CyclonePro\ObjectCode\ArrayList.c.o)
Class                                I   (D:\Jony\HCS12\Librerias\OOC\util\util_Data\P&E_Multilink_CyclonePro\ObjectCode\DobleList.c.o)
Class                                I   (D:\Jony\HCS12\Librerias\OOC\util\util_Data\P&E_Multilink_CyclonePro\ObjectCode\LinkedList.c.o)
Class                                I   (D:\Jony\HCS12\Librerias\OOC\util\util_Data\P&E_Multilink_CyclonePro\ObjectCode\NodoDoble.c.o)
Class                                I   (D:\Jony\HCS12\Librerias\OOC\util\util_Data\P&E_Multilink_CyclonePro\ObjectCode\nodo.c.o)
Comparator                           O   (D:\Jony\HCS12\Librerias\OOC\util\util_Data\P&E_Multilink_CyclonePro\ObjectCode\Comparator.c.o)
ComparatorClass                      O   (D:\Jony\HCS12\Librerias\OOC\util\util_Data\P&E_Multilink_CyclonePro\ObjectCode\Comparator.c.o)
DobleList                            O   (D:\Jony\HCS12\Librerias\OOC\util\util_Data\P&E_Multilink_CyclonePro\ObjectCode\DobleList.c.o)
DobleList_Construct                  F   (D:\Jony\HCS12\Librerias\OOC\util\util_Data\P&E_Multilink_CyclonePro\ObjectCode\DobleList.c.o)
DobleList_DefConstruct               F   (D:\Jony\HCS12\Librerias\OOC\util\util_Data\P&E_Multilink_CyclonePro\ObjectCode\DobleList.c.o)
DobleList_DeleteNodo                 F   (D:\Jony\HCS12\Librerias\OOC\util\util_Data\P&E_Multilink_CyclonePro\ObjectCode\DobleList.c.o)
DobleList_Destruct                   F   (D:\Jony\HCS12\Librerias\OOC\util\util_Data\P&E_Multilink_CyclonePro\ObjectCode\DobleList.c.o)
DobleList_Differ                     F   (D:\Jony\HCS12\Librerias\OOC\util\util_Data\P&E_Multilink_CyclonePro\ObjectCode\DobleList.c.o)
DobleList_InsertFirst                F   (D:\Jony\HCS12\Librerias\OOC\util\util_Data\P&E_Multilink_CyclonePro\ObjectCode\DobleList.c.o)
DobleList_getDato                    F   (D:\Jony\HCS12\Librerias\OOC\util\util_Data\P&E_Multilink_CyclonePro\ObjectCode\DobleList.c.o)
LinkedList                           I   (D:\Jony\HCS12\Librerias\OOC\TestCase\TestCase_Data\P&E_Multilink_CyclonePro\ObjectCode\TestCase.c.o)
LinkedList                           O   (D:\Jony\HCS12\Librerias\OOC\util\util_Data\P&E_Multilink_CyclonePro\ObjectCode\LinkedList.c.o)
LinkedListIterator                   O   (D:\Jony\HCS12\Librerias\OOC\util\util_Data\P&E_Multilink_CyclonePro\ObjectCode\LinkedList.c.o)
LinkedListIterator_constructor       F   (D:\Jony\HCS12\Librerias\OOC\util\util_Data\P&E_Multilink_CyclonePro\ObjectCode\LinkedList.c.o)
LinkedListIterator_defConstructor    F   (D:\Jony\HCS12\Librerias\OOC\util\util_Data\P&E_Multilink_CyclonePro\ObjectCode\LinkedList.c.o)
LinkedListIterator_hasNext           F   (D:\Jony\HCS12\Librerias\OOC\util\util_Data\P&E_Multilink_CyclonePro\ObjectCode\LinkedList.c.o)
LinkedListIterator_next              F   (D:\Jony\HCS12\Librerias\OOC\util\util_Data\P&E_Multilink_CyclonePro\ObjectCode\LinkedList.c.o)
LinkedList_Aniadir                   F   (D:\Jony\HCS12\Librerias\OOC\util\util_Data\P&E_Multilink_CyclonePro\ObjectCode\LinkedList.c.o)
LinkedList_Cantidad                  F   (D:\Jony\HCS12\Librerias\OOC\util\util_Data\P&E_Multilink_CyclonePro\ObjectCode\LinkedList.c.o)
LinkedList_Construct                 F   (D:\Jony\HCS12\Librerias\OOC\util\util_Data\P&E_Multilink_CyclonePro\ObjectCode\LinkedList.c.o)
LinkedList_DefConstruct              F   (D:\Jony\HCS12\Librerias\OOC\util\util_Data\P&E_Multilink_CyclonePro\ObjectCode\LinkedList.c.o)
LinkedList_Destruct                  F   (D:\Jony\HCS12\Librerias\OOC\util\util_Data\P&E_Multilink_CyclonePro\ObjectCode\LinkedList.c.o)
LinkedList_Differ                    F   (D:\Jony\HCS12\Librerias\OOC\util\util_Data\P&E_Multilink_CyclonePro\ObjectCode\LinkedList.c.o)
LinkedList_Eliminar_Primero          F   (D:\Jony\HCS12\Librerias\OOC\util\util_Data\P&E_Multilink_CyclonePro\ObjectCode\LinkedList.c.o)
LinkedList_Vacia                     F   (D:\Jony\HCS12\Librerias\OOC\util\util_Data\P&E_Multilink_CyclonePro\ObjectCode\LinkedList.c.o)
LinkedList_Vaciar                    F   (D:\Jony\HCS12\Librerias\OOC\util\util_Data\P&E_Multilink_CyclonePro\ObjectCode\LinkedList.c.o)
LinkedList_add                       I   (D:\Jony\HCS12\Librerias\OOC\TestCase\TestCase_Data\P&E_Multilink_CyclonePro\ObjectCode\TestCase.c.o)
LinkedList_add                       F   (D:\Jony\HCS12\Librerias\OOC\util\util_Data\P&E_Multilink_CyclonePro\ObjectCode\LinkedList.c.o)
LinkedList_deleteNodo                F   (D:\Jony\HCS12\Librerias\OOC\util\util_Data\P&E_Multilink_CyclonePro\ObjectCode\LinkedList.c.o)
LinkedList_deleteReference           F   (D:\Jony\HCS12\Librerias\OOC\util\util_Data\P&E_Multilink_CyclonePro\ObjectCode\LinkedList.c.o)
LinkedList_get                       F   (D:\Jony\HCS12\Librerias\OOC\util\util_Data\P&E_Multilink_CyclonePro\ObjectCode\LinkedList.c.o)
LinkedList_iterator                  I   (D:\Jony\HCS12\Librerias\OOC\TestCase\TestCase_Data\P&E_Multilink_CyclonePro\ObjectCode\TestCase.c.o)
LinkedList_iterator                  F   (D:\Jony\HCS12\Librerias\OOC\util\util_Data\P&E_Multilink_CyclonePro\ObjectCode\LinkedList.c.o)
LinkedList_linkedListIterator        F   (D:\Jony\HCS12\Librerias\OOC\util\util_Data\P&E_Multilink_CyclonePro\ObjectCode\LinkedList.c.o)
Method                               I   (D:\Jony\HCS12\Librerias\OOC\TestCase\TestCase_Data\P&E_Multilink_CyclonePro\ObjectCode\TestCase.c.o)
Method                               O   (D:\Jony\HCS12\Librerias\OOC\lang\reflect\reflect_Data\P&E_Multilink_CyclonePro\ObjectCode\Method.c.o)
Method_constructor                   F   (D:\Jony\HCS12\Librerias\OOC\lang\reflect\reflect_Data\P&E_Multilink_CyclonePro\ObjectCode\Method.c.o)
Method_defConstructor                F   (D:\Jony\HCS12\Librerias\OOC\lang\reflect\reflect_Data\P&E_Multilink_CyclonePro\ObjectCode\Method.c.o)
Method_execute                       F   (D:\Jony\HCS12\Librerias\OOC\lang\reflect\reflect_Data\P&E_Multilink_CyclonePro\ObjectCode\Method.c.o)
Method_getMethod                     I   (D:\Jony\HCS12\Librerias\OOC\TestCase\TestCase_Data\P&E_Multilink_CyclonePro\ObjectCode\TestCase.c.o)
Method_getMethod                     F   (D:\Jony\HCS12\Librerias\OOC\lang\reflect\reflect_Data\P&E_Multilink_CyclonePro\ObjectCode\Method.c.o)
Method_getObj                        I   (D:\Jony\HCS12\Librerias\OOC\TestCase\TestCase_Data\P&E_Multilink_CyclonePro\ObjectCode\TestCase.c.o)
Method_getObj                        F   (D:\Jony\HCS12\Librerias\OOC\lang\reflect\reflect_Data\P&E_Multilink_CyclonePro\ObjectCode\Method.c.o)
Nodo                                 I   (D:\Jony\HCS12\Librerias\OOC\util\util_Data\P&E_Multilink_CyclonePro\ObjectCode\LinkedList.c.o)
Nodo                                 O   (D:\Jony\HCS12\Librerias\OOC\util\util_Data\P&E_Multilink_CyclonePro\ObjectCode\nodo.c.o)
NodoDbl                              I   (D:\Jony\HCS12\Librerias\OOC\util\util_Data\P&E_Multilink_CyclonePro\ObjectCode\DobleList.c.o)
NodoDbl                              O   (D:\Jony\HCS12\Librerias\OOC\util\util_Data\P&E_Multilink_CyclonePro\ObjectCode\NodoDoble.c.o)
NodoDbl_Constructor                  F   (D:\Jony\HCS12\Librerias\OOC\util\util_Data\P&E_Multilink_CyclonePro\ObjectCode\NodoDoble.c.o)
NodoDbl_DefConstructor               F   (D:\Jony\HCS12\Librerias\OOC\util\util_Data\P&E_Multilink_CyclonePro\ObjectCode\NodoDoble.c.o)
Nodo_Constructor                     I   (D:\Jony\HCS12\Librerias\OOC\util\util_Data\P&E_Multilink_CyclonePro\ObjectCode\NodoDoble.c.o)
Nodo_Constructor                     F   (D:\Jony\HCS12\Librerias\OOC\util\util_Data\P&E_Multilink_CyclonePro\ObjectCode\nodo.c.o)
Nodo_DefConstructor                  F   (D:\Jony\HCS12\Librerias\OOC\util\util_Data\P&E_Multilink_CyclonePro\ObjectCode\nodo.c.o)
Nodo_differ                          F   (D:\Jony\HCS12\Librerias\OOC\util\util_Data\P&E_Multilink_CyclonePro\ObjectCode\nodo.c.o)
Nodo_getDato                         I   (D:\Jony\HCS12\Librerias\OOC\util\util_Data\P&E_Multilink_CyclonePro\ObjectCode\LinkedList.c.o)
Nodo_getDato                         F   (D:\Jony\HCS12\Librerias\OOC\util\util_Data\P&E_Multilink_CyclonePro\ObjectCode\nodo.c.o)
Nodo_getNext                         I   (D:\Jony\HCS12\Librerias\OOC\util\util_Data\P&E_Multilink_CyclonePro\ObjectCode\LinkedList.c.o)
Nodo_getNext                         F   (D:\Jony\HCS12\Librerias\OOC\util\util_Data\P&E_Multilink_CyclonePro\ObjectCode\nodo.c.o)
Nodo_getPrev                         F   (D:\Jony\HCS12\Librerias\OOC\util\util_Data\P&E_Multilink_CyclonePro\ObjectCode\NodoDoble.c.o)
Nodo_setDato                         F   (D:\Jony\HCS12\Librerias\OOC\util\util_Data\P&E_Multilink_CyclonePro\ObjectCode\nodo.c.o)
Nodo_setNext                         I   (D:\Jony\HCS12\Librerias\OOC\util\util_Data\P&E_Multilink_CyclonePro\ObjectCode\LinkedList.c.o)
Nodo_setNext                         F   (D:\Jony\HCS12\Librerias\OOC\util\util_Data\P&E_Multilink_CyclonePro\ObjectCode\nodo.c.o)
Object                               I   (D:\Jony\HCS12\Librerias\OOC\TestCase\TestCase_Data\P&E_Multilink_CyclonePro\ObjectCode\TestCase.c.o)
Object                               I   (D:\Jony\HCS12\Librerias\OOC\lang\reflect\reflect_Data\P&E_Multilink_CyclonePro\ObjectCode\Method.c.o)
Object                               O   (D:\Jony\HCS12\Librerias\OOC\ooc\ooc_Data\P&E_Multilink_CyclonePro\ObjectCode\Object.c.o)
Object                               O   (D:\Jony\HCS12\Librerias\OOC\ooc\ooc_Data\P&E_Multilink_CyclonePro\ObjectCode\Object.c.o)
Object                               O   (D:\Jony\HCS12\Librerias\OOC\ooc\ooc_Data\P&E_Multilink_CyclonePro\ObjectCode\Object.c.o)
Object                               I   (D:\Jony\HCS12\Librerias\OOC\ooc\ooc_Data\P&E_Multilink_CyclonePro\ObjectCode\OutputStream.c.o)
Object                               I   (D:\Jony\HCS12\Librerias\OOC\ooc\ooc_Data\P&E_Multilink_CyclonePro\ObjectCode\OutputStream.c.o)
Object                               I   (D:\Jony\HCS12\Librerias\OOC\ooc\ooc_Data\P&E_Multilink_CyclonePro\ObjectCode\OutputStream.c.o)
Object                               I   (D:\Jony\HCS12\Librerias\OOC\util\util_Data\P&E_Multilink_CyclonePro\ObjectCode\Array.c.o)
Object                               I   (D:\Jony\HCS12\Librerias\OOC\util\util_Data\P&E_Multilink_CyclonePro\ObjectCode\ArrayList.c.o)
Object                               I   (D:\Jony\HCS12\Librerias\OOC\util\util_Data\P&E_Multilink_CyclonePro\ObjectCode\Comparator.c.o)
Object                               I   (D:\Jony\HCS12\Librerias\OOC\util\util_Data\P&E_Multilink_CyclonePro\ObjectCode\DobleList.c.o)
Object                               I   (D:\Jony\HCS12\Librerias\OOC\util\util_Data\P&E_Multilink_CyclonePro\ObjectCode\LinkedList.c.o)
Object                               I   (D:\Jony\HCS12\Librerias\OOC\util\util_Data\P&E_Multilink_CyclonePro\ObjectCode\NodoDoble.c.o)
Object                               I   (D:\Jony\HCS12\Librerias\OOC\util\util_Data\P&E_Multilink_CyclonePro\ObjectCode\nodo.c.o)
Object_ctor                          F   (D:\Jony\HCS12\Librerias\OOC\ooc\ooc_Data\P&E_Multilink_CyclonePro\ObjectCode\Object.c.o)
Object_ctor                          F   (D:\Jony\HCS12\Librerias\OOC\ooc\ooc_Data\P&E_Multilink_CyclonePro\ObjectCode\Object.c.o)
Object_ctor                          F   (D:\Jony\HCS12\Librerias\OOC\ooc\ooc_Data\P&E_Multilink_CyclonePro\ObjectCode\Object.c.o)
Object_ctor                          I   (D:\Jony\HCS12\Librerias\OOC\ooc\ooc_Data\P&E_Multilink_CyclonePro\ObjectCode\OutputStream.c.o)
Object_ctor                          I   (D:\Jony\HCS12\Librerias\OOC\ooc\ooc_Data\P&E_Multilink_CyclonePro\ObjectCode\OutputStream.c.o)
Object_ctor                          I   (D:\Jony\HCS12\Librerias\OOC\ooc\ooc_Data\P&E_Multilink_CyclonePro\ObjectCode\OutputStream.c.o)
Object_differ                        F   (D:\Jony\HCS12\Librerias\OOC\ooc\ooc_Data\P&E_Multilink_CyclonePro\ObjectCode\Object.c.o)
Object_differ                        F   (D:\Jony\HCS12\Librerias\OOC\ooc\ooc_Data\P&E_Multilink_CyclonePro\ObjectCode\Object.c.o)
Object_differ                        F   (D:\Jony\HCS12\Librerias\OOC\ooc\ooc_Data\P&E_Multilink_CyclonePro\ObjectCode\Object.c.o)
Object_differ                        I   (D:\Jony\HCS12\Librerias\OOC\ooc\ooc_Data\P&E_Multilink_CyclonePro\ObjectCode\OutputStream.c.o)
Object_differ                        I   (D:\Jony\HCS12\Librerias\OOC\ooc\ooc_Data\P&E_Multilink_CyclonePro\ObjectCode\OutputStream.c.o)
Object_differ                        I   (D:\Jony\HCS12\Librerias\OOC\ooc\ooc_Data\P&E_Multilink_CyclonePro\ObjectCode\OutputStream.c.o)
Object_dtor                          F   (D:\Jony\HCS12\Librerias\OOC\ooc\ooc_Data\P&E_Multilink_CyclonePro\ObjectCode\Object.c.o)
Object_dtor                          F   (D:\Jony\HCS12\Librerias\OOC\ooc\ooc_Data\P&E_Multilink_CyclonePro\ObjectCode\Object.c.o)
Object_dtor                          F   (D:\Jony\HCS12\Librerias\OOC\ooc\ooc_Data\P&E_Multilink_CyclonePro\ObjectCode\Object.c.o)
Object_dtor                          I   (D:\Jony\HCS12\Librerias\OOC\ooc\ooc_Data\P&E_Multilink_CyclonePro\ObjectCode\OutputStream.c.o)
Object_dtor                          I   (D:\Jony\HCS12\Librerias\OOC\ooc\ooc_Data\P&E_Multilink_CyclonePro\ObjectCode\OutputStream.c.o)
Object_dtor                          I   (D:\Jony\HCS12\Librerias\OOC\ooc\ooc_Data\P&E_Multilink_CyclonePro\ObjectCode\OutputStream.c.o)
Object_puto                          F   (D:\Jony\HCS12\Librerias\OOC\ooc\ooc_Data\P&E_Multilink_CyclonePro\ObjectCode\Object.c.o)
Object_puto                          F   (D:\Jony\HCS12\Librerias\OOC\ooc\ooc_Data\P&E_Multilink_CyclonePro\ObjectCode\Object.c.o)
Object_puto                          F   (D:\Jony\HCS12\Librerias\OOC\ooc\ooc_Data\P&E_Multilink_CyclonePro\ObjectCode\Object.c.o)
Object_puto                          I   (D:\Jony\HCS12\Librerias\OOC\ooc\ooc_Data\P&E_Multilink_CyclonePro\ObjectCode\OutputStream.c.o)
Object_puto                          I   (D:\Jony\HCS12\Librerias\OOC\ooc\ooc_Data\P&E_Multilink_CyclonePro\ObjectCode\OutputStream.c.o)
Object_puto                          I   (D:\Jony\HCS12\Librerias\OOC\ooc\ooc_Data\P&E_Multilink_CyclonePro\ObjectCode\OutputStream.c.o)
OutputStream                         O   (D:\Jony\HCS12\Librerias\OOC\ooc\ooc_Data\P&E_Multilink_CyclonePro\ObjectCode\OutputStream.c.o)
OutputStream                         O   (D:\Jony\HCS12\Librerias\OOC\ooc\ooc_Data\P&E_Multilink_CyclonePro\ObjectCode\OutputStream.c.o)
OutputStream                         O   (D:\Jony\HCS12\Librerias\OOC\ooc\ooc_Data\P&E_Multilink_CyclonePro\ObjectCode\OutputStream.c.o)
OutputStreamClass                    O   (D:\Jony\HCS12\Librerias\OOC\ooc\ooc_Data\P&E_Multilink_CyclonePro\ObjectCode\OutputStream.c.o)
OutputStreamClass                    O   (D:\Jony\HCS12\Librerias\OOC\ooc\ooc_Data\P&E_Multilink_CyclonePro\ObjectCode\OutputStream.c.o)
OutputStreamClass                    O   (D:\Jony\HCS12\Librerias\OOC\ooc\ooc_Data\P&E_Multilink_CyclonePro\ObjectCode\OutputStream.c.o)
OutputStream_close                   F   (D:\Jony\HCS12\Librerias\OOC\ooc\ooc_Data\P&E_Multilink_CyclonePro\ObjectCode\OutputStream.c.o)
OutputStream_close                   F   (D:\Jony\HCS12\Librerias\OOC\ooc\ooc_Data\P&E_Multilink_CyclonePro\ObjectCode\OutputStream.c.o)
OutputStream_close                   F   (D:\Jony\HCS12\Librerias\OOC\ooc\ooc_Data\P&E_Multilink_CyclonePro\ObjectCode\OutputStream.c.o)
OutputStream_flush                   F   (D:\Jony\HCS12\Librerias\OOC\ooc\ooc_Data\P&E_Multilink_CyclonePro\ObjectCode\OutputStream.c.o)
OutputStream_flush                   F   (D:\Jony\HCS12\Librerias\OOC\ooc\ooc_Data\P&E_Multilink_CyclonePro\ObjectCode\OutputStream.c.o)
OutputStream_flush                   F   (D:\Jony\HCS12\Librerias\OOC\ooc\ooc_Data\P&E_Multilink_CyclonePro\ObjectCode\OutputStream.c.o)
OutputStream_write                   F   (D:\Jony\HCS12\Librerias\OOC\ooc\ooc_Data\P&E_Multilink_CyclonePro\ObjectCode\OutputStream.c.o)
OutputStream_write                   F   (D:\Jony\HCS12\Librerias\OOC\ooc\ooc_Data\P&E_Multilink_CyclonePro\ObjectCode\OutputStream.c.o)
OutputStream_write                   F   (D:\Jony\HCS12\Librerias\OOC\ooc\ooc_Data\P&E_Multilink_CyclonePro\ObjectCode\OutputStream.c.o)
OutputStream_writeByte               F   (D:\Jony\HCS12\Librerias\OOC\ooc\ooc_Data\P&E_Multilink_CyclonePro\ObjectCode\OutputStream.c.o)
OutputStream_writeByte               F   (D:\Jony\HCS12\Librerias\OOC\ooc\ooc_Data\P&E_Multilink_CyclonePro\ObjectCode\OutputStream.c.o)
OutputStream_writeByte               F   (D:\Jony\HCS12\Librerias\OOC\ooc\ooc_Data\P&E_Multilink_CyclonePro\ObjectCode\OutputStream.c.o)
TERMIO_GetBusyChar                   F   (D:\Jony\HCS12\Librerias\OOC\TestCase\TestCase_Data\P&E_Multilink_CyclonePro\ObjectCode\termio12.c.o)
TERMIO_GetChar                       F   (D:\Jony\HCS12\Librerias\OOC\TestCase\TestCase_Data\P&E_Multilink_CyclonePro\ObjectCode\termio12.c.o)
TERMIO_Init                          I   (D:\Jony\HCS12\Librerias\OOC\TestCase\TestCase_Data\P&E_Multilink_CyclonePro\ObjectCode\TestCase.c.o)
TERMIO_Init                          F   (D:\Jony\HCS12\Librerias\OOC\TestCase\TestCase_Data\P&E_Multilink_CyclonePro\ObjectCode\termio12.c.o)
TERMIO_PutChar                       F   (D:\Jony\HCS12\Librerias\OOC\TestCase\TestCase_Data\P&E_Multilink_CyclonePro\ObjectCode\termio12.c.o)
TERM_WriteLn                         I   (D:\Jony\HCS12\Librerias\OOC\TestCase\TestCase_Data\P&E_Multilink_CyclonePro\ObjectCode\TestCase.c.o)
TERM_WriteString                     I   (D:\Jony\HCS12\Librerias\OOC\TestCase\TestCase_Data\P&E_Multilink_CyclonePro\ObjectCode\TestCase.c.o)
TestCase                             O   (D:\Jony\HCS12\Librerias\OOC\TestCase\TestCase_Data\P&E_Multilink_CyclonePro\ObjectCode\TestCase.c.o)
TestCaseClass                        O   (D:\Jony\HCS12\Librerias\OOC\TestCase\TestCase_Data\P&E_Multilink_CyclonePro\ObjectCode\TestCase.c.o)
TestCase_addTest                     F   (D:\Jony\HCS12\Librerias\OOC\TestCase\TestCase_Data\P&E_Multilink_CyclonePro\ObjectCode\TestCase.c.o)
TestCase_constructor                 F   (D:\Jony\HCS12\Librerias\OOC\TestCase\TestCase_Data\P&E_Multilink_CyclonePro\ObjectCode\TestCase.c.o)
TestCase_destructor                  F   (D:\Jony\HCS12\Librerias\OOC\TestCase\TestCase_Data\P&E_Multilink_CyclonePro\ObjectCode\TestCase.c.o)
TestCase_runTest                     F   (D:\Jony\HCS12\Librerias\OOC\TestCase\TestCase_Data\P&E_Multilink_CyclonePro\ObjectCode\TestCase.c.o)
TestMethod                           O   (D:\Jony\HCS12\Librerias\OOC\TestCase\TestCase_Data\P&E_Multilink_CyclonePro\ObjectCode\TestCase.c.o)
TestMethod_constructor               F   (D:\Jony\HCS12\Librerias\OOC\TestCase\TestCase_Data\P&E_Multilink_CyclonePro\ObjectCode\TestCase.c.o)
TestMethod_execute                   F   (D:\Jony\HCS12\Librerias\OOC\TestCase\TestCase_Data\P&E_Multilink_CyclonePro\ObjectCode\TestCase.c.o)
_assert                              I   (D:\Jony\HCS12\Librerias\OOC\ooc\ooc_Data\P&E_Multilink_CyclonePro\ObjectCode\Object.c.o)
_assert                              I   (D:\Jony\HCS12\Librerias\OOC\ooc\ooc_Data\P&E_Multilink_CyclonePro\ObjectCode\Object.c.o)
_assert                              I   (D:\Jony\HCS12\Librerias\OOC\ooc\ooc_Data\P&E_Multilink_CyclonePro\ObjectCode\Object.c.o)
_assert                              I   (D:\Jony\HCS12\Librerias\OOC\ooc\ooc_Data\P&E_Multilink_CyclonePro\ObjectCode\OutputStream.c.o)
_assert                              I   (D:\Jony\HCS12\Librerias\OOC\ooc\ooc_Data\P&E_Multilink_CyclonePro\ObjectCode\OutputStream.c.o)
_assert                              I   (D:\Jony\HCS12\Librerias\OOC\ooc\ooc_Data\P&E_Multilink_CyclonePro\ObjectCode\OutputStream.c.o)
_assert                              I   (D:\Jony\HCS12\Librerias\OOC\util\util_Data\P&E_Multilink_CyclonePro\ObjectCode\ArrayList.c.o)
calloc                               I   (D:\Jony\HCS12\Librerias\OOC\util\util_Data\P&E_Multilink_CyclonePro\ObjectCode\Array.c.o)
channels                             I   (D:\Jony\HCS12\Librerias\OOC\ooc\ooc_Data\P&E_Multilink_CyclonePro\ObjectCode\Object.c.o)
channels                             I   (D:\Jony\HCS12\Librerias\OOC\ooc\ooc_Data\P&E_Multilink_CyclonePro\ObjectCode\Object.c.o)
channels                             I   (D:\Jony\HCS12\Librerias\OOC\ooc\ooc_Data\P&E_Multilink_CyclonePro\ObjectCode\Object.c.o)
classOf                              F   (D:\Jony\HCS12\Librerias\OOC\ooc\ooc_Data\P&E_Multilink_CyclonePro\ObjectCode\Object.c.o)
classOf                              F   (D:\Jony\HCS12\Librerias\OOC\ooc\ooc_Data\P&E_Multilink_CyclonePro\ObjectCode\Object.c.o)
classOf                              F   (D:\Jony\HCS12\Librerias\OOC\ooc\ooc_Data\P&E_Multilink_CyclonePro\ObjectCode\Object.c.o)
classOf                              I   (D:\Jony\HCS12\Librerias\OOC\ooc\ooc_Data\P&E_Multilink_CyclonePro\ObjectCode\OutputStream.c.o)
classOf                              I   (D:\Jony\HCS12\Librerias\OOC\ooc\ooc_Data\P&E_Multilink_CyclonePro\ObjectCode\OutputStream.c.o)
classOf                              I   (D:\Jony\HCS12\Librerias\OOC\ooc\ooc_Data\P&E_Multilink_CyclonePro\ObjectCode\OutputStream.c.o)
close                                F   (D:\Jony\HCS12\Librerias\OOC\ooc\ooc_Data\P&E_Multilink_CyclonePro\ObjectCode\OutputStream.c.o)
close                                F   (D:\Jony\HCS12\Librerias\OOC\ooc\ooc_Data\P&E_Multilink_CyclonePro\ObjectCode\OutputStream.c.o)
close                                F   (D:\Jony\HCS12\Librerias\OOC\ooc\ooc_Data\P&E_Multilink_CyclonePro\ObjectCode\OutputStream.c.o)
ctor                                 F   (D:\Jony\HCS12\Librerias\OOC\ooc\ooc_Data\P&E_Multilink_CyclonePro\ObjectCode\Object.c.o)
ctor                                 F   (D:\Jony\HCS12\Librerias\OOC\ooc\ooc_Data\P&E_Multilink_CyclonePro\ObjectCode\Object.c.o)
ctor                                 F   (D:\Jony\HCS12\Librerias\OOC\ooc\ooc_Data\P&E_Multilink_CyclonePro\ObjectCode\Object.c.o)
delete                               I   (D:\Jony\HCS12\Librerias\OOC\TestCase\TestCase_Data\P&E_Multilink_CyclonePro\ObjectCode\TestCase.c.o)
delete                               F   (D:\Jony\HCS12\Librerias\OOC\ooc\ooc_Data\P&E_Multilink_CyclonePro\ObjectCode\Object.c.o)
delete                               F   (D:\Jony\HCS12\Librerias\OOC\ooc\ooc_Data\P&E_Multilink_CyclonePro\ObjectCode\Object.c.o)
delete                               F   (D:\Jony\HCS12\Librerias\OOC\ooc\ooc_Data\P&E_Multilink_CyclonePro\ObjectCode\Object.c.o)
deleteAlloced                        I   (D:\Jony\HCS12\Librerias\OOC\TestCase\TestCase_Data\P&E_Multilink_CyclonePro\ObjectCode\TestCase.c.o)
deleteAlloced                        F   (D:\Jony\HCS12\Librerias\OOC\ooc\ooc_Data\P&E_Multilink_CyclonePro\ObjectCode\Object.c.o)
deleteAlloced                        F   (D:\Jony\HCS12\Librerias\OOC\ooc\ooc_Data\P&E_Multilink_CyclonePro\ObjectCode\Object.c.o)
deleteAlloced                        F   (D:\Jony\HCS12\Librerias\OOC\ooc\ooc_Data\P&E_Multilink_CyclonePro\ObjectCode\Object.c.o)
deleteAndNil                         F   (D:\Jony\HCS12\Librerias\OOC\ooc\ooc_Data\P&E_Multilink_CyclonePro\ObjectCode\Object.c.o)
deleteAndNil                         F   (D:\Jony\HCS12\Librerias\OOC\ooc\ooc_Data\P&E_Multilink_CyclonePro\ObjectCode\Object.c.o)
deleteAndNil                         F   (D:\Jony\HCS12\Librerias\OOC\ooc\ooc_Data\P&E_Multilink_CyclonePro\ObjectCode\Object.c.o)
deleteAndNil                         I   (D:\Jony\HCS12\Librerias\OOC\util\util_Data\P&E_Multilink_CyclonePro\ObjectCode\Array.c.o)
deleteAndNil                         I   (D:\Jony\HCS12\Librerias\OOC\util\util_Data\P&E_Multilink_CyclonePro\ObjectCode\ArrayList.c.o)
deleteAndNil                         I   (D:\Jony\HCS12\Librerias\OOC\util\util_Data\P&E_Multilink_CyclonePro\ObjectCode\DobleList.c.o)
deleteAndNil                         I   (D:\Jony\HCS12\Librerias\OOC\util\util_Data\P&E_Multilink_CyclonePro\ObjectCode\LinkedList.c.o)
differ                               F   (D:\Jony\HCS12\Librerias\OOC\ooc\ooc_Data\P&E_Multilink_CyclonePro\ObjectCode\Object.c.o)
differ                               F   (D:\Jony\HCS12\Librerias\OOC\ooc\ooc_Data\P&E_Multilink_CyclonePro\ObjectCode\Object.c.o)
differ                               F   (D:\Jony\HCS12\Librerias\OOC\ooc\ooc_Data\P&E_Multilink_CyclonePro\ObjectCode\Object.c.o)
dtor                                 F   (D:\Jony\HCS12\Librerias\OOC\ooc\ooc_Data\P&E_Multilink_CyclonePro\ObjectCode\Object.c.o)
dtor                                 F   (D:\Jony\HCS12\Librerias\OOC\ooc\ooc_Data\P&E_Multilink_CyclonePro\ObjectCode\Object.c.o)
dtor                                 F   (D:\Jony\HCS12\Librerias\OOC\ooc\ooc_Data\P&E_Multilink_CyclonePro\ObjectCode\Object.c.o)
flush                                F   (D:\Jony\HCS12\Librerias\OOC\ooc\ooc_Data\P&E_Multilink_CyclonePro\ObjectCode\OutputStream.c.o)
flush                                F   (D:\Jony\HCS12\Librerias\OOC\ooc\ooc_Data\P&E_Multilink_CyclonePro\ObjectCode\OutputStream.c.o)
flush                                F   (D:\Jony\HCS12\Librerias\OOC\ooc\ooc_Data\P&E_Multilink_CyclonePro\ObjectCode\OutputStream.c.o)
fprintf                              I   (D:\Jony\HCS12\Librerias\OOC\ooc\ooc_Data\P&E_Multilink_CyclonePro\ObjectCode\Object.c.o)
fprintf                              I   (D:\Jony\HCS12\Librerias\OOC\ooc\ooc_Data\P&E_Multilink_CyclonePro\ObjectCode\Object.c.o)
fprintf                              I   (D:\Jony\HCS12\Librerias\OOC\ooc\ooc_Data\P&E_Multilink_CyclonePro\ObjectCode\Object.c.o)
free                                 I   (D:\Jony\HCS12\Librerias\OOC\ooc\ooc_Data\P&E_Multilink_CyclonePro\ObjectCode\Object.c.o)
free                                 I   (D:\Jony\HCS12\Librerias\OOC\ooc\ooc_Data\P&E_Multilink_CyclonePro\ObjectCode\Object.c.o)
free                                 I   (D:\Jony\HCS12\Librerias\OOC\ooc\ooc_Data\P&E_Multilink_CyclonePro\ObjectCode\Object.c.o)
free                                 I   (D:\Jony\HCS12\Librerias\OOC\util\util_Data\P&E_Multilink_CyclonePro\ObjectCode\Array.c.o)
free                                 I   (D:\Jony\HCS12\Librerias\OOC\util\util_Data\P&E_Multilink_CyclonePro\ObjectCode\ArrayList.c.o)
instanceOf                           F   (D:\Jony\HCS12\Librerias\OOC\ooc\ooc_Data\P&E_Multilink_CyclonePro\ObjectCode\Object.c.o)
instanceOf                           F   (D:\Jony\HCS12\Librerias\OOC\ooc\ooc_Data\P&E_Multilink_CyclonePro\ObjectCode\Object.c.o)
instanceOf                           F   (D:\Jony\HCS12\Librerias\OOC\ooc\ooc_Data\P&E_Multilink_CyclonePro\ObjectCode\Object.c.o)
malloc                               I   (D:\Jony\HCS12\Librerias\OOC\ooc\ooc_Data\P&E_Multilink_CyclonePro\ObjectCode\Object.c.o)
malloc                               I   (D:\Jony\HCS12\Librerias\OOC\ooc\ooc_Data\P&E_Multilink_CyclonePro\ObjectCode\Object.c.o)
malloc                               I   (D:\Jony\HCS12\Librerias\OOC\ooc\ooc_Data\P&E_Multilink_CyclonePro\ObjectCode\Object.c.o)
malloc                               I   (D:\Jony\HCS12\Librerias\OOC\util\util_Data\P&E_Multilink_CyclonePro\ObjectCode\ArrayList.c.o)
memcpy                               I   (D:\Jony\HCS12\Librerias\OOC\ooc\ooc_Data\P&E_Multilink_CyclonePro\ObjectCode\Object.c.o)
memcpy                               I   (D:\Jony\HCS12\Librerias\OOC\ooc\ooc_Data\P&E_Multilink_CyclonePro\ObjectCode\Object.c.o)
memcpy                               I   (D:\Jony\HCS12\Librerias\OOC\ooc\ooc_Data\P&E_Multilink_CyclonePro\ObjectCode\Object.c.o)
new                                  I   (D:\Jony\HCS12\Librerias\OOC\TestCase\TestCase_Data\P&E_Multilink_CyclonePro\ObjectCode\TestCase.c.o)
new                                  F   (D:\Jony\HCS12\Librerias\OOC\ooc\ooc_Data\P&E_Multilink_CyclonePro\ObjectCode\Object.c.o)
new                                  F   (D:\Jony\HCS12\Librerias\OOC\ooc\ooc_Data\P&E_Multilink_CyclonePro\ObjectCode\Object.c.o)
new                                  F   (D:\Jony\HCS12\Librerias\OOC\ooc\ooc_Data\P&E_Multilink_CyclonePro\ObjectCode\Object.c.o)
new                                  I   (D:\Jony\HCS12\Librerias\OOC\util\util_Data\P&E_Multilink_CyclonePro\ObjectCode\DobleList.c.o)
new                                  I   (D:\Jony\HCS12\Librerias\OOC\util\util_Data\P&E_Multilink_CyclonePro\ObjectCode\LinkedList.c.o)
newAlloced                           I   (D:\Jony\HCS12\Librerias\OOC\TestCase\TestCase_Data\P&E_Multilink_CyclonePro\ObjectCode\TestCase.c.o)
newAlloced                           F   (D:\Jony\HCS12\Librerias\OOC\ooc\ooc_Data\P&E_Multilink_CyclonePro\ObjectCode\Object.c.o)
newAlloced                           F   (D:\Jony\HCS12\Librerias\OOC\ooc\ooc_Data\P&E_Multilink_CyclonePro\ObjectCode\Object.c.o)
newAlloced                           F   (D:\Jony\HCS12\Librerias\OOC\ooc\ooc_Data\P&E_Multilink_CyclonePro\ObjectCode\Object.c.o)
newAlloced                           I   (D:\Jony\HCS12\Librerias\OOC\util\util_Data\P&E_Multilink_CyclonePro\ObjectCode\LinkedList.c.o)
printf                               I   (D:\Jony\HCS12\Librerias\OOC\TestCase\TestCase_Data\P&E_Multilink_CyclonePro\ObjectCode\TestCase.c.o)
printf                               I   (D:\Jony\HCS12\Librerias\OOC\ooc\ooc_Data\P&E_Multilink_CyclonePro\ObjectCode\OutputStream.c.o)
printf                               I   (D:\Jony\HCS12\Librerias\OOC\ooc\ooc_Data\P&E_Multilink_CyclonePro\ObjectCode\OutputStream.c.o)
printf                               I   (D:\Jony\HCS12\Librerias\OOC\ooc\ooc_Data\P&E_Multilink_CyclonePro\ObjectCode\OutputStream.c.o)
puto                                 F   (D:\Jony\HCS12\Librerias\OOC\ooc\ooc_Data\P&E_Multilink_CyclonePro\ObjectCode\Object.c.o)
puto                                 F   (D:\Jony\HCS12\Librerias\OOC\ooc\ooc_Data\P&E_Multilink_CyclonePro\ObjectCode\Object.c.o)
puto                                 F   (D:\Jony\HCS12\Librerias\OOC\ooc\ooc_Data\P&E_Multilink_CyclonePro\ObjectCode\Object.c.o)
realloc                              I   (D:\Jony\HCS12\Librerias\OOC\util\util_Data\P&E_Multilink_CyclonePro\ObjectCode\ArrayList.c.o)
setup                                F   (D:\Jony\HCS12\Librerias\OOC\TestCase\TestCase_Data\P&E_Multilink_CyclonePro\ObjectCode\TestCase.c.o)
sizeOf                               F   (D:\Jony\HCS12\Librerias\OOC\ooc\ooc_Data\P&E_Multilink_CyclonePro\ObjectCode\Object.c.o)
sizeOf                               F   (D:\Jony\HCS12\Librerias\OOC\ooc\ooc_Data\P&E_Multilink_CyclonePro\ObjectCode\Object.c.o)
sizeOf                               F   (D:\Jony\HCS12\Librerias\OOC\ooc\ooc_Data\P&E_Multilink_CyclonePro\ObjectCode\Object.c.o)
sprintf                              I   (D:\Jony\HCS12\Librerias\OOC\ooc\ooc_Data\P&E_Multilink_CyclonePro\ObjectCode\Object.c.o)
sprintf                              I   (D:\Jony\HCS12\Librerias\OOC\ooc\ooc_Data\P&E_Multilink_CyclonePro\ObjectCode\Object.c.o)
sprintf                              I   (D:\Jony\HCS12\Librerias\OOC\ooc\ooc_Data\P&E_Multilink_CyclonePro\ObjectCode\Object.c.o)
super                                F   (D:\Jony\HCS12\Librerias\OOC\ooc\ooc_Data\P&E_Multilink_CyclonePro\ObjectCode\Object.c.o)
super                                F   (D:\Jony\HCS12\Librerias\OOC\ooc\ooc_Data\P&E_Multilink_CyclonePro\ObjectCode\Object.c.o)
super                                F   (D:\Jony\HCS12\Librerias\OOC\ooc\ooc_Data\P&E_Multilink_CyclonePro\ObjectCode\Object.c.o)
super_ctor                           F   (D:\Jony\HCS12\Librerias\OOC\ooc\ooc_Data\P&E_Multilink_CyclonePro\ObjectCode\Object.c.o)
super_ctor                           F   (D:\Jony\HCS12\Librerias\OOC\ooc\ooc_Data\P&E_Multilink_CyclonePro\ObjectCode\Object.c.o)
super_ctor                           F   (D:\Jony\HCS12\Librerias\OOC\ooc\ooc_Data\P&E_Multilink_CyclonePro\ObjectCode\Object.c.o)
super_differ                         F   (D:\Jony\HCS12\Librerias\OOC\ooc\ooc_Data\P&E_Multilink_CyclonePro\ObjectCode\Object.c.o)
super_differ                         F   (D:\Jony\HCS12\Librerias\OOC\ooc\ooc_Data\P&E_Multilink_CyclonePro\ObjectCode\Object.c.o)
super_differ                         F   (D:\Jony\HCS12\Librerias\OOC\ooc\ooc_Data\P&E_Multilink_CyclonePro\ObjectCode\Object.c.o)
super_dtor                           F   (D:\Jony\HCS12\Librerias\OOC\ooc\ooc_Data\P&E_Multilink_CyclonePro\ObjectCode\Object.c.o)
super_dtor                           F   (D:\Jony\HCS12\Librerias\OOC\ooc\ooc_Data\P&E_Multilink_CyclonePro\ObjectCode\Object.c.o)
super_dtor                           F   (D:\Jony\HCS12\Librerias\OOC\ooc\ooc_Data\P&E_Multilink_CyclonePro\ObjectCode\Object.c.o)
super_puto                           F   (D:\Jony\HCS12\Librerias\OOC\ooc\ooc_Data\P&E_Multilink_CyclonePro\ObjectCode\Object.c.o)
super_puto                           F   (D:\Jony\HCS12\Librerias\OOC\ooc\ooc_Data\P&E_Multilink_CyclonePro\ObjectCode\Object.c.o)
super_puto                           F   (D:\Jony\HCS12\Librerias\OOC\ooc\ooc_Data\P&E_Multilink_CyclonePro\ObjectCode\Object.c.o)
tearDown                             F   (D:\Jony\HCS12\Librerias\OOC\TestCase\TestCase_Data\P&E_Multilink_CyclonePro\ObjectCode\TestCase.c.o)
write                                I   (D:\Jony\HCS12\Librerias\OOC\ooc\ooc_Data\P&E_Multilink_CyclonePro\ObjectCode\Object.c.o)
write                                I   (D:\Jony\HCS12\Librerias\OOC\ooc\ooc_Data\P&E_Multilink_CyclonePro\ObjectCode\Object.c.o)
write                                I   (D:\Jony\HCS12\Librerias\OOC\ooc\ooc_Data\P&E_Multilink_CyclonePro\ObjectCode\Object.c.o)
write                                F   (D:\Jony\HCS12\Librerias\OOC\ooc\ooc_Data\P&E_Multilink_CyclonePro\ObjectCode\OutputStream.c.o)
write                                F   (D:\Jony\HCS12\Librerias\OOC\ooc\ooc_Data\P&E_Multilink_CyclonePro\ObjectCode\OutputStream.c.o)
write                                F   (D:\Jony\HCS12\Librerias\OOC\ooc\ooc_Data\P&E_Multilink_CyclonePro\ObjectCode\OutputStream.c.o)
writeByte                            F   (D:\Jony\HCS12\Librerias\OOC\ooc\ooc_Data\P&E_Multilink_CyclonePro\ObjectCode\OutputStream.c.o)
writeByte                            F   (D:\Jony\HCS12\Librerias\OOC\ooc\ooc_Data\P&E_Multilink_CyclonePro\ObjectCode\OutputStream.c.o)
writeByte                            F   (D:\Jony\HCS12\Librerias\OOC\ooc\ooc_Data\P&E_Multilink_CyclonePro\ObjectCode\OutputStream.c.o)
