Units and locations in library 'D:\microsdhacel2\soft micros\Codigo\Librerias\OOC\util\lib\utilsi.lib'
Unit name                                                                                                     size     from       to
D:\microsdhacel2\soft micros\Codigo\Librerias\OOC\util\util_Data\C_Ms_no_float\ObjectCode\Array.c.o          11200    49155    60355
D:\microsdhacel2\soft micros\Codigo\Librerias\OOC\util\util_Data\C_Ms_no_float\ObjectCode\ArrayList.c.o      20660      129    20789
D:\microsdhacel2\soft micros\Codigo\Librerias\OOC\util\util_Data\C_Ms_no_float\ObjectCode\Collection.c.o      9997    65838    75835
D:\microsdhacel2\soft micros\Codigo\Librerias\OOC\util\util_Data\C_Ms_no_float\ObjectCode\Comparator.c.o      5483    60355    65838
D:\microsdhacel2\soft micros\Codigo\Librerias\OOC\util\util_Data\C_Ms_no_float\ObjectCode\DobleList.c.o      11295    20789    32084
D:\microsdhacel2\soft micros\Codigo\Librerias\OOC\util\util_Data\C_Ms_no_float\ObjectCode\LinkedList.c.o     24648    82608   107256
D:\microsdhacel2\soft micros\Codigo\Librerias\OOC\util\util_Data\C_Ms_no_float\ObjectCode\List.c.o            6773    75835    82608
D:\microsdhacel2\soft micros\Codigo\Librerias\OOC\util\util_Data\C_Ms_no_float\ObjectCode\NodoDoble.c.o       8061    41094    49155
D:\microsdhacel2\soft micros\Codigo\Librerias\OOC\util\util_Data\C_Ms_no_float\ObjectCode\nodo.c.o            9010    32084    41094

EXPORTED OBJECTS
Array                                O   (D:\microsdhacel2\soft micros\Codigo\Librerias\OOC\util\util_Data\C_Ms_no_float\ObjectCode\Array.c.o)
ArrayList                            O   (D:\microsdhacel2\soft micros\Codigo\Librerias\OOC\util\util_Data\C_Ms_no_float\ObjectCode\ArrayList.c.o)
ArrayListIterator_DefConstructor     F   (D:\microsdhacel2\soft micros\Codigo\Librerias\OOC\util\util_Data\C_Ms_no_float\ObjectCode\ArrayList.c.o)
ArrayListIterator_hasNext            F   (D:\microsdhacel2\soft micros\Codigo\Librerias\OOC\util\util_Data\C_Ms_no_float\ObjectCode\ArrayList.c.o)
ArrayListIterator_next               F   (D:\microsdhacel2\soft micros\Codigo\Librerias\OOC\util\util_Data\C_Ms_no_float\ObjectCode\ArrayList.c.o)
ArrayList_Add                        F   (D:\microsdhacel2\soft micros\Codigo\Librerias\OOC\util\util_Data\C_Ms_no_float\ObjectCode\ArrayList.c.o)
ArrayList_Constructor                F   (D:\microsdhacel2\soft micros\Codigo\Librerias\OOC\util\util_Data\C_Ms_no_float\ObjectCode\ArrayList.c.o)
ArrayList_DefConstructor             F   (D:\microsdhacel2\soft micros\Codigo\Librerias\OOC\util\util_Data\C_Ms_no_float\ObjectCode\ArrayList.c.o)
ArrayList_Destructor                 F   (D:\microsdhacel2\soft micros\Codigo\Librerias\OOC\util\util_Data\C_Ms_no_float\ObjectCode\ArrayList.c.o)
ArrayList_Expand                     F   (D:\microsdhacel2\soft micros\Codigo\Librerias\OOC\util\util_Data\C_Ms_no_float\ObjectCode\ArrayList.c.o)
ArrayList_OwnsObjects                F   (D:\microsdhacel2\soft micros\Codigo\Librerias\OOC\util\util_Data\C_Ms_no_float\ObjectCode\ArrayList.c.o)
ArrayList_Put                        F   (D:\microsdhacel2\soft micros\Codigo\Librerias\OOC\util\util_Data\C_Ms_no_float\ObjectCode\ArrayList.c.o)
ArrayList_contains                   F   (D:\microsdhacel2\soft micros\Codigo\Librerias\OOC\util\util_Data\C_Ms_no_float\ObjectCode\ArrayList.c.o)
ArrayList_count                      F   (D:\microsdhacel2\soft micros\Codigo\Librerias\OOC\util\util_Data\C_Ms_no_float\ObjectCode\ArrayList.c.o)
ArrayList_delete                     F   (D:\microsdhacel2\soft micros\Codigo\Librerias\OOC\util\util_Data\C_Ms_no_float\ObjectCode\ArrayList.c.o)
ArrayList_expandInit                 F   (D:\microsdhacel2\soft micros\Codigo\Librerias\OOC\util\util_Data\C_Ms_no_float\ObjectCode\ArrayList.c.o)
ArrayList_get                        F   (D:\microsdhacel2\soft micros\Codigo\Librerias\OOC\util\util_Data\C_Ms_no_float\ObjectCode\ArrayList.c.o)
ArrayList_indexOf                    F   (D:\microsdhacel2\soft micros\Codigo\Librerias\OOC\util\util_Data\C_Ms_no_float\ObjectCode\ArrayList.c.o)
ArrayList_isEmpty                    F   (D:\microsdhacel2\soft micros\Codigo\Librerias\OOC\util\util_Data\C_Ms_no_float\ObjectCode\ArrayList.c.o)
ArrayList_iterator                   F   (D:\microsdhacel2\soft micros\Codigo\Librerias\OOC\util\util_Data\C_Ms_no_float\ObjectCode\ArrayList.c.o)
ArrayList_search                     F   (D:\microsdhacel2\soft micros\Codigo\Librerias\OOC\util\util_Data\C_Ms_no_float\ObjectCode\ArrayList.c.o)
ArrayList_vaciar                     F   (D:\microsdhacel2\soft micros\Codigo\Librerias\OOC\util\util_Data\C_Ms_no_float\ObjectCode\ArrayList.c.o)
Array_Constructor                    F   (D:\microsdhacel2\soft micros\Codigo\Librerias\OOC\util\util_Data\C_Ms_no_float\ObjectCode\Array.c.o)
Array_count                          F   (D:\microsdhacel2\soft micros\Codigo\Librerias\OOC\util\util_Data\C_Ms_no_float\ObjectCode\Array.c.o)
Array_defConstructor                 F   (D:\microsdhacel2\soft micros\Codigo\Librerias\OOC\util\util_Data\C_Ms_no_float\ObjectCode\Array.c.o)
Array_destructor                     F   (D:\microsdhacel2\soft micros\Codigo\Librerias\OOC\util\util_Data\C_Ms_no_float\ObjectCode\Array.c.o)
Array_get                            F   (D:\microsdhacel2\soft micros\Codigo\Librerias\OOC\util\util_Data\C_Ms_no_float\ObjectCode\Array.c.o)
Array_isEmpty                        F   (D:\microsdhacel2\soft micros\Codigo\Librerias\OOC\util\util_Data\C_Ms_no_float\ObjectCode\Array.c.o)
Array_ownsObjects                    F   (D:\microsdhacel2\soft micros\Codigo\Librerias\OOC\util\util_Data\C_Ms_no_float\ObjectCode\Array.c.o)
Array_search                         F   (D:\microsdhacel2\soft micros\Codigo\Librerias\OOC\util\util_Data\C_Ms_no_float\ObjectCode\Array.c.o)
Array_set                            F   (D:\microsdhacel2\soft micros\Codigo\Librerias\OOC\util\util_Data\C_Ms_no_float\ObjectCode\Array.c.o)
Collection                           O   (D:\microsdhacel2\soft micros\Codigo\Librerias\OOC\util\util_Data\C_Ms_no_float\ObjectCode\Collection.c.o)
Collection                           I   (D:\microsdhacel2\soft micros\Codigo\Librerias\OOC\util\util_Data\C_Ms_no_float\ObjectCode\List.c.o)
Comparator                           O   (D:\microsdhacel2\soft micros\Codigo\Librerias\OOC\util\util_Data\C_Ms_no_float\ObjectCode\Comparator.c.o)
ComparatorClass                      O   (D:\microsdhacel2\soft micros\Codigo\Librerias\OOC\util\util_Data\C_Ms_no_float\ObjectCode\Comparator.c.o)
DobleList                            O   (D:\microsdhacel2\soft micros\Codigo\Librerias\OOC\util\util_Data\C_Ms_no_float\ObjectCode\DobleList.c.o)
DobleList_Construct                  F   (D:\microsdhacel2\soft micros\Codigo\Librerias\OOC\util\util_Data\C_Ms_no_float\ObjectCode\DobleList.c.o)
DobleList_DefConstruct               F   (D:\microsdhacel2\soft micros\Codigo\Librerias\OOC\util\util_Data\C_Ms_no_float\ObjectCode\DobleList.c.o)
DobleList_DeleteNodo                 F   (D:\microsdhacel2\soft micros\Codigo\Librerias\OOC\util\util_Data\C_Ms_no_float\ObjectCode\DobleList.c.o)
DobleList_Destruct                   F   (D:\microsdhacel2\soft micros\Codigo\Librerias\OOC\util\util_Data\C_Ms_no_float\ObjectCode\DobleList.c.o)
DobleList_Differ                     F   (D:\microsdhacel2\soft micros\Codigo\Librerias\OOC\util\util_Data\C_Ms_no_float\ObjectCode\DobleList.c.o)
DobleList_InsertFirst                F   (D:\microsdhacel2\soft micros\Codigo\Librerias\OOC\util\util_Data\C_Ms_no_float\ObjectCode\DobleList.c.o)
DobleList_cantidad                   F   (D:\microsdhacel2\soft micros\Codigo\Librerias\OOC\util\util_Data\C_Ms_no_float\ObjectCode\DobleList.c.o)
DobleList_getDato                    F   (D:\microsdhacel2\soft micros\Codigo\Librerias\OOC\util\util_Data\C_Ms_no_float\ObjectCode\DobleList.c.o)
LinkedList                           O   (D:\microsdhacel2\soft micros\Codigo\Librerias\OOC\util\util_Data\C_Ms_no_float\ObjectCode\LinkedList.c.o)
LinkedListIterator                   O   (D:\microsdhacel2\soft micros\Codigo\Librerias\OOC\util\util_Data\C_Ms_no_float\ObjectCode\LinkedList.c.o)
LinkedListIterator_constructor       F   (D:\microsdhacel2\soft micros\Codigo\Librerias\OOC\util\util_Data\C_Ms_no_float\ObjectCode\LinkedList.c.o)
LinkedListIterator_defConstructor    F   (D:\microsdhacel2\soft micros\Codigo\Librerias\OOC\util\util_Data\C_Ms_no_float\ObjectCode\LinkedList.c.o)
LinkedListIterator_hasNext           F   (D:\microsdhacel2\soft micros\Codigo\Librerias\OOC\util\util_Data\C_Ms_no_float\ObjectCode\LinkedList.c.o)
LinkedListIterator_next              F   (D:\microsdhacel2\soft micros\Codigo\Librerias\OOC\util\util_Data\C_Ms_no_float\ObjectCode\LinkedList.c.o)
LinkedList_Aniadir                   F   (D:\microsdhacel2\soft micros\Codigo\Librerias\OOC\util\util_Data\C_Ms_no_float\ObjectCode\LinkedList.c.o)
LinkedList_Cantidad                  F   (D:\microsdhacel2\soft micros\Codigo\Librerias\OOC\util\util_Data\C_Ms_no_float\ObjectCode\LinkedList.c.o)
LinkedList_Construct                 F   (D:\microsdhacel2\soft micros\Codigo\Librerias\OOC\util\util_Data\C_Ms_no_float\ObjectCode\LinkedList.c.o)
LinkedList_DefConstruct              F   (D:\microsdhacel2\soft micros\Codigo\Librerias\OOC\util\util_Data\C_Ms_no_float\ObjectCode\LinkedList.c.o)
LinkedList_Destruct                  F   (D:\microsdhacel2\soft micros\Codigo\Librerias\OOC\util\util_Data\C_Ms_no_float\ObjectCode\LinkedList.c.o)
LinkedList_Differ                    F   (D:\microsdhacel2\soft micros\Codigo\Librerias\OOC\util\util_Data\C_Ms_no_float\ObjectCode\LinkedList.c.o)
LinkedList_Eliminar_Primero          F   (D:\microsdhacel2\soft micros\Codigo\Librerias\OOC\util\util_Data\C_Ms_no_float\ObjectCode\LinkedList.c.o)
LinkedList_Vacia                     F   (D:\microsdhacel2\soft micros\Codigo\Librerias\OOC\util\util_Data\C_Ms_no_float\ObjectCode\LinkedList.c.o)
LinkedList_Vaciar                    F   (D:\microsdhacel2\soft micros\Codigo\Librerias\OOC\util\util_Data\C_Ms_no_float\ObjectCode\LinkedList.c.o)
LinkedList_add                       F   (D:\microsdhacel2\soft micros\Codigo\Librerias\OOC\util\util_Data\C_Ms_no_float\ObjectCode\LinkedList.c.o)
LinkedList_contains                  F   (D:\microsdhacel2\soft micros\Codigo\Librerias\OOC\util\util_Data\C_Ms_no_float\ObjectCode\LinkedList.c.o)
LinkedList_deleteNodo                F   (D:\microsdhacel2\soft micros\Codigo\Librerias\OOC\util\util_Data\C_Ms_no_float\ObjectCode\LinkedList.c.o)
LinkedList_deleteReference           F   (D:\microsdhacel2\soft micros\Codigo\Librerias\OOC\util\util_Data\C_Ms_no_float\ObjectCode\LinkedList.c.o)
LinkedList_get                       F   (D:\microsdhacel2\soft micros\Codigo\Librerias\OOC\util\util_Data\C_Ms_no_float\ObjectCode\LinkedList.c.o)
LinkedList_iterator                  F   (D:\microsdhacel2\soft micros\Codigo\Librerias\OOC\util\util_Data\C_Ms_no_float\ObjectCode\LinkedList.c.o)
LinkedList_linkedListIterator        F   (D:\microsdhacel2\soft micros\Codigo\Librerias\OOC\util\util_Data\C_Ms_no_float\ObjectCode\LinkedList.c.o)
List                                 I   (D:\microsdhacel2\soft micros\Codigo\Librerias\OOC\util\util_Data\C_Ms_no_float\ObjectCode\LinkedList.c.o)
List                                 O   (D:\microsdhacel2\soft micros\Codigo\Librerias\OOC\util\util_Data\C_Ms_no_float\ObjectCode\List.c.o)
Nodo                                 I   (D:\microsdhacel2\soft micros\Codigo\Librerias\OOC\util\util_Data\C_Ms_no_float\ObjectCode\LinkedList.c.o)
Nodo                                 O   (D:\microsdhacel2\soft micros\Codigo\Librerias\OOC\util\util_Data\C_Ms_no_float\ObjectCode\nodo.c.o)
NodoDbl                              I   (D:\microsdhacel2\soft micros\Codigo\Librerias\OOC\util\util_Data\C_Ms_no_float\ObjectCode\DobleList.c.o)
NodoDbl                              O   (D:\microsdhacel2\soft micros\Codigo\Librerias\OOC\util\util_Data\C_Ms_no_float\ObjectCode\NodoDoble.c.o)
NodoDbl_Constructor                  F   (D:\microsdhacel2\soft micros\Codigo\Librerias\OOC\util\util_Data\C_Ms_no_float\ObjectCode\NodoDoble.c.o)
NodoDbl_DefConstructor               F   (D:\microsdhacel2\soft micros\Codigo\Librerias\OOC\util\util_Data\C_Ms_no_float\ObjectCode\NodoDoble.c.o)
Nodo_Constructor                     I   (D:\microsdhacel2\soft micros\Codigo\Librerias\OOC\util\util_Data\C_Ms_no_float\ObjectCode\NodoDoble.c.o)
Nodo_Constructor                     F   (D:\microsdhacel2\soft micros\Codigo\Librerias\OOC\util\util_Data\C_Ms_no_float\ObjectCode\nodo.c.o)
Nodo_DefConstructor                  F   (D:\microsdhacel2\soft micros\Codigo\Librerias\OOC\util\util_Data\C_Ms_no_float\ObjectCode\nodo.c.o)
Nodo_differ                          F   (D:\microsdhacel2\soft micros\Codigo\Librerias\OOC\util\util_Data\C_Ms_no_float\ObjectCode\nodo.c.o)
Nodo_getDato                         I   (D:\microsdhacel2\soft micros\Codigo\Librerias\OOC\util\util_Data\C_Ms_no_float\ObjectCode\LinkedList.c.o)
Nodo_getDato                         F   (D:\microsdhacel2\soft micros\Codigo\Librerias\OOC\util\util_Data\C_Ms_no_float\ObjectCode\nodo.c.o)
Nodo_getNext                         I   (D:\microsdhacel2\soft micros\Codigo\Librerias\OOC\util\util_Data\C_Ms_no_float\ObjectCode\DobleList.c.o)
Nodo_getNext                         I   (D:\microsdhacel2\soft micros\Codigo\Librerias\OOC\util\util_Data\C_Ms_no_float\ObjectCode\LinkedList.c.o)
Nodo_getNext                         F   (D:\microsdhacel2\soft micros\Codigo\Librerias\OOC\util\util_Data\C_Ms_no_float\ObjectCode\nodo.c.o)
Nodo_getPrev                         F   (D:\microsdhacel2\soft micros\Codigo\Librerias\OOC\util\util_Data\C_Ms_no_float\ObjectCode\NodoDoble.c.o)
Nodo_setDato                         F   (D:\microsdhacel2\soft micros\Codigo\Librerias\OOC\util\util_Data\C_Ms_no_float\ObjectCode\nodo.c.o)
Nodo_setNext                         I   (D:\microsdhacel2\soft micros\Codigo\Librerias\OOC\util\util_Data\C_Ms_no_float\ObjectCode\LinkedList.c.o)
Nodo_setNext                         F   (D:\microsdhacel2\soft micros\Codigo\Librerias\OOC\util\util_Data\C_Ms_no_float\ObjectCode\nodo.c.o)
Object                               I   (D:\microsdhacel2\soft micros\Codigo\Librerias\OOC\util\util_Data\C_Ms_no_float\ObjectCode\Array.c.o)
Object                               I   (D:\microsdhacel2\soft micros\Codigo\Librerias\OOC\util\util_Data\C_Ms_no_float\ObjectCode\ArrayList.c.o)
Object                               I   (D:\microsdhacel2\soft micros\Codigo\Librerias\OOC\util\util_Data\C_Ms_no_float\ObjectCode\Collection.c.o)
Object                               I   (D:\microsdhacel2\soft micros\Codigo\Librerias\OOC\util\util_Data\C_Ms_no_float\ObjectCode\Comparator.c.o)
Object                               I   (D:\microsdhacel2\soft micros\Codigo\Librerias\OOC\util\util_Data\C_Ms_no_float\ObjectCode\DobleList.c.o)
Object                               I   (D:\microsdhacel2\soft micros\Codigo\Librerias\OOC\util\util_Data\C_Ms_no_float\ObjectCode\LinkedList.c.o)
Object                               I   (D:\microsdhacel2\soft micros\Codigo\Librerias\OOC\util\util_Data\C_Ms_no_float\ObjectCode\NodoDoble.c.o)
Object                               I   (D:\microsdhacel2\soft micros\Codigo\Librerias\OOC\util\util_Data\C_Ms_no_float\ObjectCode\nodo.c.o)
Object_differ                        I   (D:\microsdhacel2\soft micros\Codigo\Librerias\OOC\util\util_Data\C_Ms_no_float\ObjectCode\ArrayList.c.o)
Object_dtor                          I   (D:\microsdhacel2\soft micros\Codigo\Librerias\OOC\util\util_Data\C_Ms_no_float\ObjectCode\ArrayList.c.o)
Object_puto                          I   (D:\microsdhacel2\soft micros\Codigo\Librerias\OOC\util\util_Data\C_Ms_no_float\ObjectCode\ArrayList.c.o)
Object_puto                          I   (D:\microsdhacel2\soft micros\Codigo\Librerias\OOC\util\util_Data\C_Ms_no_float\ObjectCode\LinkedList.c.o)
_assert                              I   (D:\microsdhacel2\soft micros\Codigo\Librerias\OOC\util\util_Data\C_Ms_no_float\ObjectCode\ArrayList.c.o)
add                                  F   (D:\microsdhacel2\soft micros\Codigo\Librerias\OOC\util\util_Data\C_Ms_no_float\ObjectCode\Collection.c.o)
addFirst                             F   (D:\microsdhacel2\soft micros\Codigo\Librerias\OOC\util\util_Data\C_Ms_no_float\ObjectCode\LinkedList.c.o)
addLast                              F   (D:\microsdhacel2\soft micros\Codigo\Librerias\OOC\util\util_Data\C_Ms_no_float\ObjectCode\LinkedList.c.o)
calloc                               I   (D:\microsdhacel2\soft micros\Codigo\Librerias\OOC\util\util_Data\C_Ms_no_float\ObjectCode\Array.c.o)
classOf                              I   (D:\microsdhacel2\soft micros\Codigo\Librerias\OOC\util\util_Data\C_Ms_no_float\ObjectCode\Collection.c.o)
classOf                              I   (D:\microsdhacel2\soft micros\Codigo\Librerias\OOC\util\util_Data\C_Ms_no_float\ObjectCode\LinkedList.c.o)
classOf                              I   (D:\microsdhacel2\soft micros\Codigo\Librerias\OOC\util\util_Data\C_Ms_no_float\ObjectCode\List.c.o)
clear                                F   (D:\microsdhacel2\soft micros\Codigo\Librerias\OOC\util\util_Data\C_Ms_no_float\ObjectCode\Collection.c.o)
contains                             F   (D:\microsdhacel2\soft micros\Codigo\Librerias\OOC\util\util_Data\C_Ms_no_float\ObjectCode\Collection.c.o)
delete                               I   (D:\microsdhacel2\soft micros\Codigo\Librerias\OOC\util\util_Data\C_Ms_no_float\ObjectCode\ArrayList.c.o)
delete                               I   (D:\microsdhacel2\soft micros\Codigo\Librerias\OOC\util\util_Data\C_Ms_no_float\ObjectCode\LinkedList.c.o)
deleteAndNil                         I   (D:\microsdhacel2\soft micros\Codigo\Librerias\OOC\util\util_Data\C_Ms_no_float\ObjectCode\Array.c.o)
deleteAndNil                         I   (D:\microsdhacel2\soft micros\Codigo\Librerias\OOC\util\util_Data\C_Ms_no_float\ObjectCode\DobleList.c.o)
deleteAndNil                         I   (D:\microsdhacel2\soft micros\Codigo\Librerias\OOC\util\util_Data\C_Ms_no_float\ObjectCode\LinkedList.c.o)
free                                 I   (D:\microsdhacel2\soft micros\Codigo\Librerias\OOC\util\util_Data\C_Ms_no_float\ObjectCode\Array.c.o)
free                                 I   (D:\microsdhacel2\soft micros\Codigo\Librerias\OOC\util\util_Data\C_Ms_no_float\ObjectCode\ArrayList.c.o)
get                                  F   (D:\microsdhacel2\soft micros\Codigo\Librerias\OOC\util\util_Data\C_Ms_no_float\ObjectCode\List.c.o)
getFirst                             F   (D:\microsdhacel2\soft micros\Codigo\Librerias\OOC\util\util_Data\C_Ms_no_float\ObjectCode\LinkedList.c.o)
getLast                              F   (D:\microsdhacel2\soft micros\Codigo\Librerias\OOC\util\util_Data\C_Ms_no_float\ObjectCode\LinkedList.c.o)
isEmpty                              F   (D:\microsdhacel2\soft micros\Codigo\Librerias\OOC\util\util_Data\C_Ms_no_float\ObjectCode\Collection.c.o)
iterator                             F   (D:\microsdhacel2\soft micros\Codigo\Librerias\OOC\util\util_Data\C_Ms_no_float\ObjectCode\Collection.c.o)
malloc                               I   (D:\microsdhacel2\soft micros\Codigo\Librerias\OOC\util\util_Data\C_Ms_no_float\ObjectCode\ArrayList.c.o)
moveOut                              F   (D:\microsdhacel2\soft micros\Codigo\Librerias\OOC\util\util_Data\C_Ms_no_float\ObjectCode\Collection.c.o)
new                                  I   (D:\microsdhacel2\soft micros\Codigo\Librerias\OOC\util\util_Data\C_Ms_no_float\ObjectCode\ArrayList.c.o)
new                                  I   (D:\microsdhacel2\soft micros\Codigo\Librerias\OOC\util\util_Data\C_Ms_no_float\ObjectCode\DobleList.c.o)
new                                  I   (D:\microsdhacel2\soft micros\Codigo\Librerias\OOC\util\util_Data\C_Ms_no_float\ObjectCode\LinkedList.c.o)
newAlloced                           I   (D:\microsdhacel2\soft micros\Codigo\Librerias\OOC\util\util_Data\C_Ms_no_float\ObjectCode\LinkedList.c.o)
realloc                              I   (D:\microsdhacel2\soft micros\Codigo\Librerias\OOC\util\util_Data\C_Ms_no_float\ObjectCode\ArrayList.c.o)
removeFirst                          F   (D:\microsdhacel2\soft micros\Codigo\Librerias\OOC\util\util_Data\C_Ms_no_float\ObjectCode\LinkedList.c.o)
removeLast                           F   (D:\microsdhacel2\soft micros\Codigo\Librerias\OOC\util\util_Data\C_Ms_no_float\ObjectCode\LinkedList.c.o)
size                                 F   (D:\microsdhacel2\soft micros\Codigo\Librerias\OOC\util\util_Data\C_Ms_no_float\ObjectCode\Collection.c.o)
