Units and locations in library 'D:\Jony\HCS12\Librerias\OOC\util\lib\utilbi.lib'
Unit name                                                                               size     from       to
D:\Jony\HCS12\Librerias\OOC\util\util_Data\C_Mb_no_float\ObjectCode\Array.c.o          10992    48081    59073
D:\Jony\HCS12\Librerias\OOC\util\util_Data\C_Mb_no_float\ObjectCode\ArrayList.c.o      20836      104    20940
D:\Jony\HCS12\Librerias\OOC\util\util_Data\C_Mb_no_float\ObjectCode\Collection.c.o      9801    64300    74101
D:\Jony\HCS12\Librerias\OOC\util\util_Data\C_Mb_no_float\ObjectCode\Comparator.c.o      5227    59073    64300
D:\Jony\HCS12\Librerias\OOC\util\util_Data\C_Mb_no_float\ObjectCode\DobleList.c.o      10847    20940    31787
D:\Jony\HCS12\Librerias\OOC\util\util_Data\C_Mb_no_float\ObjectCode\LinkedList.c.o     24804    80570   105374
D:\Jony\HCS12\Librerias\OOC\util\util_Data\C_Mb_no_float\ObjectCode\List.c.o            6469    74101    80570
D:\Jony\HCS12\Librerias\OOC\util\util_Data\C_Mb_no_float\ObjectCode\NodoDoble.c.o       7677    40404    48081
D:\Jony\HCS12\Librerias\OOC\util\util_Data\C_Mb_no_float\ObjectCode\nodo.c.o            8617    31787    40404

EXPORTED OBJECTS
Array                                O   (D:\Jony\HCS12\Librerias\OOC\util\util_Data\C_Mb_no_float\ObjectCode\Array.c.o)
ArrayList                            O   (D:\Jony\HCS12\Librerias\OOC\util\util_Data\C_Mb_no_float\ObjectCode\ArrayList.c.o)
ArrayListIterator_DefConstructor     F   (D:\Jony\HCS12\Librerias\OOC\util\util_Data\C_Mb_no_float\ObjectCode\ArrayList.c.o)
ArrayListIterator_hasNext            F   (D:\Jony\HCS12\Librerias\OOC\util\util_Data\C_Mb_no_float\ObjectCode\ArrayList.c.o)
ArrayListIterator_next               F   (D:\Jony\HCS12\Librerias\OOC\util\util_Data\C_Mb_no_float\ObjectCode\ArrayList.c.o)
ArrayList_Add                        F   (D:\Jony\HCS12\Librerias\OOC\util\util_Data\C_Mb_no_float\ObjectCode\ArrayList.c.o)
ArrayList_Constructor                F   (D:\Jony\HCS12\Librerias\OOC\util\util_Data\C_Mb_no_float\ObjectCode\ArrayList.c.o)
ArrayList_DefConstructor             F   (D:\Jony\HCS12\Librerias\OOC\util\util_Data\C_Mb_no_float\ObjectCode\ArrayList.c.o)
ArrayList_Destructor                 F   (D:\Jony\HCS12\Librerias\OOC\util\util_Data\C_Mb_no_float\ObjectCode\ArrayList.c.o)
ArrayList_Expand                     F   (D:\Jony\HCS12\Librerias\OOC\util\util_Data\C_Mb_no_float\ObjectCode\ArrayList.c.o)
ArrayList_OwnsObjects                F   (D:\Jony\HCS12\Librerias\OOC\util\util_Data\C_Mb_no_float\ObjectCode\ArrayList.c.o)
ArrayList_Put                        F   (D:\Jony\HCS12\Librerias\OOC\util\util_Data\C_Mb_no_float\ObjectCode\ArrayList.c.o)
ArrayList_contains                   F   (D:\Jony\HCS12\Librerias\OOC\util\util_Data\C_Mb_no_float\ObjectCode\ArrayList.c.o)
ArrayList_count                      F   (D:\Jony\HCS12\Librerias\OOC\util\util_Data\C_Mb_no_float\ObjectCode\ArrayList.c.o)
ArrayList_delete                     F   (D:\Jony\HCS12\Librerias\OOC\util\util_Data\C_Mb_no_float\ObjectCode\ArrayList.c.o)
ArrayList_expandInit                 F   (D:\Jony\HCS12\Librerias\OOC\util\util_Data\C_Mb_no_float\ObjectCode\ArrayList.c.o)
ArrayList_get                        F   (D:\Jony\HCS12\Librerias\OOC\util\util_Data\C_Mb_no_float\ObjectCode\ArrayList.c.o)
ArrayList_indexOf                    F   (D:\Jony\HCS12\Librerias\OOC\util\util_Data\C_Mb_no_float\ObjectCode\ArrayList.c.o)
ArrayList_isEmpty                    F   (D:\Jony\HCS12\Librerias\OOC\util\util_Data\C_Mb_no_float\ObjectCode\ArrayList.c.o)
ArrayList_iterator                   F   (D:\Jony\HCS12\Librerias\OOC\util\util_Data\C_Mb_no_float\ObjectCode\ArrayList.c.o)
ArrayList_search                     F   (D:\Jony\HCS12\Librerias\OOC\util\util_Data\C_Mb_no_float\ObjectCode\ArrayList.c.o)
ArrayList_vaciar                     F   (D:\Jony\HCS12\Librerias\OOC\util\util_Data\C_Mb_no_float\ObjectCode\ArrayList.c.o)
Array_Constructor                    F   (D:\Jony\HCS12\Librerias\OOC\util\util_Data\C_Mb_no_float\ObjectCode\Array.c.o)
Array_count                          F   (D:\Jony\HCS12\Librerias\OOC\util\util_Data\C_Mb_no_float\ObjectCode\Array.c.o)
Array_defConstructor                 F   (D:\Jony\HCS12\Librerias\OOC\util\util_Data\C_Mb_no_float\ObjectCode\Array.c.o)
Array_destructor                     F   (D:\Jony\HCS12\Librerias\OOC\util\util_Data\C_Mb_no_float\ObjectCode\Array.c.o)
Array_get                            F   (D:\Jony\HCS12\Librerias\OOC\util\util_Data\C_Mb_no_float\ObjectCode\Array.c.o)
Array_isEmpty                        F   (D:\Jony\HCS12\Librerias\OOC\util\util_Data\C_Mb_no_float\ObjectCode\Array.c.o)
Array_ownsObjects                    F   (D:\Jony\HCS12\Librerias\OOC\util\util_Data\C_Mb_no_float\ObjectCode\Array.c.o)
Array_search                         F   (D:\Jony\HCS12\Librerias\OOC\util\util_Data\C_Mb_no_float\ObjectCode\Array.c.o)
Array_set                            F   (D:\Jony\HCS12\Librerias\OOC\util\util_Data\C_Mb_no_float\ObjectCode\Array.c.o)
Collection                           O   (D:\Jony\HCS12\Librerias\OOC\util\util_Data\C_Mb_no_float\ObjectCode\Collection.c.o)
Collection                           I   (D:\Jony\HCS12\Librerias\OOC\util\util_Data\C_Mb_no_float\ObjectCode\List.c.o)
Comparator                           O   (D:\Jony\HCS12\Librerias\OOC\util\util_Data\C_Mb_no_float\ObjectCode\Comparator.c.o)
ComparatorClass                      O   (D:\Jony\HCS12\Librerias\OOC\util\util_Data\C_Mb_no_float\ObjectCode\Comparator.c.o)
DobleList                            O   (D:\Jony\HCS12\Librerias\OOC\util\util_Data\C_Mb_no_float\ObjectCode\DobleList.c.o)
DobleList_Construct                  F   (D:\Jony\HCS12\Librerias\OOC\util\util_Data\C_Mb_no_float\ObjectCode\DobleList.c.o)
DobleList_DefConstruct               F   (D:\Jony\HCS12\Librerias\OOC\util\util_Data\C_Mb_no_float\ObjectCode\DobleList.c.o)
DobleList_DeleteNodo                 F   (D:\Jony\HCS12\Librerias\OOC\util\util_Data\C_Mb_no_float\ObjectCode\DobleList.c.o)
DobleList_Destruct                   F   (D:\Jony\HCS12\Librerias\OOC\util\util_Data\C_Mb_no_float\ObjectCode\DobleList.c.o)
DobleList_Differ                     F   (D:\Jony\HCS12\Librerias\OOC\util\util_Data\C_Mb_no_float\ObjectCode\DobleList.c.o)
DobleList_InsertFirst                F   (D:\Jony\HCS12\Librerias\OOC\util\util_Data\C_Mb_no_float\ObjectCode\DobleList.c.o)
DobleList_cantidad                   F   (D:\Jony\HCS12\Librerias\OOC\util\util_Data\C_Mb_no_float\ObjectCode\DobleList.c.o)
DobleList_getDato                    F   (D:\Jony\HCS12\Librerias\OOC\util\util_Data\C_Mb_no_float\ObjectCode\DobleList.c.o)
LinkedList                           O   (D:\Jony\HCS12\Librerias\OOC\util\util_Data\C_Mb_no_float\ObjectCode\LinkedList.c.o)
LinkedListIterator                   O   (D:\Jony\HCS12\Librerias\OOC\util\util_Data\C_Mb_no_float\ObjectCode\LinkedList.c.o)
LinkedListIterator_constructor       F   (D:\Jony\HCS12\Librerias\OOC\util\util_Data\C_Mb_no_float\ObjectCode\LinkedList.c.o)
LinkedListIterator_defConstructor    F   (D:\Jony\HCS12\Librerias\OOC\util\util_Data\C_Mb_no_float\ObjectCode\LinkedList.c.o)
LinkedListIterator_hasNext           F   (D:\Jony\HCS12\Librerias\OOC\util\util_Data\C_Mb_no_float\ObjectCode\LinkedList.c.o)
LinkedListIterator_next              F   (D:\Jony\HCS12\Librerias\OOC\util\util_Data\C_Mb_no_float\ObjectCode\LinkedList.c.o)
LinkedList_Aniadir                   F   (D:\Jony\HCS12\Librerias\OOC\util\util_Data\C_Mb_no_float\ObjectCode\LinkedList.c.o)
LinkedList_Cantidad                  F   (D:\Jony\HCS12\Librerias\OOC\util\util_Data\C_Mb_no_float\ObjectCode\LinkedList.c.o)
LinkedList_Construct                 F   (D:\Jony\HCS12\Librerias\OOC\util\util_Data\C_Mb_no_float\ObjectCode\LinkedList.c.o)
LinkedList_DefConstruct              F   (D:\Jony\HCS12\Librerias\OOC\util\util_Data\C_Mb_no_float\ObjectCode\LinkedList.c.o)
LinkedList_Destruct                  F   (D:\Jony\HCS12\Librerias\OOC\util\util_Data\C_Mb_no_float\ObjectCode\LinkedList.c.o)
LinkedList_Differ                    F   (D:\Jony\HCS12\Librerias\OOC\util\util_Data\C_Mb_no_float\ObjectCode\LinkedList.c.o)
LinkedList_Eliminar_Primero          F   (D:\Jony\HCS12\Librerias\OOC\util\util_Data\C_Mb_no_float\ObjectCode\LinkedList.c.o)
LinkedList_Vacia                     F   (D:\Jony\HCS12\Librerias\OOC\util\util_Data\C_Mb_no_float\ObjectCode\LinkedList.c.o)
LinkedList_Vaciar                    F   (D:\Jony\HCS12\Librerias\OOC\util\util_Data\C_Mb_no_float\ObjectCode\LinkedList.c.o)
LinkedList_add                       F   (D:\Jony\HCS12\Librerias\OOC\util\util_Data\C_Mb_no_float\ObjectCode\LinkedList.c.o)
LinkedList_contains                  F   (D:\Jony\HCS12\Librerias\OOC\util\util_Data\C_Mb_no_float\ObjectCode\LinkedList.c.o)
LinkedList_deleteNodo                F   (D:\Jony\HCS12\Librerias\OOC\util\util_Data\C_Mb_no_float\ObjectCode\LinkedList.c.o)
LinkedList_deleteReference           F   (D:\Jony\HCS12\Librerias\OOC\util\util_Data\C_Mb_no_float\ObjectCode\LinkedList.c.o)
LinkedList_get                       F   (D:\Jony\HCS12\Librerias\OOC\util\util_Data\C_Mb_no_float\ObjectCode\LinkedList.c.o)
LinkedList_iterator                  F   (D:\Jony\HCS12\Librerias\OOC\util\util_Data\C_Mb_no_float\ObjectCode\LinkedList.c.o)
LinkedList_linkedListIterator        F   (D:\Jony\HCS12\Librerias\OOC\util\util_Data\C_Mb_no_float\ObjectCode\LinkedList.c.o)
List                                 I   (D:\Jony\HCS12\Librerias\OOC\util\util_Data\C_Mb_no_float\ObjectCode\LinkedList.c.o)
List                                 O   (D:\Jony\HCS12\Librerias\OOC\util\util_Data\C_Mb_no_float\ObjectCode\List.c.o)
Nodo                                 I   (D:\Jony\HCS12\Librerias\OOC\util\util_Data\C_Mb_no_float\ObjectCode\LinkedList.c.o)
Nodo                                 O   (D:\Jony\HCS12\Librerias\OOC\util\util_Data\C_Mb_no_float\ObjectCode\nodo.c.o)
NodoDbl                              I   (D:\Jony\HCS12\Librerias\OOC\util\util_Data\C_Mb_no_float\ObjectCode\DobleList.c.o)
NodoDbl                              O   (D:\Jony\HCS12\Librerias\OOC\util\util_Data\C_Mb_no_float\ObjectCode\NodoDoble.c.o)
NodoDbl_Constructor                  F   (D:\Jony\HCS12\Librerias\OOC\util\util_Data\C_Mb_no_float\ObjectCode\NodoDoble.c.o)
NodoDbl_DefConstructor               F   (D:\Jony\HCS12\Librerias\OOC\util\util_Data\C_Mb_no_float\ObjectCode\NodoDoble.c.o)
Nodo_Constructor                     I   (D:\Jony\HCS12\Librerias\OOC\util\util_Data\C_Mb_no_float\ObjectCode\NodoDoble.c.o)
Nodo_Constructor                     F   (D:\Jony\HCS12\Librerias\OOC\util\util_Data\C_Mb_no_float\ObjectCode\nodo.c.o)
Nodo_DefConstructor                  F   (D:\Jony\HCS12\Librerias\OOC\util\util_Data\C_Mb_no_float\ObjectCode\nodo.c.o)
Nodo_differ                          F   (D:\Jony\HCS12\Librerias\OOC\util\util_Data\C_Mb_no_float\ObjectCode\nodo.c.o)
Nodo_getDato                         I   (D:\Jony\HCS12\Librerias\OOC\util\util_Data\C_Mb_no_float\ObjectCode\LinkedList.c.o)
Nodo_getDato                         F   (D:\Jony\HCS12\Librerias\OOC\util\util_Data\C_Mb_no_float\ObjectCode\nodo.c.o)
Nodo_getNext                         I   (D:\Jony\HCS12\Librerias\OOC\util\util_Data\C_Mb_no_float\ObjectCode\DobleList.c.o)
Nodo_getNext                         I   (D:\Jony\HCS12\Librerias\OOC\util\util_Data\C_Mb_no_float\ObjectCode\LinkedList.c.o)
Nodo_getNext                         F   (D:\Jony\HCS12\Librerias\OOC\util\util_Data\C_Mb_no_float\ObjectCode\nodo.c.o)
Nodo_getPrev                         F   (D:\Jony\HCS12\Librerias\OOC\util\util_Data\C_Mb_no_float\ObjectCode\NodoDoble.c.o)
Nodo_setDato                         F   (D:\Jony\HCS12\Librerias\OOC\util\util_Data\C_Mb_no_float\ObjectCode\nodo.c.o)
Nodo_setNext                         I   (D:\Jony\HCS12\Librerias\OOC\util\util_Data\C_Mb_no_float\ObjectCode\LinkedList.c.o)
Nodo_setNext                         F   (D:\Jony\HCS12\Librerias\OOC\util\util_Data\C_Mb_no_float\ObjectCode\nodo.c.o)
Object                               I   (D:\Jony\HCS12\Librerias\OOC\util\util_Data\C_Mb_no_float\ObjectCode\Array.c.o)
Object                               I   (D:\Jony\HCS12\Librerias\OOC\util\util_Data\C_Mb_no_float\ObjectCode\ArrayList.c.o)
Object                               I   (D:\Jony\HCS12\Librerias\OOC\util\util_Data\C_Mb_no_float\ObjectCode\Collection.c.o)
Object                               I   (D:\Jony\HCS12\Librerias\OOC\util\util_Data\C_Mb_no_float\ObjectCode\Comparator.c.o)
Object                               I   (D:\Jony\HCS12\Librerias\OOC\util\util_Data\C_Mb_no_float\ObjectCode\DobleList.c.o)
Object                               I   (D:\Jony\HCS12\Librerias\OOC\util\util_Data\C_Mb_no_float\ObjectCode\LinkedList.c.o)
Object                               I   (D:\Jony\HCS12\Librerias\OOC\util\util_Data\C_Mb_no_float\ObjectCode\NodoDoble.c.o)
Object                               I   (D:\Jony\HCS12\Librerias\OOC\util\util_Data\C_Mb_no_float\ObjectCode\nodo.c.o)
Object_differ                        I   (D:\Jony\HCS12\Librerias\OOC\util\util_Data\C_Mb_no_float\ObjectCode\ArrayList.c.o)
Object_dtor                          I   (D:\Jony\HCS12\Librerias\OOC\util\util_Data\C_Mb_no_float\ObjectCode\ArrayList.c.o)
Object_puto                          I   (D:\Jony\HCS12\Librerias\OOC\util\util_Data\C_Mb_no_float\ObjectCode\ArrayList.c.o)
Object_puto                          I   (D:\Jony\HCS12\Librerias\OOC\util\util_Data\C_Mb_no_float\ObjectCode\LinkedList.c.o)
_assert                              I   (D:\Jony\HCS12\Librerias\OOC\util\util_Data\C_Mb_no_float\ObjectCode\ArrayList.c.o)
add                                  F   (D:\Jony\HCS12\Librerias\OOC\util\util_Data\C_Mb_no_float\ObjectCode\Collection.c.o)
addFirst                             F   (D:\Jony\HCS12\Librerias\OOC\util\util_Data\C_Mb_no_float\ObjectCode\LinkedList.c.o)
addLast                              F   (D:\Jony\HCS12\Librerias\OOC\util\util_Data\C_Mb_no_float\ObjectCode\LinkedList.c.o)
calloc                               I   (D:\Jony\HCS12\Librerias\OOC\util\util_Data\C_Mb_no_float\ObjectCode\Array.c.o)
classOf                              I   (D:\Jony\HCS12\Librerias\OOC\util\util_Data\C_Mb_no_float\ObjectCode\Collection.c.o)
classOf                              I   (D:\Jony\HCS12\Librerias\OOC\util\util_Data\C_Mb_no_float\ObjectCode\LinkedList.c.o)
classOf                              I   (D:\Jony\HCS12\Librerias\OOC\util\util_Data\C_Mb_no_float\ObjectCode\List.c.o)
clear                                F   (D:\Jony\HCS12\Librerias\OOC\util\util_Data\C_Mb_no_float\ObjectCode\Collection.c.o)
contains                             F   (D:\Jony\HCS12\Librerias\OOC\util\util_Data\C_Mb_no_float\ObjectCode\Collection.c.o)
delete                               I   (D:\Jony\HCS12\Librerias\OOC\util\util_Data\C_Mb_no_float\ObjectCode\ArrayList.c.o)
delete                               I   (D:\Jony\HCS12\Librerias\OOC\util\util_Data\C_Mb_no_float\ObjectCode\LinkedList.c.o)
deleteAndNil                         I   (D:\Jony\HCS12\Librerias\OOC\util\util_Data\C_Mb_no_float\ObjectCode\Array.c.o)
deleteAndNil                         I   (D:\Jony\HCS12\Librerias\OOC\util\util_Data\C_Mb_no_float\ObjectCode\DobleList.c.o)
deleteAndNil                         I   (D:\Jony\HCS12\Librerias\OOC\util\util_Data\C_Mb_no_float\ObjectCode\LinkedList.c.o)
free                                 I   (D:\Jony\HCS12\Librerias\OOC\util\util_Data\C_Mb_no_float\ObjectCode\Array.c.o)
free                                 I   (D:\Jony\HCS12\Librerias\OOC\util\util_Data\C_Mb_no_float\ObjectCode\ArrayList.c.o)
get                                  F   (D:\Jony\HCS12\Librerias\OOC\util\util_Data\C_Mb_no_float\ObjectCode\List.c.o)
getFirst                             F   (D:\Jony\HCS12\Librerias\OOC\util\util_Data\C_Mb_no_float\ObjectCode\LinkedList.c.o)
getLast                              F   (D:\Jony\HCS12\Librerias\OOC\util\util_Data\C_Mb_no_float\ObjectCode\LinkedList.c.o)
isEmpty                              F   (D:\Jony\HCS12\Librerias\OOC\util\util_Data\C_Mb_no_float\ObjectCode\Collection.c.o)
iterator                             F   (D:\Jony\HCS12\Librerias\OOC\util\util_Data\C_Mb_no_float\ObjectCode\Collection.c.o)
malloc                               I   (D:\Jony\HCS12\Librerias\OOC\util\util_Data\C_Mb_no_float\ObjectCode\ArrayList.c.o)
moveOut                              F   (D:\Jony\HCS12\Librerias\OOC\util\util_Data\C_Mb_no_float\ObjectCode\Collection.c.o)
new                                  I   (D:\Jony\HCS12\Librerias\OOC\util\util_Data\C_Mb_no_float\ObjectCode\ArrayList.c.o)
new                                  I   (D:\Jony\HCS12\Librerias\OOC\util\util_Data\C_Mb_no_float\ObjectCode\DobleList.c.o)
new                                  I   (D:\Jony\HCS12\Librerias\OOC\util\util_Data\C_Mb_no_float\ObjectCode\LinkedList.c.o)
newAlloced                           I   (D:\Jony\HCS12\Librerias\OOC\util\util_Data\C_Mb_no_float\ObjectCode\LinkedList.c.o)
realloc                              I   (D:\Jony\HCS12\Librerias\OOC\util\util_Data\C_Mb_no_float\ObjectCode\ArrayList.c.o)
removeFirst                          F   (D:\Jony\HCS12\Librerias\OOC\util\util_Data\C_Mb_no_float\ObjectCode\LinkedList.c.o)
removeLast                           F   (D:\Jony\HCS12\Librerias\OOC\util\util_Data\C_Mb_no_float\ObjectCode\LinkedList.c.o)
size                                 F   (D:\Jony\HCS12\Librerias\OOC\util\util_Data\C_Mb_no_float\ObjectCode\Collection.c.o)
